CMake Deprecation Warning at CMakeLists.txt:2 (cmake_minimum_required):
  Compatibility with CMake < 3.10 will be removed from a future version of
  CMake.

  Update the VERSION argument <min> value.  Or, use the <min>...<max> syntax
  to tell CMake that the project requires at least <min> but has been updated
  to work with policies introduced by <max> or earlier.


CMake Deprecation Warning at /opt/wasi-sdk-21/share/cmake/wasi-sdk-pthread.cmake:4 (cmake_minimum_required):
  Compatibility with CMake < 3.10 will be removed from a future version of
  CMake.

  Update the VERSION argument <min> value.  Or, use the <min>...<max> syntax
  to tell CMake that the project requires at least <min> but has been updated
  to work with policies introduced by <max> or earlier.
Call Stack (most recent call first):
  /home/osslab/.local/lib/python3.10/site-packages/cmake/data/share/cmake-3.31/Modules/CMakeDetermineSystem.cmake:146 (include)
  CMakeLists.txt:16 (project)


CMake Deprecation Warning at /opt/wasi-sdk-21/share/cmake/wasi-sdk-pthread.cmake:4 (cmake_minimum_required):
  Compatibility with CMake < 3.10 will be removed from a future version of
  CMake.

  Update the VERSION argument <min> value.  Or, use the <min>...<max> syntax
  to tell CMake that the project requires at least <min> but has been updated
  to work with policies introduced by <max> or earlier.
Call Stack (most recent call first):
  /tmp/mros2-wasm-sedp-race-20260928-run31/build/CMakeFiles/3.31.10/CMakeSystem.cmake:6 (include)
  CMakeLists.txt:16 (project)


-- The CXX compiler identification is Clang 17.0.6
-- The C compiler identification is Clang 17.0.6
-- Detecting CXX compiler ABI info
CMake Deprecation Warning at /opt/wasi-sdk-21/share/cmake/wasi-sdk-pthread.cmake:4 (cmake_minimum_required):
  Compatibility with CMake < 3.10 will be removed from a future version of
  CMake.

  Update the VERSION argument <min> value.  Or, use the <min>...<max> syntax
  to tell CMake that the project requires at least <min> but has been updated
  to work with policies introduced by <max> or earlier.
Call Stack (most recent call first):
  /tmp/mros2-wasm-sedp-race-20260928-run31/build/CMakeFiles/3.31.10/CMakeSystem.cmake:6 (include)
  /tmp/mros2-wasm-sedp-race-20260928-run31/build/CMakeFiles/CMakeScratch/TryCompile-k1SJRO/CMakeLists.txt:4 (project)


-- Detecting CXX compiler ABI info - done
-- Check for working CXX compiler: /opt/wasi-sdk-21/bin/clang++ - skipped
-- Detecting CXX compile features
-- Detecting CXX compile features - done
-- Detecting C compiler ABI info
CMake Deprecation Warning at /opt/wasi-sdk-21/share/cmake/wasi-sdk-pthread.cmake:4 (cmake_minimum_required):
  Compatibility with CMake < 3.10 will be removed from a future version of
  CMake.

  Update the VERSION argument <min> value.  Or, use the <min>...<max> syntax
  to tell CMake that the project requires at least <min> but has been updated
  to work with policies introduced by <max> or earlier.
Call Stack (most recent call first):
  /tmp/mros2-wasm-sedp-race-20260928-run31/build/CMakeFiles/3.31.10/CMakeSystem.cmake:6 (include)
  /tmp/mros2-wasm-sedp-race-20260928-run31/build/CMakeFiles/CMakeScratch/TryCompile-IMSxY9/CMakeLists.txt:4 (project)


-- Detecting C compiler ABI info - done
-- Check for working C compiler: /opt/wasi-sdk-21/bin/clang - skipped
-- Detecting C compile features
-- Detecting C compile features - done
-- WAMR_ROOT=/tmp/mros2-wasm-sedp-race-20260928-run31/source/third_party/wamr
-- CARTOGRAPHER_ROOT=/tmp/mros2-wasm-sedp-race-20260928-run31/source/third_party/cartographer
-- CARTOGRAPHER_LIBRARY_ROOT=/tmp/mros2-wasm-sedp-race-20260928-run31/source/third_party/cartographer-library
-- ZLIB_LIBRARY=/home/osslab/mros2-wasm-service-communication-socket-journal/cmake_build/zlib-wasi/libz.a
-- CMAKE_APPNAME=echoback_string
CMake Deprecation Warning at cmsis-wasm/CMakeLists.txt:2 (cmake_minimum_required):
  Compatibility with CMake < 3.10 will be removed from a future version of
  CMake.

  Update the VERSION argument <min> value.  Or, use the <min>...<max> syntax
  to tell CMake that the project requires at least <min> but has been updated
  to work with policies introduced by <max> or earlier.


-- BUILD_TYPE debug
-- GCOV disabled
CMake Deprecation Warning at cmsis-wasm/src/CMakeLists.txt:1 (cmake_minimum_required):
  Compatibility with CMake < 3.10 will be removed from a future version of
  CMake.

  Update the VERSION argument <min> value.  Or, use the <min>...<max> syntax
  to tell CMake that the project requires at least <min> but has been updated
  to work with policies introduced by <max> or earlier.


-- cmsis_DIR=/tmp/mros2-wasm-sedp-race-20260928-run31/source/cmsis-wasm/public
CMake Error at CMakeLists.txt:62 (find_package):
  By not providing "Findcmsis.cmake" in CMAKE_MODULE_PATH this project has
  asked CMake to find a package configuration file provided by "cmsis", but
  CMake did not find one.

  Could not find a package configuration file provided by "cmsis" with any of
  the following names:

    cmsisConfig.cmake
    cmsis-config.cmake

  Add the installation prefix of "cmsis" to CMAKE_PREFIX_PATH or set
  "cmsis_DIR" to a directory containing one of the above files.  If "cmsis"
  provides a separate development package or SDK, be sure it has been
  installed.


-- Configuring incomplete, errors occurred!
