host_utc=2026-10-01T12:14:18.700+00:00 host_mono_ns=2615877890474079 boot_start, 2615877890252561
host_utc=2026-10-01T12:14:18.897+00:00 host_mono_ns=2615878087452789 11 stderr
host_utc=2026-10-01T12:14:18.897+00:00 host_mono_ns=2615878087488787 22 stderr
host_utc=2026-10-01T12:14:18.897+00:00 host_mono_ns=2615878087496281 signal init: 127269014611520
host_utc=2026-10-01T12:14:18.897+00:00 host_mono_ns=2615878087503325 initします
host_utc=2026-10-01T12:14:18.898+00:00 host_mono_ns=2615878088248381 boot_end, 2615878088079242
host_utc=2026-10-01T12:14:18.898+00:00 host_mono_ns=2615878088646884 3 stderr
host_utc=2026-10-01T12:14:18.898+00:00 host_mono_ns=2615878088727285 initします
host_utc=2026-10-01T12:14:18.899+00:00 host_mono_ns=2615878090052788 boot_end, 2615878089828845
host_utc=2026-10-01T12:14:18.899+00:00 host_mono_ns=2615878090082404 [06:37:57:208 - 73C0208C0840]: Load type section success.
host_utc=2026-10-01T12:14:18.899+00:00 host_mono_ns=2615878090096891 
host_utc=2026-10-01T12:14:18.899+00:00 host_mono_ns=2615878090109605 [06:37:57:229 - 73C0208C0840]: Load import section success.
host_utc=2026-10-01T12:14:18.899+00:00 host_mono_ns=2615878090122419 
host_utc=2026-10-01T12:14:18.899+00:00 host_mono_ns=2615878090134071 [06:37:57:111 - 73C0208C0840]: Load function section success.
host_utc=2026-10-01T12:14:18.899+00:00 host_mono_ns=2615878090145743 
host_utc=2026-10-01T12:14:18.899+00:00 host_mono_ns=2615878090154300 [06:37:57:113 - 73C0208C0840]: Load table section success.
host_utc=2026-10-01T12:14:18.899+00:00 host_mono_ns=2615878090162836 
host_utc=2026-10-01T12:14:18.900+00:00 host_mono_ns=2615878090170891 [06:37:57:115 - 73C0208C0840]: Load global section success.
host_utc=2026-10-01T12:14:18.900+00:00 host_mono_ns=2615878090179317 
host_utc=2026-10-01T12:14:18.900+00:00 host_mono_ns=2615878090188514 [06:37:57:116 - 73C0208C0840]: Load export section success.
host_utc=2026-10-01T12:14:18.900+00:00 host_mono_ns=2615878090197361 
host_utc=2026-10-01T12:14:18.900+00:00 host_mono_ns=2615878090205246 [06:37:57:117 - 73C0208C0840]: Load start section success.
host_utc=2026-10-01T12:14:18.900+00:00 host_mono_ns=2615878090213632 
host_utc=2026-10-01T12:14:18.900+00:00 host_mono_ns=2615878090221627 [06:37:57:119 - 73C0208C0840]: Load table segment section success.
host_utc=2026-10-01T12:14:18.900+00:00 host_mono_ns=2615878090230032 
host_utc=2026-10-01T12:14:18.900+00:00 host_mono_ns=2615878090237917 [06:37:57:120 - 73C0208C0840]: Load datacount section success.
host_utc=2026-10-01T12:14:18.900+00:00 host_mono_ns=2615878090246433 
host_utc=2026-10-01T12:14:18.900+00:00 host_mono_ns=2615878090254529 [06:37:57:120 - 73C0208C0840]: Load code segment section success.
host_utc=2026-10-01T12:14:18.900+00:00 host_mono_ns=2615878090263025 
host_utc=2026-10-01T12:14:18.900+00:00 host_mono_ns=2615878090270900 [06:37:57:121 - 73C0208C0840]: Load data segment section success.
host_utc=2026-10-01T12:14:18.900+00:00 host_mono_ns=2615878090279165 
host_utc=2026-10-01T12:14:18.900+00:00 host_mono_ns=2615878090287110 [06:37:57:121 - 73C0208C0840]: Ignore custom section [.debug_abbrev].
host_utc=2026-10-01T12:14:18.900+00:00 host_mono_ns=2615878090295767 [06:37:57:122 - 73C0208C0840]: Ignore custom section [.debug_info].
host_utc=2026-10-01T12:14:18.900+00:00 host_mono_ns=2615878090304122 [06:37:57:122 - 73C0208C0840]: Ignore custom section [.debug_ranges].
host_utc=2026-10-01T12:14:18.900+00:00 host_mono_ns=2615878090312468 [06:37:57:123 - 73C0208C0840]: Ignore custom section [.debug_str].
host_utc=2026-10-01T12:14:18.900+00:00 host_mono_ns=2615878090320954 [06:37:57:123 - 73C0208C0840]: Ignore custom section [.debug_line].
host_utc=2026-10-01T12:14:18.900+00:00 host_mono_ns=2615878090331374 [06:37:57:123 - 73C0208C0840]: Ignore custom section [.debug_loc].
host_utc=2026-10-01T12:14:18.900+00:00 host_mono_ns=2615878090342785 [06:37:57:124 - 73C0208C0840]: Ignore custom section [name].
host_utc=2026-10-01T12:14:18.900+00:00 host_mono_ns=2615878090352684 [06:37:57:124 - 73C0208C0840]: Ignore custom section [producers].
host_utc=2026-10-01T12:14:18.900+00:00 host_mono_ns=2615878090361300 [06:37:57:125 - 73C0208C0840]: Ignore custom section [target_features].
host_utc=2026-10-01T12:14:18.900+00:00 host_mono_ns=2615878090381478 [06:37:57:125 - 73C0208C0840]: Found aux __heap_base global, value: 7855056
host_utc=2026-10-01T12:14:18.900+00:00 host_mono_ns=2615878090390315 [06:37:57:126 - 73C0208C0840]: Found aux __data_end global, value: 1301444
host_utc=2026-10-01T12:14:18.900+00:00 host_mono_ns=2615878090399623 [06:37:57:126 - 73C0208C0840]: Found aux stack top global, value: 7855056, global index: 0, stack size: 6553600
host_utc=2026-10-01T12:14:18.900+00:00 host_mono_ns=2615878090411906 [06:37:57:127 - 73C0208C0840]: Found malloc function, name: malloc, index: 3153
host_utc=2026-10-01T12:14:18.900+00:00 host_mono_ns=2615878090422316 [06:37:57:127 - 73C0208C0840]: Found free function, name: free, index: 3155
host_utc=2026-10-01T12:14:18.900+00:00 host_mono_ns=2615878090430972 [06:37:58:881 - 73C0208C0840]: Load module success.
host_utc=2026-10-01T12:14:18.900+00:00 host_mono_ns=2615878090442524 
host_utc=2026-10-01T12:14:18.900+00:00 host_mono_ns=2615878090452442 [06:37:58:892 - 73C0208C0840]: Memory instantiate:
host_utc=2026-10-01T12:14:18.900+00:00 host_mono_ns=2615878090460868 [06:37:58:892 - 73C0208C0840]:   page bytes: 65536, init pages: 16384, max pages: 16384
host_utc=2026-10-01T12:14:18.900+00:00 host_mono_ns=2615878090469665 [06:37:58:893 - 73C0208C0840]:   heap offset: 1073741824, heap size: 0
host_utc=2026-10-01T12:14:18.900+00:00 host_mono_ns=2615878090478241 
host_utc=2026-10-01T12:14:18.900+00:00 host_mono_ns=2615878090486717 [06:37:58:920 - 73C0208C0840]: Memory instantiate success.
host_utc=2026-10-01T12:14:18.900+00:00 host_mono_ns=2615878090496225 [06:37:58:053 - 73C0208C0840]: warning: failed to link import function (env, pthread_exit)
host_utc=2026-10-01T12:14:18.900+00:00 host_mono_ns=2615878090504821 Restoring wasm thread 11
host_utc=2026-10-01T12:14:18.900+00:00 host_mono_ns=2615878090513207 [06:37:58:205 - 73C0208C0840]: warning: failed to link import function (env, pthread_exit)
host_utc=2026-10-01T12:14:18.900+00:00 host_mono_ns=2615878090521633 thread 11 restore
host_utc=2026-10-01T12:14:18.900+00:00 host_mono_ns=2615878090530139 Restoring wasm thread 10
host_utc=2026-10-01T12:14:18.900+00:00 host_mono_ns=2615878090538254 [06:37:58:906 - 73C0208C0840]: warning: failed to link import function (env, pthread_exit)
host_utc=2026-10-01T12:14:18.900+00:00 host_mono_ns=2615878090546600 thread 10 restore
host_utc=2026-10-01T12:14:18.900+00:00 host_mono_ns=2615878090554886 [2026-10-01 12:14:18.899] [info] wasm_restore_stack
host_utc=2026-10-01T12:14:18.900+00:00 host_mono_ns=2615878090563332 
host_utc=2026-10-01T12:14:18.900+00:00 host_mono_ns=2615878090578611 local_cell_num: 2
host_utc=2026-10-01T12:14:18.900+00:00 host_mono_ns=2615878090588129 locals.values.size: 2
host_utc=2026-10-01T12:14:18.900+00:00 host_mono_ns=2615878090596735 [2026-10-01 12:14:18.899] [info] restore label stack
host_utc=2026-10-01T12:14:18.900+00:00 host_mono_ns=2615878090605411 local_cell_num: 8
host_utc=2026-10-01T12:14:18.900+00:00 host_mono_ns=2615878090613647 locals.values.size: 8
host_utc=2026-10-01T12:14:18.900+00:00 host_mono_ns=2615878090622033 [2026-10-01 12:14:18.899] [info] restore label stack
host_utc=2026-10-01T12:14:18.900+00:00 host_mono_ns=2615878090630529 local_cell_num: 14
host_utc=2026-10-01T12:14:18.900+00:00 host_mono_ns=2615878090638804 locals.values.size: 14
host_utc=2026-10-01T12:14:18.900+00:00 host_mono_ns=2615878090647050 [2026-10-01 12:14:18.899] [info] restore label stack
host_utc=2026-10-01T12:14:18.900+00:00 host_mono_ns=2615878090655416 local_cell_num: 45
host_utc=2026-10-01T12:14:18.900+00:00 host_mono_ns=2615878090663581 locals.values.size: 45
host_utc=2026-10-01T12:14:18.900+00:00 host_mono_ns=2615878090671817 [2026-10-01 12:14:18.899] [info] restore label stack
host_utc=2026-10-01T12:14:18.900+00:00 host_mono_ns=2615878090680092 local_cell_num: 19
host_utc=2026-10-01T12:14:18.900+00:00 host_mono_ns=2615878090688147 locals.values.size: 19
host_utc=2026-10-01T12:14:18.900+00:00 host_mono_ns=2615878090702595 [2026-10-01 12:14:18.899] [info] restore label stack
host_utc=2026-10-01T12:14:18.900+00:00 host_mono_ns=2615878090711181 local_cell_num: 63
host_utc=2026-10-01T12:14:18.900+00:00 host_mono_ns=2615878090719326 locals.values.size: 63
host_utc=2026-10-01T12:14:18.900+00:00 host_mono_ns=2615878090727552 [2026-10-01 12:14:18.899] [info] restore label stack
host_utc=2026-10-01T12:14:18.900+00:00 host_mono_ns=2615878090735797 local_cell_num: 9
host_utc=2026-10-01T12:14:18.900+00:00 host_mono_ns=2615878090744103 locals.values.size: 9
host_utc=2026-10-01T12:14:18.900+00:00 host_mono_ns=2615878090752188 [2026-10-01 12:14:18.899] [info] restore label stack
host_utc=2026-10-01T12:14:18.900+00:00 host_mono_ns=2615878090760374 local_cell_num: 9
host_utc=2026-10-01T12:14:18.900+00:00 host_mono_ns=2615878090768479 locals.values.size: 9
host_utc=2026-10-01T12:14:18.900+00:00 host_mono_ns=2615878090776654 [2026-10-01 12:14:18.899] [info] restore label stack
host_utc=2026-10-01T12:14:18.900+00:00 host_mono_ns=2615878090784900 local_cell_num: 6
host_utc=2026-10-01T12:14:18.900+00:00 host_mono_ns=2615878090793096 locals.values.size: 6
host_utc=2026-10-01T12:14:18.900+00:00 host_mono_ns=2615878090801211 [2026-10-01 12:14:18.899] [info] restore label stack
host_utc=2026-10-01T12:14:18.900+00:00 host_mono_ns=2615878090809547 [2026-10-01 12:14:18.899] [info] Finish to restore stack
host_utc=2026-10-01T12:14:18.900+00:00 host_mono_ns=2615878090818213 
host_utc=2026-10-01T12:14:18.900+00:00 host_mono_ns=2615878090826479 stack, 215827
host_utc=2026-10-01T12:14:18.900+00:00 host_mono_ns=2615878090834804 global, 26069
host_utc=2026-10-01T12:14:18.900+00:00 host_mono_ns=2615878090843070 program counter, 14607
host_utc=2026-10-01T12:14:18.900+00:00 host_mono_ns=2615878090851345 initします
host_utc=2026-10-01T12:14:18.901+00:00 host_mono_ns=2615878091706029 boot_end, 2615878091549864
host_utc=2026-10-01T12:14:18.901+00:00 host_mono_ns=2615878091724935 wasm_cluster_increase_checkpointing_counter called 1
host_utc=2026-10-01T12:14:18.901+00:00 host_mono_ns=2615878091734363 Restoring wasm thread 9
host_utc=2026-10-01T12:14:18.901+00:00 host_mono_ns=2615878091742879 wasm_cluster_increase_checkpointing_counter called 2
host_utc=2026-10-01T12:14:18.901+00:00 host_mono_ns=2615878091753268 wasm_cluster_increase_checkpointing_counter called 3
host_utc=2026-10-01T12:14:18.901+00:00 host_mono_ns=2615878091764980 [2026-10-01 12:14:18.901] [info] wasm_restore_stack
host_utc=2026-10-01T12:14:18.901+00:00 host_mono_ns=2615878091777404 
host_utc=2026-10-01T12:14:18.901+00:00 host_mono_ns=2615878091794145 stack, 151827
host_utc=2026-10-01T12:14:18.901+00:00 host_mono_ns=2615878091826957 global, 20459
host_utc=2026-10-01T12:14:18.901+00:00 host_mono_ns=2615878091836696 program counter, 13606
host_utc=2026-10-01T12:14:18.901+00:00 host_mono_ns=2615878091849139 [06:37:58:631 - 73C0208C0840]: warning: failed to link import function (env, pthread_exit)
host_utc=2026-10-01T12:14:18.901+00:00 host_mono_ns=2615878091860591 thread 9 restore
host_utc=2026-10-01T12:14:18.901+00:00 host_mono_ns=2615878091869087 local_cell_num: 2
host_utc=2026-10-01T12:14:18.901+00:00 host_mono_ns=2615878091878024 locals.values.size: 2
host_utc=2026-10-01T12:14:18.901+00:00 host_mono_ns=2615878091886600 [2026-10-01 12:14:18.901] [info] restore label stack
host_utc=2026-10-01T12:14:18.901+00:00 host_mono_ns=2615878091894966 local_cell_num: 8
host_utc=2026-10-01T12:14:18.901+00:00 host_mono_ns=2615878091903131 locals.values.size: 8
host_utc=2026-10-01T12:14:18.901+00:00 host_mono_ns=2615878091911377 [2026-10-01 12:14:18.901] [info] restore label stack
host_utc=2026-10-01T12:14:18.901+00:00 host_mono_ns=2615878091919652 local_cell_num: 14
host_utc=2026-10-01T12:14:18.901+00:00 host_mono_ns=2615878091927728 locals.values.size: 14
host_utc=2026-10-01T12:14:18.901+00:00 host_mono_ns=2615878091936013 [2026-10-01 12:14:18.901] [info] restore label stack
host_utc=2026-10-01T12:14:18.901+00:00 host_mono_ns=2615878091944179 local_cell_num: 15
host_utc=2026-10-01T12:14:18.901+00:00 host_mono_ns=2615878091959668 locals.values.size: 15
host_utc=2026-10-01T12:14:18.901+00:00 host_mono_ns=2615878091968064 [2026-10-01 12:14:18.901] [info] restore label stack
host_utc=2026-10-01T12:14:18.901+00:00 host_mono_ns=2615878091976369 local_cell_num: 37
host_utc=2026-10-01T12:14:18.901+00:00 host_mono_ns=2615878091984465 locals.values.size: 37
host_utc=2026-10-01T12:14:18.901+00:00 host_mono_ns=2615878091992730 [2026-10-01 12:14:18.901] [info] restore label stack
host_utc=2026-10-01T12:14:18.901+00:00 host_mono_ns=2615878092017647 local_cell_num: 25
host_utc=2026-10-01T12:14:18.901+00:00 host_mono_ns=2615878092030201 locals.values.size: 25
host_utc=2026-10-01T12:14:18.901+00:00 host_mono_ns=2615878092038567 [2026-10-01 12:14:18.901] [info] restore label stack
host_utc=2026-10-01T12:14:18.901+00:00 host_mono_ns=2615878092046893 local_cell_num: 34
host_utc=2026-10-01T12:14:18.901+00:00 host_mono_ns=2615878092055018 locals.values.size: 34
host_utc=2026-10-01T12:14:18.901+00:00 host_mono_ns=2615878092063113 [2026-10-01 12:14:18.901] [info] restore label stack
host_utc=2026-10-01T12:14:18.901+00:00 host_mono_ns=2615878092071299 local_cell_num: 38
host_utc=2026-10-01T12:14:18.901+00:00 host_mono_ns=2615878092079484 locals.values.size: 38
host_utc=2026-10-01T12:14:18.901+00:00 host_mono_ns=2615878092087609 [2026-10-01 12:14:18.901] [info] restore label stack
host_utc=2026-10-01T12:14:18.901+00:00 host_mono_ns=2615878092095795 local_cell_num: 94
host_utc=2026-10-01T12:14:18.901+00:00 host_mono_ns=2615878092106395 locals.values.size: 94
host_utc=2026-10-01T12:14:18.901+00:00 host_mono_ns=2615878092117596 [2026-10-01 12:14:18.901] [info] restore label stack
host_utc=2026-10-01T12:14:18.901+00:00 host_mono_ns=2615878092127926 local_cell_num: 2
host_utc=2026-10-01T12:14:18.901+00:00 host_mono_ns=2615878092136221 locals.values.size: 2
host_utc=2026-10-01T12:14:18.901+00:00 host_mono_ns=2615878092144377 [2026-10-01 12:14:18.901] [info] restore label stack
host_utc=2026-10-01T12:14:18.901+00:00 host_mono_ns=2615878092152572 local_cell_num: 9
host_utc=2026-10-01T12:14:18.901+00:00 host_mono_ns=2615878092160627 locals.values.size: 9
host_utc=2026-10-01T12:14:18.902+00:00 host_mono_ns=2615878092168793 [2026-10-01 12:14:18.901] [info] restore label stack
host_utc=2026-10-01T12:14:18.902+00:00 host_mono_ns=2615878092176928 local_cell_num: 9
host_utc=2026-10-01T12:14:18.902+00:00 host_mono_ns=2615878092185003 locals.values.size: 9
host_utc=2026-10-01T12:14:18.902+00:00 host_mono_ns=2615878092193079 [2026-10-01 12:14:18.901] [info] restore label stack
host_utc=2026-10-01T12:14:18.902+00:00 host_mono_ns=2615878092201274 local_cell_num: 6
host_utc=2026-10-01T12:14:18.902+00:00 host_mono_ns=2615878092209339 locals.values.size: 6
host_utc=2026-10-01T12:14:18.902+00:00 host_mono_ns=2615878092217515 [2026-10-01 12:14:18.901] [info] restore label stack
host_utc=2026-10-01T12:14:18.902+00:00 host_mono_ns=2615878092225810 [2026-10-01 12:14:18.901] [info] Finish to restore stack
host_utc=2026-10-01T12:14:18.902+00:00 host_mono_ns=2615878092234437 
host_utc=2026-10-01T12:14:18.902+00:00 host_mono_ns=2615878092280504 initします
host_utc=2026-10-01T12:14:18.903+00:00 host_mono_ns=2615878094180811 wasm_cluster_increase_checkpointing_counter called 1
host_utc=2026-10-01T12:14:18.904+00:00 host_mono_ns=2615878094242688 Restoring wasm thread 8
host_utc=2026-10-01T12:14:18.904+00:00 host_mono_ns=2615878094259330 wasm_cluster_increase_checkpointing_counter called 2
host_utc=2026-10-01T12:14:18.904+00:00 host_mono_ns=2615878094272504 wasm_cluster_increase_checkpointing_counter called 3
host_utc=2026-10-01T12:14:18.904+00:00 host_mono_ns=2615878094284056 [2026-10-01 12:14:18.903] [info] wasm_restore_stack
host_utc=2026-10-01T12:14:18.904+00:00 host_mono_ns=2615878094295839 
host_utc=2026-10-01T12:14:18.904+00:00 host_mono_ns=2615878094307791 boot_end, 2615878093929427
host_utc=2026-10-01T12:14:18.904+00:00 host_mono_ns=2615878094328560 [06:37:58:009 - 73C0208C0840]: warning: failed to link import function (env, pthread_exit)
host_utc=2026-10-01T12:14:18.904+00:00 host_mono_ns=2615878094358787 thread 8 restore
host_utc=2026-10-01T12:14:18.904+00:00 host_mono_ns=2615878094370660 local_cell_num: 2
host_utc=2026-10-01T12:14:18.904+00:00 host_mono_ns=2615878094381971 locals.values.size: 2
host_utc=2026-10-01T12:14:18.904+00:00 host_mono_ns=2615878094393373 [2026-10-01 12:14:18.903] [info] restore label stack
host_utc=2026-10-01T12:14:18.904+00:00 host_mono_ns=2615878094404844 local_cell_num: 8
host_utc=2026-10-01T12:14:18.904+00:00 host_mono_ns=2615878094415675 locals.values.size: 8
host_utc=2026-10-01T12:14:18.904+00:00 host_mono_ns=2615878094426736 [2026-10-01 12:14:18.903] [info] restore label stack
host_utc=2026-10-01T12:14:18.904+00:00 host_mono_ns=2615878094437877 local_cell_num: 14
host_utc=2026-10-01T12:14:18.904+00:00 host_mono_ns=2615878094448737 locals.values.size: 14
host_utc=2026-10-01T12:14:18.904+00:00 host_mono_ns=2615878094460119 [2026-10-01 12:14:18.903] [info] restore label stack
host_utc=2026-10-01T12:14:18.904+00:00 host_mono_ns=2615878094471139 local_cell_num: 15
host_utc=2026-10-01T12:14:18.904+00:00 host_mono_ns=2615878094482000 locals.values.size: 15
host_utc=2026-10-01T12:14:18.904+00:00 host_mono_ns=2615878094496838 [2026-10-01 12:14:18.903] [info] restore label stack
host_utc=2026-10-01T12:14:18.904+00:00 host_mono_ns=2615878094510293 local_cell_num: 27
host_utc=2026-10-01T12:14:18.904+00:00 host_mono_ns=2615878094521274 locals.values.size: 27
host_utc=2026-10-01T12:14:18.904+00:00 host_mono_ns=2615878094532215 [2026-10-01 12:14:18.903] [info] restore label stack
host_utc=2026-10-01T12:14:18.904+00:00 host_mono_ns=2615878094543386 local_cell_num: 25
host_utc=2026-10-01T12:14:18.904+00:00 host_mono_ns=2615878094554246 locals.values.size: 25
host_utc=2026-10-01T12:14:18.904+00:00 host_mono_ns=2615878094565097 [2026-10-01 12:14:18.903] [info] restore label stack
host_utc=2026-10-01T12:14:18.904+00:00 host_mono_ns=2615878094579785 local_cell_num: 34
host_utc=2026-10-01T12:14:18.904+00:00 host_mono_ns=2615878094592889 locals.values.size: 34
host_utc=2026-10-01T12:14:18.904+00:00 host_mono_ns=2615878094603890 [2026-10-01 12:14:18.903] [info] restore label stack
host_utc=2026-10-01T12:14:18.904+00:00 host_mono_ns=2615878094615071 local_cell_num: 38
host_utc=2026-10-01T12:14:18.904+00:00 host_mono_ns=2615878094625952 locals.values.size: 38
host_utc=2026-10-01T12:14:18.904+00:00 host_mono_ns=2615878094636832 [2026-10-01 12:14:18.903] [info] restore label stack
host_utc=2026-10-01T12:14:18.904+00:00 host_mono_ns=2615878094647863 local_cell_num: 94
host_utc=2026-10-01T12:14:18.904+00:00 host_mono_ns=2615878094658643 locals.values.size: 94
host_utc=2026-10-01T12:14:18.904+00:00 host_mono_ns=2615878094669634 [2026-10-01 12:14:18.903] [info] restore label stack
host_utc=2026-10-01T12:14:18.904+00:00 host_mono_ns=2615878094680535 local_cell_num: 2
host_utc=2026-10-01T12:14:18.904+00:00 host_mono_ns=2615878094691375 locals.values.size: 2
host_utc=2026-10-01T12:14:18.904+00:00 host_mono_ns=2615878094702296 [2026-10-01 12:14:18.903] [info] restore label stack
host_utc=2026-10-01T12:14:18.904+00:00 host_mono_ns=2615878094713247 local_cell_num: 9
host_utc=2026-10-01T12:14:18.904+00:00 host_mono_ns=2615878094724127 locals.values.size: 9
host_utc=2026-10-01T12:14:18.904+00:00 host_mono_ns=2615878094734978 [2026-10-01 12:14:18.903] [info] restore label stack
host_utc=2026-10-01T12:14:18.904+00:00 host_mono_ns=2615878094745918 local_cell_num: 9
host_utc=2026-10-01T12:14:18.904+00:00 host_mono_ns=2615878094756649 locals.values.size: 9
host_utc=2026-10-01T12:14:18.904+00:00 host_mono_ns=2615878094767519 [2026-10-01 12:14:18.903] [info] restore label stack
host_utc=2026-10-01T12:14:18.904+00:00 host_mono_ns=2615878094778460 local_cell_num: 6
host_utc=2026-10-01T12:14:18.904+00:00 host_mono_ns=2615878094789170 locals.values.size: 6
host_utc=2026-10-01T12:14:18.904+00:00 host_mono_ns=2615878094799900 [2026-10-01 12:14:18.904] [info] restore label stack
host_utc=2026-10-01T12:14:18.904+00:00 host_mono_ns=2615878094810881 [2026-10-01 12:14:18.904] [info] Finish to restore stack
host_utc=2026-10-01T12:14:18.904+00:00 host_mono_ns=2615878094829777 
host_utc=2026-10-01T12:14:18.904+00:00 host_mono_ns=2615878094841158 stack, 226488
host_utc=2026-10-01T12:14:18.904+00:00 host_mono_ns=2615878094852359 global, 23975
host_utc=2026-10-01T12:14:18.904+00:00 host_mono_ns=2615878094863520 program counter, 14157
host_utc=2026-10-01T12:14:18.904+00:00 host_mono_ns=2615878094881805 initします
host_utc=2026-10-01T12:14:18.905+00:00 host_mono_ns=2615878096086569 wasm_cluster_increase_checkpointing_counter called 1
host_utc=2026-10-01T12:14:18.905+00:00 host_mono_ns=2615878096118560 Restoring wasm thread 7
host_utc=2026-10-01T12:14:18.905+00:00 host_mono_ns=2615878096132937 wasm_cluster_increase_checkpointing_counter called 2
host_utc=2026-10-01T12:14:18.905+00:00 host_mono_ns=2615878096145300 wasm_cluster_increase_checkpointing_counter called 3
host_utc=2026-10-01T12:14:18.905+00:00 host_mono_ns=2615878096157012 [2026-10-01 12:14:18.905] [info] wasm_restore_stack
host_utc=2026-10-01T12:14:18.906+00:00 host_mono_ns=2615878096171019 
host_utc=2026-10-01T12:14:18.906+00:00 host_mono_ns=2615878096193391 boot_end, 2615878095952075
host_utc=2026-10-01T12:14:18.906+00:00 host_mono_ns=2615878096205885 [06:37:58:037 - 73C0208C0840]: warning: failed to link import function (env, pthread_exit)
host_utc=2026-10-01T12:14:18.906+00:00 host_mono_ns=2615878096217717 thread 7 restore
host_utc=2026-10-01T12:14:18.906+00:00 host_mono_ns=2615878096228898 local_cell_num: 2
host_utc=2026-10-01T12:14:18.906+00:00 host_mono_ns=2615878096240029 locals.values.size: 2
host_utc=2026-10-01T12:14:18.906+00:00 host_mono_ns=2615878096251230 [2026-10-01 12:14:18.905] [info] restore label stack
host_utc=2026-10-01T12:14:18.906+00:00 host_mono_ns=2615878096262522 local_cell_num: 8
host_utc=2026-10-01T12:14:18.906+00:00 host_mono_ns=2615878096273432 locals.values.size: 8
host_utc=2026-10-01T12:14:18.906+00:00 host_mono_ns=2615878096284443 [2026-10-01 12:14:18.905] [info] restore label stack
host_utc=2026-10-01T12:14:18.906+00:00 host_mono_ns=2615878096295424 local_cell_num: 25
host_utc=2026-10-01T12:14:18.906+00:00 host_mono_ns=2615878096306254 locals.values.size: 25
host_utc=2026-10-01T12:14:18.906+00:00 host_mono_ns=2615878096317535 [2026-10-01 12:14:18.905] [info] restore label stack
host_utc=2026-10-01T12:14:18.906+00:00 host_mono_ns=2615878096328596 local_cell_num: 10
host_utc=2026-10-01T12:14:18.906+00:00 host_mono_ns=2615878096339447 locals.values.size: 10
host_utc=2026-10-01T12:14:18.906+00:00 host_mono_ns=2615878096350407 [2026-10-01 12:14:18.905] [info] restore label stack
host_utc=2026-10-01T12:14:18.906+00:00 host_mono_ns=2615878096361388 local_cell_num: 22
host_utc=2026-10-01T12:14:18.906+00:00 host_mono_ns=2615878096372179 locals.values.size: 22
host_utc=2026-10-01T12:14:18.906+00:00 host_mono_ns=2615878096382939 [2026-10-01 12:14:18.905] [info] restore label stack
host_utc=2026-10-01T12:14:18.906+00:00 host_mono_ns=2615878096393829 local_cell_num: 62
host_utc=2026-10-01T12:14:18.906+00:00 host_mono_ns=2615878096404580 locals.values.size: 62
host_utc=2026-10-01T12:14:18.906+00:00 host_mono_ns=2615878096418556 [2026-10-01 12:14:18.905] [info] restore label stack
host_utc=2026-10-01T12:14:18.906+00:00 host_mono_ns=2615878096433454 local_cell_num: 18
host_utc=2026-10-01T12:14:18.906+00:00 host_mono_ns=2615878096444876 locals.values.size: 18
host_utc=2026-10-01T12:14:18.906+00:00 host_mono_ns=2615878096455867 [2026-10-01 12:14:18.905] [info] restore label stack
host_utc=2026-10-01T12:14:18.906+00:00 host_mono_ns=2615878096466857 local_cell_num: 21
host_utc=2026-10-01T12:14:18.906+00:00 host_mono_ns=2615878096477628 locals.values.size: 21
host_utc=2026-10-01T12:14:18.906+00:00 host_mono_ns=2615878096488408 [2026-10-01 12:14:18.905] [info] restore label stack
host_utc=2026-10-01T12:14:18.906+00:00 host_mono_ns=2615878096502004 local_cell_num: 10
host_utc=2026-10-01T12:14:18.906+00:00 host_mono_ns=2615878096516341 locals.values.size: 10
host_utc=2026-10-01T12:14:18.906+00:00 host_mono_ns=2615878096527742 [2026-10-01 12:14:18.905] [info] restore label stack
host_utc=2026-10-01T12:14:18.906+00:00 host_mono_ns=2615878096549213 local_cell_num: 2
host_utc=2026-10-01T12:14:18.906+00:00 host_mono_ns=2615878096560214 locals.values.size: 2
host_utc=2026-10-01T12:14:18.906+00:00 host_mono_ns=2615878096571174 [2026-10-01 12:14:18.905] [info] restore label stack
host_utc=2026-10-01T12:14:18.906+00:00 host_mono_ns=2615878096582265 local_cell_num: 9
host_utc=2026-10-01T12:14:18.906+00:00 host_mono_ns=2615878096593146 locals.values.size: 9
host_utc=2026-10-01T12:14:18.906+00:00 host_mono_ns=2615878096604167 [2026-10-01 12:14:18.905] [info] restore label stack
host_utc=2026-10-01T12:14:18.906+00:00 host_mono_ns=2615878096615097 local_cell_num: 9
host_utc=2026-10-01T12:14:18.906+00:00 host_mono_ns=2615878096625847 locals.values.size: 9
host_utc=2026-10-01T12:14:18.906+00:00 host_mono_ns=2615878096636668 [2026-10-01 12:14:18.905] [info] restore label stack
host_utc=2026-10-01T12:14:18.906+00:00 host_mono_ns=2615878096647699 local_cell_num: 6
host_utc=2026-10-01T12:14:18.906+00:00 host_mono_ns=2615878096658409 locals.values.size: 6
host_utc=2026-10-01T12:14:18.906+00:00 host_mono_ns=2615878096669350 [2026-10-01 12:14:18.905] [info] restore label stack
host_utc=2026-10-01T12:14:18.906+00:00 host_mono_ns=2615878096680441 [2026-10-01 12:14:18.905] [info] Finish to restore stack
host_utc=2026-10-01T12:14:18.906+00:00 host_mono_ns=2615878096691752 
host_utc=2026-10-01T12:14:18.906+00:00 host_mono_ns=2615878096709966 stack, 148681
host_utc=2026-10-01T12:14:18.906+00:00 host_mono_ns=2615878096721979 global, 21261
host_utc=2026-10-01T12:14:18.906+00:00 host_mono_ns=2615878096733390 program counter, 12714
host_utc=2026-10-01T12:14:18.906+00:00 host_mono_ns=2615878096744652 initします
host_utc=2026-10-01T12:14:18.907+00:00 host_mono_ns=2615878097842765 wasm_cluster_increase_checkpointing_counter called 1
host_utc=2026-10-01T12:14:18.907+00:00 host_mono_ns=2615878097872581 Restoring wasm thread 6
host_utc=2026-10-01T12:14:18.907+00:00 host_mono_ns=2615878097887079 wasm_cluster_increase_checkpointing_counter called 2
host_utc=2026-10-01T12:14:18.907+00:00 host_mono_ns=2615878097899682 wasm_cluster_increase_checkpointing_counter called 3
host_utc=2026-10-01T12:14:18.907+00:00 host_mono_ns=2615878097914951 [2026-10-01 12:14:18.907] [info] wasm_restore_stack
host_utc=2026-10-01T12:14:18.907+00:00 host_mono_ns=2615878097928657 
host_utc=2026-10-01T12:14:18.907+00:00 host_mono_ns=2615878097940379 boot_end, 2615878097646985
host_utc=2026-10-01T12:14:18.907+00:00 host_mono_ns=2615878097951681 [06:37:58:729 - 73C0208C0840]: warning: failed to link import function (env, pthread_exit)
host_utc=2026-10-01T12:14:18.907+00:00 host_mono_ns=2615878097963443 local_cell_num: 2
host_utc=2026-10-01T12:14:18.907+00:00 host_mono_ns=2615878097974694 locals.values.size: 2
host_utc=2026-10-01T12:14:18.907+00:00 host_mono_ns=2615878097986035 [2026-10-01 12:14:18.907] [info] restore label stack
host_utc=2026-10-01T12:14:18.907+00:00 host_mono_ns=2615878097997337 thread 6 restore
host_utc=2026-10-01T12:14:18.907+00:00 host_mono_ns=2615878098022975 local_cell_num: 8
host_utc=2026-10-01T12:14:18.907+00:00 host_mono_ns=2615878098037573 locals.values.size: 8
host_utc=2026-10-01T12:14:18.907+00:00 host_mono_ns=2615878098049054 [2026-10-01 12:14:18.907] [info] restore label stack
host_utc=2026-10-01T12:14:18.907+00:00 host_mono_ns=2615878098060797 local_cell_num: 14
host_utc=2026-10-01T12:14:18.907+00:00 host_mono_ns=2615878098071657 locals.values.size: 14
host_utc=2026-10-01T12:14:18.907+00:00 host_mono_ns=2615878098082868 [2026-10-01 12:14:18.907] [info] restore label stack
host_utc=2026-10-01T12:14:18.907+00:00 host_mono_ns=2615878098093849 local_cell_num: 8
host_utc=2026-10-01T12:14:18.907+00:00 host_mono_ns=2615878098108376 locals.values.size: 8
host_utc=2026-10-01T12:14:18.907+00:00 host_mono_ns=2615878098122032 [2026-10-01 12:14:18.907] [info] restore label stack
host_utc=2026-10-01T12:14:18.907+00:00 host_mono_ns=2615878098133454 local_cell_num: 13
host_utc=2026-10-01T12:14:18.907+00:00 host_mono_ns=2615878098154714 locals.values.size: 13
host_utc=2026-10-01T12:14:18.907+00:00 host_mono_ns=2615878098166025 [2026-10-01 12:14:18.907] [info] restore label stack
host_utc=2026-10-01T12:14:18.908+00:00 host_mono_ns=2615878098177216 local_cell_num: 19
host_utc=2026-10-01T12:14:18.908+00:00 host_mono_ns=2615878098191604 locals.values.size: 19
host_utc=2026-10-01T12:14:18.908+00:00 host_mono_ns=2615878098205089 [2026-10-01 12:14:18.907] [info] restore label stack
host_utc=2026-10-01T12:14:18.908+00:00 host_mono_ns=2615878098216370 local_cell_num: 63
host_utc=2026-10-01T12:14:18.908+00:00 host_mono_ns=2615878098227271 locals.values.size: 63
host_utc=2026-10-01T12:14:18.908+00:00 host_mono_ns=2615878098238201 [2026-10-01 12:14:18.907] [info] restore label stack
host_utc=2026-10-01T12:14:18.908+00:00 host_mono_ns=2615878098249383 local_cell_num: 9
host_utc=2026-10-01T12:14:18.908+00:00 host_mono_ns=2615878098260383 locals.values.size: 9
host_utc=2026-10-01T12:14:18.908+00:00 host_mono_ns=2615878098271434 [2026-10-01 12:14:18.907] [info] restore label stack
host_utc=2026-10-01T12:14:18.908+00:00 host_mono_ns=2615878098282485 local_cell_num: 9
host_utc=2026-10-01T12:14:18.908+00:00 host_mono_ns=2615878098293406 locals.values.size: 9
host_utc=2026-10-01T12:14:18.908+00:00 host_mono_ns=2615878098304396 [2026-10-01 12:14:18.907] [info] restore label stack
host_utc=2026-10-01T12:14:18.908+00:00 host_mono_ns=2615878098315497 local_cell_num: 6
host_utc=2026-10-01T12:14:18.908+00:00 host_mono_ns=2615878098326278 locals.values.size: 6
host_utc=2026-10-01T12:14:18.908+00:00 host_mono_ns=2615878098337218 [2026-10-01 12:14:18.907] [info] restore label stack
host_utc=2026-10-01T12:14:18.908+00:00 host_mono_ns=2615878098348319 [2026-10-01 12:14:18.907] [info] Finish to restore stack
host_utc=2026-10-01T12:14:18.908+00:00 host_mono_ns=2615878098359621 
host_utc=2026-10-01T12:14:18.908+00:00 host_mono_ns=2615878098380200 stack, 119906
host_utc=2026-10-01T12:14:18.908+00:00 host_mono_ns=2615878098392413 global, 23925
host_utc=2026-10-01T12:14:18.908+00:00 host_mono_ns=2615878098403614 program counter, 13365
host_utc=2026-10-01T12:14:18.908+00:00 host_mono_ns=2615878098415095 initします
host_utc=2026-10-01T12:14:18.909+00:00 host_mono_ns=2615878099593941 boot_end, 2615878099390647
host_utc=2026-10-01T12:14:18.909+00:00 host_mono_ns=2615878099634047 wasm_cluster_increase_checkpointing_counter called 1
host_utc=2026-10-01T12:14:18.909+00:00 host_mono_ns=2615878099651390 Restoring wasm thread 5
host_utc=2026-10-01T12:14:18.909+00:00 host_mono_ns=2615878099665206 wasm_cluster_increase_checkpointing_counter called 2
host_utc=2026-10-01T12:14:18.909+00:00 host_mono_ns=2615878099678350 wasm_cluster_increase_checkpointing_counter called 3
host_utc=2026-10-01T12:14:18.909+00:00 host_mono_ns=2615878099690964 [2026-10-01 12:14:18.909] [info] wasm_restore_stack
host_utc=2026-10-01T12:14:18.909+00:00 host_mono_ns=2615878099703869 
host_utc=2026-10-01T12:14:18.909+00:00 host_mono_ns=2615878099725069 stack, 108635
host_utc=2026-10-01T12:14:18.909+00:00 host_mono_ns=2615878099738925 global, 22312
host_utc=2026-10-01T12:14:18.909+00:00 host_mono_ns=2615878099751398 program counter, 10450
host_utc=2026-10-01T12:14:18.909+00:00 host_mono_ns=2615878099764082 [06:37:58:473 - 73C0208C0840]: warning: failed to link import function (env, pthread_exit)
host_utc=2026-10-01T12:14:18.909+00:00 host_mono_ns=2615878099777628 local_cell_num: 2
host_utc=2026-10-01T12:14:18.909+00:00 host_mono_ns=2615878099790232 locals.values.size: 2
host_utc=2026-10-01T12:14:18.909+00:00 host_mono_ns=2615878099802775 [2026-10-01 12:14:18.909] [info] restore label stack
host_utc=2026-10-01T12:14:18.909+00:00 host_mono_ns=2615878099815409 local_cell_num: 8
host_utc=2026-10-01T12:14:18.909+00:00 host_mono_ns=2615878099827682 locals.values.size: 8
host_utc=2026-10-01T12:14:18.909+00:00 host_mono_ns=2615878099839865 [2026-10-01 12:14:18.909] [info] restore label stack
host_utc=2026-10-01T12:14:18.909+00:00 host_mono_ns=2615878099852108 local_cell_num: 14
host_utc=2026-10-01T12:14:18.909+00:00 host_mono_ns=2615878099890822 locals.values.size: 14
host_utc=2026-10-01T12:14:18.909+00:00 host_mono_ns=2615878099904497 [2026-10-01 12:14:18.909] [info] restore label stack
host_utc=2026-10-01T12:14:18.909+00:00 host_mono_ns=2615878099917181 local_cell_num: 8
host_utc=2026-10-01T12:14:18.909+00:00 host_mono_ns=2615878099929344 locals.values.size: 8
host_utc=2026-10-01T12:14:18.909+00:00 host_mono_ns=2615878099941668 [2026-10-01 12:14:18.909] [info] restore label stack
host_utc=2026-10-01T12:14:18.909+00:00 host_mono_ns=2615878099953941 local_cell_num: 13
host_utc=2026-10-01T12:14:18.909+00:00 host_mono_ns=2615878099965973 locals.values.size: 13
host_utc=2026-10-01T12:14:18.909+00:00 host_mono_ns=2615878099978166 [2026-15 restore
host_utc=2026-10-01T12:14:18.909+00:00 host_mono_ns=2615878099990530 local_cell_num: 19
host_utc=2026-10-01T12:14:18.909+00:00 host_mono_ns=2615878100017170 locals.values.size: 19
host_utc=2026-10-01T12:14:18.909+00:00 host_mono_ns=2615878100033902 [2026-10-01 12:14:18.909] [info] restore label stack
host_utc=2026-10-01T12:14:18.909+00:00 host_mono_ns=2615878100046365 local_cell_num: 63
host_utc=2026-10-01T12:14:18.909+00:00 host_mono_ns=2615878100058538 locals.values.size: 63
host_utc=2026-10-01T12:14:18.909+00:00 host_mono_ns=2615878100070711 [2026-10-01 12:14:18.909] [info] restore label stack
host_utc=2026-10-01T12:14:18.909+00:00 host_mono_ns=2615878100083014 local_cell_num: 9
host_utc=2026-10-01T12:14:18.909+00:00 host_mono_ns=2615878100095177 locals.values.size: 9
host_utc=2026-10-01T12:14:18.909+00:00 host_mono_ns=2615878100107380 [2026-10-01 12:14:18.909] [info] restore label stack
host_utc=2026-10-01T12:14:18.909+00:00 host_mono_ns=2615878100119503 local_cell_num: 9
host_utc=2026-10-01T12:14:18.909+00:00 host_mono_ns=2615878100131736 locals.values.size: 9
host_utc=2026-10-01T12:14:18.909+00:00 host_mono_ns=2615878100143739 [2026-10-01 12:14:18.909] [info] restore label stack
host_utc=2026-10-01T12:14:18.909+00:00 host_mono_ns=2615878100155942 local_cell_num: 6
host_utc=2026-10-01T12:14:18.909+00:00 host_mono_ns=2615878100167865 locals.values.size: 6
host_utc=2026-10-01T12:14:18.910+00:00 host_mono_ns=2615878100180078 [2026-10-01 12:14:18.909] [info] restore label stack
host_utc=2026-10-01T12:14:18.910+00:00 host_mono_ns=2615878100192251 [2026-10-01 12:14:18.909] [info] Finish to restore stack
host_utc=2026-10-01T12:14:18.910+00:00 host_mono_ns=2615878100204894 
host_utc=2026-10-01T12:14:18.910+00:00 host_mono_ns=2615878100224331 initします
host_utc=2026-10-01T12:14:18.911+00:00 host_mono_ns=2615878101272700 boot_end, 2615878101133868
host_utc=2026-10-01T12:14:18.911+00:00 host_mono_ns=2615878101305462 wasm_cluster_increase_checkpointing_counter called 1
host_utc=2026-10-01T12:14:18.911+00:00 host_mono_ns=2615878101322133 Restoring wasm thread 4
host_utc=2026-10-01T12:14:18.911+00:00 host_mono_ns=2615878101335659 wasm_cluster_increase_checkpointing_counter called 2
host_utc=2026-10-01T12:14:18.911+00:00 host_mono_ns=2615878101348934 wasm_cluster_increase_checkpointing_counter called 3
host_utc=2026-10-01T12:14:18.911+00:00 host_mono_ns=2615878101361578 [2026-10-01 12:14:18.910] [info] wasm_restore_stack
host_utc=2026-10-01T12:14:18.911+00:00 host_mono_ns=2615878101374412 
host_utc=2026-10-01T12:14:18.911+00:00 host_mono_ns=2615878101395442 local_cell_num: 2
host_utc=2026-10-01T12:14:18.911+00:00 host_mono_ns=2615878101408957 locals.values.size: 2
host_utc=2026-10-01T12:14:18.911+00:00 host_mono_ns=2615878101421791 [2026-10-01 12:14:18.911] [info] restore label stack
host_utc=2026-10-01T12:14:18.911+00:00 host_mono_ns=2615878101434505 local_cell_num: 8
host_utc=2026-10-01T12:14:18.911+00:00 host_mono_ns=2615878101446688 locals.values.size: 8
host_utc=2026-10-01T12:14:18.911+00:00 host_mono_ns=2615878101459112 [2026-10-01 12:14:18.911] [info] restore label stack
host_utc=2026-10-01T12:14:18.911+00:00 host_mono_ns=2615878101471626 local_cell_num: 14
host_utc=2026-10-01T12:14:18.911+00:00 host_mono_ns=2615878101483939 locals.values.size: 14
host_utc=2026-10-01T12:14:18.911+00:00 host_mono_ns=2615878101508054 [2026-10-01 12:14:18.911] [info] restore label stack
host_utc=2026-10-01T12:14:18.911+00:00 host_mono_ns=2615878101520768 local_cell_num: 198
host_utc=2026-10-01T12:14:18.911+00:00 host_mono_ns=2615878101533122 locals.values.size: 198
host_utc=2026-10-01T12:14:18.911+00:00 host_mono_ns=2615878101545675 [2026-10-01 12:14:18.911] [info] restore label stack
host_utc=2026-10-01T12:14:18.911+00:00 host_mono_ns=2615878101558119 [06:37:58:222 - 73C0208C0840]: warning: failed to link import function (env, pthread_exit)local_cell_num: 77
host_utc=2026-10-01T12:14:18.911+00:00 host_mono_ns=2615878101571254 
host_utc=2026-10-01T12:14:18.911+00:00 host_mono_ns=2615878101583667 locals.values.size: 77
host_utc=2026-10-01T12:14:18.911+00:00 host_mono_ns=2615878101596241 [2026-10-01 12:14:18.911] [info] restore label stack
host_utc=2026-10-01T12:14:18.911+00:00 host_mono_ns=2615878101608584 local_cell_num: 22
host_utc=2026-10-01T12:14:18.911+00:00 host_mono_ns=2615878101620797 locals.values.size: 22
host_utc=2026-10-01T12:14:18.911+00:00 host_mono_ns=2615878101633030 [2026-10-01 12:14:18.911] [info] restore label stack
host_utc=2026-10-01T12:14:18.911+00:00 host_mono_ns=2615878101645354 [2026-10-01 12:14:18.911] [info] Finish to restore stack
host_utc=2026-10-01T12:14:18.911+00:00 host_mono_ns=2615878101657807 
host_utc=2026-10-01T12:14:18.911+00:00 host_mono_ns=2615878101669900 stack, 100129
host_utc=2026-10-01T12:14:18.911+00:00 host_mono_ns=2615878101682343 global, 20218
host_utc=2026-10-01T12:14:18.911+00:00 host_mono_ns=2615878101694597 program counter, 13225
host_utc=2026-10-01T12:14:18.911+00:00 host_mono_ns=2615878101713342 initします
host_utc=2026-10-01T12:14:18.912+00:00 host_mono_ns=2615878103040738 boot_end, 2615878102898049
host_utc=2026-10-01T12:14:18.912+00:00 host_mono_ns=2615878103073820 thread 4 restore
host_utc=2026-10-01T12:14:18.912+00:00 host_mono_ns=2615878103089881 wasm_cluster_increase_checkpointing_counter called 1
host_utc=2026-10-01T12:14:18.912+00:00 host_mono_ns=2615878103103857 Restoring wasm thread 3
host_utc=2026-10-01T12:14:18.912+00:00 host_mono_ns=2615878103116892 wasm_cluster_increase_checkpointing_counter called 2
host_utc=2026-10-01T12:14:18.912+00:00 host_mono_ns=2615878103129736 wasm_cluster_increase_checkpointing_counter called 3
host_utc=2026-10-01T12:14:18.912+00:00 host_mono_ns=2615878103142190 [2026-10-01 12:14:18.912] [info] wasm_restore_stack
host_utc=2026-10-01T12:14:18.912+00:00 host_mono_ns=2615878103155084 
host_utc=2026-10-01T12:14:18.913+00:00 host_mono_ns=2615878103175563 local_cell_num: 2
host_utc=2026-10-01T12:14:18.913+00:00 host_mono_ns=2615878103188978 locals.values.size: 2
host_utc=2026-10-01T12:14:18.913+00:00 host_mono_ns=2615878103201712 [2026-10-01 12:14:18.912] [info] restore label stack
host_utc=2026-10-01T12:14:18.913+00:00 host_mono_ns=2615878103214386 local_cell_num: 8
host_utc=2026-10-01T12:14:18.913+00:00 host_mono_ns=2615878103226549 locals.values.size: 8
host_utc=2026-10-01T12:14:18.913+00:00 host_mono_ns=2615878103238792 [2026-10-01 12:14:18.912] [info] restore label stack
host_utc=2026-10-01T12:14:18.913+00:00 host_mono_ns=2615878103251165 local_cell_num: 14
host_utc=2026-10-01T12:14:18.913+00:00 host_mono_ns=2615878103263569 locals.values.size: 14
host_utc=2026-10-01T12:14:18.913+00:00 host_mono_ns=2615878103276102 [2026-10-01 12:14:18.912] [info] restore label stack
host_utc=2026-10-01T12:14:18.913+00:00 host_mono_ns=2615878103288386 local_cell_num: 198
host_utc=2026-10-01T12:14:18.913+00:00 host_mono_ns=2615878103300538 locals.values.size: 198
host_utc=2026-10-01T12:14:18.913+00:00 host_mono_ns=2615878103313092 [2026-10-01 12:14:18.912] [info] restore label stack
host_utc=2026-10-01T12:14:18.913+00:00 host_mono_ns=2615878103325275 local_cell_num: 77
host_utc=2026-10-01T12:14:18.913+00:00 host_mono_ns=2615878103337378 locals.values.size: 77
host_utc=2026-10-01T12:14:18.913+00:00 host_mono_ns=2615878103349711 [2026-10-01 12:14:18.912] [info] restore label stack
host_utc=2026-10-01T12:14:18.913+00:00 host_mono_ns=2615878103361884 local_cell_num: 22
host_utc=2026-10-01T12:14:18.913+00:00 host_mono_ns=2615878103385739 locals.values.size: 22
host_utc=2026-10-01T12:14:18.913+00:00 host_mono_ns=2615878103398323 [2026-10-01 12:14:18.912] [info] restore label stack
host_utc=2026-10-01T12:14:18.913+00:00 host_mono_ns=2615878103410777 [06:37:58:991 - 73C0208C0840]: warning: failed to link import function (env, pthread_exit)
host_utc=2026-10-01T12:14:18.913+00:00 host_mono_ns=2615878103423751 stack, 89990
host_utc=2026-10-01T12:14:18.913+00:00 host_mono_ns=2615878103436595 global, 27081
host_utc=2026-10-01T12:14:18.913+00:00 host_mono_ns=2615878103448989 program counter, 12954
host_utc=2026-10-01T12:14:18.913+00:00 host_mono_ns=2615878103494465 initします
host_utc=2026-10-01T12:14:18.914+00:00 host_mono_ns=2615878104767368 boot_end, 2615878104572840
host_utc=2026-10-01T12:14:18.914+00:00 host_mono_ns=2615878104800310 stack, 62558
host_utc=2026-10-01T12:14:18.914+00:00 host_mono_ns=2615878104816040 thread 3 restore
host_utc=2026-10-01T12:14:18.914+00:00 host_mono_ns=2615878104829816 wasm_cluster_increase_checkpointing_counter called 1
host_utc=2026-10-01T12:14:18.914+00:00 host_mono_ns=2615878104843441 Restoring wasm thread 2
host_utc=2026-10-01T12:14:18.914+00:00 host_mono_ns=2615878104856326 wasm_cluster_increase_checkpointing_counter called 2
host_utc=2026-10-01T12:14:18.914+00:00 host_mono_ns=2615878104869080 wasm_cluster_increase_checkpointing_counter called 3
host_utc=2026-10-01T12:14:18.914+00:00 host_mono_ns=2615878104881473 [2026-10-01 12:14:18.914] [info] wasm_restore_stack
host_utc=2026-10-01T12:14:18.914+00:00 host_mono_ns=2615878104894147 
host_utc=2026-10-01T12:14:18.914+00:00 host_mono_ns=2615878104907142 local_cell_num: 2
host_utc=2026-10-01T12:14:18.914+00:00 host_mono_ns=2615878104919745 locals.values.size: 2
host_utc=2026-10-01T12:14:18.914+00:00 host_mono_ns=2615878104932379 [2026-10-01 12:14:18.914] [info] restore label stack
host_utc=2026-10-01T12:14:18.914+00:00 host_mono_ns=2615878104945003 local_cell_num: 8
host_utc=2026-10-01T12:14:18.914+00:00 host_mono_ns=2615878104957296 locals.values.size: 8
host_utc=2026-10-01T12:14:18.914+00:00 host_mono_ns=2615878104969559 [2026-10-01 12:14:18.914] [info] restore label stack
host_utc=2026-10-01T12:14:18.914+00:00 host_mono_ns=2615878104981903 local_cell_num: 14
host_utc=2026-10-01T12:14:18.914+00:00 host_mono_ns=2615878104994396 locals.values.size: 14
host_utc=2026-10-01T12:14:18.914+00:00 host_mono_ns=2615878105023131 [2026-10-01 12:14:18.914] [info] restore label stack
host_utc=2026-10-01T12:14:18.914+00:00 host_mono_ns=2615878105039321 local_cell_num: 198
host_utc=2026-10-01T12:14:18.914+00:00 host_mono_ns=2615878105051835 locals.values.size: 198
host_utc=2026-10-01T12:14:18.914+00:00 host_mono_ns=2615878105064308 [2026-10-01 12:14:18.914] [info] restore label stack
host_utc=2026-10-01T12:14:18.914+00:00 host_mono_ns=2615878105076632 local_cell_num: 77
host_utc=2026-10-01T12:14:18.914+00:00 host_mono_ns=2615878105088614 locals.values.size: 77
host_utc=2026-10-01T12:14:18.914+00:00 host_mono_ns=2615878105100917 [2026-10-01 12:14:18.914] [info] restore label stack
host_utc=2026-10-01T12:14:18.914+00:00 host_mono_ns=2615878105113110 local_cell_num: 22
host_utc=2026-10-01T12:14:18.914+00:00 host_mono_ns=2615878105125243 locals.values.size: 22
host_utc=2026-10-01T12:14:18.914+00:00 host_mono_ns=2615878105137356 [2026-10-01 12:14:18.914] [info] restore label stack
host_utc=2026-10-01T12:14:18.914+00:00 host_mono_ns=2615878105149659 [2026-10-01 12:14:18.914] [info] Finish to restore stack
host_utc=2026-10-01T12:14:18.914+00:00 host_mono_ns=2615878105162394 
host_utc=2026-10-01T12:14:18.915+00:00 host_mono_ns=2615878105174607 global, 14908
host_utc=2026-10-01T12:14:18.915+00:00 host_mono_ns=2615878105186870 program counter, 9758
host_utc=2026-10-01T12:14:18.915+00:00 host_mono_ns=2615878105207909 initします
host_utc=2026-10-01T12:14:18.916+00:00 host_mono_ns=2615878106219489 [06:37:58:660 - 73C0208C0840]: warning: failed to link import function (env, pthread_exit)
host_utc=2026-10-01T12:14:18.916+00:00 host_mono_ns=2615878106263462 wasm_cluster_increase_checkpointing_counter called 1
host_utc=2026-10-01T12:14:18.916+00:00 host_mono_ns=2615878106278571 wasm_cluster_increase_checkpointing_counter called 2
host_utc=2026-10-01T12:14:18.916+00:00 host_mono_ns=2615878106290644 wasm_cluster_increase_checkpointing_counter called 3
host_utc=2026-10-01T12:14:18.916+00:00 host_mono_ns=2615878106302276 thread 2 restore
host_utc=2026-10-01T12:14:18.916+00:00 host_mono_ns=2615878106313767 Restoring wasm thread 1
host_utc=2026-10-01T12:14:18.916+00:00 host_mono_ns=2615878106325099 [2026-10-01 12:14:18.915] [info] wasm_restore_stack
host_utc=2026-10-01T12:14:18.916+00:00 host_mono_ns=2615878106336600 
host_utc=2026-10-01T12:14:18.916+00:00 host_mono_ns=2615878106348112 local_cell_num: 2
host_utc=2026-10-01T12:14:18.916+00:00 host_mono_ns=2615878106359353 locals.values.size: 2
host_utc=2026-10-01T12:14:18.916+00:00 host_mono_ns=2615878106370565 [2026-10-01 12:14:18.915] [info] restore label stack
host_utc=2026-10-01T12:14:18.916+00:00 host_mono_ns=2615878106381946 local_cell_num: 8
host_utc=2026-10-01T12:14:18.916+00:00 host_mono_ns=2615878106392837 locals.values.size: 8
host_utc=2026-10-01T12:14:18.916+00:00 host_mono_ns=2615878106403927 [2026-10-01 12:14:18.915] [info] restore label stack
host_utc=2026-10-01T12:14:18.916+00:00 host_mono_ns=2615878106414868 local_cell_num: 14
host_utc=2026-10-01T12:14:18.916+00:00 host_mono_ns=2615878106425729 locals.values.size: 14
host_utc=2026-10-01T12:14:18.916+00:00 host_mono_ns=2615878106436990 [2026-10-01 12:14:18.915] [info] restore label stack
host_utc=2026-10-01T12:14:18.916+00:00 host_mono_ns=2615878106447941 local_cell_num: 198
host_utc=2026-10-01T12:14:18.916+00:00 host_mono_ns=2615878106458831 locals.values.size: 198
host_utc=2026-10-01T12:14:18.916+00:00 host_mono_ns=2615878106470153 [2026-10-01 12:14:18.915] [info] restore label stack
host_utc=2026-10-01T12:14:18.916+00:00 host_mono_ns=2615878106481123 local_cell_num: 77
host_utc=2026-10-01T12:14:18.916+00:00 host_mono_ns=2615878106491924 locals.values.size: 77
host_utc=2026-10-01T12:14:18.916+00:00 host_mono_ns=2615878106502904 [2026-10-01 12:14:18.915] [info] restore label stack
host_utc=2026-10-01T12:14:18.916+00:00 host_mono_ns=2615878106518143 local_cell_num: 22
host_utc=2026-10-01T12:14:18.916+00:00 host_mono_ns=2615878106532280 locals.values.size: 22
host_utc=2026-10-01T12:14:18.916+00:00 host_mono_ns=2615878106543371 [2026-10-01 12:14:18.915] [info] restore label stack
host_utc=2026-10-01T12:14:18.916+00:00 host_mono_ns=2615878106554632 [2026-10-01 12:14:18.915] [info] Finish to restore stack
host_utc=2026-10-01T12:14:18.916+00:00 host_mono_ns=2615878106566084 
host_utc=2026-10-01T12:14:18.916+00:00 host_mono_ns=2615878106577114 boot_end, 2615878106029410
host_utc=2026-10-01T12:14:18.916+00:00 host_mono_ns=2615878106588927 stack, 50846
host_utc=2026-10-01T12:14:18.916+00:00 host_mono_ns=2615878106603745 global, 10701
host_utc=2026-10-01T12:14:18.916+00:00 host_mono_ns=2615878106616739 program counter, 6753
host_utc=2026-10-01T12:14:18.916+00:00 host_mono_ns=2615878106637018 wasm_cluster_increase_checkpointing_counter called 1
host_utc=2026-10-01T12:14:18.916+00:00 host_mono_ns=2615878106649341 wasm_cluster_increase_checkpointing_counter called 2
host_utc=2026-10-01T12:14:18.916+00:00 host_mono_ns=2615878106661063 wasm_cluster_increase_checkpointing_counter called 3
host_utc=2026-10-01T12:14:18.916+00:00 host_mono_ns=2615878106672485 [06:37:58:116 - 73C0208C0840]: warning: failed to link import function (env, pthread_exit)
host_utc=2026-10-01T12:14:18.916+00:00 host_mono_ns=2615878106684327 thread 1 restore
host_utc=2026-10-01T12:14:18.916+00:00 host_mono_ns=2615878106695648 [2026-10-01 12:14:18.916] [info] wasm_restore_stack
host_utc=2026-10-01T12:14:18.916+00:00 host_mono_ns=2615878106707030 
host_utc=2026-10-01T12:14:18.916+00:00 host_mono_ns=2615878106718261 initします
host_utc=2026-10-01T12:14:18.917+00:00 host_mono_ns=2615878107841131 [2026-10-01 12:14:18.917] [info] wasm_restore_stack
host_utc=2026-10-01T12:14:18.917+00:00 host_mono_ns=2615878107881467 
host_utc=2026-10-01T12:14:18.917+00:00 host_mono_ns=2615878107896205 local_cell_num: 1
host_utc=2026-10-01T12:14:18.917+00:00 host_mono_ns=2615878107908228 locals.values.size: 1
host_utc=2026-10-01T12:14:18.917+00:00 host_mono_ns=2615878107919789 [2026-10-01 12:14:18.917] [info] restore label stack
host_utc=2026-10-01T12:14:18.917+00:00 host_mono_ns=2615878107931241 local_cell_num: 3
host_utc=2026-10-01T12:14:18.917+00:00 host_mono_ns=2615878107942322 locals.values.size: 3
host_utc=2026-10-01T12:14:18.917+00:00 host_mono_ns=2615878107953393 [2026-10-01 12:14:18.917] [info] restore label stack
host_utc=2026-10-01T12:14:18.917+00:00 host_mono_ns=2615878107964564 local_cell_num: 147
host_utc=2026-10-01T12:14:18.917+00:00 host_mono_ns=2615878107975575 locals.values.size: 147
host_utc=2026-10-01T12:14:18.917+00:00 host_mono_ns=2615878107987016 [2026-10-01 12:14:18.917] [info] restore label stack
host_utc=2026-10-01T12:14:18.917+00:00 host_mono_ns=2615878107998177 local_cell_num: 19
host_utc=2026-10-01T12:14:18.917+00:00 host_mono_ns=2615878108022894 locals.values.size: 19
host_utc=2026-10-01T12:14:18.917+00:00 host_mono_ns=2615878108037922 [2026-10-01 12:14:18.917] [info] restore label stack
host_utc=2026-10-01T12:14:18.917+00:00 host_mono_ns=2615878108050095 local_cell_num: 63
host_utc=2026-10-01T12:14:18.917+00:00 host_mono_ns=2615878108061126 locals.values.size: 63
host_utc=2026-10-01T12:14:18.917+00:00 host_mono_ns=2615878108072077 [2026-10-01 12:14:18.917] [info] restore label stack
host_utc=2026-10-01T12:14:18.917+00:00 host_mono_ns=2615878108083078 local_cell_num: 9
host_utc=2026-10-01T12:14:18.917+00:00 host_mono_ns=2615878108094068 locals.values.size: 9
host_utc=2026-10-01T12:14:18.917+00:00 host_mono_ns=2615878108105099 [2026-10-01 12:14:18.917] [info] restore label stack
host_utc=2026-10-01T12:14:18.917+00:00 host_mono_ns=2615878108116100 local_cell_num: 9
host_utc=2026-10-01T12:14:18.917+00:00 host_mono_ns=2615878108126820 locals.values.size: 9
host_utc=2026-10-01T12:14:18.917+00:00 host_mono_ns=2615878108137611 [2026-10-01 12:14:18.917] [info] restore label stack
host_utc=2026-10-01T12:14:18.917+00:00 host_mono_ns=2615878108148531 local_cell_num: 6
host_utc=2026-10-01T12:14:18.917+00:00 host_mono_ns=2615878108159352 locals.values.size: 6
host_utc=2026-10-01T12:14:18.918+00:00 host_mono_ns=2615878108170222 [2026-10-01 12:14:18.917] [info] restore label stack
host_utc=2026-10-01T12:14:18.918+00:00 host_mono_ns=2615878108181313 [2026-10-01 12:14:18.917] [info] Finish to restore stack
host_utc=2026-10-01T12:14:18.918+00:00 host_mono_ns=2615878108192775 
host_utc=2026-10-01T12:14:18.918+00:00 host_mono_ns=2615878108203725 local_cell_num: 2
host_utc=2026-10-01T12:14:18.918+00:00 host_mono_ns=2615878108214586 locals.values.size: 2
host_utc=2026-10-01T12:14:18.918+00:00 host_mono_ns=2615878108225386 [2026-10-01 12:14:18.917] [info] restore label stack
host_utc=2026-10-01T12:14:18.918+00:00 host_mono_ns=2615878108236277 local_cell_num: 8
host_utc=2026-10-01T12:14:18.918+00:00 host_mono_ns=2615878108247047 locals.values.size: 8
host_utc=2026-10-01T12:14:18.918+00:00 host_mono_ns=2615878108257948 [2026-10-01 12:14:18.917] [info] restore label stack
host_utc=2026-10-01T12:14:18.918+00:00 host_mono_ns=2615878108268979 local_cell_num: 14
host_utc=2026-10-01T12:14:18.918+00:00 host_mono_ns=2615878108279799 locals.values.size: 14
host_utc=2026-10-01T12:14:18.918+00:00 host_mono_ns=2615878108290720 [2026-10-01 12:14:18.917] [info] restore label stack
host_utc=2026-10-01T12:14:18.918+00:00 host_mono_ns=2615878108301740 local_cell_num: 155
host_utc=2026-10-01T12:14:18.918+00:00 host_mono_ns=2615878108312711 locals.values.size: 155
host_utc=2026-10-01T12:14:18.918+00:00 host_mono_ns=2615878108323892 [2026-10-01 12:14:18.917] [info] restore label stack
host_utc=2026-10-01T12:14:18.918+00:00 host_mono_ns=2615878108334823 local_cell_num: 19
host_utc=2026-10-01T12:14:18.918+00:00 host_mono_ns=2615878108345673 locals.values.size: 19
host_utc=2026-10-01T12:14:18.918+00:00 host_mono_ns=2615878108363768 [2026-10-01 12:14:18.917] [info] restore label stack
host_utc=2026-10-01T12:14:18.918+00:00 host_mono_ns=2615878108374869 local_cell_num: 63
host_utc=2026-10-01T12:14:18.918+00:00 host_mono_ns=2615878108385689 locals.values.size: 63
host_utc=2026-10-01T12:14:18.918+00:00 host_mono_ns=2615878108396549 [2026-10-01 12:14:18.917] [info] restore label stack
host_utc=2026-10-01T12:14:18.918+00:00 host_mono_ns=2615878108407550 local_cell_num: 9
host_utc=2026-10-01T12:14:18.918+00:00 host_mono_ns=2615878108418391 locals.values.size: 9
host_utc=2026-10-01T12:14:18.918+00:00 host_mono_ns=2615878108429291 [2026-10-01 12:14:18.917] [info] restore label stack
host_utc=2026-10-01T12:14:18.918+00:00 host_mono_ns=2615878108440382 local_cell_num: 9
host_utc=2026-10-01T12:14:18.918+00:00 host_mono_ns=2615878108451102 locals.values.size: 9
host_utc=2026-10-01T12:14:18.918+00:00 host_mono_ns=2615878108461953 [2026-10-01 12:14:18.917] [info] restore label stack
host_utc=2026-10-01T12:14:18.918+00:00 host_mono_ns=2615878108472984 local_cell_num: 6
host_utc=2026-10-01T12:14:18.918+00:00 host_mono_ns=2615878108483704 locals.values.size: 6
host_utc=2026-10-01T12:14:18.918+00:00 host_mono_ns=2615878108494454 [2026-10-01 12:14:18.917] [info] restore label stack
host_utc=2026-10-01T12:14:18.918+00:00 host_mono_ns=2615878108505706 [2026-10-01 12:14:18.917] [info] Finish to restore stack
host_utc=2026-10-01T12:14:18.918+00:00 host_mono_ns=2615878108516827 
host_utc=2026-10-01T12:14:18.918+00:00 host_mono_ns=2615878108527817 boot_end, 2615878107657945
host_utc=2026-10-01T12:14:18.918+00:00 host_mono_ns=2615878108538828 stack, 1247996
host_utc=2026-10-01T12:14:18.918+00:00 host_mono_ns=2615878108550149 stack, 66346
host_utc=2026-10-01T12:14:18.918+00:00 host_mono_ns=2615878108561220 global, 13035
host_utc=2026-10-01T12:14:18.918+00:00 host_mono_ns=2615878108572081 program counter, 6803
host_utc=2026-10-01T12:14:20.416+00:00 host_mono_ns=2615879606314921 memory, 1497956083
host_utc=2026-10-01T12:14:20.416+00:00 host_mono_ns=2615879606374915 Restore: add_membership for fd 6 used destination default interface
host_utc=2026-10-01T12:14:20.416+00:00 host_mono_ns=2615879606389773 Restore: add_membership for fd 7 used destination default interface
host_utc=2026-10-01T12:14:20.416+00:00 host_mono_ns=2615879606409440 global, 10399
host_utc=2026-10-01T12:14:20.416+00:00 host_mono_ns=2615879606421132 program counter, 12273
host_utc=2026-10-01T12:14:20.417+00:00 host_mono_ns=2615879607786229 PHASE0 event=recv-EINTR thread=0x13fe194 fd=6 eintr_count=1 default=0x9beb8 object=0x9beb8 ip=0x030012ac canary=0x5917d272 fallback_entries=0 canary_addr=0x9bf3c default_addr=0x9beb4 ip_addr=0x9bebc
host_utc=2026-10-01T12:14:20.417+00:00 host_mono_ns=2615879607837376 PHASE0 event=recv-EINTR thread=0x1a4e434 fd=7 eintr_count=1 default=0x9beb8 object=0x9beb8 ip=0x030012ac canary=0x5917d272 fallback_entries=0 canary_addr=0x9bf3c default_addr=0x9beb4 ip_addr=0x9bebc
host_utc=2026-10-01T12:14:20.417+00:00 host_mono_ns=2615879607902078 PHASE0 event=recv-EINTR thread=0x209e7d4 fd=3 eintr_count=1 default=0x9beb8 object=0x9beb8 ip=0x030012ac canary=0x5917d272 fallback_entries=0 canary_addr=0x9bf3c default_addr=0x9beb4 ip_addr=0x9bebc
host_utc=2026-10-01T12:14:20.417+00:00 host_mono_ns=2615879607918238 PHASE0 event=recv-EINTR thread=0x26eea74 fd=10 eintr_count=1 default=0x9beb8 object=0x9beb8 ip=0x030012ac canary=0x5917d272 fallback_entries=0 canary_addr=0x9bf3c default_addr=0x9beb4 ip_addr=0x9bebc
host_utc=2026-10-01T12:14:21.417+00:00 host_mono_ns=2615880608122043 PHASE0 event=refresh-entry thread=0x4c7fd64 fd=-1 eintr_count=0 default=0x9beb8 object=0x9beb8 ip=0x030012ac canary=0x5917d272 fallback_entries=0 canary_addr=0x9bf3c default_addr=0x9beb4 ip_addr=0x9bebc
host_utc=2026-10-01T12:14:21.418+00:00 host_mono_ns=2615880608446305 PHASE0 event=refresh-exit thread=0x4c7fd64 fd=-1 eintr_count=0 default=0x9beb8 object=0x9beb8 ip=0x060012ac canary=0x5917d272 fallback_entries=0 canary_addr=0x9bf3c default_addr=0x9beb4 ip_addr=0x9bebc
host_utc=2026-10-01T12:14:22.419+00:00 host_mono_ns=2615881609523080 PHASE0 event=refresh-entry thread=0x4c7fd64 fd=-1 eintr_count=0 default=0x9beb8 object=0x9beb8 ip=0x060012ac canary=0x5917d272 fallback_entries=0 canary_addr=0x9bf3c default_addr=0x9beb4 ip_addr=0x9bebc
host_utc=2026-10-01T12:14:22.419+00:00 host_mono_ns=2615881609630533 PHASE0 event=refresh-exit thread=0x4c7fd64 fd=-1 eintr_count=0 default=0x9beb8 object=0x9beb8 ip=0x060012ac canary=0x5917d272 fallback_entries=0 canary_addr=0x9bf3c default_addr=0x9beb4 ip_addr=0x9bebc
host_utc=2026-10-01T12:14:23.420+00:00 host_mono_ns=2615882610499756 PHASE0 event=refresh-entry thread=0x4c7fd64 fd=-1 eintr_count=0 default=0x9beb8 object=0x9beb8 ip=0x060012ac canary=0x5917d272 fallback_entries=0 canary_addr=0x9bf3c default_addr=0x9beb4 ip_addr=0x9bebc
host_utc=2026-10-01T12:14:23.420+00:00 host_mono_ns=2615882610646853 PHASE0 event=refresh-exit thread=0x4c7fd64 fd=-1 eintr_count=0 default=0x9beb8 object=0x9beb8 ip=0x060012ac canary=0x5917d272 fallback_entries=0 canary_addr=0x9bf3c default_addr=0x9beb4 ip_addr=0x9bebc
host_utc=2026-10-01T12:14:24.421+00:00 host_mono_ns=2615883611393362 PHASE0 event=refresh-entry thread=0x4c7fd64 fd=-1 eintr_count=0 default=0x9beb8 object=0x9beb8 ip=0x060012ac canary=0x5917d272 fallback_entries=0 canary_addr=0x9bf3c default_addr=0x9beb4 ip_addr=0x9bebc
host_utc=2026-10-01T12:14:24.421+00:00 host_mono_ns=2615883611444899 PHASE0 event=refresh-exit thread=0x4c7fd64 fd=-1 eintr_count=0 default=0x9beb8 object=0x9beb8 ip=0x060012ac canary=0x5917d272 fallback_entries=0 canary_addr=0x9bf3c default_addr=0x9beb4 ip_addr=0x9bebc
host_utc=2026-10-01T12:14:24.422+00:00 host_mono_ns=2615883612516382 0 msg_sn_low: 2e
host_utc=2026-10-01T12:14:24.422+00:00 host_mono_ns=2615883612579782 subscribed msg: 'Hello from mros2-posix onto Linux: 49'
host_utc=2026-10-01T12:14:24.422+00:00 host_mono_ns=2615883612611301 LOG_ERROR : 00000054.091 : LOG_ERROR : 00000054.091 : UDP_RECV_RECOVERY action=skip reason=EINTR fd=6UDP_RECV_RECOVERY action=skip reason=EINTR fd=7
host_utc=2026-10-01T12:14:24.422+00:00 host_mono_ns=2615883612632772 LOG_ERROR : 00000054.091 :
host_utc=2026-10-01T12:14:24.422+00:00 host_mono_ns=2615883612651397 LOG_ERROR : 00000054.091 : UDP_RECV_RECOVERY action=skip reason=EINTR fd=3UDP_RECV_RECOVERY action=skip reason=EINTR fd=10
host_utc=2026-10-01T12:14:24.422+00:00 host_mono_ns=2615883612670182 
host_utc=2026-10-01T12:14:24.422+00:00 host_mono_ns=2615883612687765 publishing msg: 'Hello from mros2-posix onto Linux: 50'
host_utc=2026-10-01T12:14:24.422+00:00 host_mono_ns=2615883612708795 netif_wasm: local ip changed to 0x060012ac
host_utc=2026-10-01T12:14:24.422+00:00 host_mono_ns=2615883612726108 publishing msg: 'Hello from mros2-posix onto Linux: 51'
host_utc=2026-10-01T12:14:24.422+00:00 host_mono_ns=2615883612744573 LOG_DEBUG : 00000056.094 : [MROS2LIB] message get [callback_handler] msg_sn_high: 0 msg_sn_low: 30
host_utc=2026-10-01T12:14:24.422+00:00 host_mono_ns=2615883612763068 subscribed msg: 'Hello from mros2-posix onto Linux: 51'
host_utc=2026-10-01T12:14:24.422+00:00 host_mono_ns=2615883612782474 publishing msg: 'Hello from mros2-posix onto Linux: 52'
host_utc=2026-10-01T12:14:24.422+00:00 host_mono_ns=2615883612818933 LOG_DEBUG : 00000057.095 : [MROS2LIB] message get [callback_handler] msg_sn_high: 0 msg_sn_low: 31
host_utc=2026-10-01T12:14:24.422+00:00 host_mono_ns=2615883612837829 subscribed msg: 'Hello from mros2-posix onto Linux: 52'
host_utc=2026-10-01T12:14:24.422+00:00 host_mono_ns=2615883612857576 publishing msg: 'Hello from mros2-posix onto Linux: 53'
host_utc=2026-10-01T12:14:25.421+00:00 host_mono_ns=2615884612168967 LOG_DEBUG : 00000058.095 : [MROS2LIB] message get [callback_handler] msg_sn_high: PHASE0 event=refresh-entry thread=0x4c7fd64 fd=-1 eintr_count=0 default=0x9beb8 object=0x9beb8 ip=0x060012ac canary=0x5917d272 fallback_entries=0 canary_addr=0x9bf3c default_addr=0x9beb4 ip_addr=0x9bebc
host_utc=2026-10-01T12:14:25.422+00:00 host_mono_ns=2615884612385596 PHASE0 event=refresh-exit thread=0x4c7fd64 fd=-1 eintr_count=0 default=0x9beb8 object=0x9beb8 ip=0x060012ac canary=0x5917d272 fallback_entries=0 canary_addr=0x9bf3c default_addr=0x9beb4 ip_addr=0x9bebc
host_utc=2026-10-01T12:14:26.423+00:00 host_mono_ns=2615885613270729 PHASE0 event=refresh-entry thread=0x4c7fd64 fd=-1 eintr_count=0 default=0x9beb8 object=0x9beb8 ip=0x060012ac canary=0x5917d272 fallback_entries=0 canary_addr=0x9bf3c default_addr=0x9beb4 ip_addr=0x9bebc
host_utc=2026-10-01T12:14:26.423+00:00 host_mono_ns=2615885613418077 PHASE0 event=refresh-exit thread=0x4c7fd64 fd=-1 eintr_count=0 default=0x9beb8 object=0x9beb8 ip=0x060012ac canary=0x5917d272 fallback_entries=0 canary_addr=0x9bf3c default_addr=0x9beb4 ip_addr=0x9bebc
host_utc=2026-10-01T12:14:27.423+00:00 host_mono_ns=2615886614022319 PHASE0 event=refresh-entry thread=0x4c7fd64 fd=-1 eintr_count=0 default=0x9beb8 object=0x9beb8 ip=0x060012ac canary=0x5917d272 fallback_entries=0 canary_addr=0x9bf3c default_addr=0x9beb4 ip_addr=0x9bebc
host_utc=2026-10-01T12:14:27.424+00:00 host_mono_ns=2615886614211176 PHASE0 event=refresh-exit thread=0x4c7fd64 fd=-1 eintr_count=0 default=0x9beb8 object=0x9beb8 ip=0x060012ac canary=0x5917d272 fallback_entries=0 canary_addr=0x9bf3c default_addr=0x9beb4 ip_addr=0x9bebc
host_utc=2026-10-01T12:14:28.424+00:00 host_mono_ns=2615887615096371 PHASE0 event=refresh-entry thread=0x4c7fd64 fd=-1 eintr_count=0 default=0x9beb8 object=0x9beb8 ip=0x060012ac canary=0x5917d272 fallback_entries=0 canary_addr=0x9bf3c default_addr=0x9beb4 ip_addr=0x9bebc
host_utc=2026-10-01T12:14:28.425+00:00 host_mono_ns=2615887615307289 PHASE0 event=refresh-exit thread=0x4c7fd64 fd=-1 eintr_count=0 default=0x9beb8 object=0x9beb8 ip=0x060012ac canary=0x5917d272 fallback_entries=0 canary_addr=0x9bf3c default_addr=0x9beb4 ip_addr=0x9bebc
host_utc=2026-10-01T12:14:29.425+00:00 host_mono_ns=2615888616030714 PHASE0 event=refresh-entry thread=0x4c7fd64 fd=-1 eintr_count=0 default=0x9beb8 object=0x9beb8 ip=0x060012ac canary=0x5917d272 fallback_entries=0 canary_addr=0x9bf3c default_addr=0x9beb4 ip_addr=0x9bebc
host_utc=2026-10-01T12:14:29.426+00:00 host_mono_ns=2615888616233867 PHASE0 event=refresh-exit thread=0x4c7fd64 fd=-1 eintr_count=0 default=0x9beb8 object=0x9beb8 ip=0x060012ac canary=0x5917d272 fallback_entries=0 canary_addr=0x9bf3c default_addr=0x9beb4 ip_addr=0x9bebc
host_utc=2026-10-01T12:14:29.427+00:00 host_mono_ns=2615888617448971 0 msg_sn_low: 32
host_utc=2026-10-01T12:14:29.427+00:00 host_mono_ns=2615888617508163 subscribed msg: 'Hello from mros2-posix onto Linux: 53'
host_utc=2026-10-01T12:14:29.427+00:00 host_mono_ns=2615888617530846 publishing msg: 'Hello from mros2-posix onto Linux: 54'
host_utc=2026-10-01T12:14:29.427+00:00 host_mono_ns=2615888617544792 LOG_DEBUG : 00000059.096 : [MROS2LIB] message get [callback_handler] msg_sn_high: 0 msg_sn_low: 33
host_utc=2026-10-01T12:14:29.427+00:00 host_mono_ns=2615888617558057 subscribed msg: 'Hello from mros2-posix onto Linux: 54'
host_utc=2026-10-01T12:14:29.427+00:00 host_mono_ns=2615888617570160 publishing msg: 'Hello from mros2-posix onto Linux: 55'
host_utc=2026-10-01T12:14:29.427+00:00 host_mono_ns=2615888617581822 LOG_DEBUG : 00000060.097 : [MROS2LIB] message get [callback_handler] msg_sn_high: 0 msg_sn_low: 34
host_utc=2026-10-01T12:14:29.427+00:00 host_mono_ns=2615888617593123 subscribed msg: 'Hello from mros2-posix onto Linux: 55'
host_utc=2026-10-01T12:14:29.427+00:00 host_mono_ns=2615888617604855 publishing msg: 'Hello from mros2-posix onto Linux: 56'
host_utc=2026-10-01T12:14:29.427+00:00 host_mono_ns=2615888617616467 LOG_DEBUG : 00000061.098 : [MROS2LIB] message get [callback_handler] msg_sn_high: 0 msg_sn_low: 35
host_utc=2026-10-01T12:14:29.427+00:00 host_mono_ns=2615888617627268 subscribed msg: 'Hello from mros2-posix onto Linux: 56'
host_utc=2026-10-01T12:14:29.427+00:00 host_mono_ns=2615888617638990 publishing msg: 'Hello from mros2-posix onto Linux: 57'
host_utc=2026-10-01T12:14:29.427+00:00 host_mono_ns=2615888617650121 LOG_DEBUG : 00000062.099 : [MROS2LIB] message get [callback_handler] msg_sn_high: 0 msg_sn_low: 36
host_utc=2026-10-01T12:14:29.427+00:00 host_mono_ns=2615888617660851 subscribed msg: 'Hello from mros2-posix onto Linux: 57'
host_utc=2026-10-01T12:14:29.427+00:00 host_mono_ns=2615888617693413 publishing msg: 'Hello from mros2-posix onto Linux: 58'
host_utc=2026-10-01T12:14:30.426+00:00 host_mono_ns=2615889617092893 LOG_DEBUG : 00000063.100 : [MROS2LIB] message get [callback_handler] msg_sn_high: PHASE0 event=refresh-entry thread=0x4c7fd64 fd=-1 eintr_count=0 default=0x9beb8 object=0x9beb8 ip=0x060012ac canary=0x5917d272 fallback_entries=0 canary_addr=0x9bf3c default_addr=0x9beb4 ip_addr=0x9bebc
host_utc=2026-10-01T12:14:30.426+00:00 host_mono_ns=2615889617169447 PHASE0 event=refresh-exit thread=0x4c7fd64 fd=-1 eintr_count=0 default=0x9beb8 object=0x9beb8 ip=0x060012ac canary=0x5917d272 fallback_entries=0 canary_addr=0x9bf3c default_addr=0x9beb4 ip_addr=0x9bebc
host_utc=2026-10-01T12:14:31.428+00:00 host_mono_ns=2615890618224191 PHASE0 event=refresh-entry thread=0x4c7fd64 fd=-1 eintr_count=0 default=0x9beb8 object=0x9beb8 ip=0x060012ac canary=0x5917d272 fallback_entries=0 canary_addr=0x9bf3c default_addr=0x9beb4 ip_addr=0x9bebc
host_utc=2026-10-01T12:14:31.428+00:00 host_mono_ns=2615890618295616 PHASE0 event=refresh-exit thread=0x4c7fd64 fd=-1 eintr_count=0 default=0x9beb8 object=0x9beb8 ip=0x060012ac canary=0x5917d272 fallback_entries=0 canary_addr=0x9bf3c default_addr=0x9beb4 ip_addr=0x9bebc
host_utc=2026-10-01T12:14:32.428+00:00 host_mono_ns=2615891618802154 PHASE0 event=refresh-entry thread=0x4c7fd64 fd=-1 eintr_count=0 default=0x9beb8 object=0x9beb8 ip=0x060012ac canary=0x5917d272 fallback_entries=0 canary_addr=0x9bf3c default_addr=0x9beb4 ip_addr=0x9bebc
host_utc=2026-10-01T12:14:32.428+00:00 host_mono_ns=2615891619080519 PHASE0 event=refresh-exit thread=0x4c7fd64 fd=-1 eintr_count=0 default=0x9beb8 object=0x9beb8 ip=0x060012ac canary=0x5917d272 fallback_entries=0 canary_addr=0x9bf3c default_addr=0x9beb4 ip_addr=0x9bebc
host_utc=2026-10-01T12:14:33.429+00:00 host_mono_ns=2615892619794567 PHASE0 event=refresh-entry thread=0x4c7fd64 fd=-1 eintr_count=0 default=0x9beb8 object=0x9beb8 ip=0x060012ac canary=0x5917d272 fallback_entries=0 canary_addr=0x9bf3c default_addr=0x9beb4 ip_addr=0x9bebc
host_utc=2026-10-01T12:14:33.429+00:00 host_mono_ns=2615892619918041 PHASE0 event=refresh-exit thread=0x4c7fd64 fd=-1 eintr_count=0 default=0x9beb8 object=0x9beb8 ip=0x060012ac canary=0x5917d272 fallback_entries=0 canary_addr=0x9bf3c default_addr=0x9beb4 ip_addr=0x9bebc
host_utc=2026-10-01T12:14:34.430+00:00 host_mono_ns=2615893620837814 PHASE0 event=refresh-entry thread=0x4c7fd64 fd=-1 eintr_count=0 default=0x9beb8 object=0x9beb8 ip=0x060012ac canary=0x5917d272 fallback_entries=0 canary_addr=0x9bf3c default_addr=0x9beb4 ip_addr=0x9bebc
host_utc=2026-10-01T12:14:34.430+00:00 host_mono_ns=2615893620912024 PHASE0 event=refresh-exit thread=0x4c7fd64 fd=-1 eintr_count=0 default=0x9beb8 object=0x9beb8 ip=0x060012ac canary=0x5917d272 fallback_entries=0 canary_addr=0x9bf3c default_addr=0x9beb4 ip_addr=0x9bebc
host_utc=2026-10-01T12:14:34.431+00:00 host_mono_ns=2615893621508741 0 msg_sn_low: 37
host_utc=2026-10-01T12:14:34.431+00:00 host_mono_ns=2615893621602227 subscribed msg: 'Hello from mros2-posix onto Linux: 58'
host_utc=2026-10-01T12:14:34.431+00:00 host_mono_ns=2615893621629068 publishing msg: 'Hello from mros2-posix onto Linux: 59'
host_utc=2026-10-01T12:14:34.431+00:00 host_mono_ns=2615893621645449 LOG_DEBUG : 00000064.101 : [MROS2LIB] message get [callback_handler] msg_sn_high: 0 msg_sn_low: 38
host_utc=2026-10-01T12:14:34.431+00:00 host_mono_ns=2615893621660377 subscribed msg: 'Hello from mros2-posix onto Linux: 59'
host_utc=2026-10-01T12:14:34.431+00:00 host_mono_ns=2615893621674965 publishing msg: 'Hello from mros2-posix onto Linux: 60'
host_utc=2026-10-01T12:14:34.431+00:00 host_mono_ns=2615893621688861 LOG_DEBUG : 00000065.101 : [MROS2LIB] message get [callback_handler] msg_sn_high: 0 msg_sn_low: 39
host_utc=2026-10-01T12:14:34.431+00:00 host_mono_ns=2615893621702136 subscribed msg: 'Hello from mros2-posix onto Linux: 60'
host_utc=2026-10-01T12:14:34.431+00:00 host_mono_ns=2615893621716132 publishing msg: 'Hello from mros2-posix onto Linux: 61'
host_utc=2026-10-01T12:14:34.431+00:00 host_mono_ns=2615893621747432 LOG_DEBUG : 00000066.102 : [MROS2LIB] message get [callback_handler] msg_sn_high: 0 msg_sn_low: 3a
host_utc=2026-10-01T12:14:34.431+00:00 host_mono_ns=2615893621758663 subscribed msg: 'Hello from mros2-posix onto Linux: 61'
host_utc=2026-10-01T12:14:34.431+00:00 host_mono_ns=2615893621770886 publishing msg: 'Hello from mros2-posix onto Linux: 62'
host_utc=2026-10-01T12:14:34.431+00:00 host_mono_ns=2615893621782488 LOG_DEBUG : 00000067.104 : [MROS2LIB] message get [callback_handler] msg_sn_high: 0 msg_sn_low: 3b
host_utc=2026-10-01T12:14:34.431+00:00 host_mono_ns=2615893621793378 subscribed msg: 'Hello from mros2-posix onto Linux: 62'
host_utc=2026-10-01T12:14:34.431+00:00 host_mono_ns=2615893621805682 publishing msg: 'Hello from mros2-posix onto Linux: 63'
host_utc=2026-10-01T12:14:34.818+00:00 host_mono_ns=2615894009092743 LOG_DEBUG : 00000068.104 : [MROS2LIB] message get [callback_handler] msg_sn_high:
host_utc=2026-10-01T12:14:34.819+00:00 host_mono_ns=2615894009209413 event=collector_process_exit source=restore exit_status=143
