Type: std_msgs/msg/String

Publisher count: 0

Subscription count: 1

Node name: mros2_echoreply_node
Node namespace: /
Topic type: std_msgs/msg/String
Endpoint type: SUBSCRIPTION
GID: 01.0f.06.41.a6.00.ff.ff.00.00.00.00.00.00.13.04.00.00.00.00.00.00.00.00
QoS profile:
  Reliability: BEST_EFFORT
  History (Depth): UNKNOWN
  Durability: VOLATILE
  Lifespan: Infinite
  Deadline: Infinite
  Liveliness: AUTOMATIC
  Liveliness lease duration: Infinite

Type: std_msgs/msg/String

Publisher count: 1

Node name: mros2_echoreply_node
Node namespace: /
Topic type: std_msgs/msg/String
Endpoint type: PUBLISHER
GID: 01.0f.06.41.a6.00.ff.ff.00.00.00.00.00.00.12.03.00.00.00.00.00.00.00.00
QoS profile:
  Reliability: RELIABLE
  History (Depth): UNKNOWN
  Durability: VOLATILE
  Lifespan: Infinite
  Deadline: Infinite
  Liveliness: AUTOMATIC
  Liveliness lease duration: Infinite

Subscription count: 0

