host_utc=2026-10-04T04:20:10.358+00:00 host_mono_ns=2846629548209625 boot_start, 2846629547947650
host_utc=2026-10-04T04:20:10.593+00:00 host_mono_ns=2846629783899293 11 stderr
host_utc=2026-10-04T04:20:10.593+00:00 host_mono_ns=2846629783944689 22 stderr
host_utc=2026-10-04T04:20:10.593+00:00 host_mono_ns=2846629783952323 signal init: 127486538159680
host_utc=2026-10-04T04:20:10.593+00:00 host_mono_ns=2846629783958966 initします
host_utc=2026-10-04T04:20:10.594+00:00 host_mono_ns=2846629784732106 boot_end, 2846629784612771
host_utc=2026-10-04T04:20:10.594+00:00 host_mono_ns=2846629785038986 3 stderr
host_utc=2026-10-04T04:20:10.595+00:00 host_mono_ns=2846629785471322 initします
host_utc=2026-10-04T04:20:10.596+00:00 host_mono_ns=2846629786417259 boot_end, 2846629786246016
host_utc=2026-10-04T04:20:10.596+00:00 host_mono_ns=2846629786511978 [22:43:49:085 - 73F2C5F5C840]: Load type section success.
host_utc=2026-10-04T04:20:10.596+00:00 host_mono_ns=2846629786521816 
host_utc=2026-10-04T04:20:10.596+00:00 host_mono_ns=2846629786528589 [22:43:49:111 - 73F2C5F5C840]: Load import section success.
host_utc=2026-10-04T04:20:10.596+00:00 host_mono_ns=2846629786535011 
host_utc=2026-10-04T04:20:10.596+00:00 host_mono_ns=2846629786540802 [22:43:49:425 - 73F2C5F5C840]: Load function section success.
host_utc=2026-10-04T04:20:10.596+00:00 host_mono_ns=2846629786546603 
host_utc=2026-10-04T04:20:10.596+00:00 host_mono_ns=2846629786552184 [22:43:49:426 - 73F2C5F5C840]: Load table section success.
host_utc=2026-10-04T04:20:10.596+00:00 host_mono_ns=2846629786558005 
host_utc=2026-10-04T04:20:10.596+00:00 host_mono_ns=2846629786563615 [22:43:49:428 - 73F2C5F5C840]: Load global section success.
host_utc=2026-10-04T04:20:10.596+00:00 host_mono_ns=2846629786569366 
host_utc=2026-10-04T04:20:10.596+00:00 host_mono_ns=2846629786574877 [22:43:49:430 - 73F2C5F5C840]: Load export section success.
host_utc=2026-10-04T04:20:10.596+00:00 host_mono_ns=2846629786580567 
host_utc=2026-10-04T04:20:10.596+00:00 host_mono_ns=2846629786586038 [22:43:49:430 - 73F2C5F5C840]: Load start section success.
host_utc=2026-10-04T04:20:10.596+00:00 host_mono_ns=2846629786591718 
host_utc=2026-10-04T04:20:10.596+00:00 host_mono_ns=2846629786597229 [22:43:49:436 - 73F2C5F5C840]: Load table segment section success.
host_utc=2026-10-04T04:20:10.596+00:00 host_mono_ns=2846629786603240 
host_utc=2026-10-04T04:20:10.596+00:00 host_mono_ns=2846629786608680 [22:43:49:437 - 73F2C5F5C840]: Load datacount section success.
host_utc=2026-10-04T04:20:10.596+00:00 host_mono_ns=2846629786614411 
host_utc=2026-10-04T04:20:10.596+00:00 host_mono_ns=2846629786619852 [22:43:49:438 - 73F2C5F5C840]: Load code segment section success.
host_utc=2026-10-04T04:20:10.596+00:00 host_mono_ns=2846629786625592 
host_utc=2026-10-04T04:20:10.596+00:00 host_mono_ns=2846629786631033 [22:43:49:438 - 73F2C5F5C840]: Load data segment section success.
host_utc=2026-10-04T04:20:10.596+00:00 host_mono_ns=2846629786636653 
host_utc=2026-10-04T04:20:10.596+00:00 host_mono_ns=2846629786642324 [22:43:49:439 - 73F2C5F5C840]: Ignore custom section [.debug_abbrev].
host_utc=2026-10-04T04:20:10.596+00:00 host_mono_ns=2846629786648355 [22:43:49:440 - 73F2C5F5C840]: Ignore custom section [.debug_info].
host_utc=2026-10-04T04:20:10.596+00:00 host_mono_ns=2846629786654627 [22:43:49:441 - 73F2C5F5C840]: Ignore custom section [.debug_ranges].
host_utc=2026-10-04T04:20:10.596+00:00 host_mono_ns=2846629786661851 [22:43:49:441 - 73F2C5F5C840]: Ignore custom section [.debug_str].
host_utc=2026-10-04T04:20:10.596+00:00 host_mono_ns=2846629786668063 [22:43:49:442 - 73F2C5F5C840]: Ignore custom section [.debug_line].
host_utc=2026-10-04T04:20:10.596+00:00 host_mono_ns=2846629786674485 [22:43:49:442 - 73F2C5F5C840]: Ignore custom section [.debug_loc].
host_utc=2026-10-04T04:20:10.596+00:00 host_mono_ns=2846629786681498 [22:43:49:443 - 73F2C5F5C840]: Ignore custom section [name].
host_utc=2026-10-04T04:20:10.596+00:00 host_mono_ns=2846629786687620 [22:43:49:443 - 73F2C5F5C840]: Ignore custom section [producers].
host_utc=2026-10-04T04:20:10.596+00:00 host_mono_ns=2846629786693350 [22:43:49:444 - 73F2C5F5C840]: Ignore custom section [target_features].
host_utc=2026-10-04T04:20:10.596+00:00 host_mono_ns=2846629786711094 [22:43:49:445 - 73F2C5F5C840]: Found aux __heap_base global, value: 7855136
host_utc=2026-10-04T04:20:10.596+00:00 host_mono_ns=2846629786717306 [22:43:49:445 - 73F2C5F5C840]: Found aux __data_end global, value: 1301524
host_utc=2026-10-04T04:20:10.596+00:00 host_mono_ns=2846629786723177 [22:43:49:446 - 73F2C5F5C840]: Found aux stack top global, value: 7855136, global index: 0, stack size: 6553600
host_utc=2026-10-04T04:20:10.596+00:00 host_mono_ns=2846629786729649 [22:43:49:447 - 73F2C5F5C840]: Found malloc function, name: malloc, index: 3154
host_utc=2026-10-04T04:20:10.596+00:00 host_mono_ns=2846629786736021 [22:43:49:448 - 73F2C5F5C840]: Found free function, name: free, index: 3156
host_utc=2026-10-04T04:20:10.596+00:00 host_mono_ns=2846629786741922 [22:43:49:407 - 73F2C5F5C840]: Load module success.
host_utc=2026-10-04T04:20:10.596+00:00 host_mono_ns=2846629786748715 
host_utc=2026-10-04T04:20:10.596+00:00 host_mono_ns=2846629786756229 [22:43:49:418 - 73F2C5F5C840]: Memory instantiate:
host_utc=2026-10-04T04:20:10.596+00:00 host_mono_ns=2846629786763553 [22:43:49:418 - 73F2C5F5C840]:   page bytes: 65536, init pages: 16384, max pages: 16384
host_utc=2026-10-04T04:20:10.596+00:00 host_mono_ns=2846629786769705 [22:43:49:419 - 73F2C5F5C840]:   heap offset: 1073741824, heap size: 0
host_utc=2026-10-04T04:20:10.596+00:00 host_mono_ns=2846629786775586 
host_utc=2026-10-04T04:20:10.596+00:00 host_mono_ns=2846629786781046 [22:43:49:445 - 73F2C5F5C840]: Memory instantiate success.
host_utc=2026-10-04T04:20:10.596+00:00 host_mono_ns=2846629786786677 [22:43:49:567 - 73F2C5F5C840]: warning: failed to link import function (env, pthread_exit)
host_utc=2026-10-04T04:20:10.596+00:00 host_mono_ns=2846629786792387 Restoring wasm thread 11
host_utc=2026-10-04T04:20:10.596+00:00 host_mono_ns=2846629786798168 [22:43:49:753 - 73F2C5F5C840]: warning: failed to link import function (env, pthread_exit)
host_utc=2026-10-04T04:20:10.596+00:00 host_mono_ns=2846629786803829 thread 11 restore
host_utc=2026-10-04T04:20:10.596+00:00 host_mono_ns=2846629786809710 Restoring wasm thread 10
host_utc=2026-10-04T04:20:10.596+00:00 host_mono_ns=2846629786815281 [2026-10-04 04:20:10.596] [info] wasm_restore_stack
host_utc=2026-10-04T04:20:10.596+00:00 host_mono_ns=2846629786820951 
host_utc=2026-10-04T04:20:10.596+00:00 host_mono_ns=2846629786826933 stack, 172035
host_utc=2026-10-04T04:20:10.596+00:00 host_mono_ns=2846629786832573 global, 16811
host_utc=2026-10-04T04:20:10.596+00:00 host_mono_ns=2846629786838184 program counter, 8306
host_utc=2026-10-04T04:20:10.596+00:00 host_mono_ns=2846629786847021 [22:43:49:319 - 73F2C5F5C840]: warning: failed to link import function (env, pthread_exit)
host_utc=2026-10-04T04:20:10.596+00:00 host_mono_ns=2846629786853052 thread 10 restore
host_utc=2026-10-04T04:20:10.596+00:00 host_mono_ns=2846629786858713 local_cell_num: 2
host_utc=2026-10-04T04:20:10.596+00:00 host_mono_ns=2846629786864323 locals.values.size: 2
host_utc=2026-10-04T04:20:10.596+00:00 host_mono_ns=2846629786869904 [2026-10-04 04:20:10.596] [info] restore label stack
host_utc=2026-10-04T04:20:10.596+00:00 host_mono_ns=2846629786875605 local_cell_num: 8
host_utc=2026-10-04T04:20:10.596+00:00 host_mono_ns=2846629786881125 locals.values.size: 8
host_utc=2026-10-04T04:20:10.596+00:00 host_mono_ns=2846629786886705 [2026-10-04 04:20:10.596] [info] restore label stack
host_utc=2026-10-04T04:20:10.596+00:00 host_mono_ns=2846629786892306 local_cell_num: 14
host_utc=2026-10-04T04:20:10.596+00:00 host_mono_ns=2846629786897887 locals.values.size: 14
host_utc=2026-10-04T04:20:10.596+00:00 host_mono_ns=2846629786903587 [2026-10-04 04:20:10.596] [info] restore label stack
host_utc=2026-10-04T04:20:10.596+00:00 host_mono_ns=2846629786909188 local_cell_num: 45
host_utc=2026-10-04T04:20:10.596+00:00 host_mono_ns=2846629786914628 locals.values.size: 45
host_utc=2026-10-04T04:20:10.596+00:00 host_mono_ns=2846629786920179 [2026-10-04 04:20:10.596] [info] restore label stack
host_utc=2026-10-04T04:20:10.596+00:00 host_mono_ns=2846629786937111 local_cell_num: 19
host_utc=2026-10-04T04:20:10.596+00:00 host_mono_ns=2846629786942801 locals.values.size: 19
host_utc=2026-10-04T04:20:10.596+00:00 host_mono_ns=2846629786948362 [2026-10-04 04:20:10.596] [info] restore label stack
host_utc=2026-10-04T04:20:10.596+00:00 host_mono_ns=2846629786953972 local_cell_num: 63
host_utc=2026-10-04T04:20:10.596+00:00 host_mono_ns=2846629786959463 locals.values.size: 63
host_utc=2026-10-04T04:20:10.596+00:00 host_mono_ns=2846629786964963 [2026-10-04 04:20:10.596] [info] restore label stack
host_utc=2026-10-04T04:20:10.596+00:00 host_mono_ns=2846629786970514 local_cell_num: 9
host_utc=2026-10-04T04:20:10.596+00:00 host_mono_ns=2846629786976074 locals.values.size: 9
host_utc=2026-10-04T04:20:10.596+00:00 host_mono_ns=2846629786981595 [2026-10-04 04:20:10.596] [info] restore label stack
host_utc=2026-10-04T04:20:10.596+00:00 host_mono_ns=2846629786987135 local_cell_num: 9
host_utc=2026-10-04T04:20:10.596+00:00 host_mono_ns=2846629786992575 locals.values.size: 9
host_utc=2026-10-04T04:20:10.596+00:00 host_mono_ns=2846629786998126 [2026-10-04 04:20:10.596] [info] restore label stack
host_utc=2026-10-04T04:20:10.596+00:00 host_mono_ns=2846629787017142 local_cell_num: 6
host_utc=2026-10-04T04:20:10.596+00:00 host_mono_ns=2846629787025808 locals.values.size: 6
host_utc=2026-10-04T04:20:10.596+00:00 host_mono_ns=2846629787031459 [2026-10-04 04:20:10.596] [info] restore label stack
host_utc=2026-10-04T04:20:10.596+00:00 host_mono_ns=2846629787037200 [2026-10-04 04:20:10.596] [info] Finish to restore stack
host_utc=2026-10-04T04:20:10.596+00:00 host_mono_ns=2846629787043131 
host_utc=2026-10-04T04:20:10.596+00:00 host_mono_ns=2846629787052719 initします
host_utc=2026-10-04T04:20:10.598+00:00 host_mono_ns=2846629788360469 boot_end, 2846629788160111
host_utc=2026-10-04T04:20:10.598+00:00 host_mono_ns=2846629788422646 wasm_cluster_increase_checkpointing_counter called 1
host_utc=2026-10-04T04:20:10.598+00:00 host_mono_ns=2846629788444999 Restoring wasm thread 9
host_utc=2026-10-04T04:20:10.598+00:00 host_mono_ns=2846629788459696 wasm_cluster_increase_checkpointing_counter called 2
host_utc=2026-10-04T04:20:10.598+00:00 host_mono_ns=2846629788473192 wasm_cluster_increase_checkpointing_counter called 3
host_utc=2026-10-04T04:20:10.598+00:00 host_mono_ns=2846629788486116 [2026-10-04 04:20:10.598] [info] wasm_restore_stack
host_utc=2026-10-04T04:20:10.598+00:00 host_mono_ns=2846629788499281 
host_utc=2026-10-04T04:20:10.598+00:00 host_mono_ns=2846629788522285 stack, 161996
host_utc=2026-10-04T04:20:10.598+00:00 host_mono_ns=2846629788536431 global, 22983
host_utc=2026-10-04T04:20:10.598+00:00 host_mono_ns=2846629788548915 program counter, 13676
host_utc=2026-10-04T04:20:10.598+00:00 host_mono_ns=2846629788561949 [22:43:49:233 - 73F2C5F5C840]: warning: failed to link import function (env, pthread_exit)
host_utc=2026-10-04T04:20:10.598+00:00 host_mono_ns=2846629788575836 thread 9 restore
host_utc=2026-10-04T04:20:10.598+00:00 host_mono_ns=2846629788588740 local_cell_num: 2
host_utc=2026-10-04T04:20:10.598+00:00 host_mono_ns=2846629788601314 locals.values.size: 2
host_utc=2026-10-04T04:20:10.598+00:00 host_mono_ns=2846629788614098 [2026-10-04 04:20:10.598] [info] restore label stack
host_utc=2026-10-04T04:20:10.598+00:00 host_mono_ns=2846629788629096 local_cell_num: 8
host_utc=2026-10-04T04:20:10.598+00:00 host_mono_ns=2846629788642041 locals.values.size: 8
host_utc=2026-10-04T04:20:10.598+00:00 host_mono_ns=2846629788654454 [2026-10-04 04:20:10.598] [info] restore label stack
host_utc=2026-10-04T04:20:10.598+00:00 host_mono_ns=2846629788666908 local_cell_num: 14
host_utc=2026-10-04T04:20:10.598+00:00 host_mono_ns=2846629788679321 locals.values.size: 14
host_utc=2026-10-04T04:20:10.598+00:00 host_mono_ns=2846629788691825 [2026-10-04 04:20:10.598] [info] restore label stack
host_utc=2026-10-04T04:20:10.598+00:00 host_mono_ns=2846629788704238 local_cell_num: 15
host_utc=2026-10-04T04:20:10.598+00:00 host_mono_ns=2846629788734325 locals.values.size: 15
host_utc=2026-10-04T04:20:10.598+00:00 host_mono_ns=2846629788747109 [2026-10-04 04:20:10.598] [info] restore label stack
host_utc=2026-10-04T04:20:10.598+00:00 host_mono_ns=2846629788759553 local_cell_num: 37
host_utc=2026-10-04T04:20:10.598+00:00 host_mono_ns=2846629788771736 locals.values.size: 37
host_utc=2026-10-04T04:20:10.598+00:00 host_mono_ns=2846629788783959 [2026-10-04 04:20:10.598] [info] restore label stack
host_utc=2026-10-04T04:20:10.598+00:00 host_mono_ns=2846629788796272 local_cell_num: 25
host_utc=2026-10-04T04:20:10.598+00:00 host_mono_ns=2846629788808485 locals.values.size: 25
host_utc=2026-10-04T04:20:10.598+00:00 host_mono_ns=2846629788820748 [2026-10-04 04:20:10.598] [info] restore label stack
host_utc=2026-10-04T04:20:10.598+00:00 host_mono_ns=2846629788833041 local_cell_num: 34
host_utc=2026-10-04T04:20:10.598+00:00 host_mono_ns=2846629788845295 locals.values.size: 34
host_utc=2026-10-04T04:20:10.598+00:00 host_mono_ns=2846629788857437 [2026-10-04 04:20:10.598] [info] restore label stack
host_utc=2026-10-04T04:20:10.598+00:00 host_mono_ns=2846629788869781 local_cell_num: 38
host_utc=2026-10-04T04:20:10.598+00:00 host_mono_ns=2846629788881934 locals.values.size: 38
host_utc=2026-10-04T04:20:10.598+00:00 host_mono_ns=2846629788894007 [2026-10-04 04:20:10.598] [info] restore label stack
host_utc=2026-10-04T04:20:10.598+00:00 host_mono_ns=2846629788906350 local_cell_num: 94
host_utc=2026-10-04T04:20:10.598+00:00 host_mono_ns=2846629788918523 locals.values.size: 94
host_utc=2026-10-04T04:20:10.598+00:00 host_mono_ns=2846629788930515 [2026-10-04 04:20:10.598] [info] restore label stack
host_utc=2026-10-04T04:20:10.598+00:00 host_mono_ns=2846629788942739 local_cell_num: 2
host_utc=2026-10-04T04:20:10.598+00:00 host_mono_ns=2846629788954781 locals.values.size: 2
host_utc=2026-10-04T04:20:10.598+00:00 host_mono_ns=2846629788967095 [2026-10-04 04:20:10.598] [info] restore label stack
host_utc=2026-10-04T04:20:10.598+00:00 host_mono_ns=2846629788979448 local_cell_num: 9
host_utc=2026-10-04T04:20:10.598+00:00 host_mono_ns=2846629788991651 locals.values.size: 9
host_utc=2026-10-04T04:20:10.598+00:00 host_mono_ns=2846629789045933 [2026-10-04 04:20:10.598] [info] restore label stack
host_utc=2026-10-04T04:20:10.598+00:00 host_mono_ns=2846629789070169 local_cell_num: 9
host_utc=2026-10-04T04:20:10.598+00:00 host_mono_ns=2846629789087001 locals.values.size: 9
host_utc=2026-10-04T04:20:10.598+00:00 host_mono_ns=2846629789103743 [2026-10-04 04:20:10.598] [info] restore label stack
host_utc=2026-10-04T04:20:10.598+00:00 host_mono_ns=2846629789120404 local_cell_num: 6
host_utc=2026-10-04T04:20:10.598+00:00 host_mono_ns=2846629789134571 locals.values.size: 6
host_utc=2026-10-04T04:20:10.598+00:00 host_mono_ns=2846629789147074 [2026-10-04 04:20:10.598] [info] restore label stack
host_utc=2026-10-04T04:20:10.598+00:00 host_mono_ns=2846629789159628 [2026-10-04 04:20:10.598] [info] Finish to restore stack
host_utc=2026-10-04T04:20:10.599+00:00 host_mono_ns=2846629789172392 
host_utc=2026-10-04T04:20:10.599+00:00 host_mono_ns=2846629789193863 initします
host_utc=2026-10-04T04:20:10.599+00:00 host_mono_ns=2846629789963857 boot_end, 2846629789793916
host_utc=2026-10-04T04:20:10.599+00:00 host_mono_ns=2846629790029381 wasm_cluster_increase_checkpointing_counter called 1
host_utc=2026-10-04T04:20:10.599+00:00 host_mono_ns=2846629790062433 Restoring wasm thread 8
host_utc=2026-10-04T04:20:10.599+00:00 host_mono_ns=2846629790075919 wasm_cluster_increase_checkpointing_counter called 2
host_utc=2026-10-04T04:20:10.599+00:00 host_mono_ns=2846629790088232 wasm_cluster_increase_checkpointing_counter called 3
host_utc=2026-10-04T04:20:10.599+00:00 host_mono_ns=2846629790099934 [2026-10-04 04:20:10.599] [info] wasm_restore_stack
host_utc=2026-10-04T04:20:10.599+00:00 host_mono_ns=2846629790111837 
host_utc=2026-10-04T04:20:10.599+00:00 host_mono_ns=2846629790123819 [22:43:49:865 - 73F2C5F5C840]: warning: failed to link import function (env, pthread_exit)
host_utc=2026-10-04T04:20:10.599+00:00 host_mono_ns=2846629790152504 thread 8 restore
host_utc=2026-10-04T04:20:10.599+00:00 host_mono_ns=2846629790164466 local_cell_num: 2
host_utc=2026-10-04T04:20:10.600+00:00 host_mono_ns=2846629790175828 locals.values.size: 2
host_utc=2026-10-04T04:20:10.600+00:00 host_mono_ns=2846629790187480 [2026-10-04 04:20:10.599] [info] restore label stack
host_utc=2026-10-04T04:20:10.600+00:00 host_mono_ns=2846629790205594 stack, 143921
host_utc=2026-10-04T04:20:10.600+00:00 host_mono_ns=2846629790217466 global, 14457
host_utc=2026-10-04T04:20:10.600+00:00 host_mono_ns=2846629790228677 program counter, 7504
host_utc=2026-10-04T04:20:10.600+00:00 host_mono_ns=2846629790239748 local_cell_num: 8
host_utc=2026-10-04T04:20:10.600+00:00 host_mono_ns=2846629790250819 locals.values.size: 8
host_utc=2026-10-04T04:20:10.600+00:00 host_mono_ns=2846629790261880 [2026-10-04 04:20:10.599] [info] restore label stack
host_utc=2026-10-04T04:20:10.600+00:00 host_mono_ns=2846629790273111 local_cell_num: 14
host_utc=2026-10-04T04:20:10.600+00:00 host_mono_ns=2846629790283942 locals.values.size: 14
host_utc=2026-10-04T04:20:10.600+00:00 host_mono_ns=2846629790295343 [2026-10-04 04:20:10.599] [info] restore label stack
host_utc=2026-10-04T04:20:10.600+00:00 host_mono_ns=2846629790306394 local_cell_num: 15
host_utc=2026-10-04T04:20:10.600+00:00 host_mono_ns=2846629790317395 locals.values.size: 15
host_utc=2026-10-04T04:20:10.600+00:00 host_mono_ns=2846629790328266 [2026-10-04 04:20:10.599] [info] restore label stack
host_utc=2026-10-04T04:20:10.600+00:00 host_mono_ns=2846629790339377 local_cell_num: 27
host_utc=2026-10-04T04:20:10.600+00:00 host_mono_ns=2846629790350147 locals.values.size: 27
host_utc=2026-10-04T04:20:10.600+00:00 host_mono_ns=2846629790361098 [2026-10-04 04:20:10.599] [info] restore label stack
host_utc=2026-10-04T04:20:10.600+00:00 host_mono_ns=2846629790372088 local_cell_num: 25
host_utc=2026-10-04T04:20:10.600+00:00 host_mono_ns=2846629790383079 locals.values.size: 25
host_utc=2026-10-04T04:20:10.600+00:00 host_mono_ns=2846629790393960 [2026-10-04 04:20:10.599] [info] restore label stack
host_utc=2026-10-04T04:20:10.600+00:00 host_mono_ns=2846629790404960 local_cell_num: 34
host_utc=2026-10-04T04:20:10.600+00:00 host_mono_ns=2846629790415671 locals.values.size: 34
host_utc=2026-10-04T04:20:10.600+00:00 host_mono_ns=2846629790426581 [2026-10-04 04:20:10.599] [info] restore label stack
host_utc=2026-10-04T04:20:10.600+00:00 host_mono_ns=2846629790437562 local_cell_num: 38
host_utc=2026-10-04T04:20:10.600+00:00 host_mono_ns=2846629790448372 locals.values.size: 38
host_utc=2026-10-04T04:20:10.600+00:00 host_mono_ns=2846629790459253 [2026-10-04 04:20:10.599] [info] restore label stack
host_utc=2026-10-04T04:20:10.600+00:00 host_mono_ns=2846629790470254 local_cell_num: 94
host_utc=2026-10-04T04:20:10.600+00:00 host_mono_ns=2846629790481054 locals.values.size: 94
host_utc=2026-10-04T04:20:10.600+00:00 host_mono_ns=2846629790491945 [2026-10-04 04:20:10.599] [info] restore label stack
host_utc=2026-10-04T04:20:10.600+00:00 host_mono_ns=2846629790502895 local_cell_num: 2
host_utc=2026-10-04T04:20:10.600+00:00 host_mono_ns=2846629790513846 locals.values.size: 2
host_utc=2026-10-04T04:20:10.600+00:00 host_mono_ns=2846629790524697 [2026-10-04 04:20:10.599] [info] restore label stack
host_utc=2026-10-04T04:20:10.600+00:00 host_mono_ns=2846629790535717 local_cell_num: 9
host_utc=2026-10-04T04:20:10.600+00:00 host_mono_ns=2846629790546438 locals.values.size: 9
host_utc=2026-10-04T04:20:10.600+00:00 host_mono_ns=2846629790557368 [2026-10-04 04:20:10.599] [info] restore label stack
host_utc=2026-10-04T04:20:10.600+00:00 host_mono_ns=2846629790568209 local_cell_num: 9
host_utc=2026-10-04T04:20:10.600+00:00 host_mono_ns=2846629790579069 locals.values.size: 9
host_utc=2026-10-04T04:20:10.600+00:00 host_mono_ns=2846629790589970 [2026-10-04 04:20:10.599] [info] restore label stack
host_utc=2026-10-04T04:20:10.600+00:00 host_mono_ns=2846629790601071 local_cell_num: 6
host_utc=2026-10-04T04:20:10.600+00:00 host_mono_ns=2846629790611891 locals.values.size: 6
host_utc=2026-10-04T04:20:10.600+00:00 host_mono_ns=2846629790630617 [2026-10-04 04:20:10.599] [info] restore label stack
host_utc=2026-10-04T04:20:10.600+00:00 host_mono_ns=2846629790641898 [2026-10-04 04:20:10.599] [info] Finish to restore stack
host_utc=2026-10-04T04:20:10.600+00:00 host_mono_ns=2846629790653410 
host_utc=2026-10-04T04:20:10.600+00:00 host_mono_ns=2846629790670542 initします
host_utc=2026-10-04T04:20:10.600+00:00 host_mono_ns=2846629791111846 boot_end, 2846629790978714
host_utc=2026-10-04T04:20:10.600+00:00 host_mono_ns=2846629791152152 wasm_cluster_increase_checkpointing_counter called 1
host_utc=2026-10-04T04:20:10.600+00:00 host_mono_ns=2846629791167380 Restoring wasm thread 7
host_utc=2026-10-04T04:20:10.601+00:00 host_mono_ns=2846629791177510 wasm_cluster_increase_checkpointing_counter called 2
host_utc=2026-10-04T04:20:10.601+00:00 host_mono_ns=2846629791186446 wasm_cluster_increase_checkpointing_counter called 3
host_utc=2026-10-04T04:20:10.601+00:00 host_mono_ns=2846629791195213 [2026-10-04 04:20:10.600] [info] wasm_restore_stack
host_utc=2026-10-04T04:20:10.601+00:00 host_mono_ns=2846629791203990 
host_utc=2026-10-04T04:20:10.601+00:00 host_mono_ns=2846629791217946 stack, 113885
host_utc=2026-10-04T04:20:10.601+00:00 host_mono_ns=2846629791227304 global, 15539
host_utc=2026-10-04T04:20:10.601+00:00 host_mono_ns=2846629791235780 program counter, 9248
host_utc=2026-10-04T04:20:10.601+00:00 host_mono_ns=2846629791244035 local_cell_num: 2
host_utc=2026-10-04T04:20:10.601+00:00 host_mono_ns=2846629791252501 locals.values.size: 2
host_utc=2026-10-04T04:20:10.601+00:00 host_mono_ns=2846629791260867 [2026-10-04 04:20:10.600] [info] restore label stack
host_utc=2026-10-04T04:20:10.601+00:00 host_mono_ns=2846629791269593 local_cell_num: 8
host_utc=2026-10-04T04:20:10.601+00:00 host_mono_ns=2846629791277769 locals.values.size: 8
host_utc=2026-10-04T04:20:10.601+00:00 host_mono_ns=2846629791286085 [2026-10-04 04:20:10.600] [info] restore label stack
host_utc=2026-10-04T04:20:10.601+00:00 host_mono_ns=2846629791294460 local_cell_num: 25
host_utc=2026-10-04T04:20:10.601+00:00 host_mono_ns=2846629791302786 locals.values.size: 25
host_utc=2026-10-04T04:20:10.601+00:00 host_mono_ns=2846629791311272 [2026-10-04 04:20:10.600] [info] restore label stack
host_utc=2026-10-04T04:20:10.601+00:00 host_mono_ns=2846629791319608 local_cell_num: 10
host_utc=2026-10-04T04:20:10.601+00:00 host_mono_ns=2846629791327823 locals.values.size: 10
host_utc=2026-10-04T04:20:10.601+00:00 host_mono_ns=2846629791336139 [2026-10-04 04:20:10.600] [info] restore label stack
host_utc=2026-10-04T04:20:10.601+00:00 host_mono_ns=2846629791344315 local_cell_num: 22
host_utc=2026-10-04T04:20:10.601+00:00 host_mono_ns=2846629791352570 locals.values.size: 22
host_utc=2026-10-04T04:20:10.601+00:00 host_mono_ns=2846629791360796 [2026-10-04 04:20:10.600] [info] restore label stack
host_utc=2026-10-04T04:20:10.601+00:00 host_mono_ns=2846629791369091 local_cell_num: 62
host_utc=2026-10-04T04:20:10.601+00:00 host_mono_ns=2846629791377177 locals.values.size: 62
host_utc=2026-10-04T04:20:10.601+00:00 host_mono_ns=2846629791385432 [2026-10-04 04:20:10.600] [info] restore label stack
host_utc=2026-10-04T04:20:10.601+00:00 host_mono_ns=2846629791394990 [22:43:49:077 - 73F2C5F5C840]: local_cell_num: 18
host_utc=2026-10-04T04:20:10.601+00:00 host_mono_ns=2846629791406602 warning: failed to link import function (env, pthread_exit)locals.values.size: 18
host_utc=2026-10-04T04:20:10.601+00:00 host_mono_ns=2846629791417453 
host_utc=2026-10-04T04:20:10.601+00:00 host_mono_ns=2846629791426329 [2026-10-04 04:20:10.600] [info] restore label stack
host_utc=2026-10-04T04:20:10.601+00:00 host_mono_ns=2846629791434805 local_cell_num: 21
host_utc=2026-10-04T04:20:10.601+00:00 host_mono_ns=2846629791443121 locals.values.size: 21
host_utc=2026-10-04T04:20:10.601+00:00 host_mono_ns=2846629791451457 [2026-10-04 04:20:10.600] [info] restore label stack
host_utc=2026-10-04T04:20:10.601+00:00 host_mono_ns=2846629791459833 local_cell_num: 10
host_utc=2026-10-04T04:20:10.601+00:00 host_mono_ns=2846629791477546 locals.values.size: 10
host_utc=2026-10-04T04:20:10.601+00:00 host_mono_ns=2846629791486042 [2026-10-04 04:20:10.600] [info] restore label stack
host_utc=2026-10-04T04:20:10.601+00:00 host_mono_ns=2846629791494458 local_cell_num: 2
host_utc=2026-10-04T04:20:10.601+00:00 host_mono_ns=2846629791502834 locals.values.size: 2
host_utc=2026-10-04T04:20:10.601+00:00 host_mono_ns=2846629791511130 [2026-10-04 04:20:10.600] [info] restore label stack
host_utc=2026-10-04T04:20:10.601+00:00 host_mono_ns=2846629791519385 local_cell_num: 9
host_utc=2026-10-04T04:20:10.601+00:00 host_mono_ns=2846629791527581 locals.values.size: 9
host_utc=2026-10-04T04:20:10.601+00:00 host_mono_ns=2846629791535926 [2026-10-04 04:20:10.600] [info] restore label stack
host_utc=2026-10-04T04:20:10.601+00:00 host_mono_ns=2846629791544272 local_cell_num: 9
host_utc=2026-10-04T04:20:10.601+00:00 host_mono_ns=2846629791552508 locals.values.size: 9
host_utc=2026-10-04T04:20:10.601+00:00 host_mono_ns=2846629791560713 [2026-10-04 04:20:10.600] [info] restore label stack
host_utc=2026-10-04T04:20:10.601+00:00 host_mono_ns=2846629791569019 local_cell_num: 6
host_utc=2026-10-04T04:20:10.601+00:00 host_mono_ns=2846629791577204 locals.values.size: 6
host_utc=2026-10-04T04:20:10.601+00:00 host_mono_ns=2846629791585580 [2026-10-04 04:20:10.600] [info] restore label stack
host_utc=2026-10-04T04:20:10.601+00:00 host_mono_ns=2846629791593866 thread 7 restore
host_utc=2026-10-04T04:20:10.601+00:00 host_mono_ns=2846629791602352 [2026-10-04 04:20:10.600] [info] Finish to restore stack
host_utc=2026-10-04T04:20:10.601+00:00 host_mono_ns=2846629791610778 
host_utc=2026-10-04T04:20:10.601+00:00 host_mono_ns=2846629791623872 initします
host_utc=2026-10-04T04:20:10.602+00:00 host_mono_ns=2846629792317482 boot_end, 2846629792198007
host_utc=2026-10-04T04:20:10.602+00:00 host_mono_ns=2846629792342410 wasm_cluster_increase_checkpointing_counter called 1
host_utc=2026-10-04T04:20:10.602+00:00 host_mono_ns=2846629792350595 Restoring wasm thread 6
host_utc=2026-10-04T04:20:10.602+00:00 host_mono_ns=2846629792357057 wasm_cluster_increase_checkpointing_counter called 2
host_utc=2026-10-04T04:20:10.602+00:00 host_mono_ns=2846629792363059 wasm_cluster_increase_checkpointing_counter called 3
host_utc=2026-10-04T04:20:10.602+00:00 host_mono_ns=2846629792370703 [2026-10-04 04:20:10.602] [info] wasm_restore_stack
host_utc=2026-10-04T04:20:10.602+00:00 host_mono_ns=2846629792378608 
host_utc=2026-10-04T04:20:10.602+00:00 host_mono_ns=2846629792387605 stack, 74851
host_utc=2026-10-04T04:20:10.602+00:00 host_mono_ns=2846629792393666 global, 16662
host_utc=2026-10-04T04:20:10.602+00:00 host_mono_ns=2846629792400319 program counter, 10129
host_utc=2026-10-04T04:20:10.602+00:00 host_mono_ns=2846629792429213 local_cell_num: 2
host_utc=2026-10-04T04:20:10.602+00:00 host_mono_ns=2846629792435856 locals.values.size: 2
host_utc=2026-10-04T04:20:10.602+00:00 host_mono_ns=2846629792441767 [2026-10-04 04:20:10.602] [info] restore label stack
host_utc=2026-10-04T04:20:10.602+00:00 host_mono_ns=2846629792447738 local_cell_num: 8
host_utc=2026-10-04T04:20:10.602+00:00 host_mono_ns=2846629792454131 locals.values.size: 8
host_utc=2026-10-04T04:20:10.602+00:00 host_mono_ns=2846629792459851 [2026-10-04 04:20:10.602] [info] restore label stack
host_utc=2026-10-04T04:20:10.602+00:00 host_mono_ns=2846629792465502 local_cell_num: 14
host_utc=2026-10-04T04:20:10.602+00:00 host_mono_ns=2846629792471093 locals.values.size: 14
host_utc=2026-10-04T04:20:10.602+00:00 host_mono_ns=2846629792476783 [2026-10-04 04:20:10.602] [info] restore label stack
host_utc=2026-10-04T04:20:10.602+00:00 host_mono_ns=2846629792482424 local_cell_num: 8
host_utc=2026-10-04T04:20:10.602+00:00 host_mono_ns=2846629792487995 locals.values.size: 8
host_utc=2026-10-04T04:20:10.602+00:00 host_mono_ns=2846629792493535 [2026-10-04 04:20:10.602] [info] restore label stack
host_utc=2026-10-04T04:20:10.602+00:00 host_mono_ns=2846629792499105 local_cell_num: 13
host_utc=2026-10-04T04:20:10.602+00:00 host_mono_ns=2846629792510727 locals.values.size: 13
host_utc=2026-10-04T04:20:10.602+00:00 host_mono_ns=2846629792516538 [2026-10-04 04:20:10.602] [info] restore label stack
host_utc=2026-10-04T04:20:10.602+00:00 host_mono_ns=2846629792522219 local_cell_num: 19
host_utc=2026-10-04T04:20:10.602+00:00 host_mono_ns=2846629792527770 locals.values.size: 19
host_utc=2026-10-04T04:20:10.602+00:00 host_mono_ns=2846629792533350 [2026-10-04 04:20:10.602] [info] restore label stack
host_utc=2026-10-04T04:20:10.602+00:00 host_mono_ns=2846629792538941 local_cell_num: 63
host_utc=2026-10-04T04:20:10.602+00:00 host_mono_ns=2846629792544501 locals.values.size: 63
host_utc=2026-10-04T04:20:10.602+00:00 host_mono_ns=2846629792549962 [2026-10-04 04:20:10.602] [info] restore label stack
host_utc=2026-10-04T04:20:10.602+00:00 host_mono_ns=2846629792555642 local_cell_num: 9
host_utc=2026-10-04T04:20:10.602+00:00 host_mono_ns=2846629792561173 locals.values.size: 9
host_utc=2026-10-04T04:20:10.602+00:00 host_mono_ns=2846629792566733 [2026-10-04 04:20:10.602] [info] restore label stack
host_utc=2026-10-04T04:20:10.602+00:00 host_mono_ns=2846629792572314 local_cell_num: 9
host_utc=2026-10-04T04:20:10.602+00:00 host_mono_ns=2846629792577854 locals.values.size: 9
host_utc=2026-10-04T04:20:10.602+00:00 host_mono_ns=2846629792583405 [2026-10-04 04:20:10.602] [info] restore label stack
host_utc=2026-10-04T04:20:10.602+00:00 host_mono_ns=2846629792589005 local_cell_num: 6
host_utc=2026-10-04T04:20:10.602+00:00 host_mono_ns=2846629792594526 locals.values.size: 6
host_utc=2026-10-04T04:20:10.602+00:00 host_mono_ns=2846629792600116 [2026-10-04 04:20:10.602] [info] restore label stack
host_utc=2026-10-04T04:20:10.602+00:00 host_mono_ns=2846629792605707 [2026-10-04 04:20:10.602] [info] Finish to restore stack
host_utc=2026-10-04T04:20:10.602+00:00 host_mono_ns=2846629792611548 
host_utc=2026-10-04T04:20:10.602+00:00 host_mono_ns=2846629792864045 initします
host_utc=2026-10-04T04:20:10.604+00:00 host_mono_ns=2846629794431455 boot_end, 2846629794341305
host_utc=2026-10-04T04:20:10.604+00:00 host_mono_ns=2846629794454759 [22:43:49:286 - 73F2C5F5C840]: warning: failed to link import function (env, pthread_exit)
host_utc=2026-10-04T04:20:10.604+00:00 host_mono_ns=2846629794469637 thread 6 restore
host_utc=2026-10-04T04:20:10.604+00:00 host_mono_ns=2846629794482622 wasm_cluster_increase_checkpointing_counter called 1
host_utc=2026-10-04T04:20:10.604+00:00 host_mono_ns=2846629794494734 Restoring wasm thread 5
host_utc=2026-10-04T04:20:10.604+00:00 host_mono_ns=2846629794507008 wasm_cluster_increase_checkpointing_counter called 2
host_utc=2026-10-04T04:20:10.604+00:00 host_mono_ns=2846629794519551 wasm_cluster_increase_checkpointing_counter called 3
host_utc=2026-10-04T04:20:10.604+00:00 host_mono_ns=2846629794531875 [2026-10-04 04:20:10.604] [info] wasm_restore_stack
host_utc=2026-10-04T04:20:10.604+00:00 host_mono_ns=2846629794542936 
host_utc=2026-10-04T04:20:10.604+00:00 host_mono_ns=2846629794560268 [22:43:49:417 - 73F2C5F5C840]: warning: failed to link import function (env, pthread_exit)
host_utc=2026-10-04T04:20:10.604+00:00 host_mono_ns=2846629794569826 thread 5 restore
host_utc=2026-10-04T04:20:10.604+00:00 host_mono_ns=2846629794578443 local_cell_num: 2
host_utc=2026-10-04T04:20:10.604+00:00 host_mono_ns=2846629794587049 locals.values.size: 2
host_utc=2026-10-04T04:20:10.604+00:00 host_mono_ns=2846629794595795 [2026-10-04 04:20:10.604] [info] restore label stack
host_utc=2026-10-04T04:20:10.604+00:00 host_mono_ns=2846629794604462 local_cell_num: 8
host_utc=2026-10-04T04:20:10.604+00:00 host_mono_ns=2846629794612828 locals.values.size: 8
host_utc=2026-10-04T04:20:10.604+00:00 host_mono_ns=2846629794623398 [2026-10-04 04:20:10.604] [info] restore label stack
host_utc=2026-10-04T04:20:10.604+00:00 host_mono_ns=2846629794634679 local_cell_num: 14
host_utc=2026-10-04T04:20:10.604+00:00 host_mono_ns=2846629794643275 locals.values.size: 14
host_utc=2026-10-04T04:20:10.604+00:00 host_mono_ns=2846629794651911 [2026-10-04 04:20:10.604] [info] restore label stack
host_utc=2026-10-04T04:20:10.604+00:00 host_mono_ns=2846629794670697 local_cell_num: 8
host_utc=2026-10-04T04:20:10.604+00:00 host_mono_ns=2846629794679894 locals.values.size: 8
host_utc=2026-10-04T04:20:10.604+00:00 host_mono_ns=2846629794688641 [2026-10-04 04:20:10.604] [info] restore label stack
host_utc=2026-10-04T04:20:10.604+00:00 host_mono_ns=2846629794697107 local_cell_num: 13
host_utc=2026-10-04T04:20:10.604+00:00 host_mono_ns=2846629794705422 locals.values.size: 13
host_utc=2026-10-04T04:20:10.604+00:00 host_mono_ns=2846629794714500 [2026-10-04 04:20:10.604] [info] restore label stack
host_utc=2026-10-04T04:20:10.604+00:00 host_mono_ns=2846629794725601 local_cell_num: 19
host_utc=2026-10-04T04:20:10.604+00:00 host_mono_ns=2846629794734928 locals.values.size: 19
host_utc=2026-10-04T04:20:10.604+00:00 host_mono_ns=2846629794743434 [2026-10-04 04:20:10.604] [info] restore label stack
host_utc=2026-10-04T04:20:10.604+00:00 host_mono_ns=2846629794751850 local_cell_num: 63
host_utc=2026-10-04T04:20:10.604+00:00 host_mono_ns=2846629794760176 locals.values.size: 63
host_utc=2026-10-04T04:20:10.604+00:00 host_mono_ns=2846629794768532 [2026-10-04 04:20:10.604] [info] restore label stack
host_utc=2026-10-04T04:20:10.604+00:00 host_mono_ns=2846629794776948 local_cell_num: 9
host_utc=2026-10-04T04:20:10.604+00:00 host_mono_ns=2846629794785193 locals.values.size: 9
host_utc=2026-10-04T04:20:10.604+00:00 host_mono_ns=2846629794793900 [2026-10-04 04:20:10.604] [info] restore label stack
host_utc=2026-10-04T04:20:10.604+00:00 host_mono_ns=2846629794805261 local_cell_num: 9
host_utc=2026-10-04T04:20:10.604+00:00 host_mono_ns=2846629794814458 locals.values.size: 9
host_utc=2026-10-04T04:20:10.604+00:00 host_mono_ns=2846629794822764 [2026-10-04 04:20:10.604] [info] restore label stack
host_utc=2026-10-04T04:20:10.604+00:00 host_mono_ns=2846629794831190 local_cell_num: 6
host_utc=2026-10-04T04:20:10.604+00:00 host_mono_ns=2846629794839446 locals.values.size: 6
host_utc=2026-10-04T04:20:10.604+00:00 host_mono_ns=2846629794847731 [2026-10-04 04:20:10.604] [info] restore label stack
host_utc=2026-10-04T04:20:10.604+00:00 host_mono_ns=2846629794856167 [2026-10-04 04:20:10.604] [info] Finish to restore stack
host_utc=2026-10-04T04:20:10.604+00:00 host_mono_ns=2846629794864834 
host_utc=2026-10-04T04:20:10.604+00:00 host_mono_ns=2846629794873911 stack, 113665
host_utc=2026-10-04T04:20:10.604+00:00 host_mono_ns=2846629794882357 global, 18344
host_utc=2026-10-04T04:20:10.604+00:00 host_mono_ns=2846629794890692 program counter, 12714
host_utc=2026-10-04T04:20:10.604+00:00 host_mono_ns=2846629794903988 initします
host_utc=2026-10-04T04:20:10.605+00:00 host_mono_ns=2846629795654836 boot_end, 2846629795559646
host_utc=2026-10-04T04:20:10.605+00:00 host_mono_ns=2846629795669123 wasm_cluster_increase_checkpointing_counter called 1
host_utc=2026-10-04T04:20:10.605+00:00 host_mono_ns=2846629795681446 Restoring wasm thread 4
host_utc=2026-10-04T04:20:10.605+00:00 host_mono_ns=2846629795691164 wasm_cluster_increase_checkpointing_counter called 2
host_utc=2026-10-04T04:20:10.605+00:00 host_mono_ns=2846629795699821 wasm_cluster_increase_checkpointing_counter called 3
host_utc=2026-10-04T04:20:10.605+00:00 host_mono_ns=2846629795708327 [2026-10-04 04:20:10.605] [info] wasm_restore_stack
host_utc=2026-10-04T04:20:10.605+00:00 host_mono_ns=2846629795716973 
host_utc=2026-10-04T04:20:10.605+00:00 host_mono_ns=2846629795729637 local_cell_num: 2
host_utc=2026-10-04T04:20:10.605+00:00 host_mono_ns=2846629795738263 locals.values.size: 2
host_utc=2026-10-04T04:20:10.605+00:00 host_mono_ns=2846629795746619 [2026-10-04 04:20:10.605] [info] restore label stack
host_utc=2026-10-04T04:20:10.605+00:00 host_mono_ns=2846629795757369 local_cell_num: 8
host_utc=2026-10-04T04:20:10.605+00:00 host_mono_ns=2846629795767779 locals.values.size: 8
host_utc=2026-10-04T04:20:10.605+00:00 host_mono_ns=2846629795776265 [2026-10-04 04:20:10.605] [info] restore label stack
host_utc=2026-10-04T04:20:10.605+00:00 host_mono_ns=2846629795784581 local_cell_num: 14
host_utc=2026-10-04T04:20:10.605+00:00 host_mono_ns=2846629795799659 locals.values.size: 14
host_utc=2026-10-04T04:20:10.605+00:00 host_mono_ns=2846629795808015 [2026-10-04 04:20:10.605] [info] restore label stack
host_utc=2026-10-04T04:20:10.605+00:00 host_mono_ns=2846629795816381 local_cell_num: 215
host_utc=2026-10-04T04:20:10.605+00:00 host_mono_ns=2846629795824576 locals.values.size: 215
host_utc=2026-10-04T04:20:10.605+00:00 host_mono_ns=2846629795832962 [2026-10-04 04:20:10.605] [info] restore label stack
host_utc=2026-10-04T04:20:10.605+00:00 host_mono_ns=2846629795842300 local_cell_num: 77
host_utc=2026-10-04T04:20:10.605+00:00 host_mono_ns=2846629795850656 locals.values.size: 77
host_utc=2026-10-04T04:20:10.605+00:00 host_mono_ns=2846629795858851 [2026-10-04 04:20:10.605] [info] restore label stack
host_utc=2026-10-04T04:20:10.605+00:00 host_mono_ns=2846629795867097 local_cell_num: 22
host_utc=2026-10-04T04:20:10.605+00:00 host_mono_ns=2846629795875262 locals.values.size: 22
host_utc=2026-10-04T04:20:10.605+00:00 host_mono_ns=2846629795883548 [2026-10-04 04:20:10.605] [info] restore label stack
host_utc=2026-10-04T04:20:10.605+00:00 host_mono_ns=2846629795891894 [2026-10-04 04:20:10.605] [info] Finish to restore stack
host_utc=2026-10-04T04:20:10.605+00:00 host_mono_ns=2846629795900390 
host_utc=2026-10-04T04:20:10.605+00:00 host_mono_ns=2846629795909066 stack, 56036
host_utc=2026-10-04T04:20:10.605+00:00 host_mono_ns=2846629795917452 global, 11391
host_utc=2026-10-04T04:20:10.605+00:00 host_mono_ns=2846629795925938 program counter, 7053
host_utc=2026-10-04T04:20:10.605+00:00 host_mono_ns=2846629796027670 initします
host_utc=2026-10-04T04:20:10.606+00:00 host_mono_ns=2846629796906039 boot_end, 2846629796814366
host_utc=2026-10-04T04:20:10.606+00:00 host_mono_ns=2846629796919484 wasm_cluster_increase_checkpointing_counter called 1
host_utc=2026-10-04T04:20:10.606+00:00 host_mono_ns=2846629796930435 wasm_cluster_increase_checkpointing_counter called 2
host_utc=2026-10-04T04:20:10.606+00:00 host_mono_ns=2846629796941967 wasm_cluster_increase_checkpointing_counter called 3
host_utc=2026-10-04T04:20:10.606+00:00 host_mono_ns=2846629796950733 [22:43:49:650 - 73F2C5F5C840]: warning: failed to link import function (env, pthread_exit)
host_utc=2026-10-04T04:20:10.606+00:00 host_mono_ns=2846629796959490 thread 4 restore
host_utc=2026-10-04T04:20:10.606+00:00 host_mono_ns=2846629796967905 Restoring wasm thread 3
host_utc=2026-10-04T04:20:10.606+00:00 host_mono_ns=2846629796976432 [2026-10-04 04:20:10.606] [info] wasm_restore_stack
host_utc=2026-10-04T04:20:10.606+00:00 host_mono_ns=2846629796984928 
host_utc=2026-10-04T04:20:10.606+00:00 host_mono_ns=2846629796993203 local_cell_num: 2
host_utc=2026-10-04T04:20:10.606+00:00 host_mono_ns=2846629797013241 locals.values.size: 2
host_utc=2026-10-04T04:20:10.606+00:00 host_mono_ns=2846629797028660 [2026-10-04 04:20:10.606] [info] restore label stack
host_utc=2026-10-04T04:20:10.606+00:00 host_mono_ns=2846629797037787 local_cell_num: 8
host_utc=2026-10-04T04:20:10.606+00:00 host_mono_ns=2846629797046193 locals.values.size: 8
host_utc=2026-10-04T04:20:10.606+00:00 host_mono_ns=2846629797054509 [2026-10-04 04:20:10.606] [info] restore label stack
host_utc=2026-10-04T04:20:10.606+00:00 host_mono_ns=2846629797062915 local_cell_num: 14
host_utc=2026-10-04T04:20:10.606+00:00 host_mono_ns=2846629797071120 locals.values.size: 14
host_utc=2026-10-04T04:20:10.606+00:00 host_mono_ns=2846629797079416 [2026-10-04 04:20:10.606] [info] restore label stack
host_utc=2026-10-04T04:20:10.606+00:00 host_mono_ns=2846629797087792 local_cell_num: 215
host_utc=2026-10-04T04:20:10.606+00:00 host_mono_ns=2846629797096058 locals.values.size: 215
host_utc=2026-10-04T04:20:10.606+00:00 host_mono_ns=2846629797104373 [2026-10-04 04:20:10.606] [info] restore label stack
host_utc=2026-10-04T04:20:10.606+00:00 host_mono_ns=2846629797112679 local_cell_num: 77
host_utc=2026-10-04T04:20:10.606+00:00 host_mono_ns=2846629797120844 locals.values.size: 77
host_utc=2026-10-04T04:20:10.606+00:00 host_mono_ns=2846629797129250 [2026-10-04 04:20:10.606] [info] restore label stack
host_utc=2026-10-04T04:20:10.606+00:00 host_mono_ns=2846629797150921 stack, 55796
host_utc=2026-10-04T04:20:10.606+00:00 host_mono_ns=2846629797159748 local_cell_num: 22
host_utc=2026-10-04T04:20:10.607+00:00 host_mono_ns=2846629797168054 locals.values.size: 22
host_utc=2026-10-04T04:20:10.607+00:00 host_mono_ns=2846629797176329 [2026-10-04 04:20:10.606] [info] restore label stack
host_utc=2026-10-04T04:20:10.607+00:00 host_mono_ns=2846629797184815 [2026-10-04 04:20:10.606] [info] Finish to restore stack
host_utc=2026-10-04T04:20:10.607+00:00 host_mono_ns=2846629797193191 
host_utc=2026-10-04T04:20:10.607+00:00 host_mono_ns=2846629797201597 global, 11602
host_utc=2026-10-04T04:20:10.607+00:00 host_mono_ns=2846629797209913 program counter, 6913
host_utc=2026-10-04T04:20:10.607+00:00 host_mono_ns=2846629797402025 initします
host_utc=2026-10-04T04:20:10.608+00:00 host_mono_ns=2846629799062031 boot_end, 2846629798975908
host_utc=2026-10-04T04:20:10.608+00:00 host_mono_ns=2846629799075326 wasm_cluster_increase_checkpointing_counter called 1
host_utc=2026-10-04T04:20:10.608+00:00 host_mono_ns=2846629799084263 wasm_cluster_increase_checkpointing_counter called 2
host_utc=2026-10-04T04:20:10.608+00:00 host_mono_ns=2846629799092829 wasm_cluster_increase_checkpointing_counter called 3
host_utc=2026-10-04T04:20:10.608+00:00 host_mono_ns=2846629799101305 [22:43:49:902 - 73F2C5F5C840]: warning: failed to link import function (env, pthread_exit)
host_utc=2026-10-04T04:20:10.608+00:00 host_mono_ns=2846629799109901 thread 3 restore
host_utc=2026-10-04T04:20:10.608+00:00 host_mono_ns=2846629799118437 Restoring wasm thread 2
host_utc=2026-10-04T04:20:10.608+00:00 host_mono_ns=2846629799126913 [2026-10-04 04:20:10.608] [info] wasm_restore_stack
host_utc=2026-10-04T04:20:10.608+00:00 host_mono_ns=2846629799135519 
host_utc=2026-10-04T04:20:10.608+00:00 host_mono_ns=2846629799147372 local_cell_num: 2
host_utc=2026-10-04T04:20:10.608+00:00 host_mono_ns=2846629799156108 locals.values.size: 2
host_utc=2026-10-04T04:20:10.608+00:00 host_mono_ns=2846629799164745 [2026-10-04 04:20:10.608] [info] restore label stack
host_utc=2026-10-04T04:20:10.609+00:00 host_mono_ns=2846629799176076 local_cell_num: 8
host_utc=2026-10-04T04:20:10.609+00:00 host_mono_ns=2846629799186616 locals.values.size: 8
host_utc=2026-10-04T04:20:10.609+00:00 host_mono_ns=2846629799195072 [2026-10-04 04:20:10.608] [info] restore label stack
host_utc=2026-10-04T04:20:10.609+00:00 host_mono_ns=2846629799203428 local_cell_num: 14
host_utc=2026-10-04T04:20:10.609+00:00 host_mono_ns=2846629799211643 [22:43:49:063 - 73F2C5F5C840]: locals.values.size: 14
host_utc=2026-10-04T04:20:10.609+00:00 host_mono_ns=2846629799220129 warning: failed to link import function (env, pthread_exit)
host_utc=2026-10-04T04:20:10.609+00:00 host_mono_ns=2846629799228956 local_cell_num: 215
host_utc=2026-10-04T04:20:10.609+00:00 host_mono_ns=2846629799237161 locals.values.size: 215
host_utc=2026-10-04T04:20:10.609+00:00 host_mono_ns=2846629799245587 [2026-10-04 04:20:10.608] [info] restore label stack
host_utc=2026-10-04T04:20:10.609+00:00 host_mono_ns=2846629799254023 local_cell_num: 77
host_utc=2026-10-04T04:20:10.609+00:00 host_mono_ns=2846629799262249 locals.values.size: 77
host_utc=2026-10-04T04:20:10.609+00:00 host_mono_ns=2846629799270424 [2026-10-04 04:20:10.608] [info] restore label stack
host_utc=2026-10-04T04:20:10.609+00:00 host_mono_ns=2846629799278700 local_cell_num: 22
host_utc=2026-10-04T04:20:10.609+00:00 host_mono_ns=2846629799286815 locals.values.size: 22
host_utc=2026-10-04T04:20:10.609+00:00 host_mono_ns=2846629799295241 [2026-10-04 04:20:10.608] [info] restore label stack
host_utc=2026-10-04T04:20:10.609+00:00 host_mono_ns=2846629799303507 thread 2 restore
host_utc=2026-10-04T04:20:10.609+00:00 host_mono_ns=2846629799311822 [2026-10-04 04:20:10.608] [info] Finish to restore stack
host_utc=2026-10-04T04:20:10.609+00:00 host_mono_ns=2846629799320238 
host_utc=2026-10-04T04:20:10.609+00:00 host_mono_ns=2846629799328734 stack, 107944
host_utc=2026-10-04T04:20:10.609+00:00 host_mono_ns=2846629799347149 global, 22813
host_utc=2026-10-04T04:20:10.609+00:00 host_mono_ns=2846629799355675 program counter, 12724
host_utc=2026-10-04T04:20:10.609+00:00 host_mono_ns=2846629799436508 initします
host_utc=2026-10-04T04:20:10.610+00:00 host_mono_ns=2846629800350114 boot_end, 2846629800239795
host_utc=2026-10-04T04:20:10.610+00:00 host_mono_ns=2846629800363579 wasm_cluster_increase_checkpointing_counter called 1
host_utc=2026-10-04T04:20:10.610+00:00 host_mono_ns=2846629800374500 Restoring wasm thread 1
host_utc=2026-10-04T04:20:10.610+00:00 host_mono_ns=2846629800386011 wasm_cluster_increase_checkpointing_counter called 2
host_utc=2026-10-04T04:20:10.610+00:00 host_mono_ns=2846629800395389 wasm_cluster_increase_checkpointing_counter called 3
host_utc=2026-10-04T04:20:10.610+00:00 host_mono_ns=2846629800403915 [2026-10-04 04:20:10.610] [info] wasm_restore_stack
host_utc=2026-10-04T04:20:10.610+00:00 host_mono_ns=2846629800412451 
host_utc=2026-10-04T04:20:10.610+00:00 host_mono_ns=2846629800425195 stack, 55785
host_utc=2026-10-04T04:20:10.610+00:00 host_mono_ns=2846629800433731 global, 13355
host_utc=2026-10-04T04:20:10.610+00:00 host_mono_ns=2846629800442077 program counter, 8466
host_utc=2026-10-04T04:20:10.610+00:00 host_mono_ns=2846629800451164 local_cell_num: 2
host_utc=2026-10-04T04:20:10.610+00:00 host_mono_ns=2846629800462235 locals.values.size: 2
host_utc=2026-10-04T04:20:10.610+00:00 host_mono_ns=2846629800471353 [2026-10-04 04:20:10.610] [info] restore label stack
host_utc=2026-10-04T04:20:10.610+00:00 host_mono_ns=2846629800479758 local_cell_num: 8
host_utc=2026-10-04T04:20:10.610+00:00 host_mono_ns=2846629800487844 locals.values.size: 8
host_utc=2026-10-04T04:20:10.610+00:00 host_mono_ns=2846629800496009 [2026-10-04 04:20:10.610] [info] restore label stack
host_utc=2026-10-04T04:20:10.610+00:00 host_mono_ns=2846629800504335 local_cell_num: 14
host_utc=2026-10-04T04:20:10.610+00:00 host_mono_ns=2846629800512580 locals.values.size: 14
host_utc=2026-10-04T04:20:10.610+00:00 host_mono_ns=2846629800520916 [2026-10-04 04:20:10.610] [info] restore label stack
host_utc=2026-10-04T04:20:10.610+00:00 host_mono_ns=2846629800529292 local_cell_num: 215
host_utc=2026-10-04T04:20:10.610+00:00 host_mono_ns=2846629800537457 locals.values.size: 215
host_utc=2026-10-04T04:20:10.610+00:00 host_mono_ns=2846629800545693 [2026-10-04 04:20:10.610] [info] restore label stack
host_utc=2026-10-04T04:20:10.610+00:00 host_mono_ns=2846629800553999 local_cell_num: 77
host_utc=2026-10-04T04:20:10.610+00:00 host_mono_ns=2846629800562244 locals.values.size: 77
host_utc=2026-10-04T04:20:10.610+00:00 host_mono_ns=2846629800570490 [2026-10-04 04:20:10.610] [info] restore label stack
host_utc=2026-10-04T04:20:10.610+00:00 host_mono_ns=2846629800578896 local_cell_num: 22
host_utc=2026-10-04T04:20:10.610+00:00 host_mono_ns=2846629800587091 locals.values.size: 22
host_utc=2026-10-04T04:20:10.610+00:00 host_mono_ns=2846629800595407 [2026-10-04 04:20:10.610] [info] restore label stack
host_utc=2026-10-04T04:20:10.610+00:00 host_mono_ns=2846629800603783 [2026-10-04 04:20:10.610] [info] Finish to restore stack
host_utc=2026-10-04T04:20:10.610+00:00 host_mono_ns=2846629800612168 
host_utc=2026-10-04T04:20:10.610+00:00 host_mono_ns=2846629800830581 initします
host_utc=2026-10-04T04:20:10.610+00:00 host_mono_ns=2846629800846030 wasm_cluster_increase_checkpointing_counter called 1
host_utc=2026-10-04T04:20:10.610+00:00 host_mono_ns=2846629800858444 wasm_cluster_increase_checkpointing_counter called 2
host_utc=2026-10-04T04:20:10.610+00:00 host_mono_ns=2846629800868212 wasm_cluster_increase_checkpointing_counter called 3
host_utc=2026-10-04T04:20:10.610+00:00 host_mono_ns=2846629800876788 [22:43:49:328 - 73F2C5F5C840]: warning: failed to link import function (env, pthread_exit)
host_utc=2026-10-04T04:20:10.610+00:00 host_mono_ns=2846629800885435 thread 1 restore
host_utc=2026-10-04T04:20:10.610+00:00 host_mono_ns=2846629800893861 [2026-10-04 04:20:10.610] [info] wasm_restore_stack
host_utc=2026-10-04T04:20:10.610+00:00 host_mono_ns=2846629800953623 
host_utc=2026-10-04T04:20:10.610+00:00 host_mono_ns=2846629800966738 local_cell_num: 1
host_utc=2026-10-04T04:20:10.610+00:00 host_mono_ns=2846629800975104 locals.values.size: 1
host_utc=2026-10-04T04:20:10.610+00:00 host_mono_ns=2846629800983370 [2026-10-04 04:20:10.610] [info] restore label stack
host_utc=2026-10-04T04:20:10.610+00:00 host_mono_ns=2846629800991806 local_cell_num: 3
host_utc=2026-10-04T04:20:10.610+00:00 host_mono_ns=2846629801007185 locals.values.size: 3
host_utc=2026-10-04T04:20:10.610+00:00 host_mono_ns=2846629801020069 [2026-10-04 04:20:10.610] [info] restore label stack
host_utc=2026-10-04T04:20:10.610+00:00 host_mono_ns=2846629801028475 local_cell_num: 170
host_utc=2026-10-04T04:20:10.610+00:00 host_mono_ns=2846629801036821 locals.values.size: 170
host_utc=2026-10-04T04:20:10.610+00:00 host_mono_ns=2846629801045216 [2026-10-04 04:20:10.610] [info] restore label stack
host_utc=2026-10-04T04:20:10.612+00:00 host_mono_ns=2846629802255582 boot_end, 2846629802137840
host_utc=2026-10-04T04:20:10.612+00:00 host_mono_ns=2846629802268517 stack, 1440180
host_utc=2026-10-04T04:20:10.612+00:00 host_mono_ns=2846629802284958 local_cell_num: 19
host_utc=2026-10-04T04:20:10.612+00:00 host_mono_ns=2846629802297441 locals.values.size: 19
host_utc=2026-10-04T04:20:10.612+00:00 host_mono_ns=2846629802308933 [2026-10-04 04:20:10.611] [info] restore label stack
host_utc=2026-10-04T04:20:10.612+00:00 host_mono_ns=2846629802318170 local_cell_num: 63
host_utc=2026-10-04T04:20:10.612+00:00 host_mono_ns=2846629802326536 locals.values.size: 63
host_utc=2026-10-04T04:20:10.612+00:00 host_mono_ns=2846629802337046 [2026-10-04 04:20:10.611] [info] restore label stack
host_utc=2026-10-04T04:20:10.612+00:00 host_mono_ns=2846629802346905 local_cell_num: 9
host_utc=2026-10-04T04:20:10.612+00:00 host_mono_ns=2846629802357675 locals.values.size: 9
host_utc=2026-10-04T04:20:10.612+00:00 host_mono_ns=2846629802368606 [2026-10-04 04:20:10.611] [info] restore label stack
host_utc=2026-10-04T04:20:10.612+00:00 host_mono_ns=2846629802379095 local_cell_num: 9
host_utc=2026-10-04T04:20:10.612+00:00 host_mono_ns=2846629802390958 locals.values.size: 9
host_utc=2026-10-04T04:20:10.612+00:00 host_mono_ns=2846629802403291 [2026-10-04 04:20:10.611] [info] restore label stack
host_utc=2026-10-04T04:20:10.612+00:00 host_mono_ns=2846629802415895 local_cell_num: 6
host_utc=2026-10-04T04:20:10.612+00:00 host_mono_ns=2846629802427647 locals.values.size: 6
host_utc=2026-10-04T04:20:10.612+00:00 host_mono_ns=2846629802436835 [2026-10-04 04:20:10.611] [info] wasm_restore_stack
host_utc=2026-10-04T04:20:10.612+00:00 host_mono_ns=2846629802445291 
host_utc=2026-10-04T04:20:10.612+00:00 host_mono_ns=2846629802453686 [2026-10-04 04:20:10.611] [info] restore label stack
host_utc=2026-10-04T04:20:10.612+00:00 host_mono_ns=2846629802462192 [2026-10-04 04:20:10.612] [info] Finish to restore stack
host_utc=2026-10-04T04:20:10.612+00:00 host_mono_ns=2846629802471209 
host_utc=2026-10-04T04:20:10.612+00:00 host_mono_ns=2846629802485446 local_cell_num: 2
host_utc=2026-10-04T04:20:10.612+00:00 host_mono_ns=2846629802494063 locals.values.size: 2
host_utc=2026-10-04T04:20:10.612+00:00 host_mono_ns=2846629802502318 [2026-10-04 04:20:10.612] [info] restore label stack
host_utc=2026-10-04T04:20:10.612+00:00 host_mono_ns=2846629802510714 local_cell_num: 8
host_utc=2026-10-04T04:20:10.612+00:00 host_mono_ns=2846629802518970 locals.values.size: 8
host_utc=2026-10-04T04:20:10.612+00:00 host_mono_ns=2846629802527155 [2026-10-04 04:20:10.612] [info] restore label stack
host_utc=2026-10-04T04:20:10.612+00:00 host_mono_ns=2846629802535491 local_cell_num: 14
host_utc=2026-10-04T04:20:10.612+00:00 host_mono_ns=2846629802543676 locals.values.size: 14
host_utc=2026-10-04T04:20:10.612+00:00 host_mono_ns=2846629802551982 [2026-10-04 04:20:10.612] [info] restore label stack
host_utc=2026-10-04T04:20:10.612+00:00 host_mono_ns=2846629802560268 local_cell_num: 155
host_utc=2026-10-04T04:20:10.612+00:00 host_mono_ns=2846629802568563 locals.values.size: 155
host_utc=2026-10-04T04:20:10.612+00:00 host_mono_ns=2846629802583922 [2026-10-04 04:20:10.612] [info] restore label stack
host_utc=2026-10-04T04:20:10.612+00:00 host_mono_ns=2846629802592509 local_cell_num: 19
host_utc=2026-10-04T04:20:10.612+00:00 host_mono_ns=2846629802600804 locals.values.size: 19
host_utc=2026-10-04T04:20:10.612+00:00 host_mono_ns=2846629802609150 [2026-10-04 04:20:10.612] [info] restore label stack
host_utc=2026-10-04T04:20:10.612+00:00 host_mono_ns=2846629802617446 local_cell_num: 63
host_utc=2026-10-04T04:20:10.612+00:00 host_mono_ns=2846629802625641 locals.values.size: 63
host_utc=2026-10-04T04:20:10.612+00:00 host_mono_ns=2846629802633787 [2026-10-04 04:20:10.612] [info] restore label stack
host_utc=2026-10-04T04:20:10.612+00:00 host_mono_ns=2846629802642072 local_cell_num: 9
host_utc=2026-10-04T04:20:10.612+00:00 host_mono_ns=2846629802650238 locals.values.size: 9
host_utc=2026-10-04T04:20:10.612+00:00 host_mono_ns=2846629802658443 [2026-10-04 04:20:10.612] [info] restore label stack
host_utc=2026-10-04T04:20:10.612+00:00 host_mono_ns=2846629802666819 local_cell_num: 9
host_utc=2026-10-04T04:20:10.612+00:00 host_mono_ns=2846629802674944 locals.values.size: 9
host_utc=2026-10-04T04:20:10.612+00:00 host_mono_ns=2846629802683000 [2026-10-04 04:20:10.612] [info] restore label stack
host_utc=2026-10-04T04:20:10.612+00:00 host_mono_ns=2846629802691285 local_cell_num: 6
host_utc=2026-10-04T04:20:10.612+00:00 host_mono_ns=2846629802699431 locals.values.size: 6
host_utc=2026-10-04T04:20:10.612+00:00 host_mono_ns=2846629802707626 [2026-10-04 04:20:10.612] [info] restore label stack
host_utc=2026-10-04T04:20:10.612+00:00 host_mono_ns=2846629802716012 [2026-10-04 04:20:10.612] [info] Finish to restore stack
host_utc=2026-10-04T04:20:10.612+00:00 host_mono_ns=2846629802724438 
host_utc=2026-10-04T04:20:10.612+00:00 host_mono_ns=2846629802732653 stack, 91122
host_utc=2026-10-04T04:20:10.612+00:00 host_mono_ns=2846629802740899 global, 14978
host_utc=2026-10-04T04:20:10.612+00:00 host_mono_ns=2846629802749114 program counter, 7173
host_utc=2026-10-04T04:20:11.469+00:00 host_mono_ns=2846630660096276 memory, 857587807
host_utc=2026-10-04T04:20:11.469+00:00 host_mono_ns=2846630660168493 Restore: add_membership for fd 3 used destination default interface
host_utc=2026-10-04T04:20:11.470+00:00 host_mono_ns=2846630660189502 Restore: add_membership for fd 14 used destination default interface
host_utc=2026-10-04T04:20:11.470+00:00 host_mono_ns=2846630660216213 global, 12904
host_utc=2026-10-04T04:20:11.470+00:00 host_mono_ns=2846630660231101 program counter, 12744
host_utc=2026-10-04T04:20:13.473+00:00 host_mono_ns=2846632664036186 '
host_utc=2026-10-04T04:20:13.473+00:00 host_mono_ns=2846632664093734 LOG_ERROR : 00000018.249 : [CR-STATE] netif_refresh default=0x9bf18 self=0x9bf18 same=1 stored=0x030012ac probed=0x060012ac pending=0
host_utc=2026-10-04T04:20:13.473+00:00 host_mono_ns=2846632664111879 UDP_RECV_RECOVERY action=skip reason=EINTR fd=9netif_wasm: local ip changed to 0x060012ac
host_utc=2026-10-04T04:20:13.473+00:00 host_mono_ns=2846632664126246 
host_utc=2026-10-04T04:20:13.473+00:00 host_mono_ns=2846632664140022 LOG_ERROR : 00000018.249 : LOG_ERROR : 00000018.250 : UDP_RECV_RECOVERY action=skip reason=EINTR fd=12UDP_RECV_RECOVERY action=refresh status=1 reason=EINTR fd=14
host_utc=2026-10-04T04:20:13.473+00:00 host_mono_ns=2846632664154860 
host_utc=2026-10-04T04:20:13.473+00:00 host_mono_ns=2846632664167734 LOG_ERROR : 00000018.249 : UDP_RECV_RECOVERY action=skip reason=EINTR fd=3
host_utc=2026-10-04T04:20:13.474+00:00 host_mono_ns=2846632664180869 [CR-STATE] loop id=15 guest_before=0xa500000e host_before=0x00000000
host_utc=2026-10-04T04:20:13.474+00:00 host_mono_ns=2846632664194545 [CR-STATE] netif_refresh default=0x9bf18 self=0x9bf18 same=1 stored=0x060012ac probed=0x060012ac pending=1
host_utc=2026-10-04T04:20:13.474+00:00 host_mono_ns=2846632664208140 publishing msg: 'Hello from mros2-posix onto Linux: 15'
host_utc=2026-10-04T04:20:13.474+00:00 host_mono_ns=2846632664230743 [CR-STATE] armed id=15 value=0xa500000f
host_utc=2026-10-04T04:20:13.474+00:00 host_mono_ns=2846632664261862 [CR-STATE] loop id=16 guest_before=0xa500000f host_before=0xa500000f
host_utc=2026-10-04T04:20:13.474+00:00 host_mono_ns=2846632664273344 publishing msg: 'Hello from mros2-posix onto Linux: 16'
host_utc=2026-10-04T04:20:13.474+00:00 host_mono_ns=2846632664286679 [CR-STATE] netif_refresh default=0x9bf18 self=0x9bf18 same=1 stored=0x060012ac probed=0x060012ac pending=0
host_utc=2026-10-04T04:20:13.474+00:00 host_mono_ns=2846632664298371 [CR-STATE] armed id=16 value=0xa5000010
host_utc=2026-10-04T04:20:16.475+00:00 host_mono_ns=2846635665472757 LOG_DEBUG : 00000020.252 : [MROS2LIB] message get [callback_handler] msg_sn_high: 0 msg_sn_low: d
host_utc=2026-10-04T04:20:16.475+00:00 host_mono_ns=2846635665531729 subscribed msg: 'Hello from mros2-posix onto Linux: 16'
host_utc=2026-10-04T04:20:16.475+00:00 host_mono_ns=2846635665555083 [CR-STATE] loop id=17 guest_before=0xa5000010 host_before=0xa5000010
host_utc=2026-10-04T04:20:16.475+00:00 host_mono_ns=2846635665568278 [CR-STATE] netif_refresh default=0x9bf18 self=0x9bf18 same=1 stored=0x060012ac probed=0x060012ac pending=0
host_utc=2026-10-04T04:20:16.475+00:00 host_mono_ns=2846635665580511 publishing msg: 'Hello from mros2-posix onto Linux: 17'
host_utc=2026-10-04T04:20:16.475+00:00 host_mono_ns=2846635665593085 [CR-STATE] armed id=17 value=0xa5000011
host_utc=2026-10-04T04:20:16.475+00:00 host_mono_ns=2846635665604666 LOG_DEBUG : 00000021.253 : [MROS2LIB] message get [callback_handler] msg_sn_high: 0 msg_sn_low: e
host_utc=2026-10-04T04:20:16.475+00:00 host_mono_ns=2846635665615858 subscribed msg: 'Hello from mros2-posix onto Linux: 17'
host_utc=2026-10-04T04:20:16.475+00:00 host_mono_ns=2846635665628091 [CR-STATE] netif_refresh default=0x9bf18 self=0x9bf18 same=1 stored=0x060012ac probed=0x060012ac pending=0
host_utc=2026-10-04T04:20:16.475+00:00 host_mono_ns=2846635665639382 [CR-STATE] loop id=18 guest_before=0xa5000011 host_before=0xa5000011
host_utc=2026-10-04T04:20:16.475+00:00 host_mono_ns=2846635665650553 publishing msg: 'Hello from mros2-posix onto Linux: 18'
host_utc=2026-10-04T04:20:16.475+00:00 host_mono_ns=2846635665661945 [CR-STATE] armed id=18 value=0xa5000012
host_utc=2026-10-04T04:20:16.475+00:00 host_mono_ns=2846635665672575 LOG_DEBUG : 00000022.254 : [MROS2LIB] message get [callback_handler] msg_sn_high: 0 msg_sn_low: f
host_utc=2026-10-04T04:20:16.475+00:00 host_mono_ns=2846635665683596 subscribed msg: 'Hello from mros2-posix onto Linux: 18'
host_utc=2026-10-04T04:20:18.477+00:00 host_mono_ns=2846637667943575 [CR-STATE] loop id=19 guest_before=0xa5000012 host_before=0xa5000012
host_utc=2026-10-04T04:20:18.477+00:00 host_mono_ns=2846637668021533 [CR-STATE] netif_refresh default=0x9bf18 self=0x9bf18 same=1 stored=0x060012ac probed=0x060012ac pending=0
host_utc=2026-10-04T04:20:18.477+00:00 host_mono_ns=2846637668042102 publishing msg: 'Hello from mros2-posix onto Linux: 19'
host_utc=2026-10-04T04:20:18.477+00:00 host_mono_ns=2846637668066047 [CR-STATE] armed id=19 value=0xa5000013
host_utc=2026-10-04T04:20:18.477+00:00 host_mono_ns=2846637668081656 LOG_DEBUG : 00000023.255 : [MROS2LIB] message get [callback_handler] msg_sn_high: 0 msg_sn_low: 10
host_utc=2026-10-04T04:20:18.477+00:00 host_mono_ns=2846637668096013 subscribed msg: 'Hello from mros2-posix onto Linux: 19'
host_utc=2026-10-04T04:20:18.477+00:00 host_mono_ns=2846637668111563 [CR-STATE] netif_refresh default=0x9bf18 self=0x9bf18 same=1 stored=0x060012ac probed=0x060012ac pending=0
host_utc=2026-10-04T04:20:18.477+00:00 host_mono_ns=2846637668125319 [CR-STATE] loop id=20 guest_before=0xa5000013 host_before=0xa5000013
host_utc=2026-10-04T04:20:18.477+00:00 host_mono_ns=2846637668138754 publishing msg: 'Hello from mros2-posix onto Linux: 20'
host_utc=2026-10-04T04:20:18.477+00:00 host_mono_ns=2846637668152730 [CR-STATE] armed id=20 value=0xa5000014
host_utc=2026-10-04T04:20:18.477+00:00 host_mono_ns=2846637668165655 LOG_DEBUG : 00000024.256 : [MROS2LIB] message get [callback_handler] msg_sn_high: 0 msg_sn_low: 11
host_utc=2026-10-04T04:20:18.478+00:00 host_mono_ns=2846637668197565 subscribed msg: 'Hello from mros2-posix onto Linux: 20'
host_utc=2026-10-04T04:20:18.478+00:00 host_mono_ns=2846637668210189 [CR-STATE] netif_refresh default=0x9bf18 self=0x9bf18 same=1 stored=0x060012ac probed=0x060012ac pending=0
host_utc=2026-10-04T04:20:18.478+00:00 host_mono_ns=2846637668221320 [CR-STATE] loop id=21 guest_before=0xa5000014 host_before=0xa5000014
host_utc=2026-10-04T04:20:20.481+00:00 host_mono_ns=2846639671357273 publishing msg: 'Hello from mros2-posix onto Linux: 21'
host_utc=2026-10-04T04:20:20.481+00:00 host_mono_ns=2846639671426954 [CR-STATE] armed id=21 value=0xa5000015
host_utc=2026-10-04T04:20:20.481+00:00 host_mono_ns=2846639671442474 LOG_DEBUG : 00000025.257 : [MROS2LIB] message get [callback_handler] msg_sn_high: 0 msg_sn_low: 12
host_utc=2026-10-04T04:20:20.481+00:00 host_mono_ns=2846639671456881 subscribed msg: 'Hello from mros2-posix onto Linux: 21'
host_utc=2026-10-04T04:20:20.481+00:00 host_mono_ns=2846639671471108 [CR-STATE] netif_refresh default=0x9bf18 self=0x9bf18 same=1 stored=0x060012ac probed=0x060012ac pending=0
host_utc=2026-10-04T04:20:20.481+00:00 host_mono_ns=2846639671483501 [CR-STATE] loop id=22 guest_before=0xa5000015 host_before=0xa5000015
host_utc=2026-10-04T04:20:20.481+00:00 host_mono_ns=2846639671495324 publishing msg: 'Hello from mros2-posix onto Linux: 22'
host_utc=2026-10-04T04:20:20.481+00:00 host_mono_ns=2846639671507396 [CR-STATE] armed id=22 value=0xa5000016
host_utc=2026-10-04T04:20:20.481+00:00 host_mono_ns=2846639671518427 LOG_DEBUG : 00000026.258 : [MROS2LIB] message get [callback_handler] msg_sn_high: 0 msg_sn_low: 13
host_utc=2026-10-04T04:20:20.481+00:00 host_mono_ns=2846639671529528 subscribed msg: 'Hello from mros2-posix onto Linux: 22'
host_utc=2026-10-04T04:20:20.481+00:00 host_mono_ns=2846639671541621 [CR-STATE] netif_refresh default=0x9bf18 self=0x9bf18 same=1 stored=0x060012ac probed=0x060012ac pending=0
host_utc=2026-10-04T04:20:20.481+00:00 host_mono_ns=2846639671552762 [CR-STATE] loop id=23 guest_before=0xa5000016 host_before=0xa5000016
host_utc=2026-10-04T04:20:20.481+00:00 host_mono_ns=2846639671563753 publishing msg: 'Hello from mros2-posix onto Linux: 23'
host_utc=2026-10-04T04:20:20.481+00:00 host_mono_ns=2846639671575174 [CR-STATE] armed id=23 value=0xa5000017
host_utc=2026-10-04T04:20:23.479+00:00 host_mono_ns=2846642669919723 LOG_DEBUG : 00000027.259 : [MROS2LIB] message get [callback_handler] msg_sn_high: 0 msg_sn_low: 14
host_utc=2026-10-04T04:20:23.479+00:00 host_mono_ns=2846642669983233 subscribed msg: 'Hello from mros2-posix onto Linux: 23'
host_utc=2026-10-04T04:20:23.479+00:00 host_mono_ns=2846642670023499 [CR-STATE] netif_refresh default=0x9bf18 self=0x9bf18 same=1 stored=0x060012ac probed=0x060012ac pending=0
host_utc=2026-10-04T04:20:23.479+00:00 host_mono_ns=2846642670042415 [CR-STATE] loop id=24 guest_before=0xa5000017 host_before=0xa5000017
host_utc=2026-10-04T04:20:23.479+00:00 host_mono_ns=2846642670059547 publishing msg: 'Hello from mros2-posix onto Linux: 24'
host_utc=2026-10-04T04:20:23.479+00:00 host_mono_ns=2846642670082009 [CR-STATE] armed id=24 value=0xa5000018
host_utc=2026-10-04T04:20:23.479+00:00 host_mono_ns=2846642670100845 LOG_DEBUG : 00000028.260 : [MROS2LIB] message get [callback_handler] msg_sn_high: 0 msg_sn_low: 15
host_utc=2026-10-04T04:20:23.479+00:00 host_mono_ns=2846642670120953 subscribed msg: 'Hello from mros2-posix onto Linux: 24'
host_utc=2026-10-04T04:20:23.479+00:00 host_mono_ns=2846642670142153 [CR-STATE] netif_refresh default=0x9bf18 self=0x9bf18 same=1 stored=0x060012ac probed=0x060012ac pending=0
host_utc=2026-10-04T04:20:23.479+00:00 host_mono_ns=2846642670158444 [CR-STATE] loop id=25 guest_before=0xa5000018 host_before=0xa5000018
host_utc=2026-10-04T04:20:23.480+00:00 host_mono_ns=2846642670171899 publishing msg: 'Hello from mros2-posix onto Linux: 25'
host_utc=2026-10-04T04:20:23.480+00:00 host_mono_ns=2846642670185946 [CR-STATE] armed id=25 value=0xa5000019
host_utc=2026-10-04T04:20:23.480+00:00 host_mono_ns=2846642670251039 LOG_DEBUG : 00000029.261 : [MROS2LIB] message get [callback_handler] msg_sn_high: 0 msg_sn_low: 16
host_utc=2026-10-04T04:20:23.480+00:00 host_mono_ns=2846642670266799 subscribed msg: 'Hello from mros2-posix onto Linux: 25'
host_utc=2026-10-04T04:20:23.747+00:00 host_mono_ns=2846642937739676 [CR-STATE] netif_refresh default=0x9bf18 self=0x9bf18 same=1 stored=0x060012ac probed=0x0
host_utc=2026-10-04T04:20:23.747+00:00 host_mono_ns=2846642937853451 event=collector_process_exit source=restore exit_status=143
