host_utc=2026-10-04T04:18:55.438+00:00 host_mono_ns=2846554629180591 boot_start, 2846554628900051
host_utc=2026-10-04T04:18:55.645+00:00 host_mono_ns=2846554835871370 11 stderr
host_utc=2026-10-04T04:18:55.645+00:00 host_mono_ns=2846554835914952 22 stderr
host_utc=2026-10-04T04:18:55.645+00:00 host_mono_ns=2846554835923609 signal init: 126117016061504
host_utc=2026-10-04T04:18:55.645+00:00 host_mono_ns=2846554835931363 initします
host_utc=2026-10-04T04:18:55.646+00:00 host_mono_ns=2846554836652926 boot_end, 2846554836513653
host_utc=2026-10-04T04:18:55.646+00:00 host_mono_ns=2846554837042242 3 stderr
host_utc=2026-10-04T04:18:55.647+00:00 host_mono_ns=2846554837405237 initします
host_utc=2026-10-04T04:18:55.648+00:00 host_mono_ns=2846554838780505 boot_end, 2846554838605364
host_utc=2026-10-04T04:18:55.648+00:00 host_mono_ns=2846554838859173 [22:42:34:408 - 72B3E814F840]: Load type section success.
host_utc=2026-10-04T04:18:55.648+00:00 host_mono_ns=2846554838881505 
host_utc=2026-10-04T04:18:55.648+00:00 host_mono_ns=2846554838898257 [22:42:34:445 - 72B3E814F840]: Load import section success.
host_utc=2026-10-04T04:18:55.648+00:00 host_mono_ns=2846554838914969 
host_utc=2026-10-04T04:18:55.648+00:00 host_mono_ns=2846554838930688 [22:42:34:393 - 72B3E814F840]: Load function section success.
host_utc=2026-10-04T04:18:55.648+00:00 host_mono_ns=2846554838946348 
host_utc=2026-10-04T04:18:55.648+00:00 host_mono_ns=2846554838961306 [22:42:34:394 - 72B3E814F840]: Load table section success.
host_utc=2026-10-04T04:18:55.648+00:00 host_mono_ns=2846554838976956 
host_utc=2026-10-04T04:18:55.648+00:00 host_mono_ns=2846554838991924 [22:42:34:395 - 72B3E814F840]: Load global section success.
host_utc=2026-10-04T04:18:55.648+00:00 host_mono_ns=2846554839018604 
host_utc=2026-10-04T04:18:55.648+00:00 host_mono_ns=2846554839034354 [22:42:34:397 - 72B3E814F840]: Load export section success.
host_utc=2026-10-04T04:18:55.648+00:00 host_mono_ns=2846554839045355 
host_utc=2026-10-04T04:18:55.648+00:00 host_mono_ns=2846554839055985 [22:42:34:398 - 72B3E814F840]: Load start section success.
host_utc=2026-10-04T04:18:55.648+00:00 host_mono_ns=2846554839066916 
host_utc=2026-10-04T04:18:55.648+00:00 host_mono_ns=2846554839077596 [22:42:34:404 - 72B3E814F840]: Load table segment section success.
host_utc=2026-10-04T04:18:55.648+00:00 host_mono_ns=2846554839088677 
host_utc=2026-10-04T04:18:55.648+00:00 host_mono_ns=2846554839099076 [22:42:34:404 - 72B3E814F840]: Load datacount section success.
host_utc=2026-10-04T04:18:55.648+00:00 host_mono_ns=2846554839113834 
host_utc=2026-10-04T04:18:55.648+00:00 host_mono_ns=2846554839128482 [22:42:34:405 - 72B3E814F840]: Load code segment section success.
host_utc=2026-10-04T04:18:55.648+00:00 host_mono_ns=2846554839143029 
host_utc=2026-10-04T04:18:55.648+00:00 host_mono_ns=2846554839155653 [22:42:34:406 - 72B3E814F840]: Load data segment section success.
host_utc=2026-10-04T04:18:55.648+00:00 host_mono_ns=2846554839166674 
host_utc=2026-10-04T04:18:55.649+00:00 host_mono_ns=2846554839177023 [22:42:34:407 - 72B3E814F840]: Ignore custom section [.debug_abbrev].
host_utc=2026-10-04T04:18:55.649+00:00 host_mono_ns=2846554839187974 [22:42:34:407 - 72B3E814F840]: Ignore custom section [.debug_info].
host_utc=2026-10-04T04:18:55.649+00:00 host_mono_ns=2846554839198805 [22:42:34:408 - 72B3E814F840]: Ignore custom section [.debug_ranges].
host_utc=2026-10-04T04:18:55.649+00:00 host_mono_ns=2846554839209645 [22:42:34:408 - 72B3E814F840]: Ignore custom section [.debug_str].
host_utc=2026-10-04T04:18:55.649+00:00 host_mono_ns=2846554839223561 [22:42:34:409 - 72B3E814F840]: Ignore custom section [.debug_line].
host_utc=2026-10-04T04:18:55.649+00:00 host_mono_ns=2846554839236335 [22:42:34:410 - 72B3E814F840]: Ignore custom section [.debug_loc].
host_utc=2026-10-04T04:18:55.649+00:00 host_mono_ns=2846554839247276 [22:42:34:410 - 72B3E814F840]: Ignore custom section [name].
host_utc=2026-10-04T04:18:55.649+00:00 host_mono_ns=2846554839258457 [22:42:34:411 - 72B3E814F840]: Ignore custom section [producers].
host_utc=2026-10-04T04:18:55.649+00:00 host_mono_ns=2846554839269468 [22:42:34:411 - 72B3E814F840]: Ignore custom section [target_features].
host_utc=2026-10-04T04:18:55.649+00:00 host_mono_ns=2846554839299074 [22:42:34:412 - 72B3E814F840]: Found aux __heap_base global, value: 7855136
host_utc=2026-10-04T04:18:55.649+00:00 host_mono_ns=2846554839310756 [22:42:34:413 - 72B3E814F840]: Found aux __data_end global, value: 1301524
host_utc=2026-10-04T04:18:55.649+00:00 host_mono_ns=2846554839321877 [22:42:34:413 - 72B3E814F840]: Found aux stack top global, value: 7855136, global index: 0, stack size: 6553600
host_utc=2026-10-04T04:18:55.649+00:00 host_mono_ns=2846554839333569 [22:42:34:415 - 72B3E814F840]: Found malloc function, name: malloc, index: 3154
host_utc=2026-10-04T04:18:55.649+00:00 host_mono_ns=2846554839344620 [22:42:34:415 - 72B3E814F840]: Found free function, name: free, index: 3156
host_utc=2026-10-04T04:18:55.649+00:00 host_mono_ns=2846554839355591 [22:42:34:362 - 72B3E814F840]: Load module success.
host_utc=2026-10-04T04:18:55.649+00:00 host_mono_ns=2846554839366541 
host_utc=2026-10-04T04:18:55.649+00:00 host_mono_ns=2846554839376029 [22:42:34:372 - 72B3E814F840]: Memory instantiate:
host_utc=2026-10-04T04:18:55.649+00:00 host_mono_ns=2846554839384495 [22:42:34:373 - 72B3E814F840]:   page bytes: 65536, init pages: 16384, max pages: 16384
host_utc=2026-10-04T04:18:55.649+00:00 host_mono_ns=2846554839393212 [22:42:34:374 - 72B3E814F840]:   heap offset: 1073741824, heap size: 0
host_utc=2026-10-04T04:18:55.649+00:00 host_mono_ns=2846554839401888 
host_utc=2026-10-04T04:18:55.649+00:00 host_mono_ns=2846554839410144 [22:42:34:400 - 72B3E814F840]: Memory instantiate success.
host_utc=2026-10-04T04:18:55.649+00:00 host_mono_ns=2846554839418640 [22:42:34:519 - 72B3E814F840]: warning: failed to link import function (env, pthread_exit)
host_utc=2026-10-04T04:18:55.649+00:00 host_mono_ns=2846554839427326 Restoring wasm thread 11
host_utc=2026-10-04T04:18:55.649+00:00 host_mono_ns=2846554839436073 [22:42:34:651 - 72B3E814F840]: warning: failed to link import function (env, pthread_exit)
host_utc=2026-10-04T04:18:55.649+00:00 host_mono_ns=2846554839444679 thread 11 restore
host_utc=2026-10-04T04:18:55.649+00:00 host_mono_ns=2846554839453295 Restoring wasm thread 10
host_utc=2026-10-04T04:18:55.649+00:00 host_mono_ns=2846554839461671 [22:42:34:675 - 72B3E814F840]: warning: failed to link import function (env, pthread_exit)
host_utc=2026-10-04T04:18:55.649+00:00 host_mono_ns=2846554839470187 thread 10 restore
host_utc=2026-10-04T04:18:55.649+00:00 host_mono_ns=2846554839478523 [2026-10-04 04:18:55.648] [info] wasm_restore_stack
host_utc=2026-10-04T04:18:55.649+00:00 host_mono_ns=2846554839487189 
host_utc=2026-10-04T04:18:55.649+00:00 host_mono_ns=2846554839504492 stack, 276162
host_utc=2026-10-04T04:18:55.649+00:00 host_mono_ns=2846554839513629 global, 33904
host_utc=2026-10-04T04:18:55.649+00:00 host_mono_ns=2846554839522115 local_cell_num: 2
host_utc=2026-10-04T04:18:55.649+00:00 host_mono_ns=2846554839530671 locals.values.size: 2
host_utc=2026-10-04T04:18:55.649+00:00 host_mono_ns=2846554839539448 [2026-10-04 04:18:55.648] [info] restore label stack
host_utc=2026-10-04T04:18:55.649+00:00 host_mono_ns=2846554839548194 local_cell_num: 8
host_utc=2026-10-04T04:18:55.649+00:00 host_mono_ns=2846554839556580 locals.values.size: 8
host_utc=2026-10-04T04:18:55.649+00:00 host_mono_ns=2846554839565086 [2026-10-04 04:18:55.648] [info] restore label stack
host_utc=2026-10-04T04:18:55.649+00:00 host_mono_ns=2846554839573652 local_cell_num: 14
host_utc=2026-10-04T04:18:55.649+00:00 host_mono_ns=2846554839582108 locals.values.size: 14
host_utc=2026-10-04T04:18:55.649+00:00 host_mono_ns=2846554839590675 [2026-10-04 04:18:55.648] [info] restore label stack
host_utc=2026-10-04T04:18:55.649+00:00 host_mono_ns=2846554839599100 local_cell_num: 45
host_utc=2026-10-04T04:18:55.649+00:00 host_mono_ns=2846554839607386 locals.values.size: 45
host_utc=2026-10-04T04:18:55.649+00:00 host_mono_ns=2846554839615782 [2026-10-04 04:18:55.648] [info] restore label stack
host_utc=2026-10-04T04:18:55.649+00:00 host_mono_ns=2846554839630219 local_cell_num: 19
host_utc=2026-10-04T04:18:55.649+00:00 host_mono_ns=2846554839638605 locals.values.size: 19
host_utc=2026-10-04T04:18:55.649+00:00 host_mono_ns=2846554839646961 [2026-10-04 04:18:55.648] [info] restore label stack
host_utc=2026-10-04T04:18:55.649+00:00 host_mono_ns=2846554839655357 local_cell_num: 63
host_utc=2026-10-04T04:18:55.649+00:00 host_mono_ns=2846554839663672 locals.values.size: 63
host_utc=2026-10-04T04:18:55.649+00:00 host_mono_ns=2846554839672098 [2026-10-04 04:18:55.648] [info] restore label stack
host_utc=2026-10-04T04:18:55.649+00:00 host_mono_ns=2846554839680454 local_cell_num: 9
host_utc=2026-10-04T04:18:55.649+00:00 host_mono_ns=2846554839688790 locals.values.size: 9
host_utc=2026-10-04T04:18:55.649+00:00 host_mono_ns=2846554839697126 [2026-10-04 04:18:55.648] [info] restore label stack
host_utc=2026-10-04T04:18:55.649+00:00 host_mono_ns=2846554839705552 local_cell_num: 9
host_utc=2026-10-04T04:18:55.649+00:00 host_mono_ns=2846554839713717 locals.values.size: 9
host_utc=2026-10-04T04:18:55.649+00:00 host_mono_ns=2846554839722083 [2026-10-04 04:18:55.648] [info] restore label stack
host_utc=2026-10-04T04:18:55.649+00:00 host_mono_ns=2846554839730428 local_cell_num: 6
host_utc=2026-10-04T04:18:55.649+00:00 host_mono_ns=2846554839738704 locals.values.size: 6
host_utc=2026-10-04T04:18:55.649+00:00 host_mono_ns=2846554839747040 [2026-10-04 04:18:55.648] [info] restore label stack
host_utc=2026-10-04T04:18:55.649+00:00 host_mono_ns=2846554839755526 [2026-10-04 04:18:55.648] [info] Finish to restore stack
host_utc=2026-10-04T04:18:55.649+00:00 host_mono_ns=2846554839764333 
host_utc=2026-10-04T04:18:55.649+00:00 host_mono_ns=2846554839772718 program counter, 18846
host_utc=2026-10-04T04:18:55.649+00:00 host_mono_ns=2846554839781204 initします
host_utc=2026-10-04T04:18:55.650+00:00 host_mono_ns=2846554840657509 boot_end, 2846554840381438
host_utc=2026-10-04T04:18:55.650+00:00 host_mono_ns=2846554840707624 wasm_cluster_increase_checkpointing_counter called 1
host_utc=2026-10-04T04:18:55.650+00:00 host_mono_ns=2846554840719998 Restoring wasm thread 9
host_utc=2026-10-04T04:18:55.650+00:00 host_mono_ns=2846554840729445 wasm_cluster_increase_checkpointing_counter called 2
host_utc=2026-10-04T04:18:55.650+00:00 host_mono_ns=2846554840738633 wasm_cluster_increase_checkpointing_counter called 3
host_utc=2026-10-04T04:18:55.650+00:00 host_mono_ns=2846554840747389 [2026-10-04 04:18:55.650] [info] wasm_restore_stack
host_utc=2026-10-04T04:18:55.650+00:00 host_mono_ns=2846554840756156 
host_utc=2026-10-04T04:18:55.650+00:00 host_mono_ns=2846554840765273 stack, 146847
host_utc=2026-10-04T04:18:55.650+00:00 host_mono_ns=2846554840774811 global, 17753
host_utc=2026-10-04T04:18:55.650+00:00 host_mono_ns=2846554840783948 program counter, 12263
host_utc=2026-10-04T04:18:55.650+00:00 host_mono_ns=2846554840797815 [22:42:34:459 - 72B3E814F840]: warning: failed to link import function (env, pthread_exit)
host_utc=2026-10-04T04:18:55.650+00:00 host_mono_ns=2846554840810518 thread 9 restore
host_utc=2026-10-04T04:18:55.650+00:00 host_mono_ns=2846554840822461 local_cell_num: 2
host_utc=2026-10-04T04:18:55.650+00:00 host_mono_ns=2846554840831979 locals.values.size: 2
host_utc=2026-10-04T04:18:55.650+00:00 host_mono_ns=2846554840840716 [2026-10-04 04:18:55.650] [info] restore label stack
host_utc=2026-10-04T04:18:55.650+00:00 host_mono_ns=2846554840849452 local_cell_num: 8
host_utc=2026-10-04T04:18:55.650+00:00 host_mono_ns=2846554840857768 locals.values.size: 8
host_utc=2026-10-04T04:18:55.650+00:00 host_mono_ns=2846554840866134 [2026-10-04 04:18:55.650] [info] restore label stack
host_utc=2026-10-04T04:18:55.650+00:00 host_mono_ns=2846554840874600 local_cell_num: 14
host_utc=2026-10-04T04:18:55.650+00:00 host_mono_ns=2846554840882845 locals.values.size: 14
host_utc=2026-10-04T04:18:55.650+00:00 host_mono_ns=2846554840891331 [2026-10-04 04:18:55.650] [info] restore label stack
host_utc=2026-10-04T04:18:55.650+00:00 host_mono_ns=2846554840899737 local_cell_num: 15
host_utc=2026-10-04T04:18:55.650+00:00 host_mono_ns=2846554840917010 locals.values.size: 15
host_utc=2026-10-04T04:18:55.650+00:00 host_mono_ns=2846554840925616 [2026-10-04 04:18:55.650] [info] restore label stack
host_utc=2026-10-04T04:18:55.650+00:00 host_mono_ns=2846554840934062 local_cell_num: 37
host_utc=2026-10-04T04:18:55.650+00:00 host_mono_ns=2846554840942217 locals.values.size: 37
host_utc=2026-10-04T04:18:55.650+00:00 host_mono_ns=2846554840950503 [2026-10-04 04:18:55.650] [info] restore label stack
host_utc=2026-10-04T04:18:55.650+00:00 host_mono_ns=2846554840958809 local_cell_num: 25
host_utc=2026-10-04T04:18:55.650+00:00 host_mono_ns=2846554840967024 locals.values.size: 25
host_utc=2026-10-04T04:18:55.650+00:00 host_mono_ns=2846554840975210 [2026-10-04 04:18:55.650] [info] restore label stack
host_utc=2026-10-04T04:18:55.650+00:00 host_mono_ns=2846554840983615 local_cell_num: 34
host_utc=2026-10-04T04:18:55.650+00:00 host_mono_ns=2846554840991781 locals.values.size: 34
host_utc=2026-10-04T04:18:55.650+00:00 host_mono_ns=2846554840999976 [2026-10-04 04:18:55.650] [info] restore label stack
host_utc=2026-10-04T04:18:55.650+00:00 host_mono_ns=2846554841023611 local_cell_num: 38
host_utc=2026-10-04T04:18:55.650+00:00 host_mono_ns=2846554841033880 locals.values.size: 38
host_utc=2026-10-04T04:18:55.650+00:00 host_mono_ns=2846554841042206 [2026-10-04 04:18:55.650] [info] restore label stack
host_utc=2026-10-04T04:18:55.650+00:00 host_mono_ns=2846554841050522 local_cell_num: 94
host_utc=2026-10-04T04:18:55.650+00:00 host_mono_ns=2846554841058667 locals.values.size: 94
host_utc=2026-10-04T04:18:55.650+00:00 host_mono_ns=2846554841066943 [2026-10-04 04:18:55.650] [info] restore label stack
host_utc=2026-10-04T04:18:55.650+00:00 host_mono_ns=2846554841075208 local_cell_num: 2
host_utc=2026-10-04T04:18:55.650+00:00 host_mono_ns=2846554841083464 locals.values.size: 2
host_utc=2026-10-04T04:18:55.650+00:00 host_mono_ns=2846554841091680 [2026-10-04 04:18:55.650] [info] restore label stack
host_utc=2026-10-04T04:18:55.650+00:00 host_mono_ns=2846554841100136 local_cell_num: 9
host_utc=2026-10-04T04:18:55.650+00:00 host_mono_ns=2846554841108351 locals.values.size: 9
host_utc=2026-10-04T04:18:55.650+00:00 host_mono_ns=2846554841116557 [2026-10-04 04:18:55.650] [info] restore label stack
host_utc=2026-10-04T04:18:55.650+00:00 host_mono_ns=2846554841124902 local_cell_num: 9
host_utc=2026-10-04T04:18:55.650+00:00 host_mono_ns=2846554841133118 locals.values.size: 9
host_utc=2026-10-04T04:18:55.650+00:00 host_mono_ns=2846554841141323 [2026-10-04 04:18:55.650] [info] restore label stack
host_utc=2026-10-04T04:18:55.650+00:00 host_mono_ns=2846554841149719 local_cell_num: 6
host_utc=2026-10-04T04:18:55.650+00:00 host_mono_ns=2846554841157905 locals.values.size: 6
host_utc=2026-10-04T04:18:55.650+00:00 host_mono_ns=2846554841166100 [2026-10-04 04:18:55.650] [info] restore label stack
host_utc=2026-10-04T04:18:55.651+00:00 host_mono_ns=2846554841174386 [2026-10-04 04:18:55.650] [info] Finish to restore stack
host_utc=2026-10-04T04:18:55.651+00:00 host_mono_ns=2846554841183172 
host_utc=2026-10-04T04:18:55.651+00:00 host_mono_ns=2846554841198131 initします
host_utc=2026-10-04T04:18:55.651+00:00 host_mono_ns=2846554842140270 boot_end, 2846554842027046
host_utc=2026-10-04T04:18:55.651+00:00 host_mono_ns=2846554842168043 wasm_cluster_increase_checkpointing_counter called 1
host_utc=2026-10-04T04:18:55.652+00:00 host_mono_ns=2846554842182249 Restoring wasm thread 8
host_utc=2026-10-04T04:18:55.652+00:00 host_mono_ns=2846554842194603 wasm_cluster_increase_checkpointing_counter called 2
host_utc=2026-10-04T04:18:55.652+00:00 host_mono_ns=2846554842207026 wasm_cluster_increase_checkpointing_counter called 3
host_utc=2026-10-04T04:18:55.652+00:00 host_mono_ns=2846554842219219 [2026-10-04 04:18:55.651] [info] wasm_restore_stack
host_utc=2026-10-04T04:18:55.652+00:00 host_mono_ns=2846554842231553 
host_utc=2026-10-04T04:18:55.652+00:00 host_mono_ns=2846554842265286 [22:42:34:104 - 72B3E814F840]: warning: failed to link import function (env, pthread_exit)
host_utc=2026-10-04T04:18:55.652+00:00 host_mono_ns=2846554842284292 thread 8 restore
host_utc=2026-10-04T04:18:55.652+00:00 host_mono_ns=2846554842293089 local_cell_num: 2
host_utc=2026-10-04T04:18:55.652+00:00 host_mono_ns=2846554842301475 locals.values.size: 2
host_utc=2026-10-04T04:18:55.652+00:00 host_mono_ns=2846554842310011 [2026-10-04 04:18:55.651] [info] restore label stack
host_utc=2026-10-04T04:18:55.652+00:00 host_mono_ns=2846554842318597 local_cell_num: 8
host_utc=2026-10-04T04:18:55.652+00:00 host_mono_ns=2846554842326903 locals.values.size: 8
host_utc=2026-10-04T04:18:55.652+00:00 host_mono_ns=2846554842335278 [2026-10-04 04:18:55.651] [info] restore label stack
host_utc=2026-10-04T04:18:55.652+00:00 host_mono_ns=2846554842343704 local_cell_num: 14
host_utc=2026-10-04T04:18:55.652+00:00 host_mono_ns=2846554842352030 locals.values.size: 14
host_utc=2026-10-04T04:18:55.652+00:00 host_mono_ns=2846554842360476 [2026-10-04 04:18:55.651] [info] restore label stack
host_utc=2026-10-04T04:18:55.652+00:00 host_mono_ns=2846554842368842 local_cell_num: 15
host_utc=2026-10-04T04:18:55.652+00:00 host_mono_ns=2846554842376997 locals.values.size: 15
host_utc=2026-10-04T04:18:55.652+00:00 host_mono_ns=2846554842385333 [2026-10-04 04:18:55.651] [info] restore label stack
host_utc=2026-10-04T04:18:55.652+00:00 host_mono_ns=2846554842393689 local_cell_num: 27
host_utc=2026-10-04T04:18:55.652+00:00 host_mono_ns=2846554842401964 locals.values.size: 27
host_utc=2026-10-04T04:18:55.652+00:00 host_mono_ns=2846554842410200 [2026-10-04 04:18:55.651] [info] restore label stack
host_utc=2026-10-04T04:18:55.652+00:00 host_mono_ns=2846554842418526 local_cell_num: 25
host_utc=2026-10-04T04:18:55.652+00:00 host_mono_ns=2846554842426651 locals.values.size: 25
host_utc=2026-10-04T04:18:55.652+00:00 host_mono_ns=2846554842435568 [2026-10-04 04:18:55.651] [info] restore label stack
host_utc=2026-10-04T04:18:55.652+00:00 host_mono_ns=2846554842446518 local_cell_num: 34
host_utc=2026-10-04T04:18:55.652+00:00 host_mono_ns=2846554842457880 locals.values.size: 34
host_utc=2026-10-04T04:18:55.652+00:00 host_mono_ns=2846554842466436 [2026-10-04 04:18:55.651] [info] restore label stack
host_utc=2026-10-04T04:18:55.652+00:00 host_mono_ns=2846554842474852 local_cell_num: 38
host_utc=2026-10-04T04:18:55.652+00:00 host_mono_ns=2846554842483138 locals.values.size: 38
host_utc=2026-10-04T04:18:55.652+00:00 host_mono_ns=2846554842491423 [2026-10-04 04:18:55.652] [info] restore label stack
host_utc=2026-10-04T04:18:55.652+00:00 host_mono_ns=2846554842499859 local_cell_num: 94
host_utc=2026-10-04T04:18:55.652+00:00 host_mono_ns=2846554842508145 locals.values.size: 94
host_utc=2026-10-04T04:18:55.652+00:00 host_mono_ns=2846554842516461 [2026-10-04 04:18:55.652] [info] restore label stack
host_utc=2026-10-04T04:18:55.652+00:00 host_mono_ns=2846554842524856 local_cell_num: 2
host_utc=2026-10-04T04:18:55.652+00:00 host_mono_ns=2846554842533152 locals.values.size: 2
host_utc=2026-10-04T04:18:55.652+00:00 host_mono_ns=2846554842541528 [2026-10-04 04:18:55.652] [info] restore label stack
host_utc=2026-10-04T04:18:55.652+00:00 host_mono_ns=2846554842549924 local_cell_num: 9
host_utc=2026-10-04T04:18:55.652+00:00 host_mono_ns=2846554842558219 locals.values.size: 9
host_utc=2026-10-04T04:18:55.652+00:00 host_mono_ns=2846554842566555 [2026-10-04 04:18:55.652] [info] restore label stack
host_utc=2026-10-04T04:18:55.652+00:00 host_mono_ns=2846554842575041 local_cell_num: 9
host_utc=2026-10-04T04:18:55.652+00:00 host_mono_ns=2846554842583397 locals.values.size: 9
host_utc=2026-10-04T04:18:55.652+00:00 host_mono_ns=2846554842591733 [2026-10-04 04:18:55.652] [info] restore label stack
host_utc=2026-10-04T04:18:55.652+00:00 host_mono_ns=2846554842600189 local_cell_num: 6
host_utc=2026-10-04T04:18:55.652+00:00 host_mono_ns=2846554842608464 locals.values.size: 6
host_utc=2026-10-04T04:18:55.652+00:00 host_mono_ns=2846554842616780 [2026-10-04 04:18:55.652] [info] restore label stack
host_utc=2026-10-04T04:18:55.652+00:00 host_mono_ns=2846554842625246 [2026-10-04 04:18:55.652] [info] Finish to restore stack
host_utc=2026-10-04T04:18:55.652+00:00 host_mono_ns=2846554842639443 
host_utc=2026-10-04T04:18:55.652+00:00 host_mono_ns=2846554842654331 stack, 155404
host_utc=2026-10-04T04:18:55.652+00:00 host_mono_ns=2846554842663258 global, 24666
host_utc=2026-10-04T04:18:55.652+00:00 host_mono_ns=2846554842671884 program counter, 14417
host_utc=2026-10-04T04:18:55.652+00:00 host_mono_ns=2846554842680590 initします
host_utc=2026-10-04T04:18:55.653+00:00 host_mono_ns=2846554843730033 boot_end, 2846554843594206
host_utc=2026-10-04T04:18:55.653+00:00 host_mono_ns=2846554843772894 wasm_cluster_increase_checkpointing_counter called 1
host_utc=2026-10-04T04:18:55.653+00:00 host_mono_ns=2846554843791980 Restoring wasm thread 7
host_utc=2026-10-04T04:18:55.653+00:00 host_mono_ns=2846554843804613 wasm_cluster_increase_checkpointing_counter called 2
host_utc=2026-10-04T04:18:55.653+00:00 host_mono_ns=2846554843816516 wasm_cluster_increase_checkpointing_counter called 3
host_utc=2026-10-04T04:18:55.653+00:00 host_mono_ns=2846554843827948 [2026-10-04 04:18:55.653] [info] wasm_restore_stack
host_utc=2026-10-04T04:18:55.653+00:00 host_mono_ns=2846554843839549 
host_utc=2026-10-04T04:18:55.653+00:00 host_mono_ns=2846554843859307 [22:42:34:675 - 72B3E814F840]: warning: failed to link import function (env, pthread_exit)
host_utc=2026-10-04T04:18:55.653+00:00 host_mono_ns=2846554843872011 local_cell_num: 2
host_utc=2026-10-04T04:18:55.653+00:00 host_mono_ns=2846554843883653 locals.values.size: 2
host_utc=2026-10-04T04:18:55.653+00:00 host_mono_ns=2846554843895054 [2026-10-04 04:18:55.653] [info] restore label stack
host_utc=2026-10-04T04:18:55.653+00:00 host_mono_ns=2846554843906486 local_cell_num: 8
host_utc=2026-10-04T04:18:55.653+00:00 host_mono_ns=2846554843917537 locals.values.size: 8
host_utc=2026-10-04T04:18:55.653+00:00 host_mono_ns=2846554843928668 [2026-10-04 04:18:55.653] [info] restore label stack
host_utc=2026-10-04T04:18:55.653+00:00 host_mono_ns=2846554843939819 local_cell_num: 25
host_utc=2026-10-04T04:18:55.653+00:00 host_mono_ns=2846554843950790 locals.values.size: 25
host_utc=2026-10-04T04:18:55.653+00:00 host_mono_ns=2846554843962181 [2026-10-04 04:18:55.653] [info] restore label stack
host_utc=2026-10-04T04:18:55.653+00:00 host_mono_ns=2846554843973262 local_cell_num: 10
host_utc=2026-10-04T04:18:55.653+00:00 host_mono_ns=2846554843984183 locals.values.size: 10
host_utc=2026-10-04T04:18:55.653+00:00 host_mono_ns=2846554843995153 [2026-10-04 04:18:55.653] [info] restore label stack
host_utc=2026-10-04T04:18:55.653+00:00 host_mono_ns=2846554844019409 local_cell_num: 22
host_utc=2026-10-04T04:18:55.653+00:00 host_mono_ns=2846554844034147 locals.values.size: 22
host_utc=2026-10-04T04:18:55.653+00:00 host_mono_ns=2846554844045238 [2026-10-04 04:18:55.653] [info] restore label stack
host_utc=2026-10-04T04:18:55.653+00:00 host_mono_ns=2846554844056279 thread 7 restore
host_utc=2026-10-04T04:18:55.653+00:00 host_mono_ns=2846554844067420 local_cell_num: 62
host_utc=2026-10-04T04:18:55.653+00:00 host_mono_ns=2846554844078210 locals.values.size: 62
host_utc=2026-10-04T04:18:55.653+00:00 host_mono_ns=2846554844089171 [2026-10-04 04:18:55.653] [info] restore label stack
host_utc=2026-10-04T04:18:55.653+00:00 host_mono_ns=2846554844100262 local_cell_num: 18
host_utc=2026-10-04T04:18:55.653+00:00 host_mono_ns=2846554844111042 locals.values.size: 18
host_utc=2026-10-04T04:18:55.653+00:00 host_mono_ns=2846554844121903 [2026-10-04 04:18:55.653] [info] restore label stack
host_utc=2026-10-04T04:18:55.653+00:00 host_mono_ns=2846554844132934 local_cell_num: 21
host_utc=2026-10-04T04:18:55.653+00:00 host_mono_ns=2846554844143804 locals.values.size: 21
host_utc=2026-10-04T04:18:55.653+00:00 host_mono_ns=2846554844154725 [2026-10-04 04:18:55.653] [info] restore label stack
host_utc=2026-10-04T04:18:55.653+00:00 host_mono_ns=2846554844165766 local_cell_num: 10
host_utc=2026-10-04T04:18:55.654+00:00 host_mono_ns=2846554844176656 locals.values.size: 10
host_utc=2026-10-04T04:18:55.654+00:00 host_mono_ns=2846554844187416 [2026-10-04 04:18:55.653] [info] restore label stack
host_utc=2026-10-04T04:18:55.654+00:00 host_mono_ns=2846554844211772 local_cell_num: 2
host_utc=2026-10-04T04:18:55.654+00:00 host_mono_ns=2846554844223004 locals.values.size: 2
host_utc=2026-10-04T04:18:55.654+00:00 host_mono_ns=2846554844234004 [2026-10-04 04:18:55.653] [info] restore label stack
host_utc=2026-10-04T04:18:55.654+00:00 host_mono_ns=2846554844245025 local_cell_num: 9
host_utc=2026-10-04T04:18:55.654+00:00 host_mono_ns=2846554844255846 locals.values.size: 9
host_utc=2026-10-04T04:18:55.654+00:00 host_mono_ns=2846554844266696 [2026-10-04 04:18:55.653] [info] restore label stack
host_utc=2026-10-04T04:18:55.654+00:00 host_mono_ns=2846554844277687 local_cell_num: 9
host_utc=2026-10-04T04:18:55.654+00:00 host_mono_ns=2846554844288487 locals.values.size: 9
host_utc=2026-10-04T04:18:55.654+00:00 host_mono_ns=2846554844299408 [2026-10-04 04:18:55.653] [info] restore label stack
host_utc=2026-10-04T04:18:55.654+00:00 host_mono_ns=2846554844310439 local_cell_num: 6
host_utc=2026-10-04T04:18:55.654+00:00 host_mono_ns=2846554844321209 locals.values.size: 6
host_utc=2026-10-04T04:18:55.654+00:00 host_mono_ns=2846554844332250 [2026-10-04 04:18:55.653] [info] restore label stack
host_utc=2026-10-04T04:18:55.654+00:00 host_mono_ns=2846554844343221 [2026-10-04 04:18:55.653] [info] Finish to restore stack
host_utc=2026-10-04T04:18:55.654+00:00 host_mono_ns=2846554844354522 
host_utc=2026-10-04T04:18:55.654+00:00 host_mono_ns=2846554844365934 stack, 110148
host_utc=2026-10-04T04:18:55.654+00:00 host_mono_ns=2846554844377045 global, 12633
host_utc=2026-10-04T04:18:55.654+00:00 host_mono_ns=2846554844388075 program counter, 7023
host_utc=2026-10-04T04:18:55.654+00:00 host_mono_ns=2846554844406300 initします
host_utc=2026-10-04T04:18:55.655+00:00 host_mono_ns=2846554845601457 boot_end, 2846554845425244
host_utc=2026-10-04T04:18:55.655+00:00 host_mono_ns=2846554845638938 wasm_cluster_increase_checkpointing_counter called 1
host_utc=2026-10-04T04:18:55.655+00:00 host_mono_ns=2846554845650910 Restoring wasm thread 6
host_utc=2026-10-04T04:18:55.655+00:00 host_mono_ns=2846554845660519 wasm_cluster_increase_checkpointing_counter called 2
host_utc=2026-10-04T04:18:55.655+00:00 host_mono_ns=2846554845669445 wasm_cluster_increase_checkpointing_counter called 3
host_utc=2026-10-04T04:18:55.655+00:00 host_mono_ns=2846554845678002 [2026-10-04 04:18:55.655] [info] wasm_restore_stack
host_utc=2026-10-04T04:18:55.655+00:00 host_mono_ns=2846554845686888 
host_utc=2026-10-04T04:18:55.655+00:00 host_mono_ns=2846554845695855 [22:42:34:510 - 72B3E814F840]: warning: failed to link import function (env, pthread_exit)
host_utc=2026-10-04T04:18:55.655+00:00 host_mono_ns=2846554845705413 local_cell_num: 2
host_utc=2026-10-04T04:18:55.655+00:00 host_mono_ns=2846554845714180 locals.values.size: 2
host_utc=2026-10-04T04:18:55.655+00:00 host_mono_ns=2846554845722916 [2026-10-04 04:18:55.655] [info] restore label stack
host_utc=2026-10-04T04:18:55.655+00:00 host_mono_ns=2846554845731463 thread 6 restore
host_utc=2026-10-04T04:18:55.655+00:00 host_mono_ns=2846554845740249 local_cell_num: 8
host_utc=2026-10-04T04:18:55.655+00:00 host_mono_ns=2846554845749597 locals.values.size: 8
host_utc=2026-10-04T04:18:55.655+00:00 host_mono_ns=2846554845757852 [2026-10-04 04:18:55.655] [info] restore label stack
host_utc=2026-10-04T04:18:55.655+00:00 host_mono_ns=2846554845766218 local_cell_num: 14
host_utc=2026-10-04T04:18:55.655+00:00 host_mono_ns=2846554845774414 locals.values.size: 14
host_utc=2026-10-04T04:18:55.655+00:00 host_mono_ns=2846554845782799 [2026-10-04 04:18:55.655] [info] restore label stack
host_utc=2026-10-04T04:18:55.655+00:00 host_mono_ns=2846554845791105 local_cell_num: 8
host_utc=2026-10-04T04:18:55.655+00:00 host_mono_ns=2846554845799361 locals.values.size: 8
host_utc=2026-10-04T04:18:55.655+00:00 host_mono_ns=2846554845807666 [2026-10-04 04:18:55.655] [info] restore label stack
host_utc=2026-10-04T04:18:55.655+00:00 host_mono_ns=2846554845816012 local_cell_num: 13
host_utc=2026-10-04T04:18:55.655+00:00 host_mono_ns=2846554845838946 locals.values.size: 13
host_utc=2026-10-04T04:18:55.655+00:00 host_mono_ns=2846554845847482 [2026-10-04 04:18:55.655] [info] restore label stack
host_utc=2026-10-04T04:18:55.655+00:00 host_mono_ns=2846554845855757 local_cell_num: 19
host_utc=2026-10-04T04:18:55.655+00:00 host_mono_ns=2846554845863893 locals.values.size: 19
host_utc=2026-10-04T04:18:55.655+00:00 host_mono_ns=2846554845872248 [2026-10-04 04:18:55.655] [info] restore label stack
host_utc=2026-10-04T04:18:55.655+00:00 host_mono_ns=2846554845880594 local_cell_num: 63
host_utc=2026-10-04T04:18:55.655+00:00 host_mono_ns=2846554845888830 locals.values.size: 63
host_utc=2026-10-04T04:18:55.655+00:00 host_mono_ns=2846554845897085 [2026-10-04 04:18:55.655] [info] restore label stack
host_utc=2026-10-04T04:18:55.655+00:00 host_mono_ns=2846554845905401 local_cell_num: 9
host_utc=2026-10-04T04:18:55.655+00:00 host_mono_ns=2846554845913657 locals.values.size: 9
host_utc=2026-10-04T04:18:55.655+00:00 host_mono_ns=2846554845921912 [2026-10-04 04:18:55.655] [info] restore label stack
host_utc=2026-10-04T04:18:55.655+00:00 host_mono_ns=2846554845930298 local_cell_num: 9
host_utc=2026-10-04T04:18:55.655+00:00 host_mono_ns=2846554845938524 locals.values.size: 9
host_utc=2026-10-04T04:18:55.655+00:00 host_mono_ns=2846554845946699 [2026-10-04 04:18:55.655] [info] restore label stack
host_utc=2026-10-04T04:18:55.655+00:00 host_mono_ns=2846554845955085 local_cell_num: 6
host_utc=2026-10-04T04:18:55.655+00:00 host_mono_ns=2846554845963230 locals.values.size: 6
host_utc=2026-10-04T04:18:55.655+00:00 host_mono_ns=2846554845971476 [2026-10-04 04:18:55.655] [info] restore label stack
host_utc=2026-10-04T04:18:55.655+00:00 host_mono_ns=2846554845981525 [2026-10-04 04:18:55.655] [info] Finish to restore stack
host_utc=2026-10-04T04:18:55.655+00:00 host_mono_ns=2846554845993137 
host_utc=2026-10-04T04:18:55.655+00:00 host_mono_ns=2846554846019517 stack, 120998
host_utc=2026-10-04T04:18:55.655+00:00 host_mono_ns=2846554846031900 global, 23434
host_utc=2026-10-04T04:18:55.655+00:00 host_mono_ns=2846554846040436 program counter, 13616
host_utc=2026-10-04T04:18:55.655+00:00 host_mono_ns=2846554846134444 initします
host_utc=2026-10-04T04:18:55.657+00:00 host_mono_ns=2846554847546701 wasm_cluster_increase_checkpointing_counter called 1
host_utc=2026-10-04T04:18:55.657+00:00 host_mono_ns=2846554847584282 Restoring wasm thread 5
host_utc=2026-10-04T04:18:55.657+00:00 host_mono_ns=2846554847600172 wasm_cluster_increase_checkpointing_counter called 2
host_utc=2026-10-04T04:18:55.657+00:00 host_mono_ns=2846554847613527 wasm_cluster_increase_checkpointing_counter called 3
host_utc=2026-10-04T04:18:55.657+00:00 host_mono_ns=2846554847626121 [2026-10-04 04:18:55.657] [info] wasm_restore_stack
host_utc=2026-10-04T04:18:55.657+00:00 host_mono_ns=2846554847636110 
host_utc=2026-10-04T04:18:55.657+00:00 host_mono_ns=2846554847645247 boot_end, 2846554847396507
host_utc=2026-10-04T04:18:55.657+00:00 host_mono_ns=2846554847660506 stack, 122872
host_utc=2026-10-04T04:18:55.657+00:00 host_mono_ns=2846554847669713 global, 23173
host_utc=2026-10-04T04:18:55.657+00:00 host_mono_ns=2846554847678239 program counter, 13596
host_utc=2026-10-04T04:18:55.657+00:00 host_mono_ns=2846554847686826 [22:42:34:473 - 72B3E814F840]: warning: failed to link import function (env, pthread_exit)
host_utc=2026-10-04T04:18:55.657+00:00 host_mono_ns=2846554847696053 thread 5 restore
host_utc=2026-10-04T04:18:55.657+00:00 host_mono_ns=2846554847704759 local_cell_num: 2
host_utc=2026-10-04T04:18:55.657+00:00 host_mono_ns=2846554847713175 locals.values.size: 2
host_utc=2026-10-04T04:18:55.657+00:00 host_mono_ns=2846554847721721 [2026-10-04 04:18:55.657] [info] restore label stack
host_utc=2026-10-04T04:18:55.657+00:00 host_mono_ns=2846554847730298 local_cell_num: 8
host_utc=2026-10-04T04:18:55.657+00:00 host_mono_ns=2846554847738503 locals.values.size: 8
host_utc=2026-10-04T04:18:55.657+00:00 host_mono_ns=2846554847747701 [2026-10-04 04:18:55.657] [info] restore label stack
host_utc=2026-10-04T04:18:55.657+00:00 host_mono_ns=2846554847770594 local_cell_num: 14
host_utc=2026-10-04T04:18:55.657+00:00 host_mono_ns=2846554847779551 locals.values.size: 14
host_utc=2026-10-04T04:18:55.657+00:00 host_mono_ns=2846554847788157 [2026-10-04 04:18:55.657] [info] restore label stack
host_utc=2026-10-04T04:18:55.657+00:00 host_mono_ns=2846554847796583 local_cell_num: 8
host_utc=2026-10-04T04:18:55.657+00:00 host_mono_ns=2846554847804889 locals.values.size: 8
host_utc=2026-10-04T04:18:55.657+00:00 host_mono_ns=2846554847813184 [2026-10-04 04:18:55.657] [info] restore label stack
host_utc=2026-10-04T04:18:55.657+00:00 host_mono_ns=2846554847823935 local_cell_num: 13
host_utc=2026-10-04T04:18:55.657+00:00 host_mono_ns=2846554847835406 locals.values.size: 13
host_utc=2026-10-04T04:18:55.657+00:00 host_mono_ns=2846554847846788 [2026-10-04 04:18:55.657] [info] restore label stack
host_utc=2026-10-04T04:18:55.657+00:00 host_mono_ns=2846554847855504 local_cell_num: 19
host_utc=2026-10-04T04:18:55.657+00:00 host_mono_ns=2846554847863830 locals.values.size: 19
host_utc=2026-10-04T04:18:55.657+00:00 host_mono_ns=2846554847872126 [2026-10-04 04:18:55.657] [info] restore label stack
host_utc=2026-10-04T04:18:55.657+00:00 host_mono_ns=2846554847880441 local_cell_num: 63
host_utc=2026-10-04T04:18:55.657+00:00 host_mono_ns=2846554847888627 locals.values.size: 63
host_utc=2026-10-04T04:18:55.657+00:00 host_mono_ns=2846554847896782 [2026-10-04 04:18:55.657] [info] restore label stack
host_utc=2026-10-04T04:18:55.657+00:00 host_mono_ns=2846554847905028 local_cell_num: 9
host_utc=2026-10-04T04:18:55.657+00:00 host_mono_ns=2846554847913183 locals.values.size: 9
host_utc=2026-10-04T04:18:55.657+00:00 host_mono_ns=2846554847921439 [2026-10-04 04:18:55.657] [info] restore label stack
host_utc=2026-10-04T04:18:55.657+00:00 host_mono_ns=2846554847929724 local_cell_num: 9
host_utc=2026-10-04T04:18:55.657+00:00 host_mono_ns=2846554847937900 locals.values.size: 9
host_utc=2026-10-04T04:18:55.657+00:00 host_mono_ns=2846554847946055 [2026-10-04 04:18:55.657] [info] restore label stack
host_utc=2026-10-04T04:18:55.657+00:00 host_mono_ns=2846554847954281 local_cell_num: 6
host_utc=2026-10-04T04:18:55.657+00:00 host_mono_ns=2846554847962426 locals.values.size: 6
host_utc=2026-10-04T04:18:55.657+00:00 host_mono_ns=2846554847970652 [2026-10-04 04:18:55.657] [info] restore label stack
host_utc=2026-10-04T04:18:55.657+00:00 host_mono_ns=2846554847979007 [2026-10-04 04:18:55.657] [info] Finish to restore stack
host_utc=2026-10-04T04:18:55.657+00:00 host_mono_ns=2846554847987574 
host_utc=2026-10-04T04:18:55.657+00:00 host_mono_ns=2846554848009375 initします
host_utc=2026-10-04T04:18:55.658+00:00 host_mono_ns=2846554848739013 boot_end, 2846554848615780
host_utc=2026-10-04T04:18:55.658+00:00 host_mono_ns=2846554848760584 wasm_cluster_increase_checkpointing_counter called 1
host_utc=2026-10-04T04:18:55.658+00:00 host_mono_ns=2846554848771043 Restoring wasm thread 4
host_utc=2026-10-04T04:18:55.658+00:00 host_mono_ns=2846554848779860 wasm_cluster_increase_checkpointing_counter called 2
host_utc=2026-10-04T04:18:55.658+00:00 host_mono_ns=2846554848788506 wasm_cluster_increase_checkpointing_counter called 3
host_utc=2026-10-04T04:18:55.658+00:00 host_mono_ns=2846554848797103 [2026-10-04 04:18:55.658] [info] wasm_restore_stack
host_utc=2026-10-04T04:18:55.658+00:00 host_mono_ns=2846554848805819 
host_utc=2026-10-04T04:18:55.658+00:00 host_mono_ns=2846554848814405 local_cell_num: 2
host_utc=2026-10-04T04:18:55.658+00:00 host_mono_ns=2846554848822861 locals.values.size: 2
host_utc=2026-10-04T04:18:55.658+00:00 host_mono_ns=2846554848831277 [2026-10-04 04:18:55.658] [info] restore label stack
host_utc=2026-10-04T04:18:55.658+00:00 host_mono_ns=2846554848839663 local_cell_num: 8
host_utc=2026-10-04T04:18:55.658+00:00 host_mono_ns=2846554848847818 locals.values.size: 8
host_utc=2026-10-04T04:18:55.658+00:00 host_mono_ns=2846554848856084 [2026-10-04 04:18:55.658] [info] restore label stack
host_utc=2026-10-04T04:18:55.658+00:00 host_mono_ns=2846554848864410 local_cell_num: 14
host_utc=2026-10-04T04:18:55.658+00:00 host_mono_ns=2846554848882804 locals.values.size: 14
host_utc=2026-10-04T04:18:55.658+00:00 host_mono_ns=2846554848891401 [2026-10-04 04:18:55.658] [info] restore label stack
host_utc=2026-10-04T04:18:55.658+00:00 host_mono_ns=2846554848899756 local_cell_num: 215
host_utc=2026-10-04T04:18:55.658+00:00 host_mono_ns=2846554848908122 locals.values.size: 215
host_utc=2026-10-04T04:18:55.658+00:00 host_mono_ns=2846554848916628 [2026-10-04 04:18:55.658] [info] restore label stack
host_utc=2026-10-04T04:18:55.658+00:00 host_mono_ns=2846554848924934 local_cell_num: 77
host_utc=2026-10-04T04:18:55.658+00:00 host_mono_ns=2846554848933240 locals.values.size: 77
host_utc=2026-10-04T04:18:55.658+00:00 host_mono_ns=2846554848941515 [2026-10-04 04:18:55.658] [info] restore label stack
host_utc=2026-10-04T04:18:55.658+00:00 host_mono_ns=2846554848949871 local_cell_num: 22
host_utc=2026-10-04T04:18:55.658+00:00 host_mono_ns=2846554848958037 locals.values.size: 22
host_utc=2026-10-04T04:18:55.658+00:00 host_mono_ns=2846554848966252 [2026-10-04 04:18:55.658] [info] restore label stack
host_utc=2026-10-04T04:18:55.658+00:00 host_mono_ns=2846554848974648 [2026-10-04 04:18:55.658] [info] Finish to restore stack
host_utc=2026-10-04T04:18:55.658+00:00 host_mono_ns=2846554848983284 
host_utc=2026-10-04T04:18:55.658+00:00 host_mono_ns=2846554848991540 stack, 55184
host_utc=2026-10-04T04:18:55.658+00:00 host_mono_ns=2846554848999906 global, 12243
host_utc=2026-10-04T04:18:55.658+00:00 host_mono_ns=2846554849022709 program counter, 6913
host_utc=2026-10-04T04:18:55.658+00:00 host_mono_ns=2846554849069447 initします
host_utc=2026-10-04T04:18:55.659+00:00 host_mono_ns=2846554849987731 boot_end, 2846554849855612
host_utc=2026-10-04T04:18:55.659+00:00 host_mono_ns=2846554850022938 wasm_cluster_increase_checkpointing_counter called 1
host_utc=2026-10-04T04:18:55.659+00:00 host_mono_ns=2846554850038697 wasm_cluster_increase_checkpointing_counter called 2
host_utc=2026-10-04T04:18:55.659+00:00 host_mono_ns=2846554850047825 wasm_cluster_increase_checkpointing_counter called 3
host_utc=2026-10-04T04:18:55.659+00:00 host_mono_ns=2846554850056481 [22:42:34:708 - 72B3E814F840]: warning: failed to link import function (env, pthread_exit)
host_utc=2026-10-04T04:18:55.659+00:00 host_mono_ns=2846554850065548 thread 4 restore
host_utc=2026-10-04T04:18:55.659+00:00 host_mono_ns=2846554850074164 Restoring wasm thread 3
host_utc=2026-10-04T04:18:55.659+00:00 host_mono_ns=2846554850082670 [2026-10-04 04:18:55.659] [info] wasm_restore_stack
host_utc=2026-10-04T04:18:55.659+00:00 host_mono_ns=2846554850091247 
host_utc=2026-10-04T04:18:55.659+00:00 host_mono_ns=2846554850099803 local_cell_num: 2
host_utc=2026-10-04T04:18:55.659+00:00 host_mono_ns=2846554850108279 locals.values.size: 2
host_utc=2026-10-04T04:18:55.659+00:00 host_mono_ns=2846554850116725 [2026-10-04 04:18:55.659] [info] restore label stack
host_utc=2026-10-04T04:18:55.659+00:00 host_mono_ns=2846554850125171 local_cell_num: 8
host_utc=2026-10-04T04:18:55.659+00:00 host_mono_ns=2846554850133567 locals.values.size: 8
host_utc=2026-10-04T04:18:55.659+00:00 host_mono_ns=2846554850141922 [2026-10-04 04:18:55.659] [info] restore label stack
host_utc=2026-10-04T04:18:55.659+00:00 host_mono_ns=2846554850150378 local_cell_num: 14
host_utc=2026-10-04T04:18:55.659+00:00 host_mono_ns=2846554850158614 locals.values.size: 14
host_utc=2026-10-04T04:18:55.659+00:00 host_mono_ns=2846554850167050 [2026-10-04 04:18:55.659] [info] restore label stack
host_utc=2026-10-04T04:18:55.660+00:00 host_mono_ns=2846554850175375 local_cell_num: 215
host_utc=2026-10-04T04:18:55.660+00:00 host_mono_ns=2846554850183661 locals.values.size: 215
host_utc=2026-10-04T04:18:55.660+00:00 host_mono_ns=2846554850192047 [2026-10-04 04:18:55.659] [info] restore label stack
host_utc=2026-10-04T04:18:55.660+00:00 host_mono_ns=2846554850200443 local_cell_num: 77
host_utc=2026-10-04T04:18:55.660+00:00 host_mono_ns=2846554850208718 locals.values.size: 77
host_utc=2026-10-04T04:18:55.660+00:00 host_mono_ns=2846554850217094 [2026-10-04 04:18:55.659] [info] restore label stack
host_utc=2026-10-04T04:18:55.660+00:00 host_mono_ns=2846554850235088 local_cell_num: 22
host_utc=2026-10-04T04:18:55.660+00:00 host_mono_ns=2846554850243715 locals.values.size: 22
host_utc=2026-10-04T04:18:55.660+00:00 host_mono_ns=2846554850252010 [2026-10-04 04:18:55.659] [info] restore label stack
host_utc=2026-10-04T04:18:55.660+00:00 host_mono_ns=2846554850260456 [2026-10-04 04:18:55.659] [info] Finish to restore stack
host_utc=2026-10-04T04:18:55.660+00:00 host_mono_ns=2846554850269113 
host_utc=2026-10-04T04:18:55.660+00:00 host_mono_ns=2846554850282648 stack, 50906
host_utc=2026-10-04T04:18:55.660+00:00 host_mono_ns=2846554850291505 global, 10890
host_utc=2026-10-04T04:18:55.660+00:00 host_mono_ns=2846554850300051 program counter, 6603
host_utc=2026-10-04T04:18:55.660+00:00 host_mono_ns=2846554850457068 initします
host_utc=2026-10-04T04:18:55.661+00:00 host_mono_ns=2846554851707780 boot_end, 2846554851550132
host_utc=2026-10-04T04:18:55.661+00:00 host_mono_ns=2846554851723079 stack, 57499
host_utc=2026-10-04T04:18:55.661+00:00 host_mono_ns=2846554851731825 global, 10921
host_utc=2026-10-04T04:18:55.661+00:00 host_mono_ns=2846554851740261 program counter, 7163
host_utc=2026-10-04T04:18:55.661+00:00 host_mono_ns=2846554851752684 wasm_cluster_increase_checkpointing_counter called 1
host_utc=2026-10-04T04:18:55.661+00:00 host_mono_ns=2846554851761671 wasm_cluster_increase_checkpointing_counter called 2
host_utc=2026-10-04T04:18:55.661+00:00 host_mono_ns=2846554851770318 wasm_cluster_increase_checkpointing_counter called 3
host_utc=2026-10-04T04:18:55.661+00:00 host_mono_ns=2846554851778784 [22:42:34:946 - 72B3E814F840]: warning: failed to link import function (env, pthread_exit)
host_utc=2026-10-04T04:18:55.661+00:00 host_mono_ns=2846554851787490 thread 3 restore
host_utc=2026-10-04T04:18:55.661+00:00 host_mono_ns=2846554851795776 Restoring wasm thread 2
host_utc=2026-10-04T04:18:55.661+00:00 host_mono_ns=2846554851804192 [2026-10-04 04:18:55.661] [info] wasm_restore_stack
host_utc=2026-10-04T04:18:55.661+00:00 host_mono_ns=2846554851812477 
host_utc=2026-10-04T04:18:55.661+00:00 host_mono_ns=2846554851820793 local_cell_num: 2
host_utc=2026-10-04T04:18:55.661+00:00 host_mono_ns=2846554851828928 locals.values.size: 2
host_utc=2026-10-04T04:18:55.661+00:00 host_mono_ns=2846554851837354 [2026-10-04 04:18:55.661] [info] restore label stack
host_utc=2026-10-04T04:18:55.661+00:00 host_mono_ns=2846554851845670 local_cell_num: 8
host_utc=2026-10-04T04:18:55.661+00:00 host_mono_ns=2846554851853956 locals.values.size: 8
host_utc=2026-10-04T04:18:55.661+00:00 host_mono_ns=2846554851862201 [2026-10-04 04:18:55.661] [info] restore label stack
host_utc=2026-10-04T04:18:55.661+00:00 host_mono_ns=2846554851870567 local_cell_num: 14
host_utc=2026-10-04T04:18:55.661+00:00 host_mono_ns=2846554851878712 locals.values.size: 14
host_utc=2026-10-04T04:18:55.661+00:00 host_mono_ns=2846554851887038 [2026-10-04 04:18:55.661] [info] restore label stack
host_utc=2026-10-04T04:18:55.661+00:00 host_mono_ns=2846554851895304 local_cell_num: 215
host_utc=2026-10-04T04:18:55.661+00:00 host_mono_ns=2846554851903589 locals.values.size: 215
host_utc=2026-10-04T04:18:55.661+00:00 host_mono_ns=2846554851911955 [2026-10-04 04:18:55.661] [info] restore label stack
host_utc=2026-10-04T04:18:55.661+00:00 host_mono_ns=2846554851920311 local_cell_num: 77
host_utc=2026-10-04T04:18:55.661+00:00 host_mono_ns=2846554851928476 locals.values.size: 77
host_utc=2026-10-04T04:18:55.661+00:00 host_mono_ns=2846554851936802 [2026-10-04 04:18:55.661] [info] restore label stack
host_utc=2026-10-04T04:18:55.661+00:00 host_mono_ns=2846554851945098 local_cell_num: 22
host_utc=2026-10-04T04:18:55.661+00:00 host_mono_ns=2846554851953283 locals.values.size: 22
host_utc=2026-10-04T04:18:55.661+00:00 host_mono_ns=2846554851961469 [2026-10-04 04:18:55.661] [info] restore label stack
host_utc=2026-10-04T04:18:55.661+00:00 host_mono_ns=2846554851969915 [2026-10-04 04:18:55.661] [info] Finish to restore stack
host_utc=2026-10-04T04:18:55.661+00:00 host_mono_ns=2846554851985023 
host_utc=2026-10-04T04:18:55.661+00:00 host_mono_ns=2846554851997537 initします
host_utc=2026-10-04T04:18:55.662+00:00 host_mono_ns=2846554852917595 boot_end, 2846554852818177
host_utc=2026-10-04T04:18:55.662+00:00 host_mono_ns=2846554852935178 wasm_cluster_increase_checkpointing_counter called 1
host_utc=2026-10-04T04:18:55.662+00:00 host_mono_ns=2846554852944305 wasm_cluster_increase_checkpointing_counter called 2
host_utc=2026-10-04T04:18:55.662+00:00 host_mono_ns=2846554852953012 wasm_cluster_increase_checkpointing_counter called 3
host_utc=2026-10-04T04:18:55.662+00:00 host_mono_ns=2846554852961458 [22:42:34:639 - 72B3E814F840]: warning: failed to link import function (env, pthread_exit)
host_utc=2026-10-04T04:18:55.662+00:00 host_mono_ns=2846554852970124 thread 2 restore
host_utc=2026-10-04T04:18:55.662+00:00 host_mono_ns=2846554852978550 Restoring wasm thread 1
host_utc=2026-10-04T04:18:55.662+00:00 host_mono_ns=2846554852986956 [2026-10-04 04:18:55.662] [info] wasm_restore_stack
host_utc=2026-10-04T04:18:55.662+00:00 host_mono_ns=2846554852995392 
host_utc=2026-10-04T04:18:55.662+00:00 host_mono_ns=2846554853013786 local_cell_num: 2
host_utc=2026-10-04T04:18:55.662+00:00 host_mono_ns=2846554853024847 locals.values.size: 2
host_utc=2026-10-04T04:18:55.662+00:00 host_mono_ns=2846554853033313 [2026-10-04 04:18:55.662] [info] restore label stack
host_utc=2026-10-04T04:18:55.662+00:00 host_mono_ns=2846554853041679 local_cell_num: 8
host_utc=2026-10-04T04:18:55.662+00:00 host_mono_ns=2846554853049895 locals.values.size: 8
host_utc=2026-10-04T04:18:55.662+00:00 host_mono_ns=2846554853058120 [2026-10-04 04:18:55.662] [info] restore label stack
host_utc=2026-10-04T04:18:55.662+00:00 host_mono_ns=2846554853066436 local_cell_num: 14
host_utc=2026-10-04T04:18:55.662+00:00 host_mono_ns=2846554853074591 locals.values.size: 14
host_utc=2026-10-04T04:18:55.662+00:00 host_mono_ns=2846554853082807 [2026-10-04 04:18:55.662] [info] restore label stack
host_utc=2026-10-04T04:18:55.662+00:00 host_mono_ns=2846554853091102 local_cell_num: 215
host_utc=2026-10-04T04:18:55.662+00:00 host_mono_ns=2846554853099298 locals.values.size: 215
host_utc=2026-10-04T04:18:55.662+00:00 host_mono_ns=2846554853107543 [2026-10-04 04:18:55.662] [info] restore label stack
host_utc=2026-10-04T04:18:55.662+00:00 host_mono_ns=2846554853115789 local_cell_num: 77
host_utc=2026-10-04T04:18:55.662+00:00 host_mono_ns=2846554853123954 locals.values.size: 77
host_utc=2026-10-04T04:18:55.662+00:00 host_mono_ns=2846554853132240 [2026-10-04 04:18:55.662] [info] restore label stack
host_utc=2026-10-04T04:18:55.662+00:00 host_mono_ns=2846554853140576 local_cell_num: 22
host_utc=2026-10-04T04:18:55.662+00:00 host_mono_ns=2846554853148731 locals.values.size: 22
host_utc=2026-10-04T04:18:55.662+00:00 host_mono_ns=2846554853156927 [2026-10-04 04:18:55.662] [info] restore label stack
host_utc=2026-10-04T04:18:55.662+00:00 host_mono_ns=2846554853165323 [2026-10-04 04:18:55.662] [info] Finish to restore stack
host_utc=2026-10-04T04:18:55.663+00:00 host_mono_ns=2846554853173698 
host_utc=2026-10-04T04:18:55.663+00:00 host_mono_ns=2846554853181804 stack, 50806
host_utc=2026-10-04T04:18:55.663+00:00 host_mono_ns=2846554853190089 global, 10630
host_utc=2026-10-04T04:18:55.663+00:00 host_mono_ns=2846554853202423 program counter, 6593
host_utc=2026-10-04T04:18:55.663+00:00 host_mono_ns=2846554853323712 initします
host_utc=2026-10-04T04:18:55.663+00:00 host_mono_ns=2846554853339712 wasm_cluster_increase_checkpointing_counter called 1
host_utc=2026-10-04T04:18:55.663+00:00 host_mono_ns=2846554853349150 wasm_cluster_increase_checkpointing_counter called 2
host_utc=2026-10-04T04:18:55.663+00:00 host_mono_ns=2846554853357706 wasm_cluster_increase_checkpointing_counter called 3
host_utc=2026-10-04T04:18:55.663+00:00 host_mono_ns=2846554853366222 [22:42:34:908 - 72B3E814F840]: warning: failed to link import function (env, pthread_exit)
host_utc=2026-10-04T04:18:55.663+00:00 host_mono_ns=2846554853376942 thread 1 restore
host_utc=2026-10-04T04:18:55.663+00:00 host_mono_ns=2846554853400547 [2026-10-04 04:18:55.663] [info] wasm_restore_stack
host_utc=2026-10-04T04:18:55.663+00:00 host_mono_ns=2846554853413341 
host_utc=2026-10-04T04:18:55.664+00:00 host_mono_ns=2846554854280208 boot_end, 2846554854125436
host_utc=2026-10-04T04:18:55.664+00:00 host_mono_ns=2846554854301078 stack, 997665
host_utc=2026-10-04T04:18:55.664+00:00 host_mono_ns=2846554854313972 [2026-10-04 04:18:55.663] [info] wasm_restore_stack
host_utc=2026-10-04T04:18:55.664+00:00 host_mono_ns=2846554854327077 
host_utc=2026-10-04T04:18:55.664+00:00 host_mono_ns=2846554854339410 local_cell_num: 1
host_utc=2026-10-04T04:18:55.664+00:00 host_mono_ns=2846554854351773 locals.values.size: 1
host_utc=2026-10-04T04:18:55.664+00:00 host_mono_ns=2846554854364197 [2026-10-04 04:18:55.663] [info] restore label stack
host_utc=2026-10-04T04:18:55.664+00:00 host_mono_ns=2846554854376881 local_cell_num: 3
host_utc=2026-10-04T04:18:55.664+00:00 host_mono_ns=2846554854389124 locals.values.size: 3
host_utc=2026-10-04T04:18:55.664+00:00 host_mono_ns=2846554854401447 [2026-10-04 04:18:55.663] [info] restore label stack
host_utc=2026-10-04T04:18:55.664+00:00 host_mono_ns=2846554854413971 local_cell_num: 170
host_utc=2026-10-04T04:18:55.664+00:00 host_mono_ns=2846554854426344 locals.values.size: 170
host_utc=2026-10-04T04:18:55.664+00:00 host_mono_ns=2846554854438708 [2026-10-04 04:18:55.663] [info] restore label stack
host_utc=2026-10-04T04:18:55.664+00:00 host_mono_ns=2846554854451041 local_cell_num: 19
host_utc=2026-10-04T04:18:55.664+00:00 host_mono_ns=2846554854463324 locals.values.size: 19
host_utc=2026-10-04T04:18:55.664+00:00 host_mono_ns=2846554854475768 [2026-10-04 04:18:55.664] [info] restore label stack
host_utc=2026-10-04T04:18:55.664+00:00 host_mono_ns=2846554854488111 local_cell_num: 63
host_utc=2026-10-04T04:18:55.664+00:00 host_mono_ns=2846554854500394 locals.values.size: 63
host_utc=2026-10-04T04:18:55.664+00:00 host_mono_ns=2846554854512647 [2026-10-04 04:18:55.664] [info] restore label stack
host_utc=2026-10-04T04:18:55.664+00:00 host_mono_ns=2846554854525091 local_cell_num: 9
host_utc=2026-10-04T04:18:55.664+00:00 host_mono_ns=2846554854537324 locals.values.size: 9
host_utc=2026-10-04T04:18:55.664+00:00 host_mono_ns=2846554854549727 [2026-10-04 04:18:55.664] [info] restore label stack
host_utc=2026-10-04T04:18:55.664+00:00 host_mono_ns=2846554854562101 local_cell_num: 9
host_utc=2026-10-04T04:18:55.664+00:00 host_mono_ns=2846554854574434 locals.values.size: 9
host_utc=2026-10-04T04:18:55.664+00:00 host_mono_ns=2846554854586797 [2026-10-04 04:18:55.664] [info] restore label stack
host_utc=2026-10-04T04:18:55.664+00:00 host_mono_ns=2846554854599371 local_cell_num: 6
host_utc=2026-10-04T04:18:55.664+00:00 host_mono_ns=2846554854611584 locals.values.size: 6
host_utc=2026-10-04T04:18:55.664+00:00 host_mono_ns=2846554854624028 [2026-10-04 04:18:55.664] [info] restore label stack
host_utc=2026-10-04T04:18:55.664+00:00 host_mono_ns=2846554854636561 [2026-10-04 04:18:55.664] [info] Finish to restore stack
host_utc=2026-10-04T04:18:55.664+00:00 host_mono_ns=2846554854649225 
host_utc=2026-10-04T04:18:55.664+00:00 host_mono_ns=2846554854661368 local_cell_num: 2
host_utc=2026-10-04T04:18:55.664+00:00 host_mono_ns=2846554854673601 locals.values.size: 2
host_utc=2026-10-04T04:18:55.664+00:00 host_mono_ns=2846554854685874 [2026-10-04 04:18:55.664] [info] restore label stack
host_utc=2026-10-04T04:18:55.664+00:00 host_mono_ns=2846554854698358 local_cell_num: 8
host_utc=2026-10-04T04:18:55.664+00:00 host_mono_ns=2846554854710521 locals.values.size: 8
host_utc=2026-10-04T04:18:55.664+00:00 host_mono_ns=2846554854722944 [2026-10-04 04:18:55.664] [info] restore label stack
host_utc=2026-10-04T04:18:55.664+00:00 host_mono_ns=2846554854735458 local_cell_num: 14
host_utc=2026-10-04T04:18:55.664+00:00 host_mono_ns=2846554854747761 locals.values.size: 14
host_utc=2026-10-04T04:18:55.664+00:00 host_mono_ns=2846554854760095 [2026-10-04 04:18:55.664] [info] restore label stack
host_utc=2026-10-04T04:18:55.664+00:00 host_mono_ns=2846554854781505 local_cell_num: 155
host_utc=2026-10-04T04:18:55.664+00:00 host_mono_ns=2846554854793948 locals.values.size: 155
host_utc=2026-10-04T04:18:55.664+00:00 host_mono_ns=2846554854806612 [2026-10-04 04:18:55.664] [info] restore label stack
host_utc=2026-10-04T04:18:55.664+00:00 host_mono_ns=2846554854819136 local_cell_num: 19
host_utc=2026-10-04T04:18:55.664+00:00 host_mono_ns=2846554854831499 locals.values.size: 19
host_utc=2026-10-04T04:18:55.664+00:00 host_mono_ns=2846554854843783 [2026-10-04 04:18:55.664] [info] restore label stack
host_utc=2026-10-04T04:18:55.664+00:00 host_mono_ns=2846554854856406 local_cell_num: 63
host_utc=2026-10-04T04:18:55.664+00:00 host_mono_ns=2846554854868680 locals.values.size: 63
host_utc=2026-10-04T04:18:55.664+00:00 host_mono_ns=2846554854881043 [2026-10-04 04:18:55.664] [info] restore label stack
host_utc=2026-10-04T04:18:55.664+00:00 host_mono_ns=2846554854893346 local_cell_num: 9
host_utc=2026-10-04T04:18:55.664+00:00 host_mono_ns=2846554854905700 locals.values.size: 9
host_utc=2026-10-04T04:18:55.664+00:00 host_mono_ns=2846554854918103 [2026-10-04 04:18:55.664] [info] restore label stack
host_utc=2026-10-04T04:18:55.664+00:00 host_mono_ns=2846554854930556 local_cell_num: 9
host_utc=2026-10-04T04:18:55.664+00:00 host_mono_ns=2846554854942729 locals.values.size: 9
host_utc=2026-10-04T04:18:55.664+00:00 host_mono_ns=2846554854955103 [2026-10-04 04:18:55.664] [info] restore label stack
host_utc=2026-10-04T04:18:55.664+00:00 host_mono_ns=2846554854967516 local_cell_num: 6
host_utc=2026-10-04T04:18:55.664+00:00 host_mono_ns=2846554854979779 locals.values.size: 6
host_utc=2026-10-04T04:18:55.664+00:00 host_mono_ns=2846554854992213 [2026-10-04 04:18:55.664] [info] restore label stack
host_utc=2026-10-04T04:18:55.664+00:00 host_mono_ns=2846554855020015 [2026-10-04 04:18:55.664] [info] Finish to restore stack
host_utc=2026-10-04T04:18:55.664+00:00 host_mono_ns=2846554855038821 
host_utc=2026-10-04T04:18:55.664+00:00 host_mono_ns=2846554855057947 stack, 71966
host_utc=2026-10-04T04:18:55.664+00:00 host_mono_ns=2846554855070861 global, 17313
host_utc=2026-10-04T04:18:55.664+00:00 host_mono_ns=2846554855083555 program counter, 7634
host_utc=2026-10-04T04:18:56.518+00:00 host_mono_ns=2846555708246315 memory, 853494315
host_utc=2026-10-04T04:18:56.518+00:00 host_mono_ns=2846555708311538 global, 9638
host_utc=2026-10-04T04:18:56.518+00:00 host_mono_ns=2846555708326616 program counter, 11743
host_utc=2026-10-04T04:18:58.520+00:00 host_mono_ns=2846557710887893 '
host_utc=2026-10-04T04:18:58.520+00:00 host_mono_ns=2846557711035703 LOG_ERROR : 00000017.444 : [CR-STATE] netif_refresh default=0x9bf18 self=0x9bf18 same=1 stored=0x030012ac probed=0x030012ac pending=0
host_utc=2026-10-04T04:18:58.520+00:00 host_mono_ns=2846557711058415 UDP_RECV_RECOVERY action=skip reason=EINTR fd=4LOG_ERROR : 00000017.445 :
host_utc=2026-10-04T04:18:58.520+00:00 host_mono_ns=2846557711073955 UDP_RECV_RECOVERY action=refresh status=0 reason=EINTR fd=7LOG_ERROR : 00000017.444 :
host_utc=2026-10-04T04:18:58.520+00:00 host_mono_ns=2846557711089174 LOG_ERROR : 00000017.444 : UDP_RECV_RECOVERY action=skip reason=EINTR fd=12UDP_RECV_RECOVERY action=skip reason=EINTR fd=10
host_utc=2026-10-04T04:18:58.520+00:00 host_mono_ns=2846557711103791 
host_utc=2026-10-04T04:18:58.520+00:00 host_mono_ns=2846557711118619 [CR-STATE] loop id=15 guest_before=0xa500000e host_before=0x00000000
host_utc=2026-10-04T04:18:58.520+00:00 host_mono_ns=2846557711133147 [CR-STATE] netif_refresh default=0x9bf18 self=0x9bf18 same=1 stored=0x030012ac probed=0x030012ac pending=0
host_utc=2026-10-04T04:18:58.520+00:00 host_mono_ns=2846557711148105 publishing msg: 'Hello from mros2-posix onto Linux: 15'
host_utc=2026-10-04T04:18:58.521+00:00 host_mono_ns=2846557711171459 [CR-STATE] armed id=15 value=0xa500000f
host_utc=2026-10-04T04:18:58.521+00:00 host_mono_ns=2846557711186137 LOG_DEBUG : 00000018.446 : [MROS2LIB] message get [callback_handler] msg_sn_high: 0 msg_sn_low: c
host_utc=2026-10-04T04:18:58.521+00:00 host_mono_ns=2846557711200624 subscribed msg: 'Hello from mros2-posix onto Linux: 15'
host_utc=2026-10-04T04:18:58.521+00:00 host_mono_ns=2846557711301154 [CR-STATE] netif_refresh default=0x9bf18 self=0x9bf18 same=1 stored=0x030012ac probed=0x030012ac pending=0
host_utc=2026-10-04T04:19:00.524+00:00 host_mono_ns=2846559714216649 [CR-STATE] loop id=16 guest_before=0xa500000f host_before=0xa500000f
host_utc=2026-10-04T04:19:00.524+00:00 host_mono_ns=2846559714280760 publishing msg: 'Hello from mros2-posix onto Linux: 16'
host_utc=2026-10-04T04:19:00.524+00:00 host_mono_ns=2846559714305908 [CR-STATE] armed id=16 value=0xa5000010
host_utc=2026-10-04T04:19:00.524+00:00 host_mono_ns=2846559714320996 LOG_DEBUG : 00000019.447 : [MROS2LIB] message get [callback_handler] msg_sn_high: 0 msg_sn_low: d
host_utc=2026-10-04T04:19:00.524+00:00 host_mono_ns=2846559714336235 subscribed msg: 'Hello from mros2-posix onto Linux: 16'
host_utc=2026-10-04T04:19:00.524+00:00 host_mono_ns=2846559714352075 [CR-STATE] netif_refresh default=0x9bf18 self=0x9bf18 same=1 stored=0x030012ac probed=0x030012ac pending=0
host_utc=2026-10-04T04:19:00.524+00:00 host_mono_ns=2846559714366182 [CR-STATE] loop id=17 guest_before=0xa5000010 host_before=0xa5000010
host_utc=2026-10-04T04:19:00.524+00:00 host_mono_ns=2846559714379737 publishing msg: 'Hello from mros2-posix onto Linux: 17'
host_utc=2026-10-04T04:19:00.524+00:00 host_mono_ns=2846559714393674 [CR-STATE] armed id=17 value=0xa5000011
host_utc=2026-10-04T04:19:00.524+00:00 host_mono_ns=2846559714406618 LOG_DEBUG : 00000020.448 : [MROS2LIB] message get [callback_handler] msg_sn_high: 0 msg_sn_low: e
host_utc=2026-10-04T04:19:00.524+00:00 host_mono_ns=2846559714419803 subscribed msg: 'Hello from mros2-posix onto Linux: 17'
host_utc=2026-10-04T04:19:00.524+00:00 host_mono_ns=2846559714433890 [CR-STATE] netif_refresh default=0x9bf18 self=0x9bf18 same=1 stored=0x030012ac probed=0x030012ac pending=0
host_utc=2026-10-04T04:19:00.524+00:00 host_mono_ns=2846559714447295 [CR-STATE] loop id=18 guest_before=0xa5000011 host_before=0xa5000011
host_utc=2026-10-04T04:19:00.524+00:00 host_mono_ns=2846559714460139 publishing msg: 'Hello from mros2-posix onto Linux: 18'
host_utc=2026-10-04T04:19:00.524+00:00 host_mono_ns=2846559714473494 [CR-STATE] armed id=18 value=0xa5000012
host_utc=2026-10-04T04:19:03.523+00:00 host_mono_ns=2846562713757508 LOG_DEBUG : 00000021.449 : [MROS2LIB] message get [callback_handler] msg_sn_high: 0 msg_sn_low: f
host_utc=2026-10-04T04:19:03.523+00:00 host_mono_ns=2846562713820908 subscribed msg: 'Hello from mros2-posix onto Linux: 18'
host_utc=2026-10-04T04:19:03.523+00:00 host_mono_ns=2846562713846005 [CR-STATE] netif_refresh default=0x9bf18 self=0x9bf18 same=1 stored=0x030012ac probed=0x030012ac pending=0
host_utc=2026-10-04T04:19:03.523+00:00 host_mono_ns=2846562713861675 [CR-STATE] loop id=19 guest_before=0xa5000012 host_before=0xa5000012
host_utc=2026-10-04T04:19:03.523+00:00 host_mono_ns=2846562713875721 publishing msg: 'Hello from mros2-posix onto Linux: 19'
host_utc=2026-10-04T04:19:03.523+00:00 host_mono_ns=2846562713893104 [CR-STATE] armed id=19 value=0xa5000013
host_utc=2026-10-04T04:19:03.523+00:00 host_mono_ns=2846562713911429 LOG_DEBUG : 00000022.450 : [MROS2LIB] message get [callback_handler] msg_sn_high: 0 msg_sn_low: 10
host_utc=2026-10-04T04:19:03.523+00:00 host_mono_ns=2846562713929042 subscribed msg: 'Hello from mros2-posix onto Linux: 19'
host_utc=2026-10-04T04:19:03.523+00:00 host_mono_ns=2846562713944010 [CR-STATE] netif_refresh default=0x9bf18 self=0x9bf18 same=1 stored=0x030012ac probed=0x030012ac pending=0
host_utc=2026-10-04T04:19:03.523+00:00 host_mono_ns=2846562713957526 [CR-STATE] loop id=20 guest_before=0xa5000013 host_before=0xa5000013
host_utc=2026-10-04T04:19:03.523+00:00 host_mono_ns=2846562713970581 publishing msg: 'Hello from mros2-posix onto Linux: 20'
host_utc=2026-10-04T04:19:03.523+00:00 host_mono_ns=2846562713984357 [CR-STATE] armed id=20 value=0xa5000014
host_utc=2026-10-04T04:19:03.523+00:00 host_mono_ns=2846562713997241 LOG_DEBUG : 00000023.451 : [MROS2LIB] message get [callback_handler] msg_sn_high: 0 msg_sn_low: 11
host_utc=2026-10-04T04:19:03.523+00:00 host_mono_ns=2846562714144990 subscribed msg: 'Hello from mros2-posix onto Linux: 20'
host_utc=2026-10-04T04:19:05.528+00:00 host_mono_ns=2846564718314955 [CR-STATE] netif_refresh default=0x9bf18 self=0x9bf18 same=1 stored=0x030012ac probed=0x030012ac pending=0
host_utc=2026-10-04T04:19:05.528+00:00 host_mono_ns=2846564718518089 [CR-STATE] loop id=21 guest_before=0xa5000014 host_before=0xa5000014
host_utc=2026-10-04T04:19:05.528+00:00 host_mono_ns=2846564718537255 publishing msg: 'Hello from mros2-posix onto Linux: 21'
host_utc=2026-10-04T04:19:05.528+00:00 host_mono_ns=2846564718561080 [CR-STATE] armed id=21 value=0xa5000015
host_utc=2026-10-04T04:19:05.528+00:00 host_mono_ns=2846564718575828 LOG_DEBUG : 00000024.452 : [MROS2LIB] message get [callback_handler] msg_sn_high: 0 msg_sn_low: 12
host_utc=2026-10-04T04:19:05.528+00:00 host_mono_ns=2846564718590215 subscribed msg: 'Hello from mros2-posix onto Linux: 21'
host_utc=2026-10-04T04:19:05.528+00:00 host_mono_ns=2846564718605494 [CR-STATE] netif_refresh default=0x9bf18 self=0x9bf18 same=1 stored=0x030012ac probed=0x030012ac pending=0
host_utc=2026-10-04T04:19:05.528+00:00 host_mono_ns=2846564718619591 [CR-STATE] loop id=22 guest_before=0xa5000015 host_before=0xa5000015
host_utc=2026-10-04T04:19:05.528+00:00 host_mono_ns=2846564718632926 publishing msg: 'Hello from mros2-posix onto Linux: 22'
host_utc=2026-10-04T04:19:05.528+00:00 host_mono_ns=2846564718646972 [CR-STATE] armed id=22 value=0xa5000016
host_utc=2026-10-04T04:19:05.528+00:00 host_mono_ns=2846564718660037 LOG_DEBUG : 00000025.453 : [MROS2LIB] message get [callback_handler] msg_sn_high: 0 msg_sn_low: 13
host_utc=2026-10-04T04:19:05.528+00:00 host_mono_ns=2846564718673062 subscribed msg: 'Hello from mros2-posix onto Linux: 22'
host_utc=2026-10-04T04:19:05.528+00:00 host_mono_ns=2846564718686938 [CR-STATE] netif_refresh default=0x9bf18 self=0x9bf18 same=1 stored=0x030012ac probed=0x030012ac pending=0
host_utc=2026-10-04T04:19:05.528+00:00 host_mono_ns=2846564718700213 [CR-STATE] loop id=23 guest_before=0xa5000016 host_before=0xa5000016
host_utc=2026-10-04T04:19:05.528+00:00 host_mono_ns=2846564718713258 publishing msg: 'Hello from mros2-posix onto Linux: 23'
host_utc=2026-10-04T04:19:07.531+00:00 host_mono_ns=2846566721964735 [CR-STATE] armed id=23 value=0xa5000017
host_utc=2026-10-04T04:19:07.531+00:00 host_mono_ns=2846566722042341 LOG_DEBUG : 00000026.454 : [MROS2LIB] message get [callback_handler] msg_sn_high: 0 msg_sn_low: 14
host_utc=2026-10-04T04:19:07.531+00:00 host_mono_ns=2846566722062159 subscribed msg: 'Hello from mros2-posix onto Linux: 23'
host_utc=2026-10-04T04:19:07.531+00:00 host_mono_ns=2846566722085232 [CR-STATE] netif_refresh default=0x9bf18 self=0x9bf18 same=1 stored=0x030012ac probed=0x030012ac pending=0
host_utc=2026-10-04T04:19:07.531+00:00 host_mono_ns=2846566722100401 [CR-STATE] loop id=24 guest_before=0xa5000017 host_before=0xa5000017
host_utc=2026-10-04T04:19:07.531+00:00 host_mono_ns=2846566722114638 publishing msg: 'Hello from mros2-posix onto Linux: 24'
host_utc=2026-10-04T04:19:07.531+00:00 host_mono_ns=2846566722129827 [CR-STATE] armed id=24 value=0xa5000018
host_utc=2026-10-04T04:19:07.531+00:00 host_mono_ns=2846566722143132 LOG_DEBUG : 00000027.455 : [MROS2LIB] message get [callback_handler] msg_sn_high: 0 msg_sn_low: 15
host_utc=2026-10-04T04:19:07.531+00:00 host_mono_ns=2846566722156487 subscribed msg: 'Hello from mros2-posix onto Linux: 24'
host_utc=2026-10-04T04:19:07.532+00:00 host_mono_ns=2846566722170784 [CR-STATE] netif_refresh default=0x9bf18 self=0x9bf18 same=1 stored=0x030012ac probed=0x030012ac pending=0
host_utc=2026-10-04T04:19:07.532+00:00 host_mono_ns=2846566722184019 [CR-STATE] loop id=25 guest_before=0xa5000018 host_before=0xa5000018
host_utc=2026-10-04T04:19:07.532+00:00 host_mono_ns=2846566722196983 publishing msg: 'Hello from mros2-posix onto Linux: 25'
host_utc=2026-10-04T04:19:07.532+00:00 host_mono_ns=2846566722210689 [CR-STATE] armed id=25 value=0xa5000019
host_utc=2026-10-04T04:19:07.532+00:00 host_mono_ns=2846566722245735 LOG_DEBUG : 00000028.456 : [MROS2LIB] message get [callback_handler] msg_sn_high: 0 msg_sn_low: 16
host_utc=2026-10-04T04:19:07.876+00:00 host_mono_ns=2846567066616176 subscribed msg: 'Hello from mros2-posix onto Linux: 25
host_utc=2026-10-04T04:19:07.876+00:00 host_mono_ns=2846567066727276 event=collector_process_exit source=restore exit_status=143
