host_utc=2026-09-30T08:05:35.792+00:00 host_mono_ns=2514554982419763 boot_start, 2514554982258989
host_utc=2026-09-30T08:05:35.990+00:00 host_mono_ns=2514555180483785 11 stderr
host_utc=2026-09-30T08:05:35.990+00:00 host_mono_ns=2514555180538278 22 stderr
host_utc=2026-09-30T08:05:35.990+00:00 host_mono_ns=2514555180553227 signal init: 127739981719104
host_utc=2026-09-30T08:05:35.990+00:00 host_mono_ns=2514555180566692 initします
host_utc=2026-09-30T08:05:35.991+00:00 host_mono_ns=2514555181229815 boot_end, 2514555181073640
host_utc=2026-09-30T08:05:35.991+00:00 host_mono_ns=2514555181643677 3 stderr
host_utc=2026-09-30T08:05:35.991+00:00 host_mono_ns=2514555181884382 initします
host_utc=2026-09-30T08:05:35.993+00:00 host_mono_ns=2514555183343969 boot_end, 2514555183111841
host_utc=2026-09-30T08:05:35.993+00:00 host_mono_ns=2514555183434600 [02:29:14:168 - 742DC85FA840]: Load type section success.
host_utc=2026-09-30T08:05:35.993+00:00 host_mono_ns=2514555183450931 
host_utc=2026-09-30T08:05:35.993+00:00 host_mono_ns=2514555183460820 [02:29:14:199 - 742DC85FA840]: Load import section success.
host_utc=2026-09-30T08:05:35.993+00:00 host_mono_ns=2514555183470528 
host_utc=2026-09-30T08:05:35.993+00:00 host_mono_ns=2514555183479255 [02:29:14:418 - 742DC85FA840]: Load function section success.
host_utc=2026-09-30T08:05:35.993+00:00 host_mono_ns=2514555183487991 
host_utc=2026-09-30T08:05:35.993+00:00 host_mono_ns=2514555183496417 [02:29:14:420 - 742DC85FA840]: Load table section success.
host_utc=2026-09-30T08:05:35.993+00:00 host_mono_ns=2514555183505054 
host_utc=2026-09-30T08:05:35.993+00:00 host_mono_ns=2514555183513269 [02:29:14:424 - 742DC85FA840]: Load global section success.
host_utc=2026-09-30T08:05:35.993+00:00 host_mono_ns=2514555183524150 
host_utc=2026-09-30T08:05:35.993+00:00 host_mono_ns=2514555183535341 [02:29:14:426 - 742DC85FA840]: Load export section success.
host_utc=2026-09-30T08:05:35.993+00:00 host_mono_ns=2514555183545189 
host_utc=2026-09-30T08:05:35.993+00:00 host_mono_ns=2514555183553565 [02:29:14:427 - 742DC85FA840]: Load start section success.
host_utc=2026-09-30T08:05:35.993+00:00 host_mono_ns=2514555183562081 
host_utc=2026-09-30T08:05:35.993+00:00 host_mono_ns=2514555183570347 [02:29:14:431 - 742DC85FA840]: Load table segment section success.
host_utc=2026-09-30T08:05:35.993+00:00 host_mono_ns=2514555183580165 
host_utc=2026-09-30T08:05:35.993+00:00 host_mono_ns=2514555183588571 [02:29:14:432 - 742DC85FA840]: Load datacount section success.
host_utc=2026-09-30T08:05:35.993+00:00 host_mono_ns=2514555183597408 
host_utc=2026-09-30T08:05:35.993+00:00 host_mono_ns=2514555183605684 [02:29:14:432 - 742DC85FA840]: Load code segment section success.
host_utc=2026-09-30T08:05:35.993+00:00 host_mono_ns=2514555183614310 
host_utc=2026-09-30T08:05:35.993+00:00 host_mono_ns=2514555183622596 [02:29:14:433 - 742DC85FA840]: Load data segment section success.
host_utc=2026-09-30T08:05:35.993+00:00 host_mono_ns=2514555183631202 
host_utc=2026-09-30T08:05:35.993+00:00 host_mono_ns=2514555183639367 [02:29:14:434 - 742DC85FA840]: Ignore custom section [.debug_abbrev].
host_utc=2026-09-30T08:05:35.993+00:00 host_mono_ns=2514555183648244 [02:29:14:435 - 742DC85FA840]: Ignore custom section [.debug_info].
host_utc=2026-09-30T08:05:35.993+00:00 host_mono_ns=2514555183656930 [02:29:14:435 - 742DC85FA840]: Ignore custom section [.debug_ranges].
host_utc=2026-09-30T08:05:35.993+00:00 host_mono_ns=2514555183665497 [02:29:14:436 - 742DC85FA840]: Ignore custom section [.debug_str].
host_utc=2026-09-30T08:05:35.993+00:00 host_mono_ns=2514555183674033 [02:29:14:437 - 742DC85FA840]: Ignore custom section [.debug_line].
host_utc=2026-09-30T08:05:35.993+00:00 host_mono_ns=2514555183682559 [02:29:14:437 - 742DC85FA840]: Ignore custom section [.debug_loc].
host_utc=2026-09-30T08:05:35.993+00:00 host_mono_ns=2514555183691085 [02:29:14:438 - 742DC85FA840]: Ignore custom section [name].
host_utc=2026-09-30T08:05:35.993+00:00 host_mono_ns=2514555183699992 [02:29:14:439 - 742DC85FA840]: Ignore custom section [producers].
host_utc=2026-09-30T08:05:35.993+00:00 host_mono_ns=2514555183708618 [02:29:14:439 - 742DC85FA840]: Ignore custom section [target_features].
host_utc=2026-09-30T08:05:35.993+00:00 host_mono_ns=2514555183729177 [02:29:14:440 - 742DC85FA840]: Found aux __heap_base global, value: 7855008
host_utc=2026-09-30T08:05:35.993+00:00 host_mono_ns=2514555183738955 [02:29:14:441 - 742DC85FA840]: Found aux __data_end global, value: 1301396
host_utc=2026-09-30T08:05:35.993+00:00 host_mono_ns=2514555183748013 [02:29:14:442 - 742DC85FA840]: Found aux stack top global, value: 7855008, global index: 0, stack size: 6553600
host_utc=2026-09-30T08:05:35.993+00:00 host_mono_ns=2514555183757591 [02:29:14:443 - 742DC85FA840]: Found malloc function, name: malloc, index: 3154
host_utc=2026-09-30T08:05:35.993+00:00 host_mono_ns=2514555183766387 [02:29:14:444 - 742DC85FA840]: Found free function, name: free, index: 3156
host_utc=2026-09-30T08:05:35.993+00:00 host_mono_ns=2514555183775074 [02:29:15:954 - 742DC85FA840]: Load module success.
host_utc=2026-09-30T08:05:35.993+00:00 host_mono_ns=2514555183784041 
host_utc=2026-09-30T08:05:35.993+00:00 host_mono_ns=2514555183792446 [02:29:15:964 - 742DC85FA840]: Memory instantiate:
host_utc=2026-09-30T08:05:35.993+00:00 host_mono_ns=2514555183801113 [02:29:15:964 - 742DC85FA840]:   page bytes: 65536, init pages: 16384, max pages: 16384
host_utc=2026-09-30T08:05:35.993+00:00 host_mono_ns=2514555183809980 [02:29:15:965 - 742DC85FA840]:   heap offset: 1073741824, heap size: 0
host_utc=2026-09-30T08:05:35.993+00:00 host_mono_ns=2514555183818806 
host_utc=2026-09-30T08:05:35.993+00:00 host_mono_ns=2514555183827062 [02:29:15:989 - 742DC85FA840]: Memory instantiate success.
host_utc=2026-09-30T08:05:35.993+00:00 host_mono_ns=2514555183835588 [02:29:15:131 - 742DC85FA840]: warning: failed to link import function (env, pthread_exit)
host_utc=2026-09-30T08:05:35.993+00:00 host_mono_ns=2514555183844645 Restoring wasm thread 11
host_utc=2026-09-30T08:05:35.993+00:00 host_mono_ns=2514555183853492 [02:29:15:193 - 742DC85FA840]: warning: failed to link import function (env, pthread_exit)
host_utc=2026-09-30T08:05:35.993+00:00 host_mono_ns=2514555183862138 thread 11 restore
host_utc=2026-09-30T08:05:35.993+00:00 host_mono_ns=2514555183870815 Restoring wasm thread 10
host_utc=2026-09-30T08:05:35.993+00:00 host_mono_ns=2514555183879240 [02:29:15:185 - 742DC85FA840]: warning: failed to link import function (env, pthread_exit)
host_utc=2026-09-30T08:05:35.993+00:00 host_mono_ns=2514555183887787 thread 10 restore
host_utc=2026-09-30T08:05:35.993+00:00 host_mono_ns=2514555183896182 [2026-09-30 08:05:35.992] [info] wasm_restore_stack
host_utc=2026-09-30T08:05:35.993+00:00 host_mono_ns=2514555183904839 
host_utc=2026-09-30T08:05:35.993+00:00 host_mono_ns=2514555183920739 stack, 217121
host_utc=2026-09-30T08:05:35.993+00:00 host_mono_ns=2514555183930036 global, 28724
host_utc=2026-09-30T08:05:35.993+00:00 host_mono_ns=2514555183938823 program counter, 12504
host_utc=2026-09-30T08:05:35.993+00:00 host_mono_ns=2514555183947600 local_cell_num: 2
host_utc=2026-09-30T08:05:35.993+00:00 host_mono_ns=2514555183956126 locals.values.size: 2
host_utc=2026-09-30T08:05:35.993+00:00 host_mono_ns=2514555183964962 [2026-09-30 08:05:35.993] [info] restore label stack
host_utc=2026-09-30T08:05:35.993+00:00 host_mono_ns=2514555183973699 local_cell_num: 8
host_utc=2026-09-30T08:05:35.993+00:00 host_mono_ns=2514555183982155 locals.values.size: 8
host_utc=2026-09-30T08:05:35.993+00:00 host_mono_ns=2514555183990751 [2026-09-30 08:05:35.993] [info] restore label stack
host_utc=2026-09-30T08:05:35.993+00:00 host_mono_ns=2514555183999387 local_cell_num: 14
host_utc=2026-09-30T08:05:35.993+00:00 host_mono_ns=2514555184032871 locals.values.size: 14
host_utc=2026-09-30T08:05:35.993+00:00 host_mono_ns=2514555184041938 [2026-09-30 08:05:35.993] [info] restore label stack
host_utc=2026-09-30T08:05:35.993+00:00 host_mono_ns=2514555184050754 local_cell_num: 45
host_utc=2026-09-30T08:05:35.993+00:00 host_mono_ns=2514555184059220 locals.values.size: 45
host_utc=2026-09-30T08:05:35.993+00:00 host_mono_ns=2514555184067797 [2026-09-30 08:05:35.993] [info] restore label stack
host_utc=2026-09-30T08:05:35.993+00:00 host_mono_ns=2514555184082945 local_cell_num: 19
host_utc=2026-09-30T08:05:35.993+00:00 host_mono_ns=2514555184091562 locals.values.size: 19
host_utc=2026-09-30T08:05:35.993+00:00 host_mono_ns=2514555184099867 [2026-09-30 08:05:35.993] [info] restore label stack
host_utc=2026-09-30T08:05:35.993+00:00 host_mono_ns=2514555184108474 local_cell_num: 63
host_utc=2026-09-30T08:05:35.993+00:00 host_mono_ns=2514555184116799 locals.values.size: 63
host_utc=2026-09-30T08:05:35.993+00:00 host_mono_ns=2514555184125225 [2026-09-30 08:05:35.993] [info] restore label stack
host_utc=2026-09-30T08:05:35.993+00:00 host_mono_ns=2514555184133771 local_cell_num: 9
host_utc=2026-09-30T08:05:35.993+00:00 host_mono_ns=2514555184142207 locals.values.size: 9
host_utc=2026-09-30T08:05:35.993+00:00 host_mono_ns=2514555184150693 [2026-09-30 08:05:35.993] [info] restore label stack
host_utc=2026-09-30T08:05:35.993+00:00 host_mono_ns=2514555184159269 local_cell_num: 9
host_utc=2026-09-30T08:05:35.994+00:00 host_mono_ns=2514555184167645 locals.values.size: 9
host_utc=2026-09-30T08:05:35.994+00:00 host_mono_ns=2514555184176191 [2026-09-30 08:05:35.993] [info] restore label stack
host_utc=2026-09-30T08:05:35.994+00:00 host_mono_ns=2514555184184708 local_cell_num: 6
host_utc=2026-09-30T08:05:35.994+00:00 host_mono_ns=2514555184192993 locals.values.size: 6
host_utc=2026-09-30T08:05:35.994+00:00 host_mono_ns=2514555184201399 [2026-09-30 08:05:35.993] [info] restore label stack
host_utc=2026-09-30T08:05:35.994+00:00 host_mono_ns=2514555184210045 [2026-09-30 08:05:35.993] [info] Finish to restore stack
host_utc=2026-09-30T08:05:35.994+00:00 host_mono_ns=2514555184219072 
host_utc=2026-09-30T08:05:35.994+00:00 host_mono_ns=2514555184227639 initします
host_utc=2026-09-30T08:05:35.994+00:00 host_mono_ns=2514555184963358 wasm_cluster_increase_checkpointing_counter called 1
host_utc=2026-09-30T08:05:35.994+00:00 host_mono_ns=2514555185014094 Restoring wasm thread 9
host_utc=2026-09-30T08:05:35.994+00:00 host_mono_ns=2514555185042528 wasm_cluster_increase_checkpointing_counter called 2
host_utc=2026-09-30T08:05:35.994+00:00 host_mono_ns=2514555185057115 wasm_cluster_increase_checkpointing_counter called 3
host_utc=2026-09-30T08:05:35.994+00:00 host_mono_ns=2514555185070931 [2026-09-30 08:05:35.994] [info] wasm_restore_stack
host_utc=2026-09-30T08:05:35.994+00:00 host_mono_ns=2514555185084577 
host_utc=2026-09-30T08:05:35.994+00:00 host_mono_ns=2514555185098223 boot_end, 2514555184738373
host_utc=2026-09-30T08:05:35.994+00:00 host_mono_ns=2514555185122048 [02:29:15:815 - 742DC85FA840]: warning: failed to link import function (env, pthread_exit)
host_utc=2026-09-30T08:05:35.994+00:00 host_mono_ns=2514555185138429 thread 9 restore
host_utc=2026-09-30T08:05:35.994+00:00 host_mono_ns=2514555185151604 local_cell_num: 2
host_utc=2026-09-30T08:05:35.994+00:00 host_mono_ns=2514555185164468 locals.values.size: 2
host_utc=2026-09-30T08:05:35.995+00:00 host_mono_ns=2514555185176872 [2026-09-30 08:05:35.994] [info] restore label stack
host_utc=2026-09-30T08:05:35.995+00:00 host_mono_ns=2514555185186941 local_cell_num: 8
host_utc=2026-09-30T08:05:35.995+00:00 host_mono_ns=2514555185195417 locals.values.size: 8
host_utc=2026-09-30T08:05:35.995+00:00 host_mono_ns=2514555185203903 [2026-09-30 08:05:35.994] [info] restore label stack
host_utc=2026-09-30T08:05:35.995+00:00 host_mono_ns=2514555185212559 local_cell_num: 14
host_utc=2026-09-30T08:05:35.995+00:00 host_mono_ns=2514555185220965 locals.values.size: 14
host_utc=2026-09-30T08:05:35.995+00:00 host_mono_ns=2514555185229591 [2026-09-30 08:05:35.994] [info] restore label stack
host_utc=2026-09-30T08:05:35.995+00:00 host_mono_ns=2514555185238258 local_cell_num: 15
host_utc=2026-09-30T08:05:35.995+00:00 host_mono_ns=2514555185246563 locals.values.size: 15
host_utc=2026-09-30T08:05:35.995+00:00 host_mono_ns=2514555185254939 [2026-09-30 08:05:35.994] [info] restore label stack
host_utc=2026-09-30T08:05:35.995+00:00 host_mono_ns=2514555185263335 local_cell_num: 37
host_utc=2026-09-30T08:05:35.995+00:00 host_mono_ns=2514555185282120 locals.values.size: 37
host_utc=2026-09-30T08:05:35.995+00:00 host_mono_ns=2514555185290717 [2026-09-30 08:05:35.994] [info] restore label stack
host_utc=2026-09-30T08:05:35.995+00:00 host_mono_ns=2514555185299203 local_cell_num: 25
host_utc=2026-09-30T08:05:35.995+00:00 host_mono_ns=2514555185307478 locals.values.size: 25
host_utc=2026-09-30T08:05:35.995+00:00 host_mono_ns=2514555185315724 [2026-09-30 08:05:35.994] [info] restore label stack
host_utc=2026-09-30T08:05:35.995+00:00 host_mono_ns=2514555185324130 local_cell_num: 34
host_utc=2026-09-30T08:05:35.995+00:00 host_mono_ns=2514555185332365 locals.values.size: 34
host_utc=2026-09-30T08:05:35.995+00:00 host_mono_ns=2514555185340621 [2026-09-30 08:05:35.994] [info] restore label stack
host_utc=2026-09-30T08:05:35.995+00:00 host_mono_ns=2514555185348987 local_cell_num: 38
host_utc=2026-09-30T08:05:35.995+00:00 host_mono_ns=2514555185357282 locals.values.size: 38
host_utc=2026-09-30T08:05:35.995+00:00 host_mono_ns=2514555185365588 [2026-09-30 08:05:35.994] [info] restore label stack
host_utc=2026-09-30T08:05:35.995+00:00 host_mono_ns=2514555185373944 local_cell_num: 94
host_utc=2026-09-30T08:05:35.995+00:00 host_mono_ns=2514555185382170 locals.values.size: 94
host_utc=2026-09-30T08:05:35.995+00:00 host_mono_ns=2514555185390405 [2026-09-30 08:05:35.994] [info] restore label stack
host_utc=2026-09-30T08:05:35.995+00:00 host_mono_ns=2514555185398901 local_cell_num: 2
host_utc=2026-09-30T08:05:35.995+00:00 host_mono_ns=2514555185407257 locals.values.size: 2
host_utc=2026-09-30T08:05:35.995+00:00 host_mono_ns=2514555185415623 [2026-09-30 08:05:35.994] [info] restore label stack
host_utc=2026-09-30T08:05:35.995+00:00 host_mono_ns=2514555185424019 local_cell_num: 9
host_utc=2026-09-30T08:05:35.995+00:00 host_mono_ns=2514555185432605 locals.values.size: 9
host_utc=2026-09-30T08:05:35.995+00:00 host_mono_ns=2514555185441642 [2026-09-30 08:05:35.994] [info] restore label stack
host_utc=2026-09-30T08:05:35.995+00:00 host_mono_ns=2514555185450509 stack, 169029
host_utc=2026-09-30T08:05:35.995+00:00 host_mono_ns=2514555185458985 local_cell_num: 9
host_utc=2026-09-30T08:05:35.995+00:00 host_mono_ns=2514555185467250 locals.values.size: 9
host_utc=2026-09-30T08:05:35.995+00:00 host_mono_ns=2514555185475506 [2026-09-30 08:05:35.994] [info] restore label stack
host_utc=2026-09-30T08:05:35.995+00:00 host_mono_ns=2514555185483912 local_cell_num: 6
host_utc=2026-09-30T08:05:35.995+00:00 host_mono_ns=2514555185492107 locals.values.size: 6
host_utc=2026-09-30T08:05:35.995+00:00 host_mono_ns=2514555185500373 [2026-09-30 08:05:35.994] [info] restore label stack
host_utc=2026-09-30T08:05:35.995+00:00 host_mono_ns=2514555185508899 [2026-09-30 08:05:35.994] [info] Finish to restore stack
host_utc=2026-09-30T08:05:35.995+00:00 host_mono_ns=2514555185517706 
host_utc=2026-09-30T08:05:35.995+00:00 host_mono_ns=2514555185526362 global, 23645
host_utc=2026-09-30T08:05:35.995+00:00 host_mono_ns=2514555185534898 program counter, 14478
host_utc=2026-09-30T08:05:35.995+00:00 host_mono_ns=2514555185548524 initします
host_utc=2026-09-30T08:05:35.996+00:00 host_mono_ns=2514555187107860 boot_end, 2514555186817992
host_utc=2026-09-30T08:05:35.996+00:00 host_mono_ns=2514555187161672 wasm_cluster_increase_checkpointing_counter called 1
host_utc=2026-09-30T08:05:35.997+00:00 host_mono_ns=2514555187177161 Restoring wasm thread 8
host_utc=2026-09-30T08:05:35.997+00:00 host_mono_ns=2514555187189274 wasm_cluster_increase_checkpointing_counter called 2
host_utc=2026-09-30T08:05:35.997+00:00 host_mono_ns=2514555187200976 wasm_cluster_increase_checkpointing_counter called 3
host_utc=2026-09-30T08:05:35.997+00:00 host_mono_ns=2514555187214010 [2026-09-30 08:05:35.996] [info] wasm_restore_stack
host_utc=2026-09-30T08:05:35.997+00:00 host_mono_ns=2514555187225472 
host_utc=2026-09-30T08:05:35.997+00:00 host_mono_ns=2514555187246251 [02:29:15:898 - 742DC85FA840]: warning: failed to link import function (env, pthread_exit)
host_utc=2026-09-30T08:05:35.997+00:00 host_mono_ns=2514555187272511 thread 8 restore
host_utc=2026-09-30T08:05:35.997+00:00 host_mono_ns=2514555187284123 local_cell_num: 2
host_utc=2026-09-30T08:05:35.997+00:00 host_mono_ns=2514555187295054 locals.values.size: 2
host_utc=2026-09-30T08:05:35.997+00:00 host_mono_ns=2514555187306134 [2026-09-30 08:05:35.996] [info] restore label stack
host_utc=2026-09-30T08:05:35.997+00:00 host_mono_ns=2514555187317506 local_cell_num: 8
host_utc=2026-09-30T08:05:35.997+00:00 host_mono_ns=2514555187328306 locals.values.size: 8
host_utc=2026-09-30T08:05:35.997+00:00 host_mono_ns=2514555187339117 [2026-09-30 08:05:35.996] [info] restore label stack
host_utc=2026-09-30T08:05:35.997+00:00 host_mono_ns=2514555187349967 local_cell_num: 14
host_utc=2026-09-30T08:05:35.997+00:00 host_mono_ns=2514555187360667 locals.values.size: 14
host_utc=2026-09-30T08:05:35.997+00:00 host_mono_ns=2514555187371698 [2026-09-30 08:05:35.996] [info] restore label stack
host_utc=2026-09-30T08:05:35.997+00:00 host_mono_ns=2514555187382569 local_cell_num: 15
host_utc=2026-09-30T08:05:35.997+00:00 host_mono_ns=2514555187393039 locals.values.size: 15
host_utc=2026-09-30T08:05:35.997+00:00 host_mono_ns=2514555187403619 [2026-09-30 08:05:35.996] [info] restore label stack
host_utc=2026-09-30T08:05:35.997+00:00 host_mono_ns=2514555187414359 local_cell_num: 27
host_utc=2026-09-30T08:05:35.997+00:00 host_mono_ns=2514555187424929 locals.values.size: 27
host_utc=2026-09-30T08:05:35.997+00:00 host_mono_ns=2514555187435569 [2026-09-30 08:05:35.996] [info] restore label stack
host_utc=2026-09-30T08:05:35.997+00:00 host_mono_ns=2514555187446169 local_cell_num: 25
host_utc=2026-09-30T08:05:35.997+00:00 host_mono_ns=2514555187456639 locals.values.size: 25
host_utc=2026-09-30T08:05:35.997+00:00 host_mono_ns=2514555187467239 [2026-09-30 08:05:35.996] [info] restore label stack
host_utc=2026-09-30T08:05:35.997+00:00 host_mono_ns=2514555187478009 local_cell_num: 34
host_utc=2026-09-30T08:05:35.997+00:00 host_mono_ns=2514555187488549 locals.values.size: 34
host_utc=2026-09-30T08:05:35.997+00:00 host_mono_ns=2514555187499139 [2026-09-30 08:05:35.996] [info] restore label stack
host_utc=2026-09-30T08:05:35.997+00:00 host_mono_ns=2514555187509799 local_cell_num: 38
host_utc=2026-09-30T08:05:35.997+00:00 host_mono_ns=2514555187520239 locals.values.size: 38
host_utc=2026-09-30T08:05:35.997+00:00 host_mono_ns=2514555187530819 [2026-09-30 08:05:35.996] [info] restore label stack
host_utc=2026-09-30T08:05:35.997+00:00 host_mono_ns=2514555187541439 local_cell_num: 94
host_utc=2026-09-30T08:05:35.997+00:00 host_mono_ns=2514555187551879 locals.values.size: 94
host_utc=2026-09-30T08:05:35.997+00:00 host_mono_ns=2514555187562379 [2026-09-30 08:05:35.996] [info] restore label stack
host_utc=2026-09-30T08:05:35.997+00:00 host_mono_ns=2514555187573019 local_cell_num: 2
host_utc=2026-09-30T08:05:35.997+00:00 host_mono_ns=2514555187583609 locals.values.size: 2
host_utc=2026-09-30T08:05:35.997+00:00 host_mono_ns=2514555187594209 [2026-09-30 08:05:35.996] [info] restore label stack
host_utc=2026-09-30T08:05:35.997+00:00 host_mono_ns=2514555187604889 local_cell_num: 9
host_utc=2026-09-30T08:05:35.997+00:00 host_mono_ns=2514555187615279 locals.values.size: 9
host_utc=2026-09-30T08:05:35.997+00:00 host_mono_ns=2514555187625859 [2026-09-30 08:05:35.996] [info] restore label stack
host_utc=2026-09-30T08:05:35.997+00:00 host_mono_ns=2514555187636489 local_cell_num: 9
host_utc=2026-09-30T08:05:35.997+00:00 host_mono_ns=2514555187646888 locals.values.size: 9
host_utc=2026-09-30T08:05:35.997+00:00 host_mono_ns=2514555187657348 [2026-09-30 08:05:35.996] [info] restore label stack
host_utc=2026-09-30T08:05:35.997+00:00 host_mono_ns=2514555187667948 local_cell_num: 6
host_utc=2026-09-30T08:05:35.997+00:00 host_mono_ns=2514555187678889 locals.values.size: 6
host_utc=2026-09-30T08:05:35.997+00:00 host_mono_ns=2514555187689499 [2026-09-30 08:05:35.996] [info] restore label stack
host_utc=2026-09-30T08:05:35.997+00:00 host_mono_ns=2514555187700149 [2026-09-30 08:05:35.996] [info] Finish to restore stack
host_utc=2026-09-30T08:05:35.997+00:00 host_mono_ns=2514555187717862 
host_utc=2026-09-30T08:05:35.997+00:00 host_mono_ns=2514555187729204 stack, 209897
host_utc=2026-09-30T08:05:35.997+00:00 host_mono_ns=2514555187740124 global, 23024
host_utc=2026-09-30T08:05:35.997+00:00 host_mono_ns=2514555187750895 program counter, 16311
host_utc=2026-09-30T08:05:35.997+00:00 host_mono_ns=2514555187768588 initします
host_utc=2026-09-30T08:05:35.999+00:00 host_mono_ns=2514555189393568 boot_end, 2514555189285975
host_utc=2026-09-30T08:05:35.999+00:00 host_mono_ns=2514555189416231 wasm_cluster_increase_checkpointing_counter called 1
host_utc=2026-09-30T08:05:35.999+00:00 host_mono_ns=2514555189426460 Restoring wasm thread 7
host_utc=2026-09-30T08:05:35.999+00:00 host_mono_ns=2514555189435457 wasm_cluster_increase_checkpointing_counter called 2
host_utc=2026-09-30T08:05:35.999+00:00 host_mono_ns=2514555189444334 wasm_cluster_increase_checkpointing_counter called 3
host_utc=2026-09-30T08:05:35.999+00:00 host_mono_ns=2514555189453151 [2026-09-30 08:05:35.999] [info] wasm_restore_stack
host_utc=2026-09-30T08:05:35.999+00:00 host_mono_ns=2514555189464562 
host_utc=2026-09-30T08:05:35.999+00:00 host_mono_ns=2514555189510930 [02:29:15:366 - 742DC85FA840]: warning: failed to link import function (env, pthread_exit)
host_utc=2026-09-30T08:05:35.999+00:00 host_mono_ns=2514555189526710 thread 7 restore
host_utc=2026-09-30T08:05:35.999+00:00 host_mono_ns=2514555189539604 local_cell_num: 2
host_utc=2026-09-30T08:05:35.999+00:00 host_mono_ns=2514555189550986 locals.values.size: 2
host_utc=2026-09-30T08:05:35.999+00:00 host_mono_ns=2514555189559872 [2026-09-30 08:05:35.999] [info] restore label stack
host_utc=2026-09-30T08:05:35.999+00:00 host_mono_ns=2514555189568629 local_cell_num: 8
host_utc=2026-09-30T08:05:35.999+00:00 host_mono_ns=2514555189577005 locals.values.size: 8
host_utc=2026-09-30T08:05:35.999+00:00 host_mono_ns=2514555189585391 [2026-09-30 08:05:35.999] [info] restore label stack
host_utc=2026-09-30T08:05:35.999+00:00 host_mono_ns=2514555189593907 local_cell_num: 25
host_utc=2026-09-30T08:05:35.999+00:00 host_mono_ns=2514555189602303 locals.values.size: 25
host_utc=2026-09-30T08:05:35.999+00:00 host_mono_ns=2514555189610789 [2026-09-30 08:05:35.999] [info] restore label stack
host_utc=2026-09-30T08:05:35.999+00:00 host_mono_ns=2514555189619285 local_cell_num: 10
host_utc=2026-09-30T08:05:35.999+00:00 host_mono_ns=2514555189627620 locals.values.size: 10
host_utc=2026-09-30T08:05:35.999+00:00 host_mono_ns=2514555189636016 [2026-09-30 08:05:35.999] [info] restore label stack
host_utc=2026-09-30T08:05:35.999+00:00 host_mono_ns=2514555189644382 local_cell_num: 22
host_utc=2026-09-30T08:05:35.999+00:00 host_mono_ns=2514555189652688 locals.values.size: 22
host_utc=2026-09-30T08:05:35.999+00:00 host_mono_ns=2514555189664290 [2026-09-30 08:05:35.999] [info] restore label stack
host_utc=2026-09-30T08:05:35.999+00:00 host_mono_ns=2514555189673627 local_cell_num: 62
host_utc=2026-09-30T08:05:35.999+00:00 host_mono_ns=2514555189682043 locals.values.size: 62
host_utc=2026-09-30T08:05:35.999+00:00 host_mono_ns=2514555189690409 [2026-09-30 08:05:35.999] [info] restore label stack
host_utc=2026-09-30T08:05:35.999+00:00 host_mono_ns=2514555189698875 local_cell_num: 18
host_utc=2026-09-30T08:05:35.999+00:00 host_mono_ns=2514555189707161 locals.values.size: 18
host_utc=2026-09-30T08:05:35.999+00:00 host_mono_ns=2514555189715496 [2026-09-30 08:05:35.999] [info] restore label stack
host_utc=2026-09-30T08:05:35.999+00:00 host_mono_ns=2514555189723912 local_cell_num: 21
host_utc=2026-09-30T08:05:35.999+00:00 host_mono_ns=2514555189734673 locals.values.size: 21
host_utc=2026-09-30T08:05:35.999+00:00 host_mono_ns=2514555189746355 [2026-09-30 08:05:35.999] [info] restore label stack
host_utc=2026-09-30T08:05:35.999+00:00 host_mono_ns=2514555189755061 local_cell_num: 10
host_utc=2026-09-30T08:05:35.999+00:00 host_mono_ns=2514555189763437 locals.values.size: 10
host_utc=2026-09-30T08:05:35.999+00:00 host_mono_ns=2514555189771713 [2026-09-30 08:05:35.999] [info] restore label stack
host_utc=2026-09-30T08:05:35.999+00:00 host_mono_ns=2514555189789206 local_cell_num: 2
host_utc=2026-09-30T08:05:35.999+00:00 host_mono_ns=2514555189797732 locals.values.size: 2
host_utc=2026-09-30T08:05:35.999+00:00 host_mono_ns=2514555189806128 [2026-09-30 08:05:35.999] [info] restore label stack
host_utc=2026-09-30T08:05:35.999+00:00 host_mono_ns=2514555189814624 local_cell_num: 9
host_utc=2026-09-30T08:05:35.999+00:00 host_mono_ns=2514555189822929 locals.values.size: 9
host_utc=2026-09-30T08:05:35.999+00:00 host_mono_ns=2514555189831295 [2026-09-30 08:05:35.999] [info] restore label stack
host_utc=2026-09-30T08:05:35.999+00:00 host_mono_ns=2514555189839721 local_cell_num: 9
host_utc=2026-09-30T08:05:35.999+00:00 host_mono_ns=2514555189848007 locals.values.size: 9
host_utc=2026-09-30T08:05:35.999+00:00 host_mono_ns=2514555189856343 [2026-09-30 08:05:35.999] [info] restore label stack
host_utc=2026-09-30T08:05:35.999+00:00 host_mono_ns=2514555189864738 local_cell_num: 6
host_utc=2026-09-30T08:05:35.999+00:00 host_mono_ns=2514555189872974 locals.values.size: 6
host_utc=2026-09-30T08:05:35.999+00:00 host_mono_ns=2514555189881360 [2026-09-30 08:05:35.999] [info] restore label stack
host_utc=2026-09-30T08:05:35.999+00:00 host_mono_ns=2514555189889826 [2026-09-30 08:05:35.999] [info] Finish to restore stack
host_utc=2026-09-30T08:05:35.999+00:00 host_mono_ns=2514555189898622 
host_utc=2026-09-30T08:05:35.999+00:00 host_mono_ns=2514555189907339 stack, 143421
host_utc=2026-09-30T08:05:35.999+00:00 host_mono_ns=2514555189922027 global, 23004
host_utc=2026-09-30T08:05:35.999+00:00 host_mono_ns=2514555189930893 program counter, 14598
host_utc=2026-09-30T08:05:35.999+00:00 host_mono_ns=2514555189939770 initします
host_utc=2026-09-30T08:05:36.000+00:00 host_mono_ns=2514555190690278 boot_end, 2514555190500059
host_utc=2026-09-30T08:05:36.000+00:00 host_mono_ns=2514555190713121 stack, 78909
host_utc=2026-09-30T08:05:36.000+00:00 host_mono_ns=2514555190723110 wasm_cluster_increase_checkpointing_counter called 1
host_utc=2026-09-30T08:05:36.000+00:00 host_mono_ns=2514555190732167 Restoring wasm thread 6
host_utc=2026-09-30T08:05:36.000+00:00 host_mono_ns=2514555190740463 wasm_cluster_increase_checkpointing_counter called 2
host_utc=2026-09-30T08:05:36.000+00:00 host_mono_ns=2514555190746625 wasm_cluster_increase_checkpointing_counter called 3
host_utc=2026-09-30T08:05:36.000+00:00 host_mono_ns=2514555190752736 [2026-09-30 08:05:36.000] [info] wasm_restore_stack
host_utc=2026-09-30T08:05:36.000+00:00 host_mono_ns=2514555190758918 
host_utc=2026-09-30T08:05:36.000+00:00 host_mono_ns=2514555190765059 local_cell_num: 2
host_utc=2026-09-30T08:05:36.000+00:00 host_mono_ns=2514555190770920 locals.values.size: 2
host_utc=2026-09-30T08:05:36.000+00:00 host_mono_ns=2514555190776762 [2026-09-30 08:05:36.000] [info] restore label stack
host_utc=2026-09-30T08:05:36.000+00:00 host_mono_ns=2514555190782623 local_cell_num: 8
host_utc=2026-09-30T08:05:36.000+00:00 host_mono_ns=2514555190788273 locals.values.size: 8
host_utc=2026-09-30T08:05:36.000+00:00 host_mono_ns=2514555190793924 [2026-09-30 08:05:36.000] [info] restore label stack
host_utc=2026-09-30T08:05:36.000+00:00 host_mono_ns=2514555190799645 local_cell_num: 14
host_utc=2026-09-30T08:05:36.000+00:00 host_mono_ns=2514555190805436 locals.values.size: 14
host_utc=2026-09-30T08:05:36.000+00:00 host_mono_ns=2514555190811247 [2026-09-30 08:05:36.000] [info] restore label stack
host_utc=2026-09-30T08:05:36.000+00:00 host_mono_ns=2514555190816897 local_cell_num: 8
host_utc=2026-09-30T08:05:36.000+00:00 host_mono_ns=2514555190822458 locals.values.size: 8
host_utc=2026-09-30T08:05:36.000+00:00 host_mono_ns=2514555190828078 [2026-09-30 08:05:36.000] [info] restore label stack
host_utc=2026-09-30T08:05:36.000+00:00 host_mono_ns=2514555190833709 local_cell_num: 13
host_utc=2026-09-30T08:05:36.000+00:00 host_mono_ns=2514555190839260 locals.values.size: 13
host_utc=2026-09-30T08:05:36.000+00:00 host_mono_ns=2514555190844920 [2026-09-30 08:05:36.000] [info] restore label stack
host_utc=2026-09-30T08:05:36.000+00:00 host_mono_ns=2514555190857885 local_cell_num: 19
host_utc=2026-09-30T08:05:36.000+00:00 host_mono_ns=2514555190864187 locals.values.size: 19
host_utc=2026-09-30T08:05:36.000+00:00 host_mono_ns=2514555190869897 [2026-09-30 08:05:36.000] [info] restore label stack
host_utc=2026-09-30T08:05:36.000+00:00 host_mono_ns=2514555190875568 local_cell_num: 63
host_utc=2026-09-30T08:05:36.000+00:00 host_mono_ns=2514555190881069 locals.values.size: 63
host_utc=2026-09-30T08:05:36.000+00:00 host_mono_ns=2514555190886689 [2026-09-30 08:05:36.000] [info] restore label stack
host_utc=2026-09-30T08:05:36.000+00:00 host_mono_ns=2514555190892370 local_cell_num: 9
host_utc=2026-09-30T08:05:36.000+00:00 host_mono_ns=2514555190897950 locals.values.size: 9
host_utc=2026-09-30T08:05:36.000+00:00 host_mono_ns=2514555190903601 [2026-09-30 08:05:36.000] [info] restore label stack
host_utc=2026-09-30T08:05:36.000+00:00 host_mono_ns=2514555190909242 local_cell_num: 9
host_utc=2026-09-30T08:05:36.000+00:00 host_mono_ns=2514555190914842 locals.values.size: 9
host_utc=2026-09-30T08:05:36.000+00:00 host_mono_ns=2514555190920453 [2026-09-30 08:05:36.000] [info] restore label stack
host_utc=2026-09-30T08:05:36.000+00:00 host_mono_ns=2514555190926154 local_cell_num: 6
host_utc=2026-09-30T08:05:36.000+00:00 host_mono_ns=2514555190931634 locals.values.size: 6
host_utc=2026-09-30T08:05:36.000+00:00 host_mono_ns=2514555190937285 [2026-09-30 08:05:36.000] [info] restore label stack
host_utc=2026-09-30T08:05:36.000+00:00 host_mono_ns=2514555190943016 [2026-09-30 08:05:36.000] [info] Finish to restore stack
host_utc=2026-09-30T08:05:36.000+00:00 host_mono_ns=2514555190948917 
host_utc=2026-09-30T08:05:36.000+00:00 host_mono_ns=2514555190959096 global, 15149
host_utc=2026-09-30T08:05:36.000+00:00 host_mono_ns=2514555190965167 program counter, 8265
host_utc=2026-09-30T08:05:36.001+00:00 host_mono_ns=2514555191217845 initします
host_utc=2026-09-30T08:05:36.002+00:00 host_mono_ns=2514555192820984 [02:29:15:593 - 742DC85FA840]: warning: failed to link import function (env, pthread_exit)
host_utc=2026-09-30T08:05:36.002+00:00 host_mono_ns=2514555192852704 thread 6 restore
host_utc=2026-09-30T08:05:36.002+00:00 host_mono_ns=2514555192868033 wasm_cluster_increase_checkpointing_counter called 1
host_utc=2026-09-30T08:05:36.002+00:00 host_mono_ns=2514555192882229 Restoring wasm thread 5
host_utc=2026-09-30T08:05:36.002+00:00 host_mono_ns=2514555192895114 wasm_cluster_increase_checkpointing_counter called 2
host_utc=2026-09-30T08:05:36.002+00:00 host_mono_ns=2514555192905604 wasm_cluster_increase_checkpointing_counter called 3
host_utc=2026-09-30T08:05:36.002+00:00 host_mono_ns=2514555192914400 [2026-09-30 08:05:36.002] [info] wasm_restore_stack
host_utc=2026-09-30T08:05:36.002+00:00 host_mono_ns=2514555192923357 
host_utc=2026-09-30T08:05:36.002+00:00 host_mono_ns=2514555192932394 boot_end, 2514555192690487
host_utc=2026-09-30T08:05:36.002+00:00 host_mono_ns=2514555192948194 stack, 130387
host_utc=2026-09-30T08:05:36.002+00:00 host_mono_ns=2514555192957602 global, 29095
host_utc=2026-09-30T08:05:36.002+00:00 host_mono_ns=2514555192970316 [02:29:15:770 - 742DC85FA840]: warning: failed to link import function (env, pthread_exit)
host_utc=2026-09-30T08:05:36.002+00:00 host_mono_ns=2514555192979653 thread 5 restore
host_utc=2026-09-30T08:05:36.002+00:00 host_mono_ns=2514555192988370 local_cell_num: 2
host_utc=2026-09-30T08:05:36.002+00:00 host_mono_ns=2514555192996956 locals.values.size: 2
host_utc=2026-09-30T08:05:36.002+00:00 host_mono_ns=2514555193015892 [2026-09-30 08:05:36.002] [info] restore label stack
host_utc=2026-09-30T08:05:36.002+00:00 host_mono_ns=2514555193032263 local_cell_num: 8
host_utc=2026-09-30T08:05:36.002+00:00 host_mono_ns=2514555193040959 locals.values.size: 8
host_utc=2026-09-30T08:05:36.002+00:00 host_mono_ns=2514555193049415 [2026-09-30 08:05:36.002] [info] restore label stack
host_utc=2026-09-30T08:05:36.002+00:00 host_mono_ns=2514555193057911 local_cell_num: 14
host_utc=2026-09-30T08:05:36.002+00:00 host_mono_ns=2514555193077188 locals.values.size: 14
host_utc=2026-09-30T08:05:36.002+00:00 host_mono_ns=2514555193086175 [2026-09-30 08:05:36.002] [info] restore label stack
host_utc=2026-09-30T08:05:36.002+00:00 host_mono_ns=2514555193094811 local_cell_num: 8
host_utc=2026-09-30T08:05:36.002+00:00 host_mono_ns=2514555193103237 locals.values.size: 8
host_utc=2026-09-30T08:05:36.002+00:00 host_mono_ns=2514555193111683 [2026-09-30 08:05:36.002] [info] restore label stack
host_utc=2026-09-30T08:05:36.002+00:00 host_mono_ns=2514555193123044 local_cell_num: 13
host_utc=2026-09-30T08:05:36.002+00:00 host_mono_ns=2514555193134416 locals.values.size: 13
host_utc=2026-09-30T08:05:36.002+00:00 host_mono_ns=2514555193146018 [2026-09-30 08:05:36.002] [info] restore label stack
host_utc=2026-09-30T08:05:36.002+00:00 host_mono_ns=2514555193156708 local_cell_num: 19
host_utc=2026-09-30T08:05:36.002+00:00 host_mono_ns=2514555193165294 locals.values.size: 19
host_utc=2026-09-30T08:05:36.003+00:00 host_mono_ns=2514555193173730 [2026-09-30 08:05:36.002] [info] restore label stack
host_utc=2026-09-30T08:05:36.003+00:00 host_mono_ns=2514555193182306 local_cell_num: 63
host_utc=2026-09-30T08:05:36.003+00:00 host_mono_ns=2514555193190522 locals.values.size: 63
host_utc=2026-09-30T08:05:36.003+00:00 host_mono_ns=2514555193198898 [2026-09-30 08:05:36.002] [info] restore label stack
host_utc=2026-09-30T08:05:36.003+00:00 host_mono_ns=2514555193207303 local_cell_num: 9
host_utc=2026-09-30T08:05:36.003+00:00 host_mono_ns=2514555193215699 locals.values.size: 9
host_utc=2026-09-30T08:05:36.003+00:00 host_mono_ns=2514555193224055 [2026-09-30 08:05:36.002] [info] restore label stack
host_utc=2026-09-30T08:05:36.003+00:00 host_mono_ns=2514555193232581 local_cell_num: 9
host_utc=2026-09-30T08:05:36.003+00:00 host_mono_ns=2514555193240847 locals.values.size: 9
host_utc=2026-09-30T08:05:36.003+00:00 host_mono_ns=2514555193249223 [2026-09-30 08:05:36.002] [info] restore label stack
host_utc=2026-09-30T08:05:36.003+00:00 host_mono_ns=2514555193257639 local_cell_num: 6
host_utc=2026-09-30T08:05:36.003+00:00 host_mono_ns=2514555193266595 locals.values.size: 6
host_utc=2026-09-30T08:05:36.003+00:00 host_mono_ns=2514555193274931 [2026-09-30 08:05:36.002] [info] restore label stack
host_utc=2026-09-30T08:05:36.003+00:00 host_mono_ns=2514555193283547 [2026-09-30 08:05:36.002] [info] Finish to restore stack
host_utc=2026-09-30T08:05:36.003+00:00 host_mono_ns=2514555193292404 
host_utc=2026-09-30T08:05:36.003+00:00 host_mono_ns=2514555193300950 program counter, 15449
host_utc=2026-09-30T08:05:36.003+00:00 host_mono_ns=2514555193315358 initします
host_utc=2026-09-30T08:05:36.004+00:00 host_mono_ns=2514555194551933 boot_end, 2514555194428901
host_utc=2026-09-30T08:05:36.004+00:00 host_mono_ns=2514555194591959 wasm_cluster_increase_checkpointing_counter called 1
host_utc=2026-09-30T08:05:36.004+00:00 host_mono_ns=2514555194608090 Restoring wasm thread 4
host_utc=2026-09-30T08:05:36.004+00:00 host_mono_ns=2514555194620022 wasm_cluster_increase_checkpointing_counter called 2
host_utc=2026-09-30T08:05:36.004+00:00 host_mono_ns=2514555194632896 wasm_cluster_increase_checkpointing_counter called 3
host_utc=2026-09-30T08:05:36.004+00:00 host_mono_ns=2514555194645801 [2026-09-30 08:05:36.004] [info] wasm_restore_stack
host_utc=2026-09-30T08:05:36.004+00:00 host_mono_ns=2514555194658866 
host_utc=2026-09-30T08:05:36.004+00:00 host_mono_ns=2514555194678513 local_cell_num: 2
host_utc=2026-09-30T08:05:36.004+00:00 host_mono_ns=2514555194691177 locals.values.size: 2
host_utc=2026-09-30T08:05:36.004+00:00 host_mono_ns=2514555194702418 [2026-09-30 08:05:36.004] [info] restore label stack
host_utc=2026-09-30T08:05:36.004+00:00 host_mono_ns=2514555194714661 local_cell_num: 8
host_utc=2026-09-30T08:05:36.004+00:00 host_mono_ns=2514555194725702 locals.values.size: 8
host_utc=2026-09-30T08:05:36.004+00:00 host_mono_ns=2514555194737614 [2026-09-30 08:05:36.004] [info] restore label stack
host_utc=2026-09-30T08:05:36.004+00:00 host_mono_ns=2514555194750108 local_cell_num: 14
host_utc=2026-09-30T08:05:36.004+00:00 host_mono_ns=2514555194775446 locals.values.size: 14
host_utc=2026-09-30T08:05:36.004+00:00 host_mono_ns=2514555194789142 [2026-09-30 08:05:36.004] [info] restore label stack
host_utc=2026-09-30T08:05:36.004+00:00 host_mono_ns=2514555194801755 [02:29:15:514 - 742DC85FA840]: local_cell_num: 215
host_utc=2026-09-30T08:05:36.004+00:00 host_mono_ns=2514555194814409 warning: failed to link import function (env, pthread_exit)locals.values.size: 215
host_utc=2026-09-30T08:05:36.004+00:00 host_mono_ns=2514555194828105 [2026-09-30 08:05:36.004] [info] restore label stack
host_utc=2026-09-30T08:05:36.004+00:00 host_mono_ns=2514555194840859 
host_utc=2026-09-30T08:05:36.004+00:00 host_mono_ns=2514555194852882 local_cell_num: 77
host_utc=2026-09-30T08:05:36.004+00:00 host_mono_ns=2514555194865165 locals.values.size: 77
host_utc=2026-09-30T08:05:36.004+00:00 host_mono_ns=2514555194877759 [2026-09-30 08:05:36.004] [info] restore label stack
host_utc=2026-09-30T08:05:36.004+00:00 host_mono_ns=2514555194890142 local_cell_num: 22
host_utc=2026-09-30T08:05:36.004+00:00 host_mono_ns=2514555194902506 locals.values.size: 22
host_utc=2026-09-30T08:05:36.004+00:00 host_mono_ns=2514555194914639 [2026-09-30 08:05:36.004] [info] restore label stack
host_utc=2026-09-30T08:05:36.004+00:00 host_mono_ns=2514555194924678 [2026-09-30 08:05:36.004] [info] Finish to restore stack
host_utc=2026-09-30T08:05:36.004+00:00 host_mono_ns=2514555194934586 
host_utc=2026-09-30T08:05:36.004+00:00 host_mono_ns=2514555194944615 stack, 142719
host_utc=2026-09-30T08:05:36.004+00:00 host_mono_ns=2514555194960676 global, 23514
host_utc=2026-09-30T08:05:36.004+00:00 host_mono_ns=2514555194969663 program counter, 13335
host_utc=2026-09-30T08:05:36.004+00:00 host_mono_ns=2514555195073870 initします
host_utc=2026-09-30T08:05:36.006+00:00 host_mono_ns=2514555196450260 boot_end, 2514555196275390
host_utc=2026-09-30T08:05:36.006+00:00 host_mono_ns=2514555196497269 thread 4 restore
host_utc=2026-09-30T08:05:36.006+00:00 host_mono_ns=2514555196517798 wasm_cluster_increase_checkpointing_counter called 1
host_utc=2026-09-30T08:05:36.006+00:00 host_mono_ns=2514555196536333 Restoring wasm thread 3
host_utc=2026-09-30T08:05:36.006+00:00 host_mono_ns=2514555196548876 wasm_cluster_increase_checkpointing_counter called 2
host_utc=2026-09-30T08:05:36.006+00:00 host_mono_ns=2514555196560809 wasm_cluster_increase_checkpointing_counter called 3
host_utc=2026-09-30T08:05:36.006+00:00 host_mono_ns=2514555196572842 [2026-09-30 08:05:36.006] [info] wasm_restore_stack
host_utc=2026-09-30T08:05:36.006+00:00 host_mono_ns=2514555196584834 
host_utc=2026-09-30T08:05:36.006+00:00 host_mono_ns=2514555196596877 local_cell_num: 2
host_utc=2026-09-30T08:05:36.006+00:00 host_mono_ns=2514555196608479 locals.values.size: 2
host_utc=2026-09-30T08:05:36.006+00:00 host_mono_ns=2514555196620241 [2026-09-30 08:05:36.006] [info] restore label stack
host_utc=2026-09-30T08:05:36.006+00:00 host_mono_ns=2514555196631973 local_cell_num: 8
host_utc=2026-09-30T08:05:36.006+00:00 host_mono_ns=2514555196643335 locals.values.size: 8
host_utc=2026-09-30T08:05:36.006+00:00 host_mono_ns=2514555196654656 [2026-09-30 08:05:36.006] [info] restore label stack
host_utc=2026-09-30T08:05:36.006+00:00 host_mono_ns=2514555196666078 local_cell_num: 14
host_utc=2026-09-30T08:05:36.006+00:00 host_mono_ns=2514555196677429 locals.values.size: 14
host_utc=2026-09-30T08:05:36.006+00:00 host_mono_ns=2514555196689131 [2026-09-30 08:05:36.006] [info] restore label stack
host_utc=2026-09-30T08:05:36.006+00:00 host_mono_ns=2514555196700543 [02:29:15:364 - 742DC85FA840]: local_cell_num: 215
host_utc=2026-09-30T08:05:36.006+00:00 host_mono_ns=2514555196712045 locals.values.size: 215
host_utc=2026-09-30T08:05:36.006+00:00 host_mono_ns=2514555196723496 warning: failed to link import function (env, pthread_exit)
host_utc=2026-09-30T08:05:36.006+00:00 host_mono_ns=2514555196735599 [2026-09-30 08:05:36.006] [info] restore label stack
host_utc=2026-09-30T08:05:36.006+00:00 host_mono_ns=2514555196746890 local_cell_num: 77
host_utc=2026-09-30T08:05:36.006+00:00 host_mono_ns=2514555196771377 locals.values.size: 77
host_utc=2026-09-30T08:05:36.006+00:00 host_mono_ns=2514555196782878 [2026-09-30 08:05:36.006] [info] restore label stack
host_utc=2026-09-30T08:05:36.006+00:00 host_mono_ns=2514555196794110 local_cell_num: 22
host_utc=2026-09-30T08:05:36.006+00:00 host_mono_ns=2514555196805211 locals.values.size: 22
host_utc=2026-09-30T08:05:36.006+00:00 host_mono_ns=2514555196816542 [2026-09-30 08:05:36.006] [info] restore label stack
host_utc=2026-09-30T08:05:36.006+00:00 host_mono_ns=2514555196827924 [2026-09-30 08:05:36.006] [info] Finish to restore stack
host_utc=2026-09-30T08:05:36.006+00:00 host_mono_ns=2514555196839616 
host_utc=2026-09-30T08:05:36.006+00:00 host_mono_ns=2514555196858792 stack, 138121
host_utc=2026-09-30T08:05:36.006+00:00 host_mono_ns=2514555196870835 global, 24426
host_utc=2026-09-30T08:05:36.006+00:00 host_mono_ns=2514555196882296 program counter, 12905
host_utc=2026-09-30T08:05:36.006+00:00 host_mono_ns=2514555196893918 initします
host_utc=2026-09-30T08:05:36.008+00:00 host_mono_ns=2514555198224773 boot_end, 2514555198101219
host_utc=2026-09-30T08:05:36.008+00:00 host_mono_ns=2514555198256172 thread 3 restore
host_utc=2026-09-30T08:05:36.008+00:00 host_mono_ns=2514555198271170 wasm_cluster_increase_checkpointing_counter called 1
host_utc=2026-09-30T08:05:36.008+00:00 host_mono_ns=2514555198285147 Restoring wasm thread 2
host_utc=2026-09-30T08:05:36.008+00:00 host_mono_ns=2514555198297360 wasm_cluster_increase_checkpointing_counter called 2
host_utc=2026-09-30T08:05:36.008+00:00 host_mono_ns=2514555198306888 wasm_cluster_increase_checkpointing_counter called 3
host_utc=2026-09-30T08:05:36.008+00:00 host_mono_ns=2514555198316135 [2026-09-30 08:05:36.007] [info] wasm_restore_stack
host_utc=2026-09-30T08:05:36.008+00:00 host_mono_ns=2514555198325132 
host_utc=2026-09-30T08:05:36.008+00:00 host_mono_ns=2514555198340531 [02:29:15:182 - 742DC85FA840]: warning: failed to link import function (env, pthread_exit)
host_utc=2026-09-30T08:05:36.008+00:00 host_mono_ns=2514555198350370 local_cell_num: 2
host_utc=2026-09-30T08:05:36.008+00:00 host_mono_ns=2514555198359247 locals.values.size: 2
host_utc=2026-09-30T08:05:36.008+00:00 host_mono_ns=2514555198368073 [2026-09-30 08:05:36.008] [info] restore label stack
host_utc=2026-09-30T08:05:36.008+00:00 host_mono_ns=2514555198377020 local_cell_num: 8
host_utc=2026-09-30T08:05:36.008+00:00 host_mono_ns=2514555198385526 locals.values.size: 8
host_utc=2026-09-30T08:05:36.008+00:00 host_mono_ns=2514555198393962 [2026-09-30 08:05:36.008] [info] restore label stack
host_utc=2026-09-30T08:05:36.008+00:00 host_mono_ns=2514555198402458 local_cell_num: 14
host_utc=2026-09-30T08:05:36.008+00:00 host_mono_ns=2514555198410884 locals.values.size: 14
host_utc=2026-09-30T08:05:36.008+00:00 host_mono_ns=2514555198419751 [2026-09-30 08:05:36.008] [info] restore label stack
host_utc=2026-09-30T08:05:36.008+00:00 host_mono_ns=2514555198428377 local_cell_num: 215
host_utc=2026-09-30T08:05:36.008+00:00 host_mono_ns=2514555198436803 locals.values.size: 215
host_utc=2026-09-30T08:05:36.008+00:00 host_mono_ns=2514555198445369 [2026-09-30 08:05:36.008] [info] restore label stack
host_utc=2026-09-30T08:05:36.008+00:00 host_mono_ns=2514555198453775 thread 2 restore
host_utc=2026-09-30T08:05:36.008+00:00 host_mono_ns=2514555198462291 local_cell_num: 77
host_utc=2026-09-30T08:05:36.008+00:00 host_mono_ns=2514555198470617 locals.values.size: 77
host_utc=2026-09-30T08:05:36.008+00:00 host_mono_ns=2514555198479113 [2026-09-30 08:05:36.008] [info] restore label stack
host_utc=2026-09-30T08:05:36.008+00:00 host_mono_ns=2514555198487579 local_cell_num: 22
host_utc=2026-09-30T08:05:36.008+00:00 host_mono_ns=2514555198495985 locals.values.size: 22
host_utc=2026-09-30T08:05:36.008+00:00 host_mono_ns=2514555198504381 [2026-09-30 08:05:36.008] [info] restore label stack
host_utc=2026-09-30T08:05:36.008+00:00 host_mono_ns=2514555198512887 [2026-09-30 08:05:36.008] [info] Finish to restore stack
host_utc=2026-09-30T08:05:36.008+00:00 host_mono_ns=2514555198531793 
host_utc=2026-09-30T08:05:36.008+00:00 host_mono_ns=2514555198542212 stack, 102654
host_utc=2026-09-30T08:05:36.008+00:00 host_mono_ns=2514555198553784 global, 21380
host_utc=2026-09-30T08:05:36.008+00:00 host_mono_ns=2514555198562881 program counter, 13425
host_utc=2026-09-30T08:05:36.008+00:00 host_mono_ns=2514555198668972 initします
host_utc=2026-09-30T08:05:36.009+00:00 host_mono_ns=2514555200049230 wasm_cluster_increase_checkpointing_counter called 1
host_utc=2026-09-30T08:05:36.009+00:00 host_mono_ns=2514555200064569 Restoring wasm thread 1
host_utc=2026-09-30T08:05:36.009+00:00 host_mono_ns=2514555200071692 wasm_cluster_increase_checkpointing_counter called 2
host_utc=2026-09-30T08:05:36.009+00:00 host_mono_ns=2514555200078044 wasm_cluster_increase_checkpointing_counter called 3
host_utc=2026-09-30T08:05:36.009+00:00 host_mono_ns=2514555200084526 [2026-09-30 08:05:36.009] [info] wasm_restore_stack
host_utc=2026-09-30T08:05:36.009+00:00 host_mono_ns=2514555200093413 
host_utc=2026-09-30T08:05:36.009+00:00 host_mono_ns=2514555200099705 boot_end, 2514555199896441
host_utc=2026-09-30T08:05:36.009+00:00 host_mono_ns=2514555200156021 stack, 85101
host_utc=2026-09-30T08:05:36.010+00:00 host_mono_ns=2514555200179436 local_cell_num: 2
host_utc=2026-09-30T08:05:36.010+00:00 host_mono_ns=2514555200190496 locals.values.size: 2
host_utc=2026-09-30T08:05:36.010+00:00 host_mono_ns=2514555200200095 [2026-09-30 08:05:36.009] [info] restore label stack
host_utc=2026-09-30T08:05:36.010+00:00 host_mono_ns=2514555200209893 local_cell_num: 8
host_utc=2026-09-30T08:05:36.010+00:00 host_mono_ns=2514555200218660 locals.values.size: 8
host_utc=2026-09-30T08:05:36.010+00:00 host_mono_ns=2514555200227296 [2026-09-30 08:05:36.009] [info] restore label stack
host_utc=2026-09-30T08:05:36.010+00:00 host_mono_ns=2514555200236022 local_cell_num: 14
host_utc=2026-09-30T08:05:36.010+00:00 host_mono_ns=2514555200244639 locals.values.size: 14
host_utc=2026-09-30T08:05:36.010+00:00 host_mono_ns=2514555200253445 [2026-09-30 08:05:36.009] [info] restore label stack
host_utc=2026-09-30T08:05:36.010+00:00 host_mono_ns=2514555200262082 local_cell_num: 215
host_utc=2026-09-30T08:05:36.010+00:00 host_mono_ns=2514555200270678 locals.values.size: 215
host_utc=2026-09-30T08:05:36.010+00:00 host_mono_ns=2514555200279424 [2026-09-30 08:05:36.009] [info] restore label stack
host_utc=2026-09-30T08:05:36.010+00:00 host_mono_ns=2514555200288021 [02:29:15:978 - 742DC85FA840]: warning: failed to link import function (env, pthread_exit)
host_utc=2026-09-30T08:05:36.010+00:00 host_mono_ns=2514555200297629 local_cell_num: 77
host_utc=2026-09-30T08:05:36.010+00:00 host_mono_ns=2514555200306075 locals.values.size: 77
host_utc=2026-09-30T08:05:36.010+00:00 host_mono_ns=2514555200314581 [2026-09-30 08:05:36.009] [info] restore label stack
host_utc=2026-09-30T08:05:36.010+00:00 host_mono_ns=2514555200323077 local_cell_num: 22
host_utc=2026-09-30T08:05:36.010+00:00 host_mono_ns=2514555200331393 locals.values.size: 22
host_utc=2026-09-30T08:05:36.010+00:00 host_mono_ns=2514555200339879 [2026-09-30 08:05:36.009] [info] restore label stack
host_utc=2026-09-30T08:05:36.010+00:00 host_mono_ns=2514555200350779 [2026-09-30 08:05:36.009] [info] Finish to restore stack
host_utc=2026-09-30T08:05:36.010+00:00 host_mono_ns=2514555200362201 
host_utc=2026-09-30T08:05:36.010+00:00 host_mono_ns=2514555200371559 global, 51988
host_utc=2026-09-30T08:05:36.010+00:00 host_mono_ns=2514555200380255 program counter, 12083
host_utc=2026-09-30T08:05:36.010+00:00 host_mono_ns=2514555200470445 initします
host_utc=2026-09-30T08:05:36.010+00:00 host_mono_ns=2514555200503708 thread 1 restore
host_utc=2026-09-30T08:05:36.010+00:00 host_mono_ns=2514555200519668 wasm_cluster_increase_checkpointing_counter called 1
host_utc=2026-09-30T08:05:36.010+00:00 host_mono_ns=2514555200533525 wasm_cluster_increase_checkpointing_counter called 2
host_utc=2026-09-30T08:05:36.010+00:00 host_mono_ns=2514555200546138 wasm_cluster_increase_checkpointing_counter called 3
host_utc=2026-09-30T08:05:36.010+00:00 host_mono_ns=2514555200570795 [2026-09-30 08:05:36.010] [info] wasm_restore_stack
host_utc=2026-09-30T08:05:36.010+00:00 host_mono_ns=2514555200583258 
host_utc=2026-09-30T08:05:36.011+00:00 host_mono_ns=2514555202155829 boot_end, 2514555201987812
host_utc=2026-09-30T08:05:36.012+00:00 host_mono_ns=2514555202208379 local_cell_num: 1
host_utc=2026-09-30T08:05:36.012+00:00 host_mono_ns=2514555202230290 locals.values.size: 1
host_utc=2026-09-30T08:05:36.012+00:00 host_mono_ns=2514555202250328 [2026-09-30 08:05:36.011] [info] wasm_restore_stack
host_utc=2026-09-30T08:05:36.012+00:00 host_mono_ns=2514555202270436 
host_utc=2026-09-30T08:05:36.012+00:00 host_mono_ns=2514555202289602 [2026-09-30 08:05:36.011] [info] restore label stack
host_utc=2026-09-30T08:05:36.012+00:00 host_mono_ns=2514555202307977 local_cell_num: 3
host_utc=2026-09-30T08:05:36.012+00:00 host_mono_ns=2514555202325931 locals.values.size: 3
host_utc=2026-09-30T08:05:36.012+00:00 host_mono_ns=2514555202339456 [2026-09-30 08:05:36.011] [info] restore label stack
host_utc=2026-09-30T08:05:36.012+00:00 host_mono_ns=2514555202352721 local_cell_num: 147
host_utc=2026-09-30T08:05:36.012+00:00 host_mono_ns=2514555202365746 locals.values.size: 147
host_utc=2026-09-30T08:05:36.012+00:00 host_mono_ns=2514555202378891 [2026-09-30 08:05:36.011] [info] restore label stack
host_utc=2026-09-30T08:05:36.012+00:00 host_mono_ns=2514555202391785 local_cell_num: 19
host_utc=2026-09-30T08:05:36.012+00:00 host_mono_ns=2514555202404569 locals.values.size: 19
host_utc=2026-09-30T08:05:36.012+00:00 host_mono_ns=2514555202417734 [2026-09-30 08:05:36.011] [info] restore label stack
host_utc=2026-09-30T08:05:36.012+00:00 host_mono_ns=2514555202430699 local_cell_num: 63
host_utc=2026-09-30T08:05:36.012+00:00 host_mono_ns=2514555202443282 locals.values.size: 63
host_utc=2026-09-30T08:05:36.012+00:00 host_mono_ns=2514555202455946 [2026-09-30 08:05:36.011] [info] restore label stack
host_utc=2026-09-30T08:05:36.012+00:00 host_mono_ns=2514555202468600 local_cell_num: 9
host_utc=2026-09-30T08:05:36.012+00:00 host_mono_ns=2514555202481234 locals.values.size: 9
host_utc=2026-09-30T08:05:36.012+00:00 host_mono_ns=2514555202493958 [2026-09-30 08:05:36.011] [info] restore label stack
host_utc=2026-09-30T08:05:36.012+00:00 host_mono_ns=2514555202506712 local_cell_num: 9
host_utc=2026-09-30T08:05:36.012+00:00 host_mono_ns=2514555202519316 locals.values.size: 9
host_utc=2026-09-30T08:05:36.012+00:00 host_mono_ns=2514555202531990 [2026-09-30 08:05:36.011] [info] restore label stack
host_utc=2026-09-30T08:05:36.012+00:00 host_mono_ns=2514555202544694 local_cell_num: 6
host_utc=2026-09-30T08:05:36.012+00:00 host_mono_ns=2514555202557107 locals.values.size: 6
host_utc=2026-09-30T08:05:36.012+00:00 host_mono_ns=2514555202569821 [2026-09-30 08:05:36.011] [info] restore label stack
host_utc=2026-09-30T08:05:36.012+00:00 host_mono_ns=2514555202592083 [2026-09-30 08:05:36.011] [info] Finish to restore stack
host_utc=2026-09-30T08:05:36.012+00:00 host_mono_ns=2514555202606781 
host_utc=2026-09-30T08:05:36.012+00:00 host_mono_ns=2514555202620247 stack, 1721081
host_utc=2026-09-30T08:05:36.012+00:00 host_mono_ns=2514555202633251 local_cell_num: 2
host_utc=2026-09-30T08:05:36.012+00:00 host_mono_ns=2514555202645855 locals.values.size: 2
host_utc=2026-09-30T08:05:36.012+00:00 host_mono_ns=2514555202658299 [2026-09-30 08:05:36.011] [info] restore label stack
host_utc=2026-09-30T08:05:36.012+00:00 host_mono_ns=2514555202671093 local_cell_num: 8
host_utc=2026-09-30T08:05:36.012+00:00 host_mono_ns=2514555202683566 locals.values.size: 8
host_utc=2026-09-30T08:05:36.012+00:00 host_mono_ns=2514555202696270 [2026-09-30 08:05:36.011] [info] restore label stack
host_utc=2026-09-30T08:05:36.012+00:00 host_mono_ns=2514555202709044 local_cell_num: 14
host_utc=2026-09-30T08:05:36.012+00:00 host_mono_ns=2514555202721608 locals.values.size: 14
host_utc=2026-09-30T08:05:36.012+00:00 host_mono_ns=2514555202734312 [2026-09-30 08:05:36.011] [info] restore label stack
host_utc=2026-09-30T08:05:36.012+00:00 host_mono_ns=2514555202761343 local_cell_num: 155
host_utc=2026-09-30T08:05:36.012+00:00 host_mono_ns=2514555202774298 locals.values.size: 155
host_utc=2026-09-30T08:05:36.012+00:00 host_mono_ns=2514555202787232 [2026-09-30 08:05:36.011] [info] restore label stack
host_utc=2026-09-30T08:05:36.012+00:00 host_mono_ns=2514555202800006 local_cell_num: 19
host_utc=2026-09-30T08:05:36.012+00:00 host_mono_ns=2514555202812480 locals.values.size: 19
host_utc=2026-09-30T08:05:36.012+00:00 host_mono_ns=2514555202824903 [2026-09-30 08:05:36.011] [info] restore label stack
host_utc=2026-09-30T08:05:36.012+00:00 host_mono_ns=2514555202837657 local_cell_num: 63
host_utc=2026-09-30T08:05:36.012+00:00 host_mono_ns=2514555202850041 locals.values.size: 63
host_utc=2026-09-30T08:05:36.012+00:00 host_mono_ns=2514555202862594 [2026-09-30 08:05:36.012] [info] restore label stack
host_utc=2026-09-30T08:05:36.012+00:00 host_mono_ns=2514555202875268 local_cell_num: 9
host_utc=2026-09-30T08:05:36.012+00:00 host_mono_ns=2514555202887782 locals.values.size: 9
host_utc=2026-09-30T08:05:36.012+00:00 host_mono_ns=2514555202900195 [2026-09-30 08:05:36.012] [info] restore label stack
host_utc=2026-09-30T08:05:36.012+00:00 host_mono_ns=2514555202912869 local_cell_num: 9
host_utc=2026-09-30T08:05:36.012+00:00 host_mono_ns=2514555202925143 locals.values.size: 9
host_utc=2026-09-30T08:05:36.012+00:00 host_mono_ns=2514555202937626 [2026-09-30 08:05:36.012] [info] restore label stack
host_utc=2026-09-30T08:05:36.012+00:00 host_mono_ns=2514555202950240 local_cell_num: 6
host_utc=2026-09-30T08:05:36.012+00:00 host_mono_ns=2514555202962623 locals.values.size: 6
host_utc=2026-09-30T08:05:36.012+00:00 host_mono_ns=2514555202975107 [2026-09-30 08:05:36.012] [info] restore label stack
host_utc=2026-09-30T08:05:36.012+00:00 host_mono_ns=2514555202987971 [2026-09-30 08:05:36.012] [info] Finish to restore stack
host_utc=2026-09-30T08:05:36.012+00:00 host_mono_ns=2514555203012387 
host_utc=2026-09-30T08:05:36.012+00:00 host_mono_ns=2514555203032886 stack, 182535
host_utc=2026-09-30T08:05:36.012+00:00 host_mono_ns=2514555203046201 global, 39975
host_utc=2026-09-30T08:05:36.012+00:00 host_mono_ns=2514555203059086 program counter, 21711
host_utc=2026-09-30T08:05:36.817+00:00 host_mono_ns=2514556007743236 memory, 805357572
host_utc=2026-09-30T08:05:36.817+00:00 host_mono_ns=2514556007853063 global, 10299
host_utc=2026-09-30T08:05:36.817+00:00 host_mono_ns=2514556007870997 program counter, 12614
host_utc=2026-09-30T08:05:36.821+00:00 host_mono_ns=2514556011587939 '
host_utc=2026-09-30T08:05:36.821+00:00 host_mono_ns=2514556011624839 LOG_DEBUG : 00000015.234 : [MROS2LIB] message get [callback_handler] msg_sn_high: 0 msg_sn_low: c
host_utc=2026-09-30T08:05:36.821+00:00 host_mono_ns=2514556011640809 subscribed msg: 'Hello from mros2-posix onto Linux: 15'
host_utc=2026-09-30T08:05:36.821+00:00 host_mono_ns=2514556011662781 LOG_ERROR : 00000018.352 : LOG_ERROR : 00000018.352 : LOG_ERROR : 00000018.352 : UDP_RECV result=error errno=27 fd=3 recv=-1UDP_RECV result=error errno=27 fd=15 recv=-1
host_utc=2026-09-30T08:05:36.821+00:00 host_mono_ns=2514556011676577 UDP_RECV result=error errno=27 fd=13 recv=-1
host_utc=2026-09-30T08:05:36.821+00:00 host_mono_ns=2514556011688379 LOG_ERROR : 00000018.353 : LOG_ERROR : 00000018.353 : UDP_RECV_RECOVERY action=start fd=3UDP_RECV_RECOVERY action=start fd=15
host_utc=2026-09-30T08:05:36.821+00:00 host_mono_ns=2514556011701574 
host_utc=2026-09-30T08:05:36.821+00:00 host_mono_ns=2514556011713256 LOG_ERROR : 00000018.353 : LOG_ERROR : 00000018.352 : UDP_RECV_RECOVERY action=start fd=13set TTL: ttl=255, optlen=4
host_utc=2026-09-30T08:05:36.821+00:00 host_mono_ns=2514556011724698 
host_utc=2026-09-30T08:05:36.821+00:00 host_mono_ns=2514556011735448 UDP_RECV result=error errno=27 fd=5 recv=-1set TTL: ttl=255, optlen=4
host_utc=2026-09-30T08:05:36.821+00:00 host_mono_ns=2514556011747000 
host_utc=2026-09-30T08:05:36.821+00:00 host_mono_ns=2514556011757630 LOG_ERROR : 00000018.353 : LOG_ERROR : 00000018.354 : UDP_RECV_RECOVERY result=ok rc=0 old_fd=3 new_fd=6LOG_ERROR : 00000018.354 :
host_utc=2026-09-30T08:05:36.821+00:00 host_mono_ns=2514556011784050 UDP_RECV_RECOVERY result=ok rc=0 old_fd=13 new_fd=12UDP_RECV_RECOVERY action=start fd=5
host_utc=2026-09-30T08:05:36.821+00:00 host_mono_ns=2514556011796043 
host_utc=2026-09-30T08:05:36.821+00:00 host_mono_ns=2514556011806823 
host_utc=2026-09-30T08:05:41.822+00:00 host_mono_ns=2514561012721875 LOG_ERROR : 00000018.354 : LOG_ERROR : 00000018.354 : UDP_RECV_RECOVERY result=ok rc=0 old_fd=15 new_fd=28UDP_RECV_RECOVERY result=ok rc=0 old_fd=5 new_fd=3
host_utc=2026-09-30T08:05:41.822+00:00 host_mono_ns=2514561012794923 
host_utc=2026-09-30T08:05:41.822+00:00 host_mono_ns=2514561012818497 publishing msg: 'Hello from mros2-posix onto Linux: 16'
host_utc=2026-09-30T08:05:41.822+00:00 host_mono_ns=2514561012848794 LOG_DEBUG : 00000019.356 : [MROS2LIB] message get [callback_handler] msg_sn_high: 0 msg_sn_low: d
host_utc=2026-09-30T08:05:41.822+00:00 host_mono_ns=2514561012869774 subscribed msg: 'Hello from mros2-posix onto Linux: 16'
host_utc=2026-09-30T08:05:41.822+00:00 host_mono_ns=2514561012890784 publishing msg: 'Hello from mros2-posix onto Linux: 17'
host_utc=2026-09-30T08:05:41.822+00:00 host_mono_ns=2514561012909720 LOG_DEBUG : 00000020.354 : [MROS2LIB] message get [callback_handler] msg_sn_high: 0 msg_sn_low: e
host_utc=2026-09-30T08:05:41.822+00:00 host_mono_ns=2514561012927673 subscribed msg: 'Hello from mros2-posix onto Linux: 17'
host_utc=2026-09-30T08:05:41.822+00:00 host_mono_ns=2514561012947691 publishing msg: 'Hello from mros2-posix onto Linux: 18'
host_utc=2026-09-30T08:05:41.822+00:00 host_mono_ns=2514561012967208 LOG_DEBUG : 00000021.354 : [MROS2LIB] message get [callback_handler] msg_sn_high: 0 msg_sn_low: f
host_utc=2026-09-30T08:05:41.822+00:00 host_mono_ns=2514561012985252 subscribed msg: 'Hello from mros2-posix onto Linux: 18'
host_utc=2026-09-30T08:05:41.822+00:00 host_mono_ns=2514561013023715 publishing msg: 'Hello from mros2-posix onto Linux: 19'
host_utc=2026-09-30T08:05:41.822+00:00 host_mono_ns=2514561013048271 LOG_DEBUG : 00000022.355 : [MROS2LIB] message get [callback_handler] msg_sn_high: 0 msg_sn_low: 10
host_utc=2026-09-30T08:05:41.822+00:00 host_mono_ns=2514561013068019 subscribed msg: 'Hello from mros2-posix onto Linux: 19'
host_utc=2026-09-30T08:05:41.822+00:00 host_mono_ns=2514561013088257 publishing msg: 'Hello from mros2-posix onto Linux: 20'
host_utc=2026-09-30T08:05:46.825+00:00 host_mono_ns=2514566015893836 LOG_DEBUG : 00000023.355 : [MROS2LIB] message get [callback_handler] msg_sn_high: 0 msg_sn_low: 11
host_utc=2026-09-30T08:05:46.825+00:00 host_mono_ns=2514566015964639 subscribed msg: 'Hello from mros2-posix onto Linux: 20'
host_utc=2026-09-30T08:05:46.825+00:00 host_mono_ns=2514566015994836 publishing msg: 'Hello from mros2-posix onto Linux: 21'
host_utc=2026-09-30T08:05:46.825+00:00 host_mono_ns=2514566016028520 LOG_DEBUG : 00000024.356 : [MROS2LIB] message get [callback_handler] msg_sn_high: 0 msg_sn_low: 12
host_utc=2026-09-30T08:05:46.825+00:00 host_mono_ns=2514566016050011 subscribed msg: 'Hello from mros2-posix onto Linux: 21'
host_utc=2026-09-30T08:05:46.825+00:00 host_mono_ns=2514566016069718 publishing msg: 'Hello from mros2-posix onto Linux: 22'
host_utc=2026-09-30T08:05:46.825+00:00 host_mono_ns=2514566016089285 LOG_DEBUG : 00000025.357 : [MROS2LIB] message get [callback_handler] msg_sn_high: 0 msg_sn_low: 13
host_utc=2026-09-30T08:05:46.825+00:00 host_mono_ns=2514566016107229 subscribed msg: 'Hello from mros2-posix onto Linux: 22'
host_utc=2026-09-30T08:05:46.825+00:00 host_mono_ns=2514566016127277 publishing msg: 'Hello from mros2-posix onto Linux: 23'
host_utc=2026-09-30T08:05:46.825+00:00 host_mono_ns=2514566016146403 LOG_DEBUG : 00000026.357 : [MROS2LIB] message get [callback_handler] msg_sn_high: 0 msg_sn_low: 14
host_utc=2026-09-30T08:05:46.825+00:00 host_mono_ns=2514566016163976 subscribed msg: 'Hello from mros2-posix onto Linux: 23'
host_utc=2026-09-30T08:05:46.826+00:00 host_mono_ns=2514566016182741 publishing msg: 'Hello from mros2-posix onto Linux: 24'
host_utc=2026-09-30T08:05:46.826+00:00 host_mono_ns=2514566016220232 LOG_DEBUG : 00000027.358 : [MROS2LIB] message get [callback_handler] msg_sn_high: 0 msg_sn_low: 15
host_utc=2026-09-30T08:05:46.826+00:00 host_mono_ns=2514566016233337 subscribed msg: 'Hello from mros2-posix onto Linux: 24'
host_utc=2026-09-30T08:05:46.826+00:00 host_mono_ns=2514566016245600 publishing msg: 'Hello from mros2-posix onto Linux: 25'
host_utc=2026-09-30T08:05:51.828+00:00 host_mono_ns=2514571018770040 LOG_DEBUG : 00000028.359 : [MROS2LIB] message get [callback_handler] msg_sn_high: 0 msg_sn_low: 16
host_utc=2026-09-30T08:05:51.828+00:00 host_mono_ns=2514571018842357 subscribed msg: 'Hello from mros2-posix onto Linux: 25'
host_utc=2026-09-30T08:05:51.828+00:00 host_mono_ns=2514571018876181 publishing msg: 'Hello from mros2-posix onto Linux: 26'
host_utc=2026-09-30T08:05:51.828+00:00 host_mono_ns=2514571018898082 LOG_DEBUG : 00000029.359 : [MROS2LIB] message get [callback_handler] msg_sn_high: 0 msg_sn_low: 17
host_utc=2026-09-30T08:05:51.828+00:00 host_mono_ns=2514571018917699 subscribed msg: 'Hello from mros2-posix onto Linux: 26'
host_utc=2026-09-30T08:05:51.828+00:00 host_mono_ns=2514571018937687 publishing msg: 'Hello from mros2-posix onto Linux: 27'
host_utc=2026-09-30T08:05:51.828+00:00 host_mono_ns=2514571018956423 LOG_DEBUG : 00000030.360 : [MROS2LIB] message get [callback_handler] msg_sn_high: 0 msg_sn_low: 18
host_utc=2026-09-30T08:05:51.828+00:00 host_mono_ns=2514571018973785 subscribed msg: 'Hello from mros2-posix onto Linux: 27'
host_utc=2026-09-30T08:05:51.828+00:00 host_mono_ns=2514571018992270 publishing msg: 'Hello from mros2-posix onto Linux: 28'
host_utc=2026-09-30T08:05:51.828+00:00 host_mono_ns=2514571019030422 LOG_DEBUG : 00000031.360 : [MROS2LIB] message get [callback_handler] msg_sn_high: 0 msg_sn_low: 19
host_utc=2026-09-30T08:05:51.828+00:00 host_mono_ns=2514571019052184 subscribed msg: 'Hello from mros2-posix onto Linux: 28'
host_utc=2026-09-30T08:05:51.828+00:00 host_mono_ns=2514571019070919 publishing msg: 'Hello from mros2-posix onto Linux: 29'
host_utc=2026-09-30T08:05:51.828+00:00 host_mono_ns=2514571019089244 LOG_DEBUG : 00000032.361 : [MROS2LIB] message get [callback_handler] msg_sn_high: 0 msg_sn_low: 1a
host_utc=2026-09-30T08:05:51.828+00:00 host_mono_ns=2514571019107218 subscribed msg: 'Hello from mros2-posix onto Linux: 29'
host_utc=2026-09-30T08:05:51.828+00:00 host_mono_ns=2514571019127105 publishing msg: 'Hello from mros2-posix onto Linux: 30'
host_utc=2026-09-30T08:05:52.091+00:00 host_mono_ns=2514571281799699 LOG_DEBUG : 00000033.362 : [MROS2LIB] message get [callback_handler] msg_sn_high:
host_utc=2026-09-30T08:05:52.091+00:00 host_mono_ns=2514571281908755 event=collector_process_exit source=restore exit_status=143
