-- The CXX compiler identification is Clang 17.0.6
-- The C compiler identification is Clang 17.0.6
System is unknown to cmake, create:
Platform/WASI to use this system, please post your config file on discourse.cmake.org so it can be added to cmake
-- Detecting CXX compiler ABI info
System is unknown to cmake, create:
Platform/WASI to use this system, please post your config file on discourse.cmake.org so it can be added to cmake
-- Detecting CXX compiler ABI info - done
-- Check for working CXX compiler: /opt/wasi-sdk-21/bin/clang++ - skipped
-- Detecting CXX compile features
-- Detecting CXX compile features - done
-- Detecting C compiler ABI info
System is unknown to cmake, create:
Platform/WASI to use this system, please post your config file on discourse.cmake.org so it can be added to cmake
-- Detecting C compiler ABI info - done
-- Check for working C compiler: /opt/wasi-sdk-21/bin/clang - skipped
-- Detecting C compile features
-- Detecting C compile features - done
-- WAMR_ROOT=/home/osslab/mros2-wasm-service-communication-socket-journal/third_party/wamr
-- CARTOGRAPHER_ROOT=/home/osslab/mros2-wasm-service-communication-socket-journal/third_party/cartographer
-- CARTOGRAPHER_LIBRARY_ROOT=/home/osslab/mros2-wasm-service-communication-socket-journal/third_party/cartographer-library
-- ZLIB_LIBRARY=/home/osslab/mros2-wasm-service-communication-socket-journal/cmake_build/zlib-wasi/libz.a
-- CMAKE_APPNAME=echoback_string
-- BUILD_TYPE debug
-- GCOV disabled
-- cmsis_DIR=/home/osslab/mros2-wasm-service-communication-socket-journal/cmsis-wasm/public
-- cmsis_DIR=/home/osslab/mros2-wasm-service-communication-socket-journal/lwip-wasm/../cmsis-wasm/public
-- BUILD_TYPE debug
-- LWIP_DIR /home/osslab/mros2-wasm-service-communication-socket-journal/lwip-wasm
-- LWIP_CORE_DIR /home/osslab/mros2-wasm-service-communication-socket-journal/lwip-wasm/lwip
-- WAMR_SOCKET_CMAKE /home/osslab/mros2-wasm-service-communication-socket-journal/third_party/wamr/core/iwasm/libraries/lib-socket/lib_socket_wasi.cmake
-- lwip_DIR=/home/osslab/mros2-wasm-service-communication-socket-journal/lwip-wasm/public
-- mros2_DIR=/home/osslab/mros2-wasm-service-communication-socket-journal/mros2
-- apl_SRCS is : /home/osslab/mros2-wasm-service-communication-socket-journal/workspace/echoback_string/app.cpp
-- Configuring done
-- Generating done
-- Build files have been written to: /tmp/mros2-wasm-discovery-probe-build
System is unknown to cmake, create:
Platform/WASI to use this system, please post your config file on discourse.cmake.org so it can be added to cmake
Your CMakeCache.txt file was copied to CopyOfCMakeCache.txt. Please post that file on discourse.cmake.org.
-- WAMR_ROOT=/home/osslab/mros2-wasm-service-communication-socket-journal/third_party/wamr
-- CARTOGRAPHER_ROOT=/home/osslab/mros2-wasm-service-communication-socket-journal/third_party/cartographer
-- CARTOGRAPHER_LIBRARY_ROOT=/home/osslab/mros2-wasm-service-communication-socket-journal/third_party/cartographer-library
-- ZLIB_LIBRARY=/home/osslab/mros2-wasm-service-communication-socket-journal/cmake_build/zlib-wasi/libz.a
-- CMAKE_APPNAME=echoback_string
-- BUILD_TYPE debug
-- GCOV disabled
-- cmsis_DIR=/home/osslab/mros2-wasm-service-communication-socket-journal/cmsis-wasm/public
-- cmsis_DIR=/home/osslab/mros2-wasm-service-communication-socket-journal/lwip-wasm/../cmsis-wasm/public
-- BUILD_TYPE debug
-- LWIP_DIR /home/osslab/mros2-wasm-service-communication-socket-journal/lwip-wasm
-- LWIP_CORE_DIR /home/osslab/mros2-wasm-service-communication-socket-journal/lwip-wasm/lwip
-- WAMR_SOCKET_CMAKE /home/osslab/mros2-wasm-service-communication-socket-journal/third_party/wamr/core/iwasm/libraries/lib-socket/lib_socket_wasi.cmake
-- lwip_DIR=/home/osslab/mros2-wasm-service-communication-socket-journal/lwip-wasm/public
-- mros2_DIR=/home/osslab/mros2-wasm-service-communication-socket-journal/mros2
-- apl_SRCS is : /home/osslab/mros2-wasm-service-communication-socket-journal/workspace/echoback_string/app.cpp
-- Configuring done
-- Generating done
-- Build files have been written to: /tmp/mros2-wasm-discovery-probe-build
