host_utc=2026-09-30T08:32:10.373+00:00 host_mono_ns=2516149563432417 boot_start, 2516149563161846
host_utc=2026-09-30T08:32:10.576+00:00 host_mono_ns=2516149766216164 11 stderr
host_utc=2026-09-30T08:32:10.576+00:00 host_mono_ns=2516149766256340 22 stderr
host_utc=2026-09-30T08:32:10.576+00:00 host_mono_ns=2516149766272080 signal init: 133487704786496
host_utc=2026-09-30T08:32:10.576+00:00 host_mono_ns=2516149766286196 initします
host_utc=2026-09-30T08:32:10.576+00:00 host_mono_ns=2516149767031665 boot_end, 2516149766841676
host_utc=2026-09-30T08:32:10.577+00:00 host_mono_ns=2516149767268612 3 stderr
host_utc=2026-09-30T08:32:10.577+00:00 host_mono_ns=2516149767548631 initします
host_utc=2026-09-30T08:32:10.578+00:00 host_mono_ns=2516149769071038 boot_end, 2516149768910274
host_utc=2026-09-30T08:32:10.579+00:00 host_mono_ns=2516149769202706 [02:55:49:986 - 7968075D8840]: Load type section success.
host_utc=2026-09-30T08:32:10.579+00:00 host_mono_ns=2516149769226651 
host_utc=2026-09-30T08:32:10.579+00:00 host_mono_ns=2516149769246890 [02:55:49:024 - 7968075D8840]: Load import section success.
host_utc=2026-09-30T08:32:10.579+00:00 host_mono_ns=2516149769266136 
host_utc=2026-09-30T08:32:10.579+00:00 host_mono_ns=2516149769282808 [02:55:49:143 - 7968075D8840]: Load function section success.
host_utc=2026-09-30T08:32:10.579+00:00 host_mono_ns=2516149769296343 
host_utc=2026-09-30T08:32:10.579+00:00 host_mono_ns=2516149769308636 [02:55:49:145 - 7968075D8840]: Load table section success.
host_utc=2026-09-30T08:32:10.579+00:00 host_mono_ns=2516149769321481 
host_utc=2026-09-30T08:32:10.579+00:00 host_mono_ns=2516149769333734 [02:55:49:148 - 7968075D8840]: Load global section success.
host_utc=2026-09-30T08:32:10.579+00:00 host_mono_ns=2516149769346448 
host_utc=2026-09-30T08:32:10.579+00:00 host_mono_ns=2516149769358651 [02:55:49:151 - 7968075D8840]: Load export section success.
host_utc=2026-09-30T08:32:10.579+00:00 host_mono_ns=2516149769371164 
host_utc=2026-09-30T08:32:10.579+00:00 host_mono_ns=2516149769383418 [02:55:49:151 - 7968075D8840]: Load start section success.
host_utc=2026-09-30T08:32:10.579+00:00 host_mono_ns=2516149769395951 
host_utc=2026-09-30T08:32:10.579+00:00 host_mono_ns=2516149769407994 [02:55:49:155 - 7968075D8840]: Load table segment section success.
host_utc=2026-09-30T08:32:10.579+00:00 host_mono_ns=2516149769420818 
host_utc=2026-09-30T08:32:10.579+00:00 host_mono_ns=2516149769432891 [02:55:49:156 - 7968075D8840]: Load datacount section success.
host_utc=2026-09-30T08:32:10.579+00:00 host_mono_ns=2516149769445665 
host_utc=2026-09-30T08:32:10.579+00:00 host_mono_ns=2516149769457808 [02:55:49:156 - 7968075D8840]: Load code segment section success.
host_utc=2026-09-30T08:32:10.579+00:00 host_mono_ns=2516149769470502 
host_utc=2026-09-30T08:32:10.579+00:00 host_mono_ns=2516149769482635 [02:55:49:157 - 7968075D8840]: Load data segment section success.
host_utc=2026-09-30T08:32:10.579+00:00 host_mono_ns=2516149769495119 
host_utc=2026-09-30T08:32:10.579+00:00 host_mono_ns=2516149769507482 [02:55:49:158 - 7968075D8840]: Ignore custom section [.debug_abbrev].
host_utc=2026-09-30T08:32:10.579+00:00 host_mono_ns=2516149769520466 [02:55:49:159 - 7968075D8840]: Ignore custom section [.debug_info].
host_utc=2026-09-30T08:32:10.579+00:00 host_mono_ns=2516149769533281 [02:55:49:159 - 7968075D8840]: Ignore custom section [.debug_ranges].
host_utc=2026-09-30T08:32:10.579+00:00 host_mono_ns=2516149769546045 [02:55:49:160 - 7968075D8840]: Ignore custom section [.debug_str].
host_utc=2026-09-30T08:32:10.579+00:00 host_mono_ns=2516149769558849 [02:55:49:161 - 7968075D8840]: Ignore custom section [.debug_line].
host_utc=2026-09-30T08:32:10.579+00:00 host_mono_ns=2516149769571503 [02:55:49:161 - 7968075D8840]: Ignore custom section [.debug_loc].
host_utc=2026-09-30T08:32:10.579+00:00 host_mono_ns=2516149769584067 [02:55:49:162 - 7968075D8840]: Ignore custom section [name].
host_utc=2026-09-30T08:32:10.579+00:00 host_mono_ns=2516149769596941 [02:55:49:162 - 7968075D8840]: Ignore custom section [producers].
host_utc=2026-09-30T08:32:10.579+00:00 host_mono_ns=2516149769609935 [02:55:49:163 - 7968075D8840]: Ignore custom section [target_features].
host_utc=2026-09-30T08:32:10.579+00:00 host_mono_ns=2516149769639942 [02:55:49:164 - 7968075D8840]: Found aux __heap_base global, value: 7855008
host_utc=2026-09-30T08:32:10.579+00:00 host_mono_ns=2516149769653057 [02:55:49:164 - 7968075D8840]: Found aux __data_end global, value: 1301396
host_utc=2026-09-30T08:32:10.579+00:00 host_mono_ns=2516149769666001 [02:55:49:165 - 7968075D8840]: Found aux stack top global, value: 7855008, global index: 0, stack size: 6553600
host_utc=2026-09-30T08:32:10.579+00:00 host_mono_ns=2516149769679557 [02:55:49:166 - 7968075D8840]: Found malloc function, name: malloc, index: 3154
host_utc=2026-09-30T08:32:10.579+00:00 host_mono_ns=2516149769692221 [02:55:49:167 - 7968075D8840]: Found free function, name: free, index: 3156
host_utc=2026-09-30T08:32:10.579+00:00 host_mono_ns=2516149769705225 [02:55:49:663 - 7968075D8840]: Load module success.
host_utc=2026-09-30T08:32:10.579+00:00 host_mono_ns=2516149769717839 
host_utc=2026-09-30T08:32:10.579+00:00 host_mono_ns=2516149769730543 [02:55:49:675 - 7968075D8840]: Memory instantiate:
host_utc=2026-09-30T08:32:10.579+00:00 host_mono_ns=2516149769743137 [02:55:49:675 - 7968075D8840]:   page bytes: 65536, init pages: 16384, max pages: 16384
host_utc=2026-09-30T08:32:10.579+00:00 host_mono_ns=2516149769756322 [02:55:49:676 - 7968075D8840]:   heap offset: 1073741824, heap size: 0
host_utc=2026-09-30T08:32:10.579+00:00 host_mono_ns=2516149769769176 
host_utc=2026-09-30T08:32:10.579+00:00 host_mono_ns=2516149769781439 [02:55:49:703 - 7968075D8840]: Memory instantiate success.
host_utc=2026-09-30T08:32:10.579+00:00 host_mono_ns=2516149769794264 [02:55:49:826 - 7968075D8840]: warning: failed to link import function (env, pthread_exit)
host_utc=2026-09-30T08:32:10.579+00:00 host_mono_ns=2516149769807388 Restoring wasm thread 11
host_utc=2026-09-30T08:32:10.579+00:00 host_mono_ns=2516149769820283 [02:55:49:968 - 7968075D8840]: warning: failed to link import function (env, pthread_exit)
host_utc=2026-09-30T08:32:10.579+00:00 host_mono_ns=2516149769833087 thread 11 restore
host_utc=2026-09-30T08:32:10.579+00:00 host_mono_ns=2516149769846021 Restoring wasm thread 10
host_utc=2026-09-30T08:32:10.579+00:00 host_mono_ns=2516149769858375 [02:55:49:983 - 7968075D8840]: warning: failed to link import function (env, pthread_exit)
host_utc=2026-09-30T08:32:10.579+00:00 host_mono_ns=2516149769871019 thread 10 restore
host_utc=2026-09-30T08:32:10.579+00:00 host_mono_ns=2516149769883622 [2026-09-30 08:32:10.578] [info] wasm_restore_stack
host_utc=2026-09-30T08:32:10.579+00:00 host_mono_ns=2516149769896376 
host_utc=2026-09-30T08:32:10.579+00:00 host_mono_ns=2516149769918548 stack, 253689
host_utc=2026-09-30T08:32:10.579+00:00 host_mono_ns=2516149769932054 global, 23044
host_utc=2026-09-30T08:32:10.579+00:00 host_mono_ns=2516149769944778 local_cell_num: 2
host_utc=2026-09-30T08:32:10.579+00:00 host_mono_ns=2516149769957452 locals.values.size: 2
host_utc=2026-09-30T08:32:10.579+00:00 host_mono_ns=2516149769970446 [2026-09-30 08:32:10.578] [info] restore label stack
host_utc=2026-09-30T08:32:10.579+00:00 host_mono_ns=2516149769983371 local_cell_num: 8
host_utc=2026-09-30T08:32:10.579+00:00 host_mono_ns=2516149769995914 locals.values.size: 8
host_utc=2026-09-30T08:32:10.579+00:00 host_mono_ns=2516149770023857 [2026-09-30 08:32:10.578] [info] restore label stack
host_utc=2026-09-30T08:32:10.579+00:00 host_mono_ns=2516149770041641 local_cell_num: 14
host_utc=2026-09-30T08:32:10.579+00:00 host_mono_ns=2516149770054295 locals.values.size: 14
host_utc=2026-09-30T08:32:10.579+00:00 host_mono_ns=2516149770067059 [2026-09-30 08:32:10.578] [info] restore label stack
host_utc=2026-09-30T08:32:10.579+00:00 host_mono_ns=2516149770079803 local_cell_num: 45
host_utc=2026-09-30T08:32:10.579+00:00 host_mono_ns=2516149770092297 locals.values.size: 45
host_utc=2026-09-30T08:32:10.579+00:00 host_mono_ns=2516149770104750 [2026-09-30 08:32:10.578] [info] restore label stack
host_utc=2026-09-30T08:32:10.579+00:00 host_mono_ns=2516149770125640 local_cell_num: 19
host_utc=2026-09-30T08:32:10.579+00:00 host_mono_ns=2516149770138133 locals.values.size: 19
host_utc=2026-09-30T08:32:10.579+00:00 host_mono_ns=2516149770150697 [2026-09-30 08:32:10.578] [info] restore label stack
host_utc=2026-09-30T08:32:10.579+00:00 host_mono_ns=2516149770163281 local_cell_num: 63
host_utc=2026-09-30T08:32:10.580+00:00 host_mono_ns=2516149770175704 locals.values.size: 63
host_utc=2026-09-30T08:32:10.580+00:00 host_mono_ns=2516149770188148 [2026-09-30 08:32:10.579] [info] restore label stack
host_utc=2026-09-30T08:32:10.580+00:00 host_mono_ns=2516149770200711 local_cell_num: 9
host_utc=2026-09-30T08:32:10.580+00:00 host_mono_ns=2516149770213135 locals.values.size: 9
host_utc=2026-09-30T08:32:10.580+00:00 host_mono_ns=2516149770225628 [2026-09-30 08:32:10.579] [info] restore label stack
host_utc=2026-09-30T08:32:10.580+00:00 host_mono_ns=2516149770238242 local_cell_num: 9
host_utc=2026-09-30T08:32:10.580+00:00 host_mono_ns=2516149770250586 locals.values.size: 9
host_utc=2026-09-30T08:32:10.580+00:00 host_mono_ns=2516149770263029 [2026-09-30 08:32:10.579] [info] restore label stack
host_utc=2026-09-30T08:32:10.580+00:00 host_mono_ns=2516149770275543 local_cell_num: 6
host_utc=2026-09-30T08:32:10.580+00:00 host_mono_ns=2516149770287916 locals.values.size: 6
host_utc=2026-09-30T08:32:10.580+00:00 host_mono_ns=2516149770300360 [2026-09-30 08:32:10.579] [info] restore label stack
host_utc=2026-09-30T08:32:10.580+00:00 host_mono_ns=2516149770313004 [2026-09-30 08:32:10.579] [info] Finish to restore stack
host_utc=2026-09-30T08:32:10.580+00:00 host_mono_ns=2516149770325848 
host_utc=2026-09-30T08:32:10.580+00:00 host_mono_ns=2516149770338281 program counter, 12694
host_utc=2026-09-30T08:32:10.580+00:00 host_mono_ns=2516149770351005 initします
host_utc=2026-09-30T08:32:10.580+00:00 host_mono_ns=2516149771186324 boot_end, 2516149770922726
host_utc=2026-09-30T08:32:10.581+00:00 host_mono_ns=2516149771243031 wasm_cluster_increase_checkpointing_counter called 1
host_utc=2026-09-30T08:32:10.581+00:00 host_mono_ns=2516149771255604 Restoring wasm thread 9
host_utc=2026-09-30T08:32:10.581+00:00 host_mono_ns=2516149771266084 wasm_cluster_increase_checkpointing_counter called 2
host_utc=2026-09-30T08:32:10.581+00:00 host_mono_ns=2516149771275011 wasm_cluster_increase_checkpointing_counter called 3
host_utc=2026-09-30T08:32:10.581+00:00 host_mono_ns=2516149771283708 [2026-09-30 08:32:10.580] [info] wasm_restore_stack
host_utc=2026-09-30T08:32:10.581+00:00 host_mono_ns=2516149771292594 
host_utc=2026-09-30T08:32:10.581+00:00 host_mono_ns=2516149771301691 stack, 159051
host_utc=2026-09-30T08:32:10.581+00:00 host_mono_ns=2516149771310378 global, 18434
host_utc=2026-09-30T08:32:10.581+00:00 host_mono_ns=2516149771318814 program counter, 12294
host_utc=2026-09-30T08:32:10.581+00:00 host_mono_ns=2516149771332059 [02:55:49:999 - 7968075D8840]: warning: failed to link import function (env, pthread_exit)
host_utc=2026-09-30T08:32:10.581+00:00 host_mono_ns=2516149771342098 thread 9 restore
host_utc=2026-09-30T08:32:10.581+00:00 host_mono_ns=2516149771351055 local_cell_num: 2
host_utc=2026-09-30T08:32:10.581+00:00 host_mono_ns=2516149771359531 locals.values.size: 2
host_utc=2026-09-30T08:32:10.581+00:00 host_mono_ns=2516149771368017 [2026-09-30 08:32:10.580] [info] restore label stack
host_utc=2026-09-30T08:32:10.581+00:00 host_mono_ns=2516149771376693 local_cell_num: 8
host_utc=2026-09-30T08:32:10.581+00:00 host_mono_ns=2516149771384969 locals.values.size: 8
host_utc=2026-09-30T08:32:10.581+00:00 host_mono_ns=2516149771393275 [2026-09-30 08:32:10.580] [info] restore label stack
host_utc=2026-09-30T08:32:10.581+00:00 host_mono_ns=2516149771401781 local_cell_num: 14
host_utc=2026-09-30T08:32:10.581+00:00 host_mono_ns=2516149771410046 locals.values.size: 14
host_utc=2026-09-30T08:32:10.581+00:00 host_mono_ns=2516149771418462 [2026-09-30 08:32:10.580] [info] restore label stack
host_utc=2026-09-30T08:32:10.581+00:00 host_mono_ns=2516149771426798 local_cell_num: 15
host_utc=2026-09-30T08:32:10.581+00:00 host_mono_ns=2516149771444010 locals.values.size: 15
host_utc=2026-09-30T08:32:10.581+00:00 host_mono_ns=2516149771452637 [2026-09-30 08:32:10.580] [info] restore label stack
host_utc=2026-09-30T08:32:10.581+00:00 host_mono_ns=2516149771461073 local_cell_num: 37
host_utc=2026-09-30T08:32:10.581+00:00 host_mono_ns=2516149771470520 locals.values.size: 37
host_utc=2026-09-30T08:32:10.581+00:00 host_mono_ns=2516149771481712 [2026-09-30 08:32:10.580] [info] restore label stack
host_utc=2026-09-30T08:32:10.581+00:00 host_mono_ns=2516149771493754 local_cell_num: 25
host_utc=2026-09-30T08:32:10.581+00:00 host_mono_ns=2516149771502862 locals.values.size: 25
host_utc=2026-09-30T08:32:10.581+00:00 host_mono_ns=2516149771511157 [2026-09-30 08:32:10.580] [info] restore label stack
host_utc=2026-09-30T08:32:10.581+00:00 host_mono_ns=2516149771519613 local_cell_num: 34
host_utc=2026-09-30T08:32:10.581+00:00 host_mono_ns=2516149771527919 locals.values.size: 34
host_utc=2026-09-30T08:32:10.581+00:00 host_mono_ns=2516149771536225 [2026-09-30 08:32:10.580] [info] restore label stack
host_utc=2026-09-30T08:32:10.581+00:00 host_mono_ns=2516149771544560 local_cell_num: 38
host_utc=2026-09-30T08:32:10.581+00:00 host_mono_ns=2516149771552776 locals.values.size: 38
host_utc=2026-09-30T08:32:10.581+00:00 host_mono_ns=2516149771561082 [2026-09-30 08:32:10.580] [info] restore label stack
host_utc=2026-09-30T08:32:10.581+00:00 host_mono_ns=2516149771569477 local_cell_num: 94
host_utc=2026-09-30T08:32:10.581+00:00 host_mono_ns=2516149771577613 locals.values.size: 94
host_utc=2026-09-30T08:32:10.581+00:00 host_mono_ns=2516149771585848 [2026-09-30 08:32:10.580] [info] restore label stack
host_utc=2026-09-30T08:32:10.581+00:00 host_mono_ns=2516149771594294 local_cell_num: 2
host_utc=2026-09-30T08:32:10.581+00:00 host_mono_ns=2516149771602500 locals.values.size: 2
host_utc=2026-09-30T08:32:10.581+00:00 host_mono_ns=2516149771610765 [2026-09-30 08:32:10.580] [info] restore label stack
host_utc=2026-09-30T08:32:10.581+00:00 host_mono_ns=2516149771619111 local_cell_num: 9
host_utc=2026-09-30T08:32:10.581+00:00 host_mono_ns=2516149771627367 locals.values.size: 9
host_utc=2026-09-30T08:32:10.581+00:00 host_mono_ns=2516149771635612 [2026-09-30 08:32:10.580] [info] restore label stack
host_utc=2026-09-30T08:32:10.581+00:00 host_mono_ns=2516149771643968 local_cell_num: 9
host_utc=2026-09-30T08:32:10.581+00:00 host_mono_ns=2516149771652184 locals.values.size: 9
host_utc=2026-09-30T08:32:10.581+00:00 host_mono_ns=2516149771660469 [2026-09-30 08:32:10.580] [info] restore label stack
host_utc=2026-09-30T08:32:10.581+00:00 host_mono_ns=2516149771668805 local_cell_num: 6
host_utc=2026-09-30T08:32:10.581+00:00 host_mono_ns=2516149771677011 locals.values.size: 6
host_utc=2026-09-30T08:32:10.581+00:00 host_mono_ns=2516149771685346 [2026-09-30 08:32:10.580] [info] restore label stack
host_utc=2026-09-30T08:32:10.581+00:00 host_mono_ns=2516149771693772 [2026-09-30 08:32:10.580] [info] Finish to restore stack
host_utc=2026-09-30T08:32:10.581+00:00 host_mono_ns=2516149771702399 
host_utc=2026-09-30T08:32:10.581+00:00 host_mono_ns=2516149771716445 initします
host_utc=2026-09-30T08:32:10.583+00:00 host_mono_ns=2516149773427608 boot_end, 2516149773310687
host_utc=2026-09-30T08:32:10.583+00:00 host_mono_ns=2516149773557593 wasm_cluster_increase_checkpointing_counter called 1
host_utc=2026-09-30T08:32:10.583+00:00 host_mono_ns=2516149773601546 Restoring wasm thread 8
host_utc=2026-09-30T08:32:10.583+00:00 host_mono_ns=2516149773618087 wasm_cluster_increase_checkpointing_counter called 2
host_utc=2026-09-30T08:32:10.583+00:00 host_mono_ns=2516149773632144 wasm_cluster_increase_checkpointing_counter called 3
host_utc=2026-09-30T08:32:10.583+00:00 host_mono_ns=2516149773645088 [2026-09-30 08:32:10.583] [info] wasm_restore_stack
host_utc=2026-09-30T08:32:10.583+00:00 host_mono_ns=2516149773658343 
host_utc=2026-09-30T08:32:10.583+00:00 host_mono_ns=2516149773681678 [02:55:49:390 - 7968075D8840]: warning: failed to link import function (env, pthread_exit)
host_utc=2026-09-30T08:32:10.583+00:00 host_mono_ns=2516149773711063 thread 8 restore
host_utc=2026-09-30T08:32:10.583+00:00 host_mono_ns=2516149773724639 local_cell_num: 2
host_utc=2026-09-30T08:32:10.583+00:00 host_mono_ns=2516149773737523 locals.values.size: 2
host_utc=2026-09-30T08:32:10.583+00:00 host_mono_ns=2516149773750548 [2026-09-30 08:32:10.583] [info] restore label stack
host_utc=2026-09-30T08:32:10.583+00:00 host_mono_ns=2516149773763492 local_cell_num: 8
host_utc=2026-09-30T08:32:10.583+00:00 host_mono_ns=2516149773775986 locals.values.size: 8
host_utc=2026-09-30T08:32:10.583+00:00 host_mono_ns=2516149773788559 [2026-09-30 08:32:10.583] [info] restore label stack
host_utc=2026-09-30T08:32:10.583+00:00 host_mono_ns=2516149773801243 local_cell_num: 14
host_utc=2026-09-30T08:32:10.583+00:00 host_mono_ns=2516149773813817 locals.values.size: 14
host_utc=2026-09-30T08:32:10.583+00:00 host_mono_ns=2516149773826541 [2026-09-30 08:32:10.583] [info] restore label stack
host_utc=2026-09-30T08:32:10.583+00:00 host_mono_ns=2516149773839155 local_cell_num: 15
host_utc=2026-09-30T08:32:10.583+00:00 host_mono_ns=2516149773851478 locals.values.size: 15
host_utc=2026-09-30T08:32:10.583+00:00 host_mono_ns=2516149773863902 [2026-09-30 08:32:10.583] [info] restore label stack
host_utc=2026-09-30T08:32:10.583+00:00 host_mono_ns=2516149773876425 local_cell_num: 27
host_utc=2026-09-30T08:32:10.583+00:00 host_mono_ns=2516149773888649 locals.values.size: 27
host_utc=2026-09-30T08:32:10.583+00:00 host_mono_ns=2516149773900952 [2026-09-30 08:32:10.583] [info] restore label stack
host_utc=2026-09-30T08:32:10.583+00:00 host_mono_ns=2516149773913365 local_cell_num: 25
host_utc=2026-09-30T08:32:10.583+00:00 host_mono_ns=2516149773925618 locals.values.size: 25
host_utc=2026-09-30T08:32:10.583+00:00 host_mono_ns=2516149773937842 [2026-09-30 08:32:10.583] [info] restore label stack
host_utc=2026-09-30T08:32:10.583+00:00 host_mono_ns=2516149773950225 local_cell_num: 34
host_utc=2026-09-30T08:32:10.583+00:00 host_mono_ns=2516149773962518 locals.values.size: 34
host_utc=2026-09-30T08:32:10.583+00:00 host_mono_ns=2516149773974831 [2026-09-30 08:32:10.583] [info] restore label stack
host_utc=2026-09-30T08:32:10.583+00:00 host_mono_ns=2516149773987265 local_cell_num: 38
host_utc=2026-09-30T08:32:10.583+00:00 host_mono_ns=2516149773999508 locals.values.size: 38
host_utc=2026-09-30T08:32:10.583+00:00 host_mono_ns=2516149774031919 [2026-09-30 08:32:10.583] [info] restore label stack
host_utc=2026-09-30T08:32:10.583+00:00 host_mono_ns=2516149774044713 local_cell_num: 94
host_utc=2026-09-30T08:32:10.583+00:00 host_mono_ns=2516149774056987 locals.values.size: 94
host_utc=2026-09-30T08:32:10.583+00:00 host_mono_ns=2516149774069200 [2026-09-30 08:32:10.583] [info] restore label stack
host_utc=2026-09-30T08:32:10.583+00:00 host_mono_ns=2516149774081653 local_cell_num: 2
host_utc=2026-09-30T08:32:10.583+00:00 host_mono_ns=2516149774094007 locals.values.size: 2
host_utc=2026-09-30T08:32:10.583+00:00 host_mono_ns=2516149774106370 [2026-09-30 08:32:10.583] [info] restore label stack
host_utc=2026-09-30T08:32:10.583+00:00 host_mono_ns=2516149774119385 local_cell_num: 9
host_utc=2026-09-30T08:32:10.583+00:00 host_mono_ns=2516149774131628 locals.values.size: 9
host_utc=2026-09-30T08:32:10.583+00:00 host_mono_ns=2516149774143921 [2026-09-30 08:32:10.583] [info] restore label stack
host_utc=2026-09-30T08:32:10.583+00:00 host_mono_ns=2516149774156274 local_cell_num: 9
host_utc=2026-09-30T08:32:10.583+00:00 host_mono_ns=2516149774168477 locals.values.size: 9
host_utc=2026-09-30T08:32:10.584+00:00 host_mono_ns=2516149774180770 [2026-09-30 08:32:10.583] [info] restore label stack
host_utc=2026-09-30T08:32:10.584+00:00 host_mono_ns=2516149774193114 local_cell_num: 6
host_utc=2026-09-30T08:32:10.584+00:00 host_mono_ns=2516149774205317 locals.values.size: 6
host_utc=2026-09-30T08:32:10.584+00:00 host_mono_ns=2516149774217640 [2026-09-30 08:32:10.583] [info] restore label stack
host_utc=2026-09-30T08:32:10.584+00:00 host_mono_ns=2516149774230324 [2026-09-30 08:32:10.583] [info] Finish to restore stack
host_utc=2026-09-30T08:32:10.584+00:00 host_mono_ns=2516149774251063 
host_utc=2026-09-30T08:32:10.584+00:00 host_mono_ns=2516149774264248 stack, 212341
host_utc=2026-09-30T08:32:10.584+00:00 host_mono_ns=2516149774276962 global, 29486
host_utc=2026-09-30T08:32:10.584+00:00 host_mono_ns=2516149774289225 program counter, 18755
host_utc=2026-09-30T08:32:10.584+00:00 host_mono_ns=2516149774310155 initします
host_utc=2026-09-30T08:32:10.585+00:00 host_mono_ns=2516149775407789 boot_end, 2516149775290497
host_utc=2026-09-30T08:32:10.585+00:00 host_mono_ns=2516149775429079 wasm_cluster_increase_checkpointing_counter called 1
host_utc=2026-09-30T08:32:10.585+00:00 host_mono_ns=2516149775438597 Restoring wasm thread 7
host_utc=2026-09-30T08:32:10.585+00:00 host_mono_ns=2516149775447263 wasm_cluster_increase_checkpointing_counter called 2
host_utc=2026-09-30T08:32:10.585+00:00 host_mono_ns=2516149775455729 wasm_cluster_increase_checkpointing_counter called 3
host_utc=2026-09-30T08:32:10.585+00:00 host_mono_ns=2516149775464305 [2026-09-30 08:32:10.585] [info] wasm_restore_stack
host_utc=2026-09-30T08:32:10.585+00:00 host_mono_ns=2516149775472952 
host_utc=2026-09-30T08:32:10.585+00:00 host_mono_ns=2516149775525381 [02:55:49:379 - 7968075D8840]: warning: failed to link import function (env, pthread_exit)
host_utc=2026-09-30T08:32:10.585+00:00 host_mono_ns=2516149775547823 thread 7 restore
host_utc=2026-09-30T08:32:10.585+00:00 host_mono_ns=2516149775558924 local_cell_num: 2
host_utc=2026-09-30T08:32:10.585+00:00 host_mono_ns=2516149775570326 locals.values.size: 2
host_utc=2026-09-30T08:32:10.585+00:00 host_mono_ns=2516149775581336 [2026-09-30 08:32:10.585] [info] restore label stack
host_utc=2026-09-30T08:32:10.585+00:00 host_mono_ns=2516149775590654 local_cell_num: 8
host_utc=2026-09-30T08:32:10.585+00:00 host_mono_ns=2516149775599140 locals.values.size: 8
host_utc=2026-09-30T08:32:10.585+00:00 host_mono_ns=2516149775607646 [2026-09-30 08:32:10.585] [info] restore label stack
host_utc=2026-09-30T08:32:10.585+00:00 host_mono_ns=2516149775616142 local_cell_num: 25
host_utc=2026-09-30T08:32:10.585+00:00 host_mono_ns=2516149775624788 locals.values.size: 25
host_utc=2026-09-30T08:32:10.585+00:00 host_mono_ns=2516149775633445 [2026-09-30 08:32:10.585] [info] restore label stack
host_utc=2026-09-30T08:32:10.585+00:00 host_mono_ns=2516149775642442 local_cell_num: 10
host_utc=2026-09-30T08:32:10.585+00:00 host_mono_ns=2516149775653793 locals.values.size: 10
host_utc=2026-09-30T08:32:10.585+00:00 host_mono_ns=2516149775663101 [2026-09-30 08:32:10.585] [info] restore label stack
host_utc=2026-09-30T08:32:10.585+00:00 host_mono_ns=2516149775671497 local_cell_num: 22
host_utc=2026-09-30T08:32:10.585+00:00 host_mono_ns=2516149775679692 locals.values.size: 22
host_utc=2026-09-30T08:32:10.585+00:00 host_mono_ns=2516149775687898 [2026-09-30 08:32:10.585] [info] restore label stack
host_utc=2026-09-30T08:32:10.585+00:00 host_mono_ns=2516149775696303 local_cell_num: 62
host_utc=2026-09-30T08:32:10.585+00:00 host_mono_ns=2516149775704569 locals.values.size: 62
host_utc=2026-09-30T08:32:10.585+00:00 host_mono_ns=2516149775713065 [2026-09-30 08:32:10.585] [info] restore label stack
host_utc=2026-09-30T08:32:10.585+00:00 host_mono_ns=2516149775721361 local_cell_num: 18
host_utc=2026-09-30T08:32:10.585+00:00 host_mono_ns=2516149775729556 locals.values.size: 18
host_utc=2026-09-30T08:32:10.585+00:00 host_mono_ns=2516149775737702 [2026-09-30 08:32:10.585] [info] restore label stack
host_utc=2026-09-30T08:32:10.585+00:00 host_mono_ns=2516149775746007 local_cell_num: 21
host_utc=2026-09-30T08:32:10.585+00:00 host_mono_ns=2516149775754333 locals.values.size: 21
host_utc=2026-09-30T08:32:10.585+00:00 host_mono_ns=2516149775762619 [2026-09-30 08:32:10.585] [info] restore label stack
host_utc=2026-09-30T08:32:10.585+00:00 host_mono_ns=2516149775770894 local_cell_num: 10
host_utc=2026-09-30T08:32:10.585+00:00 host_mono_ns=2516149775779030 locals.values.size: 10
host_utc=2026-09-30T08:32:10.585+00:00 host_mono_ns=2516149775787225 [2026-09-30 08:32:10.585] [info] restore label stack
host_utc=2026-09-30T08:32:10.585+00:00 host_mono_ns=2516149775808495 local_cell_num: 2
host_utc=2026-09-30T08:32:10.585+00:00 host_mono_ns=2516149775818574 locals.values.size: 2
host_utc=2026-09-30T08:32:10.585+00:00 host_mono_ns=2516149775827101 [2026-09-30 08:32:10.585] [info] restore label stack
host_utc=2026-09-30T08:32:10.585+00:00 host_mono_ns=2516149775835526 local_cell_num: 9
host_utc=2026-09-30T08:32:10.585+00:00 host_mono_ns=2516149775843742 locals.values.size: 9
host_utc=2026-09-30T08:32:10.585+00:00 host_mono_ns=2516149775851957 [2026-09-30 08:32:10.585] [info] restore label stack
host_utc=2026-09-30T08:32:10.585+00:00 host_mono_ns=2516149775860373 local_cell_num: 9
host_utc=2026-09-30T08:32:10.585+00:00 host_mono_ns=2516149775868539 locals.values.size: 9
host_utc=2026-09-30T08:32:10.585+00:00 host_mono_ns=2516149775876774 [2026-09-30 08:32:10.585] [info] restore label stack
host_utc=2026-09-30T08:32:10.585+00:00 host_mono_ns=2516149775887605 local_cell_num: 6
host_utc=2026-09-30T08:32:10.585+00:00 host_mono_ns=2516149775897293 locals.values.size: 6
host_utc=2026-09-30T08:32:10.585+00:00 host_mono_ns=2516149775905789 [2026-09-30 08:32:10.585] [info] restore label stack
host_utc=2026-09-30T08:32:10.585+00:00 host_mono_ns=2516149775914215 [2026-09-30 08:32:10.585] [info] Finish to restore stack
host_utc=2026-09-30T08:32:10.585+00:00 host_mono_ns=2516149775922851 
host_utc=2026-09-30T08:32:10.585+00:00 host_mono_ns=2516149775931828 stack, 142779
host_utc=2026-09-30T08:32:10.585+00:00 host_mono_ns=2516149775947268 global, 23234
host_utc=2026-09-30T08:32:10.585+00:00 host_mono_ns=2516149775956415 program counter, 15149
host_utc=2026-09-30T08:32:10.585+00:00 host_mono_ns=2516149775965332 initします
host_utc=2026-09-30T08:32:10.586+00:00 host_mono_ns=2516149777117398 wasm_cluster_increase_checkpointing_counter called 1
host_utc=2026-09-30T08:32:10.586+00:00 host_mono_ns=2516149777135983 Restoring wasm thread 6
host_utc=2026-09-30T08:32:10.586+00:00 host_mono_ns=2516149777148036 wasm_cluster_increase_checkpointing_counter called 2
host_utc=2026-09-30T08:32:10.586+00:00 host_mono_ns=2516149777160660 wasm_cluster_increase_checkpointing_counter called 3
host_utc=2026-09-30T08:32:10.587+00:00 host_mono_ns=2516149777173063 [2026-09-30 08:32:10.586] [info] wasm_restore_stack
host_utc=2026-09-30T08:32:10.587+00:00 host_mono_ns=2516149777185146 
host_utc=2026-09-30T08:32:10.587+00:00 host_mono_ns=2516149777201457 boot_end, 2516149777005326
host_utc=2026-09-30T08:32:10.587+00:00 host_mono_ns=2516149777213009 local_cell_num: 2
host_utc=2026-09-30T08:32:10.587+00:00 host_mono_ns=2516149777223228 locals.values.size: 2
host_utc=2026-09-30T08:32:10.587+00:00 host_mono_ns=2516149777231704 [2026-09-30 08:32:10.586] [info] restore label stack
host_utc=2026-09-30T08:32:10.587+00:00 host_mono_ns=2516149777240210 local_cell_num: 8
host_utc=2026-09-30T08:32:10.587+00:00 host_mono_ns=2516149777248436 locals.values.size: 8
host_utc=2026-09-30T08:32:10.587+00:00 host_mono_ns=2516149777256641 [2026-09-30 08:32:10.586] [info] restore label stack
host_utc=2026-09-30T08:32:10.587+00:00 host_mono_ns=2516149777264967 local_cell_num: 14
host_utc=2026-09-30T08:32:10.587+00:00 host_mono_ns=2516149777273122 locals.values.size: 14
host_utc=2026-09-30T08:32:10.587+00:00 host_mono_ns=2516149777281528 [02:55:49:092 - 7968075D8840]: local_cell_num: 8
host_utc=2026-09-30T08:32:10.587+00:00 host_mono_ns=2516149777290024 locals.values.size: 8
host_utc=2026-09-30T08:32:10.587+00:00 host_mono_ns=2516149777298370 [2026-09-30 08:32:10.586] [info] restore label stack
host_utc=2026-09-30T08:32:10.587+00:00 host_mono_ns=2516149777306726 local_cell_num: 13
host_utc=2026-09-30T08:32:10.587+00:00 host_mono_ns=2516149777314921 locals.values.size: 13
host_utc=2026-09-30T08:32:10.587+00:00 host_mono_ns=2516149777323207 [2026-09-30 08:32:10.586] [info] restore label stack
host_utc=2026-09-30T08:32:10.587+00:00 host_mono_ns=2516149777331603 local_cell_num: 19
host_utc=2026-09-30T08:32:10.587+00:00 host_mono_ns=2516149777339828 locals.values.size: 19
host_utc=2026-09-30T08:32:10.587+00:00 host_mono_ns=2516149777355117 [2026-09-30 08:32:10.586] [info] restore label stack
host_utc=2026-09-30T08:32:10.587+00:00 host_mono_ns=2516149777363533 local_cell_num: 63
host_utc=2026-09-30T08:32:10.587+00:00 host_mono_ns=2516149777371668 locals.values.size: 63
host_utc=2026-09-30T08:32:10.587+00:00 host_mono_ns=2516149777379904 [2026-09-30 08:32:10.586] [info] restore label stack
host_utc=2026-09-30T08:32:10.587+00:00 host_mono_ns=2516149777388310 local_cell_num: 9
host_utc=2026-09-30T08:32:10.587+00:00 host_mono_ns=2516149777396555 locals.values.size: 9
host_utc=2026-09-30T08:32:10.587+00:00 host_mono_ns=2516149777404781 [2026-09-30 08:32:10.586] [info] restore label stack
host_utc=2026-09-30T08:32:10.587+00:00 host_mono_ns=2516149777412976 local_cell_num: 9
host_utc=2026-09-30T08:32:10.587+00:00 host_mono_ns=2516149777421172 locals.values.size: 9
host_utc=2026-09-30T08:32:10.587+00:00 host_mono_ns=2516149777429317 [2026-09-30 08:32:10.586] [info] restore label stack
host_utc=2026-09-30T08:32:10.587+00:00 host_mono_ns=2516149777437623 local_cell_num: 6
host_utc=2026-09-30T08:32:10.587+00:00 host_mono_ns=2516149777445738 locals.values.size: 6
host_utc=2026-09-30T08:32:10.587+00:00 host_mono_ns=2516149777453964 [2026-09-30 08:32:10.586] [info] restore label stack
host_utc=2026-09-30T08:32:10.587+00:00 host_mono_ns=2516149777462330 [2026-09-30 08:32:10.586] [info] Finish to restore stack
host_utc=2026-09-30T08:32:10.587+00:00 host_mono_ns=2516149777470736 
host_utc=2026-09-30T08:32:10.587+00:00 host_mono_ns=2516149777479031 stack, 108445
host_utc=2026-09-30T08:32:10.587+00:00 host_mono_ns=2516149777487377 global, 19086
host_utc=2026-09-30T08:32:10.587+00:00 host_mono_ns=2516149777495733 program counter, 10019
host_utc=2026-09-30T08:32:10.587+00:00 host_mono_ns=2516149777739323 initします
host_utc=2026-09-30T08:32:10.589+00:00 host_mono_ns=2516149779382337 boot_end, 2516149779269183
host_utc=2026-09-30T08:32:10.589+00:00 host_mono_ns=2516149779404338 warning: failed to link import function (env, pthread_exit)
host_utc=2026-09-30T08:32:10.589+00:00 host_mono_ns=2516149779414307 thread 6 restore
host_utc=2026-09-30T08:32:10.589+00:00 host_mono_ns=2516149779422994 wasm_cluster_increase_checkpointing_counter called 1
host_utc=2026-09-30T08:32:10.589+00:00 host_mono_ns=2516149779431891 Restoring wasm thread 5
host_utc=2026-09-30T08:32:10.589+00:00 host_mono_ns=2516149779443502 wasm_cluster_increase_checkpointing_counter called 2
host_utc=2026-09-30T08:32:10.589+00:00 host_mono_ns=2516149779454253 wasm_cluster_increase_checkpointing_counter called 3
host_utc=2026-09-30T08:32:10.589+00:00 host_mono_ns=2516149779462969 [2026-09-30 08:32:10.589] [info] wasm_restore_stack
host_utc=2026-09-30T08:32:10.589+00:00 host_mono_ns=2516149779471445 
host_utc=2026-09-30T08:32:10.589+00:00 host_mono_ns=2516149779500220 stack, 121840
host_utc=2026-09-30T08:32:10.589+00:00 host_mono_ns=2516149779512874 global, 20438
host_utc=2026-09-30T08:32:10.589+00:00 host_mono_ns=2516149779529655 program counter, 13816
host_utc=2026-09-30T08:32:10.589+00:00 host_mono_ns=2516149779538983 [02:55:49:348 - 7968075D8840]: warning: failed to link import function (env, pthread_exit)
host_utc=2026-09-30T08:32:10.589+00:00 host_mono_ns=2516149779548331 thread 5 restore
host_utc=2026-09-30T08:32:10.589+00:00 host_mono_ns=2516149779556786 local_cell_num: 2
host_utc=2026-09-30T08:32:10.589+00:00 host_mono_ns=2516149779565263 locals.values.size: 2
host_utc=2026-09-30T08:32:10.589+00:00 host_mono_ns=2516149779573558 [2026-09-30 08:32:10.589] [info] restore label stack
host_utc=2026-09-30T08:32:10.589+00:00 host_mono_ns=2516149779581974 local_cell_num: 8
host_utc=2026-09-30T08:32:10.589+00:00 host_mono_ns=2516149779590170 locals.values.size: 8
host_utc=2026-09-30T08:32:10.589+00:00 host_mono_ns=2516149779598355 [2026-09-30 08:32:10.589] [info] restore label stack
host_utc=2026-09-30T08:32:10.589+00:00 host_mono_ns=2516149779606691 local_cell_num: 14
host_utc=2026-09-30T08:32:10.589+00:00 host_mono_ns=2516149779614856 locals.values.size: 14
host_utc=2026-09-30T08:32:10.589+00:00 host_mono_ns=2516149779630756 [2026-09-30 08:32:10.589] [info] restore label stack
host_utc=2026-09-30T08:32:10.589+00:00 host_mono_ns=2516149779639352 local_cell_num: 8
host_utc=2026-09-30T08:32:10.589+00:00 host_mono_ns=2516149779647518 locals.values.size: 8
host_utc=2026-09-30T08:32:10.589+00:00 host_mono_ns=2516149779655763 [2026-09-30 08:32:10.589] [info] restore label stack
host_utc=2026-09-30T08:32:10.589+00:00 host_mono_ns=2516149779664139 local_cell_num: 13
host_utc=2026-09-30T08:32:10.589+00:00 host_mono_ns=2516149779672335 locals.values.size: 13
host_utc=2026-09-30T08:32:10.589+00:00 host_mono_ns=2516149779680600 [2026-09-30 08:32:10.589] [info] restore label stack
host_utc=2026-09-30T08:32:10.589+00:00 host_mono_ns=2516149779688866 local_cell_num: 19
host_utc=2026-09-30T08:32:10.589+00:00 host_mono_ns=2516149779699266 locals.values.size: 19
host_utc=2026-09-30T08:32:10.589+00:00 host_mono_ns=2516149779710787 [2026-09-30 08:32:10.589] [info] restore label stack
host_utc=2026-09-30T08:32:10.589+00:00 host_mono_ns=2516149779721057 local_cell_num: 63
host_utc=2026-09-30T08:32:10.589+00:00 host_mono_ns=2516149779729413 locals.values.size: 63
host_utc=2026-09-30T08:32:10.589+00:00 host_mono_ns=2516149779737608 [2026-09-30 08:32:10.589] [info] restore label stack
host_utc=2026-09-30T08:32:10.589+00:00 host_mono_ns=2516149779745934 local_cell_num: 9
host_utc=2026-09-30T08:32:10.589+00:00 host_mono_ns=2516149779754330 locals.values.size: 9
host_utc=2026-09-30T08:32:10.589+00:00 host_mono_ns=2516149779765310 [2026-09-30 08:32:10.589] [info] restore label stack
host_utc=2026-09-30T08:32:10.589+00:00 host_mono_ns=2516149779776802 local_cell_num: 9
host_utc=2026-09-30T08:32:10.589+00:00 host_mono_ns=2516149779787532 locals.values.size: 9
host_utc=2026-09-30T08:32:10.589+00:00 host_mono_ns=2516149779796039 [2026-09-30 08:32:10.589] [info] restore label stack
host_utc=2026-09-30T08:32:10.589+00:00 host_mono_ns=2516149779804454 local_cell_num: 6
host_utc=2026-09-30T08:32:10.589+00:00 host_mono_ns=2516149779812690 locals.values.size: 6
host_utc=2026-09-30T08:32:10.589+00:00 host_mono_ns=2516149779820976 [2026-09-30 08:32:10.589] [info] restore label stack
host_utc=2026-09-30T08:32:10.589+00:00 host_mono_ns=2516149779829311 [2026-09-30 08:32:10.589] [info] Finish to restore stack
host_utc=2026-09-30T08:32:10.589+00:00 host_mono_ns=2516149779837827 
host_utc=2026-09-30T08:32:10.589+00:00 host_mono_ns=2516149779851734 initします
host_utc=2026-09-30T08:32:10.590+00:00 host_mono_ns=2516149781111093 boot_end, 2516149781007076
host_utc=2026-09-30T08:32:10.590+00:00 host_mono_ns=2516149781127153 wasm_cluster_increase_checkpointing_counter called 1
host_utc=2026-09-30T08:32:10.590+00:00 host_mono_ns=2516149781136260 Restoring wasm thread 4
host_utc=2026-09-30T08:32:10.590+00:00 host_mono_ns=2516149781144836 wasm_cluster_increase_checkpointing_counter called 2
host_utc=2026-09-30T08:32:10.590+00:00 host_mono_ns=2516149781155537 wasm_cluster_increase_checkpointing_counter called 3
host_utc=2026-09-30T08:32:10.590+00:00 host_mono_ns=2516149781166147 [2026-09-30 08:32:10.590] [info] wasm_restore_stack
host_utc=2026-09-30T08:32:10.591+00:00 host_mono_ns=2516149781174883 
host_utc=2026-09-30T08:32:10.591+00:00 host_mono_ns=2516149781191585 local_cell_num: 2
host_utc=2026-09-30T08:32:10.591+00:00 host_mono_ns=2516149781203998 locals.values.size: 2
host_utc=2026-09-30T08:32:10.591+00:00 host_mono_ns=2516149781214949 [2026-09-30 08:32:10.590] [info] restore label stack
host_utc=2026-09-30T08:32:10.591+00:00 host_mono_ns=2516149781223485 local_cell_num: 8
host_utc=2026-09-30T08:32:10.591+00:00 host_mono_ns=2516149781231600 locals.values.size: 8
host_utc=2026-09-30T08:32:10.591+00:00 host_mono_ns=2516149781239806 [2026-09-30 08:32:10.590] [info] restore label stack
host_utc=2026-09-30T08:32:10.591+00:00 host_mono_ns=2516149781247981 local_cell_num: 14
host_utc=2026-09-30T08:32:10.591+00:00 host_mono_ns=2516149781256066 locals.values.size: 14
host_utc=2026-09-30T08:32:10.591+00:00 host_mono_ns=2516149781271426 [2026-09-30 08:32:10.590] [info] restore label stack
host_utc=2026-09-30T08:32:10.591+00:00 host_mono_ns=2516149781279821 local_cell_num: 215
host_utc=2026-09-30T08:32:10.591+00:00 host_mono_ns=2516149781287967 locals.values.size: 215
host_utc=2026-09-30T08:32:10.591+00:00 host_mono_ns=2516149781296272 [2026-09-30 08:32:10.590] [info] restore label stack
host_utc=2026-09-30T08:32:10.591+00:00 host_mono_ns=2516149781304408 local_cell_num: 77
host_utc=2026-09-30T08:32:10.591+00:00 host_mono_ns=2516149781312473 locals.values.size: 77
host_utc=2026-09-30T08:32:10.591+00:00 host_mono_ns=2516149781320578 [2026-09-30 08:32:10.590] [info] restore label stack
host_utc=2026-09-30T08:32:10.591+00:00 host_mono_ns=2516149781328734 local_cell_num: 22
host_utc=2026-09-30T08:32:10.591+00:00 host_mono_ns=2516149781336779 locals.values.size: 22
host_utc=2026-09-30T08:32:10.591+00:00 host_mono_ns=2516149781344884 [2026-09-30 08:32:10.590] [info] restore label stack
host_utc=2026-09-30T08:32:10.591+00:00 host_mono_ns=2516149781353090 [02:55:49:090 - 7968075D8840]: warning: failed to link import function (env, pthread_exit)
host_utc=2026-09-30T08:32:10.591+00:00 host_mono_ns=2516149781361706 [2026-09-30 08:32:10.590] [info] Finish to restore stack
host_utc=2026-09-30T08:32:10.591+00:00 host_mono_ns=2516149781370182 
host_utc=2026-09-30T08:32:10.591+00:00 host_mono_ns=2516149781378358 stack, 93547
host_utc=2026-09-30T08:32:10.591+00:00 host_mono_ns=2516149781390671 global, 17823
host_utc=2026-09-30T08:32:10.591+00:00 host_mono_ns=2516149781399417 program counter, 12313
host_utc=2026-09-30T08:32:10.591+00:00 host_mono_ns=2516149781587483 initします
host_utc=2026-09-30T08:32:10.592+00:00 host_mono_ns=2516149782919579 boot_end, 2516149782779144
host_utc=2026-09-30T08:32:10.592+00:00 host_mono_ns=2516149782937714 thread 4 restore
host_utc=2026-09-30T08:32:10.592+00:00 host_mono_ns=2516149782949676 wasm_cluster_increase_checkpointing_counter called 1
host_utc=2026-09-30T08:32:10.592+00:00 host_mono_ns=2516149782959966 Restoring wasm thread 3
host_utc=2026-09-30T08:32:10.592+00:00 host_mono_ns=2516149782968562 wasm_cluster_increase_checkpointing_counter called 2
host_utc=2026-09-30T08:32:10.592+00:00 host_mono_ns=2516149782977078 wasm_cluster_increase_checkpointing_counter called 3
host_utc=2026-09-30T08:32:10.592+00:00 host_mono_ns=2516149782985484 [2026-09-30 08:32:10.592] [info] wasm_restore_stack
host_utc=2026-09-30T08:32:10.592+00:00 host_mono_ns=2516149782993950 
host_utc=2026-09-30T08:32:10.592+00:00 host_mono_ns=2516149783012675 local_cell_num: 2
host_utc=2026-09-30T08:32:10.592+00:00 host_mono_ns=2516149783024528 locals.values.size: 2
host_utc=2026-09-30T08:32:10.592+00:00 host_mono_ns=2516149783032903 [2026-09-30 08:32:10.592] [info] restore label stack
host_utc=2026-09-30T08:32:10.592+00:00 host_mono_ns=2516149783041279 local_cell_num: 8
host_utc=2026-09-30T08:32:10.592+00:00 host_mono_ns=2516149783049565 locals.values.size: 8
host_utc=2026-09-30T08:32:10.592+00:00 host_mono_ns=2516149783057861 [2026-09-30 08:32:10.592] [info] restore label stack
host_utc=2026-09-30T08:32:10.592+00:00 host_mono_ns=2516149783066206 local_cell_num: 14
host_utc=2026-09-30T08:32:10.592+00:00 host_mono_ns=2516149783074372 locals.values.size: 14
host_utc=2026-09-30T08:32:10.592+00:00 host_mono_ns=2516149783082687 [2026-09-30 08:32:10.592] [info] restore label stack
host_utc=2026-09-30T08:32:10.592+00:00 host_mono_ns=2516149783090973 local_cell_num: 215
host_utc=2026-09-30T08:32:10.592+00:00 host_mono_ns=2516149783099179 locals.values.size: 215
host_utc=2026-09-30T08:32:10.592+00:00 host_mono_ns=2516149783107424 [2026-09-30 08:32:10.592] [info] restore label stack
host_utc=2026-09-30T08:32:10.592+00:00 host_mono_ns=2516149783115700 local_cell_num: 77
host_utc=2026-09-30T08:32:10.592+00:00 host_mono_ns=2516149783123925 locals.values.size: 77
host_utc=2026-09-30T08:32:10.592+00:00 host_mono_ns=2516149783132161 [2026-09-30 08:32:10.592] [info] restore label stack
host_utc=2026-09-30T08:32:10.592+00:00 host_mono_ns=2516149783140417 local_cell_num: 22
host_utc=2026-09-30T08:32:10.592+00:00 host_mono_ns=2516149783155225 locals.values.size: 22
host_utc=2026-09-30T08:32:10.592+00:00 host_mono_ns=2516149783163630 [2026-09-30 08:32:10.592] [info] restore label stack
host_utc=2026-09-30T08:32:10.593+00:00 host_mono_ns=2516149783172076 [2026-09-30 08:32:10.592] [info] Finish to restore stack
host_utc=2026-09-30T08:32:10.593+00:00 host_mono_ns=2516149783180643 
host_utc=2026-09-30T08:32:10.593+00:00 host_mono_ns=2516149783188908 stack, 79991
host_utc=2026-09-30T08:32:10.593+00:00 host_mono_ns=2516149783201923 global, 16121
host_utc=2026-09-30T08:32:10.593+00:00 host_mono_ns=2516149783210599 program counter, 9869
host_utc=2026-09-30T08:32:10.593+00:00 host_mono_ns=2516149783360823 initします
host_utc=2026-09-30T08:32:10.594+00:00 host_mono_ns=2516149784380559 boot_end, 2516149784287042
host_utc=2026-09-30T08:32:10.594+00:00 host_mono_ns=2516149784398022 [02:55:49:869 - 7968075D8840]: warning: failed to link import function (env, pthread_exit)
host_utc=2026-09-30T08:32:10.594+00:00 host_mono_ns=2516149784407430 thread 3 restore
host_utc=2026-09-30T08:32:10.594+00:00 host_mono_ns=2516149784416176 wasm_cluster_increase_checkpointing_counter called 1
host_utc=2026-09-30T08:32:10.594+00:00 host_mono_ns=2516149784425644 Restoring wasm thread 2
host_utc=2026-09-30T08:32:10.594+00:00 host_mono_ns=2516149784436926 wasm_cluster_increase_checkpointing_counter called 2
host_utc=2026-09-30T08:32:10.594+00:00 host_mono_ns=2516149784446524 wasm_cluster_increase_checkpointing_counter called 3
host_utc=2026-09-30T08:32:10.594+00:00 host_mono_ns=2516149784459238 local_cell_num: 2
host_utc=2026-09-30T08:32:10.594+00:00 host_mono_ns=2516149784467784 locals.values.size: 2
host_utc=2026-09-30T08:32:10.594+00:00 host_mono_ns=2516149784476170 [2026-09-30 08:32:10.594] [info] restore label stack
host_utc=2026-09-30T08:32:10.594+00:00 host_mono_ns=2516149784484596 local_cell_num: 8
host_utc=2026-09-30T08:32:10.594+00:00 host_mono_ns=2516149784492861 locals.values.size: 8
host_utc=2026-09-30T08:32:10.594+00:00 host_mono_ns=2516149784501177 [2026-09-30 08:32:10.594] [info] restore label stack
host_utc=2026-09-30T08:32:10.594+00:00 host_mono_ns=2516149784509463 local_cell_num: 14
host_utc=2026-09-30T08:32:10.594+00:00 host_mono_ns=2516149784517668 locals.values.size: 14
host_utc=2026-09-30T08:32:10.594+00:00 host_mono_ns=2516149784525924 [2026-09-30 08:32:10.594] [info] restore label stack
host_utc=2026-09-30T08:32:10.594+00:00 host_mono_ns=2516149784534340 local_cell_num: 215
host_utc=2026-09-30T08:32:10.594+00:00 host_mono_ns=2516149784542575 locals.values.size: 215
host_utc=2026-09-30T08:32:10.594+00:00 host_mono_ns=2516149784550831 [2026-09-30 08:32:10.594] [info] restore label stack
host_utc=2026-09-30T08:32:10.594+00:00 host_mono_ns=2516149784559106 local_cell_num: 77
host_utc=2026-09-30T08:32:10.594+00:00 host_mono_ns=2516149784567352 locals.values.size: 77
host_utc=2026-09-30T08:32:10.594+00:00 host_mono_ns=2516149784575568 [2026-09-30 08:32:10.594] [info] restore label stack
host_utc=2026-09-30T08:32:10.594+00:00 host_mono_ns=2516149784583903 local_cell_num: 22
host_utc=2026-09-30T08:32:10.594+00:00 host_mono_ns=2516149784592189 locals.values.size: 22
host_utc=2026-09-30T08:32:10.594+00:00 host_mono_ns=2516149784600465 [2026-09-30 08:32:10.594] [info] restore label stack
host_utc=2026-09-30T08:32:10.594+00:00 host_mono_ns=2516149784608850 [2026-09-30 08:32:10.594] [info] Finish to restore stack
host_utc=2026-09-30T08:32:10.594+00:00 host_mono_ns=2516149784617326 
host_utc=2026-09-30T08:32:10.594+00:00 host_mono_ns=2516149784625572 stack, 62739
host_utc=2026-09-30T08:32:10.594+00:00 host_mono_ns=2516149784633918 global, 11031
host_utc=2026-09-30T08:32:10.594+00:00 host_mono_ns=2516149784642234 program counter, 6793
host_utc=2026-09-30T08:32:10.594+00:00 host_mono_ns=2516149784786145 initします
host_utc=2026-09-30T08:32:10.595+00:00 host_mono_ns=2516149786036347 boot_end, 2516149785948111
host_utc=2026-09-30T08:32:10.595+00:00 host_mono_ns=2516149786048651 wasm_cluster_increase_checkpointing_counter called 1
host_utc=2026-09-30T08:32:10.595+00:00 host_mono_ns=2516149786066464 wasm_cluster_increase_checkpointing_counter called 2
host_utc=2026-09-30T08:32:10.595+00:00 host_mono_ns=2516149786078347 wasm_cluster_increase_checkpointing_counter called 3
host_utc=2026-09-30T08:32:10.595+00:00 host_mono_ns=2516149786089498 [02:55:49:378 - 7968075D8840]: warning: failed to link import function (env, pthread_exit)
host_utc=2026-09-30T08:32:10.595+00:00 host_mono_ns=2516149786098555 thread 2 restore
host_utc=2026-09-30T08:32:10.595+00:00 host_mono_ns=2516149786107091 Restoring wasm thread 1
host_utc=2026-09-30T08:32:10.595+00:00 host_mono_ns=2516149786115577 [2026-09-30 08:32:10.595] [info] wasm_restore_stack
host_utc=2026-09-30T08:32:10.595+00:00 host_mono_ns=2516149786124183 
host_utc=2026-09-30T08:32:10.595+00:00 host_mono_ns=2516149786136998 local_cell_num: 2
host_utc=2026-09-30T08:32:10.595+00:00 host_mono_ns=2516149786145443 locals.values.size: 2
host_utc=2026-09-30T08:32:10.595+00:00 host_mono_ns=2516149786153950 [2026-09-30 08:32:10.595] [info] restore label stack
host_utc=2026-09-30T08:32:10.595+00:00 host_mono_ns=2516149786162275 local_cell_num: 8
host_utc=2026-09-30T08:32:10.596+00:00 host_mono_ns=2516149786170631 locals.values.size: 8
host_utc=2026-09-30T08:32:10.596+00:00 host_mono_ns=2516149786178947 [2026-09-30 08:32:10.595] [info] restore label stack
host_utc=2026-09-30T08:32:10.596+00:00 host_mono_ns=2516149786187343 local_cell_num: 14
host_utc=2026-09-30T08:32:10.596+00:00 host_mono_ns=2516149786195578 locals.values.size: 14
host_utc=2026-09-30T08:32:10.596+00:00 host_mono_ns=2516149786203844 [2026-09-30 08:32:10.595] [info] restore label stack
host_utc=2026-09-30T08:32:10.596+00:00 host_mono_ns=2516149786212200 local_cell_num: 215
host_utc=2026-09-30T08:32:10.596+00:00 host_mono_ns=2516149786220455 locals.values.size: 215
host_utc=2026-09-30T08:32:10.596+00:00 host_mono_ns=2516149786228691 [2026-09-30 08:32:10.595] [info] restore label stack
host_utc=2026-09-30T08:32:10.596+00:00 host_mono_ns=2516149786237137 local_cell_num: 77
host_utc=2026-09-30T08:32:10.596+00:00 host_mono_ns=2516149786245302 locals.values.size: 77
host_utc=2026-09-30T08:32:10.596+00:00 host_mono_ns=2516149786253598 [2026-09-30 08:32:10.595] [info] restore label stack
host_utc=2026-09-30T08:32:10.596+00:00 host_mono_ns=2516149786261964 local_cell_num: 22
host_utc=2026-09-30T08:32:10.596+00:00 host_mono_ns=2516149786270209 locals.values.size: 22
host_utc=2026-09-30T08:32:10.596+00:00 host_mono_ns=2516149786278435 [2026-09-30 08:32:10.595] [info] restore label stack
host_utc=2026-09-30T08:32:10.596+00:00 host_mono_ns=2516149786286811 [2026-09-30 08:32:10.595] [info] Finish to restore stack
host_utc=2026-09-30T08:32:10.596+00:00 host_mono_ns=2516149786295146 
host_utc=2026-09-30T08:32:10.596+00:00 host_mono_ns=2516149786303282 stack, 64322
host_utc=2026-09-30T08:32:10.596+00:00 host_mono_ns=2516149786311687 global, 15028
host_utc=2026-09-30T08:32:10.596+00:00 host_mono_ns=2516149786320053 program counter, 7354
host_utc=2026-09-30T08:32:10.596+00:00 host_mono_ns=2516149786477130 wasm_cluster_increase_checkpointing_counter called 1
host_utc=2026-09-30T08:32:10.596+00:00 host_mono_ns=2516149786503850 [02:55:49:045 - 7968075D8840]: warning: failed to link import function (env, pthread_exit)wasm_cluster_increase_checkpointing_counter called 2
host_utc=2026-09-30T08:32:10.596+00:00 host_mono_ns=2516149786518248 
host_utc=2026-09-30T08:32:10.596+00:00 host_mono_ns=2516149786530411 wasm_cluster_increase_checkpointing_counter called 3
host_utc=2026-09-30T08:32:10.596+00:00 host_mono_ns=2516149786542363 thread 1 restore
host_utc=2026-09-30T08:32:10.596+00:00 host_mono_ns=2516149786553965 [2026-09-30 08:32:10.596] [info] wasm_restore_stack
host_utc=2026-09-30T08:32:10.596+00:00 host_mono_ns=2516149786565327 
host_utc=2026-09-30T08:32:10.596+00:00 host_mono_ns=2516149786576608 initします
host_utc=2026-09-30T08:32:10.597+00:00 host_mono_ns=2516149787406005 boot_end, 2516149787250892
host_utc=2026-09-30T08:32:10.597+00:00 host_mono_ns=2516149787428838 stack, 978268
host_utc=2026-09-30T08:32:10.597+00:00 host_mono_ns=2516149787437634 stack, 66645
host_utc=2026-09-30T08:32:10.597+00:00 host_mono_ns=2516149787445980 global, 12774
host_utc=2026-09-30T08:32:10.597+00:00 host_mono_ns=2516149787454466 [2026-09-30 08:32:10.597] [info] wasm_restore_stack
host_utc=2026-09-30T08:32:10.597+00:00 host_mono_ns=2516149787463343 
host_utc=2026-09-30T08:32:10.597+00:00 host_mono_ns=2516149787471739 local_cell_num: 1
host_utc=2026-09-30T08:32:10.597+00:00 host_mono_ns=2516149787480165 locals.values.size: 1
host_utc=2026-09-30T08:32:10.597+00:00 host_mono_ns=2516149787488480 [2026-09-30 08:32:10.597] [info] restore label stack
host_utc=2026-09-30T08:32:10.597+00:00 host_mono_ns=2516149787496977 local_cell_num: 3
host_utc=2026-09-30T08:32:10.597+00:00 host_mono_ns=2516149787505202 locals.values.size: 3
host_utc=2026-09-30T08:32:10.597+00:00 host_mono_ns=2516149787513959 [2026-09-30 08:32:10.597] [info] restore label stack
host_utc=2026-09-30T08:32:10.597+00:00 host_mono_ns=2516149787522785 local_cell_num: 147
host_utc=2026-09-30T08:32:10.597+00:00 host_mono_ns=2516149787531111 locals.values.size: 147
host_utc=2026-09-30T08:32:10.597+00:00 host_mono_ns=2516149787539527 [2026-09-30 08:32:10.597] [info] restore label stack
host_utc=2026-09-30T08:32:10.597+00:00 host_mono_ns=2516149787547963 local_cell_num: 19
host_utc=2026-09-30T08:32:10.597+00:00 host_mono_ns=2516149787556218 locals.values.size: 19
host_utc=2026-09-30T08:32:10.597+00:00 host_mono_ns=2516149787564474 [2026-09-30 08:32:10.597] [info] restore label stack
host_utc=2026-09-30T08:32:10.597+00:00 host_mono_ns=2516149787572750 local_cell_num: 63
host_utc=2026-09-30T08:32:10.597+00:00 host_mono_ns=2516149787580935 locals.values.size: 63
host_utc=2026-09-30T08:32:10.597+00:00 host_mono_ns=2516149787589131 [2026-09-30 08:32:10.597] [info] restore label stack
host_utc=2026-09-30T08:32:10.597+00:00 host_mono_ns=2516149787597446 local_cell_num: 9
host_utc=2026-09-30T08:32:10.597+00:00 host_mono_ns=2516149787605632 locals.values.size: 9
host_utc=2026-09-30T08:32:10.597+00:00 host_mono_ns=2516149787613877 [2026-09-30 08:32:10.597] [info] restore label stack
host_utc=2026-09-30T08:32:10.597+00:00 host_mono_ns=2516149787622183 local_cell_num: 9
host_utc=2026-09-30T08:32:10.597+00:00 host_mono_ns=2516149787630379 locals.values.size: 9
host_utc=2026-09-30T08:32:10.597+00:00 host_mono_ns=2516149787638514 [2026-09-30 08:32:10.597] [info] restore label stack
host_utc=2026-09-30T08:32:10.597+00:00 host_mono_ns=2516149787646810 local_cell_num: 6
host_utc=2026-09-30T08:32:10.597+00:00 host_mono_ns=2516149787654965 locals.values.size: 6
host_utc=2026-09-30T08:32:10.597+00:00 host_mono_ns=2516149787663161 [2026-09-30 08:32:10.597] [info] restore label stack
host_utc=2026-09-30T08:32:10.597+00:00 host_mono_ns=2516149787671416 [2026-09-30 08:32:10.597] [info] Finish to restore stack
host_utc=2026-09-30T08:32:10.597+00:00 host_mono_ns=2516149787680082 
host_utc=2026-09-30T08:32:10.597+00:00 host_mono_ns=2516149787688228 local_cell_num: 2
host_utc=2026-09-30T08:32:10.597+00:00 host_mono_ns=2516149787696443 locals.values.size: 2
host_utc=2026-09-30T08:32:10.597+00:00 host_mono_ns=2516149787704629 [2026-09-30 08:32:10.597] [info] restore label stack
host_utc=2026-09-30T08:32:10.597+00:00 host_mono_ns=2516149787712864 local_cell_num: 8
host_utc=2026-09-30T08:32:10.597+00:00 host_mono_ns=2516149787720930 locals.values.size: 8
host_utc=2026-09-30T08:32:10.597+00:00 host_mono_ns=2516149787729185 [2026-09-30 08:32:10.597] [info] restore label stack
host_utc=2026-09-30T08:32:10.597+00:00 host_mono_ns=2516149787737381 local_cell_num: 14
host_utc=2026-09-30T08:32:10.597+00:00 host_mono_ns=2516149787745546 locals.values.size: 14
host_utc=2026-09-30T08:32:10.597+00:00 host_mono_ns=2516149787753732 [2026-09-30 08:32:10.597] [info] restore label stack
host_utc=2026-09-30T08:32:10.597+00:00 host_mono_ns=2516149787762027 local_cell_num: 155
host_utc=2026-09-30T08:32:10.597+00:00 host_mono_ns=2516149787770193 locals.values.size: 155
host_utc=2026-09-30T08:32:10.597+00:00 host_mono_ns=2516149787784710 [2026-09-30 08:32:10.597] [info] restore label stack
host_utc=2026-09-30T08:32:10.597+00:00 host_mono_ns=2516149787793166 local_cell_num: 19
host_utc=2026-09-30T08:32:10.597+00:00 host_mono_ns=2516149787801422 locals.values.size: 19
host_utc=2026-09-30T08:32:10.597+00:00 host_mono_ns=2516149787809597 [2026-09-30 08:32:10.597] [info] restore label stack
host_utc=2026-09-30T08:32:10.597+00:00 host_mono_ns=2516149787817973 local_cell_num: 63
host_utc=2026-09-30T08:32:10.597+00:00 host_mono_ns=2516149787826158 locals.values.size: 63
host_utc=2026-09-30T08:32:10.597+00:00 host_mono_ns=2516149787834444 [2026-09-30 08:32:10.597] [info] restore label stack
host_utc=2026-09-30T08:32:10.597+00:00 host_mono_ns=2516149787842800 local_cell_num: 9
host_utc=2026-09-30T08:32:10.597+00:00 host_mono_ns=2516149787850955 locals.values.size: 9
host_utc=2026-09-30T08:32:10.597+00:00 host_mono_ns=2516149787859171 [2026-09-30 08:32:10.597] [info] restore label stack
host_utc=2026-09-30T08:32:10.597+00:00 host_mono_ns=2516149787867456 local_cell_num: 9
host_utc=2026-09-30T08:32:10.597+00:00 host_mono_ns=2516149787875552 locals.values.size: 9
host_utc=2026-09-30T08:32:10.597+00:00 host_mono_ns=2516149787883837 [2026-09-30 08:32:10.597] [info] restore label stack
host_utc=2026-09-30T08:32:10.597+00:00 host_mono_ns=2516149787892133 local_cell_num: 6
host_utc=2026-09-30T08:32:10.597+00:00 host_mono_ns=2516149787900258 locals.values.size: 6
host_utc=2026-09-30T08:32:10.597+00:00 host_mono_ns=2516149787908464 [2026-09-30 08:32:10.597] [info] restore label stack
host_utc=2026-09-30T08:32:10.597+00:00 host_mono_ns=2516149787916770 [2026-09-30 08:32:10.597] [info] Finish to restore stack
host_utc=2026-09-30T08:32:10.597+00:00 host_mono_ns=2516149787925166 
host_utc=2026-09-30T08:32:10.597+00:00 host_mono_ns=2516149787937409 program counter, 7063
host_utc=2026-09-30T08:32:11.327+00:00 host_mono_ns=2516150517230797 memory, 729280545
host_utc=2026-09-30T08:32:11.327+00:00 host_mono_ns=2516150517267497 Restore: add_membership for fd 7 used destination default interface
host_utc=2026-09-30T08:32:11.327+00:00 host_mono_ns=2516150517285220 Restore: add_membership for fd 10 used destination default interface
host_utc=2026-09-30T08:32:11.327+00:00 host_mono_ns=2516150517300519 global, 11051
host_utc=2026-09-30T08:32:11.327+00:00 host_mono_ns=2516150517313774 program counter, 11672
host_utc=2026-09-30T08:32:11.330+00:00 host_mono_ns=2516150520919335 '
host_utc=2026-09-30T08:32:11.330+00:00 host_mono_ns=2516150520971384 LOG_DEBUG : 00000015.234 : [MROS2LIB] message get [callback_handler] msg_sn_high: 0 msg_sn_low: c
host_utc=2026-09-30T08:32:11.330+00:00 host_mono_ns=2516150520987885 subscribed msg: 'Hello from mros2-posix onto Linux: 15'
host_utc=2026-09-30T08:32:11.330+00:00 host_mono_ns=2516150521022520 LOG_ERROR : 00000019.086 : LOG_ERROR : 00000019.086 : LOG_ERROR : 00000019.086 : UDP_RECV result=error errno=27 fd=7 recv=-1UDP_RECV result=error errno=27 fd=10 recv=-1
host_utc=2026-09-30T08:32:11.330+00:00 host_mono_ns=2516150521041466 
host_utc=2026-09-30T08:32:11.330+00:00 host_mono_ns=2516150521053609 LOG_ERROR : 00000019.087 : LOG_ERROR : 00000019.087 : UDP_RECV_RECOVERY action=start fd=7UDP_RECV_RECOVERY action=start fd=10
host_utc=2026-09-30T08:32:11.330+00:00 host_mono_ns=2516150521066473 
host_utc=2026-09-30T08:32:11.330+00:00 host_mono_ns=2516150521077965 UDP_RECV result=error errno=27 fd=13 recv=-1LOG_ERROR : 00000019.086 : set TTL: ttl=255, optlen=4
host_utc=2026-09-30T08:32:11.330+00:00 host_mono_ns=2516150521090088 UDP_RECV result=error errno=27 fd=11 recv=-1LOG_ERROR : 00000019.088 :
host_utc=2026-09-30T08:32:11.330+00:00 host_mono_ns=2516150521102702 netif_wasm: local ip changed to 0x060012ac
host_utc=2026-09-30T08:32:11.330+00:00 host_mono_ns=2516150521114764 UDP_RECV_RECOVERY result=ok rc=0 old_fd=10 new_fd=23LOG_ERROR : 00000019.088 :
host_utc=2026-09-30T08:32:11.330+00:00 host_mono_ns=2516150521126737 set TTL: ttl=255, optlen=4
host_utc=2026-09-30T08:32:11.330+00:00 host_mono_ns=2516150521156173 UDP_RECV_RECOVERY action=start fd=11
host_utc=2026-09-30T08:32:11.330+00:00 host_mono_ns=2516150521168276 LOG_ERROR : 00000019.088 :
host_utc=2026-09-30T08:32:11.331+00:00 host_mono_ns=2516150521179878 LOG_ERROR : 00000019.088 : UDP_RECV_RECOVERY result=ok rc=0 old_fd=7 new_fd=4UDP_RECV_RECOVERY action=start fd=13LOG_ERROR : 00000019.089 :
host_utc=2026-09-30T08:32:11.331+00:00 host_mono_ns=2516150521192091 
host_utc=2026-09-30T08:32:17.331+00:00 host_mono_ns=2516156521825993 UDP_RECV_RECOVERY result=ok rc=0 old_fd=11 new_fd=16LOG_ERROR : 00000019.089 :
host_utc=2026-09-30T08:32:17.331+00:00 host_mono_ns=2516156521865237 UDP_RECV_RECOVERY result=ok rc=0 old_fd=13 new_fd=27
host_utc=2026-09-30T08:32:17.331+00:00 host_mono_ns=2516156521881648 publishing msg: 'Hello from mros2-posix onto Linux: 16'
host_utc=2026-09-30T08:32:17.331+00:00 host_mono_ns=2516156521900874 publishing msg: 'Hello from mros2-posix onto Linux: 17'
host_utc=2026-09-30T08:32:17.331+00:00 host_mono_ns=2516156521916163 LOG_DEBUG : 00000021.088 : [MROS2LIB] message get [callback_handler] msg_sn_high: 0 msg_sn_low: e
host_utc=2026-09-30T08:32:17.331+00:00 host_mono_ns=2516156521931061 subscribed msg: 'Hello from mros2-posix onto Linux: 17'
host_utc=2026-09-30T08:32:17.331+00:00 host_mono_ns=2516156521945589 publishing msg: 'Hello from mros2-posix onto Linux: 18'
host_utc=2026-09-30T08:32:17.331+00:00 host_mono_ns=2516156521959806 LOG_DEBUG : 00000022.089 : [MROS2LIB] message get [callback_handler] msg_sn_high: 0 msg_sn_low: f
host_utc=2026-09-30T08:32:17.331+00:00 host_mono_ns=2516156521973341 subscribed msg: 'Hello from mros2-posix onto Linux: 18'
host_utc=2026-09-30T08:32:17.331+00:00 host_mono_ns=2516156521987338 publishing msg: 'Hello from mros2-posix onto Linux: 19'
host_utc=2026-09-30T08:32:17.331+00:00 host_mono_ns=2516156522021552 LOG_DEBUG : 00000023.090 : [MROS2LIB] message get [callback_handler] msg_sn_high: 0 msg_sn_low: 10
host_utc=2026-09-30T08:32:17.331+00:00 host_mono_ns=2516156522044576 subscribed msg: 'Hello from mros2-posix onto Linux: 19'
host_utc=2026-09-30T08:32:17.331+00:00 host_mono_ns=2516156522065806 publishing msg: 'Hello from mros2-posix onto Linux: 20'
host_utc=2026-09-30T08:32:17.331+00:00 host_mono_ns=2516156522085593 LOG_DEBUG : 00000024.090 : [MROS2LIB] message get [callback_handler] msg_sn_high: 0 msg_sn_low: 11
host_utc=2026-09-30T08:32:17.331+00:00 host_mono_ns=2516156522105090 subscribed msg: 'Hello from mros2-posix onto Linux: 20'
host_utc=2026-09-30T08:32:22.334+00:00 host_mono_ns=2516161525097580 publishing msg: 'Hello from mros2-posix onto Linux: 21'
host_utc=2026-09-30T08:32:22.334+00:00 host_mono_ns=2516161525169106 LOG_DEBUG : 00000025.091 : [MROS2LIB] message get [callback_handler] msg_sn_high: 0 msg_sn_low: 12
host_utc=2026-09-30T08:32:22.335+00:00 host_mono_ns=2516161525191818 subscribed msg: 'Hello from mros2-posix onto Linux: 21'
host_utc=2026-09-30T08:32:22.335+00:00 host_mono_ns=2516161525214321 publishing msg: 'Hello from mros2-posix onto Linux: 22'
host_utc=2026-09-30T08:32:22.335+00:00 host_mono_ns=2516161525232656 LOG_DEBUG : 00000026.091 : [MROS2LIB] message get [callback_handler] msg_sn_high: 0 msg_sn_low: 13
host_utc=2026-09-30T08:32:22.335+00:00 host_mono_ns=2516161525251812 subscribed msg: 'Hello from mros2-posix onto Linux: 22'
host_utc=2026-09-30T08:32:22.335+00:00 host_mono_ns=2516161525272391 publishing msg: 'Hello from mros2-posix onto Linux: 23'
host_utc=2026-09-30T08:32:22.335+00:00 host_mono_ns=2516161525295975 LOG_DEBUG : 00000027.092 : [MROS2LIB] message get [callback_handler] msg_sn_high: 0 msg_sn_low: 14
host_utc=2026-09-30T08:32:22.335+00:00 host_mono_ns=2516161525319750 subscribed msg: 'Hello from mros2-posix onto Linux: 23'
host_utc=2026-09-30T08:32:22.335+00:00 host_mono_ns=2516161525340830 publishing msg: 'Hello from mros2-posix onto Linux: 24'
host_utc=2026-09-30T08:32:22.335+00:00 host_mono_ns=2516161525361229 LOG_DEBUG : 00000028.093 : [MROS2LIB] message get [callback_handler] msg_sn_high: 0 msg_sn_low: 15
host_utc=2026-09-30T08:32:22.335+00:00 host_mono_ns=2516161525384262 subscribed msg: 'Hello from mros2-posix onto Linux: 24'
host_utc=2026-09-30T08:32:22.335+00:00 host_mono_ns=2516161525458202 publishing msg: 'Hello from mros2-posix onto Linux: 25'
host_utc=2026-09-30T08:32:22.335+00:00 host_mono_ns=2516161525475444 LOG_DEBUG : 00000029.093 : [MROS2LIB] message get [callback_handler] msg_sn_high: 0 msg_sn_low: 16
host_utc=2026-09-30T08:32:22.335+00:00 host_mono_ns=2516161525488639 subscribed msg: 'Hello from mros2-posix onto Linux: 25'
host_utc=2026-09-30T08:32:26.339+00:00 host_mono_ns=2516165529368065 publishing msg: 'Hello from mros2-posix onto Linux: 26'
host_utc=2026-09-30T08:32:26.339+00:00 host_mono_ns=2516165529415305 LOG_DEBUG : 00000030.094 : [MROS2LIB] message get [callback_handler] msg_sn_high: 0 msg_sn_low: 17
host_utc=2026-09-30T08:32:26.339+00:00 host_mono_ns=2516165529431124 subscribed msg: 'Hello from mros2-posix onto Linux: 26'
host_utc=2026-09-30T08:32:26.339+00:00 host_mono_ns=2516165529445532 publishing msg: 'Hello from mros2-posix onto Linux: 27'
host_utc=2026-09-30T08:32:26.339+00:00 host_mono_ns=2516165529458376 LOG_DEBUG : 00000031.095 : [MROS2LIB] message get [callback_handler] msg_sn_high: 0 msg_sn_low: 18
host_utc=2026-09-30T08:32:26.339+00:00 host_mono_ns=2516165529470208 subscribed msg: 'Hello from mros2-posix onto Linux: 27'
host_utc=2026-09-30T08:32:26.339+00:00 host_mono_ns=2516165529482582 publishing msg: 'Hello from mros2-posix onto Linux: 28'
host_utc=2026-09-30T08:32:26.339+00:00 host_mono_ns=2516165529494504 LOG_DEBUG : 00000032.095 : [MROS2LIB] message get [callback_handler] msg_sn_high: 0 msg_sn_low: 19
host_utc=2026-09-30T08:32:26.339+00:00 host_mono_ns=2516165529505685 subscribed msg: 'Hello from mros2-posix onto Linux: 28'
host_utc=2026-09-30T08:32:26.339+00:00 host_mono_ns=2516165529517708 publishing msg: 'Hello from mros2-posix onto Linux: 29'
host_utc=2026-09-30T08:32:26.339+00:00 host_mono_ns=2516165529529190 LOG_DEBUG : 00000033.096 : [MROS2LIB] message get [callback_handler] msg_sn_high: 0 msg_sn_low: 1a
host_utc=2026-09-30T08:32:26.339+00:00 host_mono_ns=2516165529540191 subscribed msg: 'Hello from mros2-posix onto Linux: 29'
host_utc=2026-09-30T08:32:26.339+00:00 host_mono_ns=2516165529552033 publishing msg: 'Hello from mros2-posix onto Linux: 30'
host_utc=2026-09-30T08:32:26.339+00:00 host_mono_ns=2516165529563825 LOG_DEBUG : 00000034.097 : [MROS2LIB] message get [callback_handler] msg_sn_high: 0 msg_sn_low: 1b
host_utc=2026-09-30T08:32:26.672+00:00 host_mono_ns=2516165862482776 subscribed msg: 'Hello from mros2-posix onto Linux: 30
host_utc=2026-09-30T08:32:26.672+00:00 host_mono_ns=2516165862560943 event=collector_process_exit source=restore exit_status=143
