host_utc=2026-10-04T03:36:17.821+00:00 host_mono_ns=2843997011996810 boot_start, 2843997011799517
host_utc=2026-10-04T03:36:18.019+00:00 host_mono_ns=2843997209553647 11 stderr
host_utc=2026-10-04T03:36:18.019+00:00 host_mono_ns=2843997209608480 22 stderr
host_utc=2026-10-04T03:36:18.019+00:00 host_mono_ns=2843997209623388 signal init: 124296940717632
host_utc=2026-10-04T03:36:18.019+00:00 host_mono_ns=2843997209636754 initします
host_utc=2026-10-04T03:36:18.019+00:00 host_mono_ns=2843997209892126 boot_end, 2843997209715613
host_utc=2026-10-04T03:36:18.020+00:00 host_mono_ns=2843997210324783 3 stderr
host_utc=2026-10-04T03:36:18.020+00:00 host_mono_ns=2843997210546342 initします
host_utc=2026-10-04T03:36:18.021+00:00 host_mono_ns=2843997211828193 boot_end, 2843997211628756
host_utc=2026-10-04T03:36:18.021+00:00 host_mono_ns=2843997211876754 [21:59:57:747 - 710C23233840]: Load type section success.
host_utc=2026-10-04T03:36:18.021+00:00 host_mono_ns=2843997211898024 
host_utc=2026-10-04T03:36:18.021+00:00 host_mono_ns=2843997211918243 [21:59:57:773 - 710C23233840]: Load import section success.
host_utc=2026-10-04T03:36:18.021+00:00 host_mono_ns=2843997211938230 
host_utc=2026-10-04T03:36:18.021+00:00 host_mono_ns=2843997211955162 [21:59:57:082 - 710C23233840]: Load function section success.
host_utc=2026-10-04T03:36:18.021+00:00 host_mono_ns=2843997211968898 
host_utc=2026-10-04T03:36:18.021+00:00 host_mono_ns=2843997211981352 [21:59:57:090 - 710C23233840]: Load table section success.
host_utc=2026-10-04T03:36:18.021+00:00 host_mono_ns=2843997211994156 
host_utc=2026-10-04T03:36:18.021+00:00 host_mono_ns=2843997212031006 [21:59:57:091 - 710C23233840]: Load global section success.
host_utc=2026-10-04T03:36:18.021+00:00 host_mono_ns=2843997212049561 
host_utc=2026-10-04T03:36:18.021+00:00 host_mono_ns=2843997212062856 [21:59:57:093 - 710C23233840]: Load export section success.
host_utc=2026-10-04T03:36:18.021+00:00 host_mono_ns=2843997212076552 
host_utc=2026-10-04T03:36:18.021+00:00 host_mono_ns=2843997212089306 [21:59:57:094 - 710C23233840]: Load start section success.
host_utc=2026-10-04T03:36:18.021+00:00 host_mono_ns=2843997212101839 
host_utc=2026-10-04T03:36:18.021+00:00 host_mono_ns=2843997212114032 [21:59:57:100 - 710C23233840]: Load table segment section success.
host_utc=2026-10-04T03:36:18.021+00:00 host_mono_ns=2843997212126736 
host_utc=2026-10-04T03:36:18.021+00:00 host_mono_ns=2843997212138859 [21:59:57:101 - 710C23233840]: Load datacount section success.
host_utc=2026-10-04T03:36:18.021+00:00 host_mono_ns=2843997212151834 
host_utc=2026-10-04T03:36:18.021+00:00 host_mono_ns=2843997212164558 [21:59:57:102 - 710C23233840]: Load code segment section success.
host_utc=2026-10-04T03:36:18.022+00:00 host_mono_ns=2843997212177733 
host_utc=2026-10-04T03:36:18.022+00:00 host_mono_ns=2843997212190667 [21:59:57:103 - 710C23233840]: Load data segment section success.
host_utc=2026-10-04T03:36:18.022+00:00 host_mono_ns=2843997212204103 
host_utc=2026-10-04T03:36:18.022+00:00 host_mono_ns=2843997212216416 [21:59:57:103 - 710C23233840]: Ignore custom section [.debug_abbrev].
host_utc=2026-10-04T03:36:18.022+00:00 host_mono_ns=2843997212229400 [21:59:57:104 - 710C23233840]: Ignore custom section [.debug_info].
host_utc=2026-10-04T03:36:18.022+00:00 host_mono_ns=2843997212242225 [21:59:57:104 - 710C23233840]: Ignore custom section [.debug_ranges].
host_utc=2026-10-04T03:36:18.022+00:00 host_mono_ns=2843997212254939 [21:59:57:105 - 710C23233840]: Ignore custom section [.debug_str].
host_utc=2026-10-04T03:36:18.022+00:00 host_mono_ns=2843997212267562 [21:59:57:106 - 710C23233840]: Ignore custom section [.debug_line].
host_utc=2026-10-04T03:36:18.022+00:00 host_mono_ns=2843997212280136 [21:59:57:106 - 710C23233840]: Ignore custom section [.debug_loc].
host_utc=2026-10-04T03:36:18.022+00:00 host_mono_ns=2843997212292670 [21:59:57:107 - 710C23233840]: Ignore custom section [name].
host_utc=2026-10-04T03:36:18.022+00:00 host_mono_ns=2843997212305644 [21:59:57:107 - 710C23233840]: Ignore custom section [producers].
host_utc=2026-10-04T03:36:18.022+00:00 host_mono_ns=2843997212318609 [21:59:57:108 - 710C23233840]: Ignore custom section [target_features].
host_utc=2026-10-04T03:36:18.022+00:00 host_mono_ns=2843997212348976 [21:59:57:109 - 710C23233840]: Found aux __heap_base global, value: 7855136
host_utc=2026-10-04T03:36:18.022+00:00 host_mono_ns=2843997212362592 [21:59:57:110 - 710C23233840]: Found aux __data_end global, value: 1301524
host_utc=2026-10-04T03:36:18.022+00:00 host_mono_ns=2843997212375737 [21:59:57:110 - 710C23233840]: Found aux stack top global, value: 7855136, global index: 0, stack size: 6553600
host_utc=2026-10-04T03:36:18.022+00:00 host_mono_ns=2843997212389152 [21:59:57:111 - 710C23233840]: Found malloc function, name: malloc, index: 3154
host_utc=2026-10-04T03:36:18.022+00:00 host_mono_ns=2843997212402056 [21:59:57:112 - 710C23233840]: Found free function, name: free, index: 3156
host_utc=2026-10-04T03:36:18.022+00:00 host_mono_ns=2843997212415021 [21:59:57:614 - 710C23233840]: Load module success.
host_utc=2026-10-04T03:36:18.022+00:00 host_mono_ns=2843997212427595 
host_utc=2026-10-04T03:36:18.022+00:00 host_mono_ns=2843997212439968 [21:59:57:624 - 710C23233840]: Memory instantiate:
host_utc=2026-10-04T03:36:18.022+00:00 host_mono_ns=2843997212452542 [21:59:57:624 - 710C23233840]:   page bytes: 65536, init pages: 16384, max pages: 16384
host_utc=2026-10-04T03:36:18.022+00:00 host_mono_ns=2843997212465466 [21:59:57:625 - 710C23233840]:   heap offset: 1073741824, heap size: 0
host_utc=2026-10-04T03:36:18.022+00:00 host_mono_ns=2843997212478501 
host_utc=2026-10-04T03:36:18.022+00:00 host_mono_ns=2843997212490624 [21:59:57:649 - 710C23233840]: Memory instantiate success.
host_utc=2026-10-04T03:36:18.022+00:00 host_mono_ns=2843997212503258 [21:59:57:761 - 710C23233840]: warning: failed to link import function (env, pthread_exit)
host_utc=2026-10-04T03:36:18.022+00:00 host_mono_ns=2843997212516202 Restoring wasm thread 11
host_utc=2026-10-04T03:36:18.022+00:00 host_mono_ns=2843997212529046 [21:59:57:851 - 710C23233840]: warning: failed to link import function (env, pthread_exit)
host_utc=2026-10-04T03:36:18.022+00:00 host_mono_ns=2843997212541630 thread 11 restore
host_utc=2026-10-04T03:36:18.022+00:00 host_mono_ns=2843997212554444 Restoring wasm thread 10
host_utc=2026-10-04T03:36:18.022+00:00 host_mono_ns=2843997212566768 [21:59:57:699 - 710C23233840]: warning: failed to link import function (env, pthread_exit)
host_utc=2026-10-04T03:36:18.022+00:00 host_mono_ns=2843997212579351 thread 10 restore
host_utc=2026-10-04T03:36:18.022+00:00 host_mono_ns=2843997212591815 [2026-10-04 03:36:18.021] [info] wasm_restore_stack
host_utc=2026-10-04T03:36:18.022+00:00 host_mono_ns=2843997212604539 
host_utc=2026-10-04T03:36:18.022+00:00 host_mono_ns=2843997212627913 stack, 214445
host_utc=2026-10-04T03:36:18.022+00:00 host_mono_ns=2843997212641469 global, 22753
host_utc=2026-10-04T03:36:18.022+00:00 host_mono_ns=2843997212654072 program counter, 13165
host_utc=2026-10-04T03:36:18.022+00:00 host_mono_ns=2843997212666516 local_cell_num: 2
host_utc=2026-10-04T03:36:18.022+00:00 host_mono_ns=2843997212678929 locals.values.size: 2
host_utc=2026-10-04T03:36:18.022+00:00 host_mono_ns=2843997212691724 [2026-10-04 03:36:18.021] [info] restore label stack
host_utc=2026-10-04T03:36:18.022+00:00 host_mono_ns=2843997212705770 local_cell_num: 8
host_utc=2026-10-04T03:36:18.022+00:00 host_mono_ns=2843997212718083 locals.values.size: 8
host_utc=2026-10-04T03:36:18.022+00:00 host_mono_ns=2843997212730577 [2026-10-04 03:36:18.021] [info] restore label stack
host_utc=2026-10-04T03:36:18.022+00:00 host_mono_ns=2843997212743211 local_cell_num: 14
host_utc=2026-10-04T03:36:18.022+00:00 host_mono_ns=2843997212755724 locals.values.size: 14
host_utc=2026-10-04T03:36:18.022+00:00 host_mono_ns=2843997212768198 [2026-10-04 03:36:18.021] [info] restore label stack
host_utc=2026-10-04T03:36:18.022+00:00 host_mono_ns=2843997212780722 local_cell_num: 45
host_utc=2026-10-04T03:36:18.022+00:00 host_mono_ns=2843997212793045 locals.values.size: 45
host_utc=2026-10-04T03:36:18.022+00:00 host_mono_ns=2843997212805398 [2026-10-04 03:36:18.021] [info] restore label stack
host_utc=2026-10-04T03:36:18.022+00:00 host_mono_ns=2843997212826107 local_cell_num: 19
host_utc=2026-10-04T03:36:18.022+00:00 host_mono_ns=2843997212838651 locals.values.size: 19
host_utc=2026-10-04T03:36:18.022+00:00 host_mono_ns=2843997212851195 [2026-10-04 03:36:18.021] [info] restore label stack
host_utc=2026-10-04T03:36:18.022+00:00 host_mono_ns=2843997212863658 local_cell_num: 63
host_utc=2026-10-04T03:36:18.022+00:00 host_mono_ns=2843997212875851 locals.values.size: 63
host_utc=2026-10-04T03:36:18.022+00:00 host_mono_ns=2843997212888185 [2026-10-04 03:36:18.021] [info] restore label stack
host_utc=2026-10-04T03:36:18.022+00:00 host_mono_ns=2843997212900588 local_cell_num: 9
host_utc=2026-10-04T03:36:18.022+00:00 host_mono_ns=2843997212912981 locals.values.size: 9
host_utc=2026-10-04T03:36:18.022+00:00 host_mono_ns=2843997212925365 [2026-10-04 03:36:18.021] [info] restore label stack
host_utc=2026-10-04T03:36:18.022+00:00 host_mono_ns=2843997212937798 local_cell_num: 9
host_utc=2026-10-04T03:36:18.022+00:00 host_mono_ns=2843997212950041 locals.values.size: 9
host_utc=2026-10-04T03:36:18.022+00:00 host_mono_ns=2843997212962405 [2026-10-04 03:36:18.021] [info] restore label stack
host_utc=2026-10-04T03:36:18.022+00:00 host_mono_ns=2843997212974858 local_cell_num: 6
host_utc=2026-10-04T03:36:18.022+00:00 host_mono_ns=2843997212989105 locals.values.size: 6
host_utc=2026-10-04T03:36:18.022+00:00 host_mono_ns=2843997213014243 [2026-10-04 03:36:18.021] [info] restore label stack
host_utc=2026-10-04T03:36:18.022+00:00 host_mono_ns=2843997213035513 [2026-10-04 03:36:18.021] [info] Finish to restore stack
host_utc=2026-10-04T03:36:18.022+00:00 host_mono_ns=2843997213049139 
host_utc=2026-10-04T03:36:18.022+00:00 host_mono_ns=2843997213061933 initします
host_utc=2026-10-04T03:36:18.022+00:00 host_mono_ns=2843997213086259 boot_end, 2843997212808785
host_utc=2026-10-04T03:36:18.022+00:00 host_mono_ns=2843997213099864 stack, 106411
host_utc=2026-10-04T03:36:18.022+00:00 host_mono_ns=2843997213112669 global, 14698
host_utc=2026-10-04T03:36:18.022+00:00 host_mono_ns=2843997213125353 program counter, 9438
host_utc=2026-10-04T03:36:18.022+00:00 host_mono_ns=2843997213138057 wasm_cluster_increase_checkpointing_counter called 1
host_utc=2026-10-04T03:36:18.022+00:00 host_mono_ns=2843997213150801 Restoring wasm thread 9
host_utc=2026-10-04T03:36:18.022+00:00 host_mono_ns=2843997213163254 wasm_cluster_increase_checkpointing_counter called 2
host_utc=2026-10-04T03:36:18.023+00:00 host_mono_ns=2843997213175908 wasm_cluster_increase_checkpointing_counter called 3
host_utc=2026-10-04T03:36:18.023+00:00 host_mono_ns=2843997213188332 [2026-10-04 03:36:18.022] [info] wasm_restore_stack
host_utc=2026-10-04T03:36:18.023+00:00 host_mono_ns=2843997213200845 
host_utc=2026-10-04T03:36:18.023+00:00 host_mono_ns=2843997213212968 [21:59:57:888 - 710C23233840]: warning: failed to link import function (env, pthread_exit)
host_utc=2026-10-04T03:36:18.023+00:00 host_mono_ns=2843997213225772 local_cell_num: 2
host_utc=2026-10-04T03:36:18.023+00:00 host_mono_ns=2843997213237815 locals.values.size: 2
host_utc=2026-10-04T03:36:18.023+00:00 host_mono_ns=2843997213250339 [2026-10-04 03:36:18.022] [info] restore label stack
host_utc=2026-10-04T03:36:18.023+00:00 host_mono_ns=2843997213262512 local_cell_num: 8
host_utc=2026-10-04T03:36:18.023+00:00 host_mono_ns=2843997213274484 locals.values.size: 8
host_utc=2026-10-04T03:36:18.023+00:00 host_mono_ns=2843997213286647 [2026-10-04 03:36:18.022] [info] restore label stack
host_utc=2026-10-04T03:36:18.023+00:00 host_mono_ns=2843997213298910 local_cell_num: 14
host_utc=2026-10-04T03:36:18.023+00:00 host_mono_ns=2843997213310883 locals.values.size: 14
host_utc=2026-10-04T03:36:18.023+00:00 host_mono_ns=2843997213323056 [2026-10-04 03:36:18.022] [info] restore label stack
host_utc=2026-10-04T03:36:18.023+00:00 host_mono_ns=2843997213335249 local_cell_num: 15
host_utc=2026-10-04T03:36:18.023+00:00 host_mono_ns=2843997213347352 locals.values.size: 15
host_utc=2026-10-04T03:36:18.023+00:00 host_mono_ns=2843997213368141 [2026-10-04 03:36:18.022] [info] restore label stack
host_utc=2026-10-04T03:36:18.023+00:00 host_mono_ns=2843997213380635 local_cell_num: 37
host_utc=2026-10-04T03:36:18.023+00:00 host_mono_ns=2843997213392607 locals.values.size: 37
host_utc=2026-10-04T03:36:18.023+00:00 host_mono_ns=2843997213404770 [2026-10-04 03:36:18.022] [info] restore label stack
host_utc=2026-10-04T03:36:18.023+00:00 host_mono_ns=2843997213417064 thread 9 restore
host_utc=2026-10-04T03:36:18.023+00:00 host_mono_ns=2843997213429457 local_cell_num: 25
host_utc=2026-10-04T03:36:18.023+00:00 host_mono_ns=2843997213441400 locals.values.size: 25
host_utc=2026-10-04T03:36:18.023+00:00 host_mono_ns=2843997213453643 [2026-10-04 03:36:18.022] [info] restore label stack
host_utc=2026-10-04T03:36:18.023+00:00 host_mono_ns=2843997213465976 local_cell_num: 34
host_utc=2026-10-04T03:36:18.023+00:00 host_mono_ns=2843997213478119 locals.values.size: 34
host_utc=2026-10-04T03:36:18.023+00:00 host_mono_ns=2843997213490292 [2026-10-04 03:36:18.022] [info] restore label stack
host_utc=2026-10-04T03:36:18.023+00:00 host_mono_ns=2843997213502665 local_cell_num: 38
host_utc=2026-10-04T03:36:18.023+00:00 host_mono_ns=2843997213514738 locals.values.size: 38
host_utc=2026-10-04T03:36:18.023+00:00 host_mono_ns=2843997213527051 [2026-10-04 03:36:18.022] [info] restore label stack
host_utc=2026-10-04T03:36:18.023+00:00 host_mono_ns=2843997213539224 local_cell_num: 94
host_utc=2026-10-04T03:36:18.023+00:00 host_mono_ns=2843997213551267 locals.values.size: 94
host_utc=2026-10-04T03:36:18.023+00:00 host_mono_ns=2843997213563390 [2026-10-04 03:36:18.022] [info] restore label stack
host_utc=2026-10-04T03:36:18.023+00:00 host_mono_ns=2843997213575673 local_cell_num: 2
host_utc=2026-10-04T03:36:18.023+00:00 host_mono_ns=2843997213587696 locals.values.size: 2
host_utc=2026-10-04T03:36:18.023+00:00 host_mono_ns=2843997213599929 [2026-10-04 03:36:18.022] [info] restore label stack
host_utc=2026-10-04T03:36:18.023+00:00 host_mono_ns=2843997213612172 local_cell_num: 9
host_utc=2026-10-04T03:36:18.023+00:00 host_mono_ns=2843997213624235 locals.values.size: 9
host_utc=2026-10-04T03:36:18.023+00:00 host_mono_ns=2843997213636458 [2026-10-04 03:36:18.022] [info] restore label stack
host_utc=2026-10-04T03:36:18.023+00:00 host_mono_ns=2843997213648801 local_cell_num: 9
host_utc=2026-10-04T03:36:18.023+00:00 host_mono_ns=2843997213660774 locals.values.size: 9
host_utc=2026-10-04T03:36:18.023+00:00 host_mono_ns=2843997213673007 [2026-10-04 03:36:18.022] [info] restore label stack
host_utc=2026-10-04T03:36:18.023+00:00 host_mono_ns=2843997213685260 local_cell_num: 6
host_utc=2026-10-04T03:36:18.023+00:00 host_mono_ns=2843997213697293 locals.values.size: 6
host_utc=2026-10-04T03:36:18.023+00:00 host_mono_ns=2843997213709486 [2026-10-04 03:36:18.022] [info] restore label stack
host_utc=2026-10-04T03:36:18.023+00:00 host_mono_ns=2843997213721889 [2026-10-04 03:36:18.022] [info] Finish to restore stack
host_utc=2026-10-04T03:36:18.023+00:00 host_mono_ns=2843997213734453 
host_utc=2026-10-04T03:36:18.023+00:00 host_mono_ns=2843997213753078 initします
host_utc=2026-10-04T03:36:18.024+00:00 host_mono_ns=2843997214648550 boot_end, 2843997214490792
host_utc=2026-10-04T03:36:18.024+00:00 host_mono_ns=2843997214674759 wasm_cluster_increase_checkpointing_counter called 1
host_utc=2026-10-04T03:36:18.024+00:00 host_mono_ns=2843997214689597 Restoring wasm thread 8
host_utc=2026-10-04T03:36:18.024+00:00 host_mono_ns=2843997214702401 wasm_cluster_increase_checkpointing_counter called 2
host_utc=2026-10-04T03:36:18.024+00:00 host_mono_ns=2843997214714795 wasm_cluster_increase_checkpointing_counter called 3
host_utc=2026-10-04T03:36:18.024+00:00 host_mono_ns=2843997214727068 [2026-10-04 03:36:18.024] [info] wasm_restore_stack
host_utc=2026-10-04T03:36:18.024+00:00 host_mono_ns=2843997214736596 
host_utc=2026-10-04T03:36:18.024+00:00 host_mono_ns=2843997214768476 [21:59:57:559 - 710C23233840]: warning: failed to link import function (env, pthread_exit)
host_utc=2026-10-04T03:36:18.024+00:00 host_mono_ns=2843997214794495 thread 8 restore
host_utc=2026-10-04T03:36:18.024+00:00 host_mono_ns=2843997214803833 local_cell_num: 2
host_utc=2026-10-04T03:36:18.024+00:00 host_mono_ns=2843997214812349 locals.values.size: 2
host_utc=2026-10-04T03:36:18.024+00:00 host_mono_ns=2843997214820995 [2026-10-04 03:36:18.024] [info] restore label stack
host_utc=2026-10-04T03:36:18.024+00:00 host_mono_ns=2843997214830243 local_cell_num: 8
host_utc=2026-10-04T03:36:18.024+00:00 host_mono_ns=2843997214839240 locals.values.size: 8
host_utc=2026-10-04T03:36:18.024+00:00 host_mono_ns=2843997214847576 [2026-10-04 03:36:18.024] [info] restore label stack
host_utc=2026-10-04T03:36:18.024+00:00 host_mono_ns=2843997214855951 local_cell_num: 14
host_utc=2026-10-04T03:36:18.024+00:00 host_mono_ns=2843997214864207 locals.values.size: 14
host_utc=2026-10-04T03:36:18.024+00:00 host_mono_ns=2843997214872753 [2026-10-04 03:36:18.024] [info] restore label stack
host_utc=2026-10-04T03:36:18.024+00:00 host_mono_ns=2843997214881560 local_cell_num: 15
host_utc=2026-10-04T03:36:18.024+00:00 host_mono_ns=2843997214889825 locals.values.size: 15
host_utc=2026-10-04T03:36:18.024+00:00 host_mono_ns=2843997214898081 [2026-10-04 03:36:18.024] [info] restore label stack
host_utc=2026-10-04T03:36:18.024+00:00 host_mono_ns=2843997214906377 local_cell_num: 27
host_utc=2026-10-04T03:36:18.024+00:00 host_mono_ns=2843997214914462 locals.values.size: 27
host_utc=2026-10-04T03:36:18.024+00:00 host_mono_ns=2843997214922617 [2026-10-04 03:36:18.024] [info] restore label stack
host_utc=2026-10-04T03:36:18.024+00:00 host_mono_ns=2843997214930813 local_cell_num: 25
host_utc=2026-10-04T03:36:18.024+00:00 host_mono_ns=2843997214938938 locals.values.size: 25
host_utc=2026-10-04T03:36:18.024+00:00 host_mono_ns=2843997214948356 [2026-10-04 03:36:18.024] [info] restore label stack
host_utc=2026-10-04T03:36:18.024+00:00 host_mono_ns=2843997214959477 local_cell_num: 34
host_utc=2026-10-04T03:36:18.024+00:00 host_mono_ns=2843997214968724 locals.values.size: 34
host_utc=2026-10-04T03:36:18.024+00:00 host_mono_ns=2843997214977050 [2026-10-04 03:36:18.024] [info] restore label stack
host_utc=2026-10-04T03:36:18.024+00:00 host_mono_ns=2843997214985286 local_cell_num: 38
host_utc=2026-10-04T03:36:18.024+00:00 host_mono_ns=2843997214993381 locals.values.size: 38
host_utc=2026-10-04T03:36:18.024+00:00 host_mono_ns=2843997215010884 [2026-10-04 03:36:18.024] [info] restore label stack
host_utc=2026-10-04T03:36:18.024+00:00 host_mono_ns=2843997215026454 local_cell_num: 94
host_utc=2026-10-04T03:36:18.024+00:00 host_mono_ns=2843997215035150 locals.values.size: 94
host_utc=2026-10-04T03:36:18.024+00:00 host_mono_ns=2843997215043396 [2026-10-04 03:36:18.024] [info] restore label stack
host_utc=2026-10-04T03:36:18.024+00:00 host_mono_ns=2843997215052382 local_cell_num: 2
host_utc=2026-10-04T03:36:18.024+00:00 host_mono_ns=2843997215062081 locals.values.size: 2
host_utc=2026-10-04T03:36:18.024+00:00 host_mono_ns=2843997215070988 [2026-10-04 03:36:18.024] [info] restore label stack
host_utc=2026-10-04T03:36:18.024+00:00 host_mono_ns=2843997215080265 local_cell_num: 9
host_utc=2026-10-04T03:36:18.024+00:00 host_mono_ns=2843997215088491 locals.values.size: 9
host_utc=2026-10-04T03:36:18.024+00:00 host_mono_ns=2843997215096706 [2026-10-04 03:36:18.024] [info] restore label stack
host_utc=2026-10-04T03:36:18.024+00:00 host_mono_ns=2843997215104942 local_cell_num: 9
host_utc=2026-10-04T03:36:18.024+00:00 host_mono_ns=2843997215113077 locals.values.size: 9
host_utc=2026-10-04T03:36:18.024+00:00 host_mono_ns=2843997215121303 [2026-10-04 03:36:18.024] [info] restore label stack
host_utc=2026-10-04T03:36:18.024+00:00 host_mono_ns=2843997215129648 local_cell_num: 6
host_utc=2026-10-04T03:36:18.024+00:00 host_mono_ns=2843997215137894 locals.values.size: 6
host_utc=2026-10-04T03:36:18.024+00:00 host_mono_ns=2843997215146160 [2026-10-04 03:36:18.024] [info] restore label stack
host_utc=2026-10-04T03:36:18.024+00:00 host_mono_ns=2843997215154535 [2026-10-04 03:36:18.024] [info] Finish to restore stack
host_utc=2026-10-04T03:36:18.025+00:00 host_mono_ns=2843997215169594 
host_utc=2026-10-04T03:36:18.025+00:00 host_mono_ns=2843997215178561 stack, 156505
host_utc=2026-10-04T03:36:18.025+00:00 host_mono_ns=2843997215187007 global, 17804
host_utc=2026-10-04T03:36:18.025+00:00 host_mono_ns=2843997215195513 program counter, 10881
host_utc=2026-10-04T03:36:18.025+00:00 host_mono_ns=2843997215211373 initします
host_utc=2026-10-04T03:36:18.026+00:00 host_mono_ns=2843997216319135 wasm_cluster_increase_checkpointing_counter called 1
host_utc=2026-10-04T03:36:18.026+00:00 host_mono_ns=2843997216349442 Restoring wasm thread 7
host_utc=2026-10-04T03:36:18.026+00:00 host_mono_ns=2843997216360533 wasm_cluster_increase_checkpointing_counter called 2
host_utc=2026-10-04T03:36:18.026+00:00 host_mono_ns=2843997216370252 wasm_cluster_increase_checkpointing_counter called 3
host_utc=2026-10-04T03:36:18.026+00:00 host_mono_ns=2843997216380060 [2026-10-04 03:36:18.025] [info] wasm_restore_stack
host_utc=2026-10-04T03:36:18.026+00:00 host_mono_ns=2843997216389037 
host_utc=2026-10-04T03:36:18.026+00:00 host_mono_ns=2843997216398214 [21:59:57:202 - 710C23233840]: warning: failed to link import function (env, pthread_exit)
host_utc=2026-10-04T03:36:18.026+00:00 host_mono_ns=2843997216407993 thread 7 restore
host_utc=2026-10-04T03:36:18.026+00:00 host_mono_ns=2843997216416659 local_cell_num: 2
host_utc=2026-10-04T03:36:18.026+00:00 host_mono_ns=2843997216425085 locals.values.size: 2
host_utc=2026-10-04T03:36:18.026+00:00 host_mono_ns=2843997216433651 [2026-10-04 03:36:18.026] [info] restore label stack
host_utc=2026-10-04T03:36:18.026+00:00 host_mono_ns=2843997216442298 local_cell_num: 8
host_utc=2026-10-04T03:36:18.026+00:00 host_mono_ns=2843997216450593 locals.values.size: 8
host_utc=2026-10-04T03:36:18.026+00:00 host_mono_ns=2843997216458919 [2026-10-04 03:36:18.026] [info] restore label stack
host_utc=2026-10-04T03:36:18.026+00:00 host_mono_ns=2843997216467415 local_cell_num: 25
host_utc=2026-10-04T03:36:18.026+00:00 host_mono_ns=2843997216475681 locals.values.size: 25
host_utc=2026-10-04T03:36:18.026+00:00 host_mono_ns=2843997216484167 [2026-10-04 03:36:18.026] [info] restore label stack
host_utc=2026-10-04T03:36:18.026+00:00 host_mono_ns=2843997216492472 local_cell_num: 10
host_utc=2026-10-04T03:36:18.026+00:00 host_mono_ns=2843997216500708 locals.values.size: 10
host_utc=2026-10-04T03:36:18.026+00:00 host_mono_ns=2843997216508994 [2026-10-04 03:36:18.026] [info] restore label stack
host_utc=2026-10-04T03:36:18.026+00:00 host_mono_ns=2843997216517279 local_cell_num: 22
host_utc=2026-10-04T03:36:18.026+00:00 host_mono_ns=2843997216525495 locals.values.size: 22
host_utc=2026-10-04T03:36:18.026+00:00 host_mono_ns=2843997216533640 [2026-10-04 03:36:18.026] [info] restore label stack
host_utc=2026-10-04T03:36:18.026+00:00 host_mono_ns=2843997216541916 local_cell_num: 62
host_utc=2026-10-04T03:36:18.026+00:00 host_mono_ns=2843997216550081 locals.values.size: 62
host_utc=2026-10-04T03:36:18.026+00:00 host_mono_ns=2843997216558196 [2026-10-04 03:36:18.026] [info] restore label stack
host_utc=2026-10-04T03:36:18.026+00:00 host_mono_ns=2843997216566482 local_cell_num: 18
host_utc=2026-10-04T03:36:18.026+00:00 host_mono_ns=2843997216574638 locals.values.size: 18
host_utc=2026-10-04T03:36:18.026+00:00 host_mono_ns=2843997216582753 [2026-10-04 03:36:18.026] [info] restore label stack
host_utc=2026-10-04T03:36:18.026+00:00 host_mono_ns=2843997216591008 local_cell_num: 21
host_utc=2026-10-04T03:36:18.026+00:00 host_mono_ns=2843997216599154 locals.values.size: 21
host_utc=2026-10-04T03:36:18.026+00:00 host_mono_ns=2843997216607279 [2026-10-04 03:36:18.026] [info] restore label stack
host_utc=2026-10-04T03:36:18.026+00:00 host_mono_ns=2843997216615635 local_cell_num: 10
host_utc=2026-10-04T03:36:18.026+00:00 host_mono_ns=2843997216623830 locals.values.size: 10
host_utc=2026-10-04T03:36:18.026+00:00 host_mono_ns=2843997216631966 [2026-10-04 03:36:18.026] [info] restore label stack
host_utc=2026-10-04T03:36:18.026+00:00 host_mono_ns=2843997216640241 local_cell_num: 2
host_utc=2026-10-04T03:36:18.026+00:00 host_mono_ns=2843997216658616 locals.values.size: 2
host_utc=2026-10-04T03:36:18.026+00:00 host_mono_ns=2843997216667052 [2026-10-04 03:36:18.026] [info] restore label stack
host_utc=2026-10-04T03:36:18.026+00:00 host_mono_ns=2843997216675328 local_cell_num: 9
host_utc=2026-10-04T03:36:18.026+00:00 host_mono_ns=2843997216683573 locals.values.size: 9
host_utc=2026-10-04T03:36:18.026+00:00 host_mono_ns=2843997216691719 [2026-10-04 03:36:18.026] [info] restore label stack
host_utc=2026-10-04T03:36:18.026+00:00 host_mono_ns=2843997216700014 local_cell_num: 9
host_utc=2026-10-04T03:36:18.026+00:00 host_mono_ns=2843997216708140 locals.values.size: 9
host_utc=2026-10-04T03:36:18.026+00:00 host_mono_ns=2843997216716325 [2026-10-04 03:36:18.026] [info] restore label stack
host_utc=2026-10-04T03:36:18.026+00:00 host_mono_ns=2843997216724581 local_cell_num: 6
host_utc=2026-10-04T03:36:18.026+00:00 host_mono_ns=2843997216732806 locals.values.size: 6
host_utc=2026-10-04T03:36:18.026+00:00 host_mono_ns=2843997216741062 [2026-10-04 03:36:18.026] [info] restore label stack
host_utc=2026-10-04T03:36:18.026+00:00 host_mono_ns=2843997216750319 boot_end, 2843997216126652
host_utc=2026-10-04T03:36:18.026+00:00 host_mono_ns=2843997216765077 stack, 126208
host_utc=2026-10-04T03:36:18.026+00:00 host_mono_ns=2843997216774074 [2026-10-04 03:36:18.026] [info] Finish to restore stack
host_utc=2026-10-04T03:36:18.026+00:00 host_mono_ns=2843997216782871 
host_utc=2026-10-04T03:36:18.026+00:00 host_mono_ns=2843997216791848 global, 17373
host_utc=2026-10-04T03:36:18.026+00:00 host_mono_ns=2843997216800203 program counter, 12103
host_utc=2026-10-04T03:36:18.026+00:00 host_mono_ns=2843997216945899 initします
host_utc=2026-10-04T03:36:18.027+00:00 host_mono_ns=2843997218150714 boot_end, 2843997217972578
host_utc=2026-10-04T03:36:18.028+00:00 host_mono_ns=2843997218189157 wasm_cluster_increase_checkpointing_counter called 1
host_utc=2026-10-04T03:36:18.028+00:00 host_mono_ns=2843997218205428 Restoring wasm thread 6
host_utc=2026-10-04T03:36:18.028+00:00 host_mono_ns=2843997218214916 wasm_cluster_increase_checkpointing_counter called 2
host_utc=2026-10-04T03:36:18.028+00:00 host_mono_ns=2843997218223782 wasm_cluster_increase_checkpointing_counter called 3
host_utc=2026-10-04T03:36:18.028+00:00 host_mono_ns=2843997218232419 [2026-10-04 03:36:18.027] [info] wasm_restore_stack
host_utc=2026-10-04T03:36:18.028+00:00 host_mono_ns=2843997218241235 
host_utc=2026-10-04T03:36:18.028+00:00 host_mono_ns=2843997218251384 [21:59:57:058 - 710C23233840]: warning: failed to link import function (env, pthread_exit)
host_utc=2026-10-04T03:36:18.028+00:00 host_mono_ns=2843997218261764 local_cell_num: 2
host_utc=2026-10-04T03:36:18.028+00:00 host_mono_ns=2843997218270360 locals.values.size: 2
host_utc=2026-10-04T03:36:18.028+00:00 host_mono_ns=2843997218278846 [2026-10-04 03:36:18.027] [info] restore label stack
host_utc=2026-10-04T03:36:18.028+00:00 host_mono_ns=2843997218287402 local_cell_num: 8
host_utc=2026-10-04T03:36:18.028+00:00 host_mono_ns=2843997218295678 locals.values.size: 8
host_utc=2026-10-04T03:36:18.028+00:00 host_mono_ns=2843997218303914 [2026-10-04 03:36:18.027] [info] restore label stack
host_utc=2026-10-04T03:36:18.028+00:00 host_mono_ns=2843997218312279 local_cell_num: 14
host_utc=2026-10-04T03:36:18.028+00:00 host_mono_ns=2843997218320505 locals.values.size: 14
host_utc=2026-10-04T03:36:18.028+00:00 host_mono_ns=2843997218328941 thread 6 restore
host_utc=2026-10-04T03:36:18.028+00:00 host_mono_ns=2843997218337397 [2026-10-04 03:36:18.027] [info] restore label stack
host_utc=2026-10-04T03:36:18.028+00:00 host_mono_ns=2843997218345693 local_cell_num: 8
host_utc=2026-10-04T03:36:18.028+00:00 host_mono_ns=2843997218353908 locals.values.size: 8
host_utc=2026-10-04T03:36:18.028+00:00 host_mono_ns=2843997218362134 [2026-10-04 03:36:18.027] [info] restore label stack
host_utc=2026-10-04T03:36:18.028+00:00 host_mono_ns=2843997218370429 local_cell_num: 13
host_utc=2026-10-04T03:36:18.028+00:00 host_mono_ns=2843997218388854 locals.values.size: 13
host_utc=2026-10-04T03:36:18.028+00:00 host_mono_ns=2843997218397430 [2026-10-04 03:36:18.027] [info] restore label stack
host_utc=2026-10-04T03:36:18.028+00:00 host_mono_ns=2843997218405736 local_cell_num: 19
host_utc=2026-10-04T03:36:18.028+00:00 host_mono_ns=2843997218413891 locals.values.size: 19
host_utc=2026-10-04T03:36:18.028+00:00 host_mono_ns=2843997218422137 [2026-10-04 03:36:18.027] [info] restore label stack
host_utc=2026-10-04T03:36:18.028+00:00 host_mono_ns=2843997218430423 local_cell_num: 63
host_utc=2026-10-04T03:36:18.028+00:00 host_mono_ns=2843997218438398 locals.values.size: 63
host_utc=2026-10-04T03:36:18.028+00:00 host_mono_ns=2843997218446513 [2026-10-04 03:36:18.027] [info] restore label stack
host_utc=2026-10-04T03:36:18.028+00:00 host_mono_ns=2843997218454729 local_cell_num: 9
host_utc=2026-10-04T03:36:18.028+00:00 host_mono_ns=2843997218462854 locals.values.size: 9
host_utc=2026-10-04T03:36:18.028+00:00 host_mono_ns=2843997218470979 [2026-10-04 03:36:18.027] [info] restore label stack
host_utc=2026-10-04T03:36:18.028+00:00 host_mono_ns=2843997218479205 local_cell_num: 9
host_utc=2026-10-04T03:36:18.028+00:00 host_mono_ns=2843997218487260 locals.values.size: 9
host_utc=2026-10-04T03:36:18.028+00:00 host_mono_ns=2843997218495355 [2026-10-04 03:36:18.027] [info] restore label stack
host_utc=2026-10-04T03:36:18.028+00:00 host_mono_ns=2843997218503521 local_cell_num: 6
host_utc=2026-10-04T03:36:18.028+00:00 host_mono_ns=2843997218511686 locals.values.size: 6
host_utc=2026-10-04T03:36:18.028+00:00 host_mono_ns=2843997218520964 [2026-10-04 03:36:18.027] [info] restore label stack
host_utc=2026-10-04T03:36:18.028+00:00 host_mono_ns=2843997218529249 [2026-10-04 03:36:18.027] [info] Finish to restore stack
host_utc=2026-10-04T03:36:18.028+00:00 host_mono_ns=2843997218537725 
host_utc=2026-10-04T03:36:18.028+00:00 host_mono_ns=2843997218546312 stack, 118253
host_utc=2026-10-04T03:36:18.028+00:00 host_mono_ns=2843997218560518 global, 25257
host_utc=2026-10-04T03:36:18.028+00:00 host_mono_ns=2843997218569385 program counter, 13014
host_utc=2026-10-04T03:36:18.028+00:00 host_mono_ns=2843997218578011 initします
host_utc=2026-10-04T03:36:18.029+00:00 host_mono_ns=2843997219862287 boot_end, 2843997219675615
host_utc=2026-10-04T03:36:18.029+00:00 host_mono_ns=2843997219959852 stack, 103435
host_utc=2026-10-04T03:36:18.029+00:00 host_mono_ns=2843997219975160 global, 15189
host_utc=2026-10-04T03:36:18.029+00:00 host_mono_ns=2843997219988185 wasm_cluster_increase_checkpointing_counter called 1
host_utc=2026-10-04T03:36:18.029+00:00 host_mono_ns=2843997220015416 Restoring wasm thread 5
host_utc=2026-10-04T03:36:18.029+00:00 host_mono_ns=2843997220032709 wasm_cluster_increase_checkpointing_counter called 2
host_utc=2026-10-04T03:36:18.029+00:00 host_mono_ns=2843997220045674 wasm_cluster_increase_checkpointing_counter called 3
host_utc=2026-10-04T03:36:18.029+00:00 host_mono_ns=2843997220058578 [2026-10-04 03:36:18.029] [info] wasm_restore_stack
host_utc=2026-10-04T03:36:18.029+00:00 host_mono_ns=2843997220071392 
host_utc=2026-10-04T03:36:18.029+00:00 host_mono_ns=2843997220084447 [21:59:57:750 - 710C23233840]: warning: failed to link import function (env, pthread_exit)
host_utc=2026-10-04T03:36:18.029+00:00 host_mono_ns=2843997220098193 local_cell_num: 2
host_utc=2026-10-04T03:36:18.029+00:00 host_mono_ns=2843997220110596 locals.values.size: 2
host_utc=2026-10-04T03:36:18.029+00:00 host_mono_ns=2843997220127578 [2026-10-04 03:36:18.029] [info] restore label stack
host_utc=2026-10-04T03:36:18.029+00:00 host_mono_ns=2843997220144330 local_cell_num: 8
host_utc=2026-10-04T03:36:18.029+00:00 host_mono_ns=2843997220159559 locals.values.size: 8
host_utc=2026-10-04T03:36:18.030+00:00 host_mono_ns=2843997220176521 [2026-10-04 03:36:18.029] [info] restore label stack
host_utc=2026-10-04T03:36:18.030+00:00 host_mono_ns=2843997220191429 thread 5 restore
host_utc=2026-10-04T03:36:18.030+00:00 host_mono_ns=2843997220204744 local_cell_num: 14
host_utc=2026-10-04T03:36:18.030+00:00 host_mono_ns=2843997220228990 locals.values.size: 14
host_utc=2026-10-04T03:36:18.030+00:00 host_mono_ns=2843997220241604 [2026-10-04 03:36:18.029] [info] restore label stack
host_utc=2026-10-04T03:36:18.030+00:00 host_mono_ns=2843997220254097 local_cell_num: 8
host_utc=2026-10-04T03:36:18.030+00:00 host_mono_ns=2843997220266210 locals.values.size: 8
host_utc=2026-10-04T03:36:18.030+00:00 host_mono_ns=2843997220278413 [2026-10-04 03:36:18.029] [info] restore label stack
host_utc=2026-10-04T03:36:18.030+00:00 host_mono_ns=2843997220290706 local_cell_num: 13
host_utc=2026-10-04T03:36:18.030+00:00 host_mono_ns=2843997220302940 locals.values.size: 13
host_utc=2026-10-04T03:36:18.030+00:00 host_mono_ns=2843997220315213 [2026-10-04 03:36:18.029] [info] restore label stack
host_utc=2026-10-04T03:36:18.030+00:00 host_mono_ns=2843997220327596 local_cell_num: 19
host_utc=2026-10-04T03:36:18.030+00:00 host_mono_ns=2843997220339659 locals.values.size: 19
host_utc=2026-10-04T03:36:18.030+00:00 host_mono_ns=2843997220351762 [2026-10-04 03:36:18.029] [info] restore label stack
host_utc=2026-10-04T03:36:18.030+00:00 host_mono_ns=2843997220364045 local_cell_num: 63
host_utc=2026-10-04T03:36:18.030+00:00 host_mono_ns=2843997220376128 locals.values.size: 63
host_utc=2026-10-04T03:36:18.030+00:00 host_mono_ns=2843997220388050 [2026-10-04 03:36:18.029] [info] restore label stack
host_utc=2026-10-04T03:36:18.030+00:00 host_mono_ns=2843997220400434 local_cell_num: 9
host_utc=2026-10-04T03:36:18.030+00:00 host_mono_ns=2843997220412486 locals.values.size: 9
host_utc=2026-10-04T03:36:18.030+00:00 host_mono_ns=2843997220424629 [2026-10-04 03:36:18.029] [info] restore label stack
host_utc=2026-10-04T03:36:18.030+00:00 host_mono_ns=2843997220436953 local_cell_num: 9
host_utc=2026-10-04T03:36:18.030+00:00 host_mono_ns=2843997220449156 locals.values.size: 9
host_utc=2026-10-04T03:36:18.030+00:00 host_mono_ns=2843997220461249 [2026-10-04 03:36:18.029] [info] restore label stack
host_utc=2026-10-04T03:36:18.030+00:00 host_mono_ns=2843997220473632 local_cell_num: 6
host_utc=2026-10-04T03:36:18.030+00:00 host_mono_ns=2843997220485635 locals.values.size: 6
host_utc=2026-10-04T03:36:18.030+00:00 host_mono_ns=2843997220497898 [2026-10-04 03:36:18.029] [info] restore label stack
host_utc=2026-10-04T03:36:18.030+00:00 host_mono_ns=2843997220510301 [2026-10-04 03:36:18.029] [info] Finish to restore stack
host_utc=2026-10-04T03:36:18.030+00:00 host_mono_ns=2843997220522895 
host_utc=2026-10-04T03:36:18.030+00:00 host_mono_ns=2843997220535298 program counter, 11973
host_utc=2026-10-04T03:36:18.030+00:00 host_mono_ns=2843997220556198 initします
host_utc=2026-10-04T03:36:18.031+00:00 host_mono_ns=2843997221583057 boot_end, 2843997221416463
host_utc=2026-10-04T03:36:18.031+00:00 host_mono_ns=2843997221617302 wasm_cluster_increase_checkpointing_counter called 1
host_utc=2026-10-04T03:36:18.031+00:00 host_mono_ns=2843997221631088 Restoring wasm thread 4
host_utc=2026-10-04T03:36:18.031+00:00 host_mono_ns=2843997221644243 wasm_cluster_increase_checkpointing_counter called 2
host_utc=2026-10-04T03:36:18.031+00:00 host_mono_ns=2843997221657418 wasm_cluster_increase_checkpointing_counter called 3
host_utc=2026-10-04T03:36:18.031+00:00 host_mono_ns=2843997221668939 [2026-10-04 03:36:18.031] [info] wasm_restore_stack
host_utc=2026-10-04T03:36:18.031+00:00 host_mono_ns=2843997221681363 
host_utc=2026-10-04T03:36:18.031+00:00 host_mono_ns=2843997221698195 local_cell_num: 2
host_utc=2026-10-04T03:36:18.031+00:00 host_mono_ns=2843997221708264 locals.values.size: 2
host_utc=2026-10-04T03:36:18.031+00:00 host_mono_ns=2843997221717060 [2026-10-04 03:36:18.031] [info] restore label stack
host_utc=2026-10-04T03:36:18.031+00:00 host_mono_ns=2843997221725807 local_cell_num: 8
host_utc=2026-10-04T03:36:18.031+00:00 host_mono_ns=2843997221734193 locals.values.size: 8
host_utc=2026-10-04T03:36:18.031+00:00 host_mono_ns=2843997221742468 [2026-10-04 03:36:18.031] [info] restore label stack
host_utc=2026-10-04T03:36:18.031+00:00 host_mono_ns=2843997221750914 [21:59:57:491 - 710C23233840]: local_cell_num: 14
host_utc=2026-10-04T03:36:18.031+00:00 host_mono_ns=2843997221769249 warning: failed to link import function (env, pthread_exit)locals.values.size: 14
host_utc=2026-10-04T03:36:18.031+00:00 host_mono_ns=2843997221778887 
host_utc=2026-10-04T03:36:18.031+00:00 host_mono_ns=2843997221787674 [2026-10-04 03:36:18.031] [info] restore label stack
host_utc=2026-10-04T03:36:18.031+00:00 host_mono_ns=2843997221797282 local_cell_num: 215
host_utc=2026-10-04T03:36:18.031+00:00 host_mono_ns=2843997221806399 locals.values.size: 215
host_utc=2026-10-04T03:36:18.031+00:00 host_mono_ns=2843997221814865 [2026-10-04 03:36:18.031] [info] restore label stack
host_utc=2026-10-04T03:36:18.031+00:00 host_mono_ns=2843997221823211 local_cell_num: 77
host_utc=2026-10-04T03:36:18.031+00:00 host_mono_ns=2843997221831536 locals.values.size: 77
host_utc=2026-10-04T03:36:18.031+00:00 host_mono_ns=2843997221840053 [2026-10-04 03:36:18.031] [info] restore label stack
host_utc=2026-10-04T03:36:18.031+00:00 host_mono_ns=2843997221848338 local_cell_num: 22
host_utc=2026-10-04T03:36:18.031+00:00 host_mono_ns=2843997221856524 locals.values.size: 22
host_utc=2026-10-04T03:36:18.031+00:00 host_mono_ns=2843997221864749 [2026-10-04 03:36:18.031] [info] restore label stack
host_utc=2026-10-04T03:36:18.031+00:00 host_mono_ns=2843997221873005 [2026-10-04 03:36:18.031] [info] Finish to restore stack
host_utc=2026-10-04T03:36:18.031+00:00 host_mono_ns=2843997221881591 
host_utc=2026-10-04T03:36:18.031+00:00 host_mono_ns=2843997221890237 stack, 91663
host_utc=2026-10-04T03:36:18.031+00:00 host_mono_ns=2843997221898603 global, 22121
host_utc=2026-10-04T03:36:18.031+00:00 host_mono_ns=2843997221907039 program counter, 16571
host_utc=2026-10-04T03:36:18.031+00:00 host_mono_ns=2843997222111205 initします
host_utc=2026-10-04T03:36:18.033+00:00 host_mono_ns=2843997223873804 boot_end, 2843997223734671
host_utc=2026-10-04T03:36:18.033+00:00 host_mono_ns=2843997223906265 thread 4 restore
host_utc=2026-10-04T03:36:18.033+00:00 host_mono_ns=2843997223917046 wasm_cluster_increase_checkpointing_counter called 1
host_utc=2026-10-04T03:36:18.033+00:00 host_mono_ns=2843997223926323 Restoring wasm thread 3
host_utc=2026-10-04T03:36:18.033+00:00 host_mono_ns=2843997223934879 wasm_cluster_increase_checkpointing_counter called 2
host_utc=2026-10-04T03:36:18.033+00:00 host_mono_ns=2843997223943486 wasm_cluster_increase_checkpointing_counter called 3
host_utc=2026-10-04T03:36:18.033+00:00 host_mono_ns=2843997223951871 [2026-10-04 03:36:18.033] [info] wasm_restore_stack
host_utc=2026-10-04T03:36:18.033+00:00 host_mono_ns=2843997223960498 
host_utc=2026-10-04T03:36:18.033+00:00 host_mono_ns=2843997223969294 [21:59:57:804 - 710C23233840]: warning: failed to link import function (env, pthread_exit)
host_utc=2026-10-04T03:36:18.033+00:00 host_mono_ns=2843997223978812 local_cell_num: 2
host_utc=2026-10-04T03:36:18.033+00:00 host_mono_ns=2843997223988030 locals.values.size: 2
host_utc=2026-10-04T03:36:18.033+00:00 host_mono_ns=2843997223996486 [2026-10-04 03:36:18.033] [info] restore label stack
host_utc=2026-10-04T03:36:18.033+00:00 host_mono_ns=2843997224018567 local_cell_num: 8
host_utc=2026-10-04T03:36:18.033+00:00 host_mono_ns=2843997224030380 locals.values.size: 8
host_utc=2026-10-04T03:36:18.033+00:00 host_mono_ns=2843997224038796 [2026-10-04 03:36:18.033] [info] restore label stack
host_utc=2026-10-04T03:36:18.033+00:00 host_mono_ns=2843997224047151 local_cell_num: 14
host_utc=2026-10-04T03:36:18.033+00:00 host_mono_ns=2843997224055347 thread 3 restore
host_utc=2026-10-04T03:36:18.033+00:00 host_mono_ns=2843997224063673 locals.values.size: 14
host_utc=2026-10-04T03:36:18.033+00:00 host_mono_ns=2843997224071918 [2026-10-04 03:36:18.033] [info] restore label stack
host_utc=2026-10-04T03:36:18.033+00:00 host_mono_ns=2843997224080204 local_cell_num: 215
host_utc=2026-10-04T03:36:18.033+00:00 host_mono_ns=2843997224088419 locals.values.size: 215
host_utc=2026-10-04T03:36:18.033+00:00 host_mono_ns=2843997224096825 [2026-10-04 03:36:18.033] [info] restore label stack
host_utc=2026-10-04T03:36:18.033+00:00 host_mono_ns=2843997224115030 local_cell_num: 77
host_utc=2026-10-04T03:36:18.033+00:00 host_mono_ns=2843997224123385 locals.values.size: 77
host_utc=2026-10-04T03:36:18.033+00:00 host_mono_ns=2843997224131571 [2026-10-04 03:36:18.033] [info] restore label stack
host_utc=2026-10-04T03:36:18.033+00:00 host_mono_ns=2843997224140738 local_cell_num: 22
host_utc=2026-10-04T03:36:18.033+00:00 host_mono_ns=2843997224151759 locals.values.size: 22
host_utc=2026-10-04T03:36:18.033+00:00 host_mono_ns=2843997224162910 [2026-10-04 03:36:18.033] [info] restore label stack
host_utc=2026-10-04T03:36:18.034+00:00 host_mono_ns=2843997224173209 [2026-10-04 03:36:18.033] [info] Finish to restore stack
host_utc=2026-10-04T03:36:18.034+00:00 host_mono_ns=2843997224181926 
host_utc=2026-10-04T03:36:18.034+00:00 host_mono_ns=2843997224190692 stack, 91042
host_utc=2026-10-04T03:36:18.034+00:00 host_mono_ns=2843997224204198 global, 26450
host_utc=2026-10-04T03:36:18.034+00:00 host_mono_ns=2843997224212985 program counter, 14747
host_utc=2026-10-04T03:36:18.034+00:00 host_mono_ns=2843997224358770 initします
host_utc=2026-10-04T03:36:18.035+00:00 host_mono_ns=2843997225675567 boot_end, 2843997225506217
host_utc=2026-10-04T03:36:18.035+00:00 host_mono_ns=2843997225702779 wasm_cluster_increase_checkpointing_counter called 1
host_utc=2026-10-04T03:36:18.035+00:00 host_mono_ns=2843997225718869 Restoring wasm thread 2
host_utc=2026-10-04T03:36:18.035+00:00 host_mono_ns=2843997225730952 wasm_cluster_increase_checkpointing_counter called 2
host_utc=2026-10-04T03:36:18.035+00:00 host_mono_ns=2843997225740209 wasm_cluster_increase_checkpointing_counter called 3
host_utc=2026-10-04T03:36:18.035+00:00 host_mono_ns=2843997225748876 [2026-10-04 03:36:18.035] [info] wasm_restore_stack
host_utc=2026-10-04T03:36:18.035+00:00 host_mono_ns=2843997225757893 
host_utc=2026-10-04T03:36:18.035+00:00 host_mono_ns=2843997225773542 stack, 93125
host_utc=2026-10-04T03:36:18.035+00:00 host_mono_ns=2843997225783040 [21:59:57:582 - 710C23233840]: warning: failed to link import function (env, pthread_exit)
host_utc=2026-10-04T03:36:18.035+00:00 host_mono_ns=2843997225792548 local_cell_num: 2
host_utc=2026-10-04T03:36:18.035+00:00 host_mono_ns=2843997225801245 locals.values.size: 2
host_utc=2026-10-04T03:36:18.035+00:00 host_mono_ns=2843997225810011 [2026-10-04 03:36:18.035] [info] restore label stack
host_utc=2026-10-04T03:36:18.035+00:00 host_mono_ns=2843997225818607 local_cell_num: 8
host_utc=2026-10-04T03:36:18.035+00:00 host_mono_ns=2843997225826833 locals.values.size: 8
host_utc=2026-10-04T03:36:18.035+00:00 host_mono_ns=2843997225835109 [2026-10-04 03:36:18.035] [info] restore label stack
host_utc=2026-10-04T03:36:18.035+00:00 host_mono_ns=2843997225843504 local_cell_num: 14
host_utc=2026-10-04T03:36:18.035+00:00 host_mono_ns=2843997225851820 locals.values.size: 14
host_utc=2026-10-04T03:36:18.035+00:00 host_mono_ns=2843997225860306 [2026-10-04 03:36:18.035] [info] restore label stack
host_utc=2026-10-04T03:36:18.035+00:00 host_mono_ns=2843997225868592 local_cell_num: 215
host_utc=2026-10-04T03:36:18.035+00:00 host_mono_ns=2843997225876877 locals.values.size: 215
host_utc=2026-10-04T03:36:18.035+00:00 host_mono_ns=2843997225885243 thread 2 restore
host_utc=2026-10-04T03:36:18.035+00:00 host_mono_ns=2843997225893839 [2026-10-04 03:36:18.035] [info] restore label stack
host_utc=2026-10-04T03:36:18.035+00:00 host_mono_ns=2843997225903908 local_cell_num: 77
host_utc=2026-10-04T03:36:18.035+00:00 host_mono_ns=2843997225912224 locals.values.size: 77
host_utc=2026-10-04T03:36:18.035+00:00 host_mono_ns=2843997225921552 [2026-10-04 03:36:18.035] [info] restore label stack
host_utc=2026-10-04T03:36:18.035+00:00 host_mono_ns=2843997225934747 local_cell_num: 22
host_utc=2026-10-04T03:36:18.035+00:00 host_mono_ns=2843997225946389 locals.values.size: 22
host_utc=2026-10-04T03:36:18.035+00:00 host_mono_ns=2843997225955786 [2026-10-04 03:36:18.035] [info] restore label stack
host_utc=2026-10-04T03:36:18.035+00:00 host_mono_ns=2843997225965294 [2026-10-04 03:36:18.035] [info] Finish to restore stack
host_utc=2026-10-04T03:36:18.035+00:00 host_mono_ns=2843997225989149 
host_utc=2026-10-04T03:36:18.035+00:00 host_mono_ns=2843997226012514 global, 18184
host_utc=2026-10-04T03:36:18.035+00:00 host_mono_ns=2843997226026169 program counter, 12013
host_utc=2026-10-04T03:36:18.035+00:00 host_mono_ns=2843997226109827 initします
host_utc=2026-10-04T03:36:18.037+00:00 host_mono_ns=2843997227498089 boot_end, 2843997227312298
host_utc=2026-10-04T03:36:18.037+00:00 host_mono_ns=2843997227522545 stack, 94569
host_utc=2026-10-04T03:36:18.037+00:00 host_mono_ns=2843997227541591 wasm_cluster_increase_checkpointing_counter called 1
host_utc=2026-10-04T03:36:18.037+00:00 host_mono_ns=2843997227551600 Restoring wasm thread 1
host_utc=2026-10-04T03:36:18.037+00:00 host_mono_ns=2843997227560277 wasm_cluster_increase_checkpointing_counter called 2
host_utc=2026-10-04T03:36:18.037+00:00 host_mono_ns=2843997227569023 wasm_cluster_increase_checkpointing_counter called 3
host_utc=2026-10-04T03:36:18.037+00:00 host_mono_ns=2843997227577539 [2026-10-04 03:36:18.037] [info] wasm_restore_stack
host_utc=2026-10-04T03:36:18.037+00:00 host_mono_ns=2843997227586186 
host_utc=2026-10-04T03:36:18.037+00:00 host_mono_ns=2843997227595072 [21:59:57:383 - 710C23233840]: warning: failed to link import function (env, pthread_exit)
host_utc=2026-10-04T03:36:18.037+00:00 host_mono_ns=2843997227604711 local_cell_num: 2
host_utc=2026-10-04T03:36:18.037+00:00 host_mono_ns=2843997227613157 locals.values.size: 2
host_utc=2026-10-04T03:36:18.037+00:00 host_mono_ns=2843997227621743 [2026-10-04 03:36:18.037] [info] restore label stack
host_utc=2026-10-04T03:36:18.037+00:00 host_mono_ns=2843997227630119 local_cell_num: 8
host_utc=2026-10-04T03:36:18.037+00:00 host_mono_ns=2843997227638294 locals.values.size: 8
host_utc=2026-10-04T03:36:18.037+00:00 host_mono_ns=2843997227646510 [2026-10-04 03:36:18.037] [info] restore label stack
host_utc=2026-10-04T03:36:18.037+00:00 host_mono_ns=2843997227654715 local_cell_num: 14
host_utc=2026-10-04T03:36:18.037+00:00 host_mono_ns=2843997227662921 locals.values.size: 14
host_utc=2026-10-04T03:36:18.037+00:00 host_mono_ns=2843997227671447 [2026-10-04 03:36:18.037] [info] restore label stack
host_utc=2026-10-04T03:36:18.037+00:00 host_mono_ns=2843997227679782 thread 1 restore
host_utc=2026-10-04T03:36:18.037+00:00 host_mono_ns=2843997227688098 local_cell_num: 215
host_utc=2026-10-04T03:36:18.037+00:00 host_mono_ns=2843997227696334 locals.values.size: 215
host_utc=2026-10-04T03:36:18.037+00:00 host_mono_ns=2843997227704669 [2026-10-04 03:36:18.037] [info] restore label stack
host_utc=2026-10-04T03:36:18.037+00:00 host_mono_ns=2843997227713045 local_cell_num: 77
host_utc=2026-10-04T03:36:18.037+00:00 host_mono_ns=2843997227721211 locals.values.size: 77
host_utc=2026-10-04T03:36:18.037+00:00 host_mono_ns=2843997227729436 [2026-10-04 03:36:18.037] [info] restore label stack
host_utc=2026-10-04T03:36:18.037+00:00 host_mono_ns=2843997227737762 local_cell_num: 22
host_utc=2026-10-04T03:36:18.037+00:00 host_mono_ns=2843997227745837 locals.values.size: 22
host_utc=2026-10-04T03:36:18.037+00:00 host_mono_ns=2843997227754123 [2026-10-04 03:36:18.037] [info] restore label stack
host_utc=2026-10-04T03:36:18.037+00:00 host_mono_ns=2843997227762449 [2026-10-04 03:36:18.037] [info] Finish to restore stack
host_utc=2026-10-04T03:36:18.037+00:00 host_mono_ns=2843997227771115 
host_utc=2026-10-04T03:36:18.037+00:00 host_mono_ns=2843997227783899 global, 17142
host_utc=2026-10-04T03:36:18.037+00:00 host_mono_ns=2843997227792676 program counter, 12613
host_utc=2026-10-04T03:36:18.037+00:00 host_mono_ns=2843997227845786 initします
host_utc=2026-10-04T03:36:18.037+00:00 host_mono_ns=2843997227862728 wasm_cluster_increase_checkpointing_counter called 1
host_utc=2026-10-04T03:36:18.037+00:00 host_mono_ns=2843997227872246 [2026-10-04 03:36:18.037] [info] wasm_restore_stack
host_utc=2026-10-04T03:36:18.037+00:00 host_mono_ns=2843997227881443 
host_utc=2026-10-04T03:36:18.039+00:00 host_mono_ns=2843997229328366 wasm_cluster_increase_checkpointing_counter called 2
host_utc=2026-10-04T03:36:18.039+00:00 host_mono_ns=2843997229386226 wasm_cluster_increase_checkpointing_counter called 3
host_utc=2026-10-04T03:36:18.039+00:00 host_mono_ns=2843997229402697 [2026-10-04 03:36:18.038] [info] wasm_restore_stack
host_utc=2026-10-04T03:36:18.039+00:00 host_mono_ns=2843997229416322 
host_utc=2026-10-04T03:36:18.039+00:00 host_mono_ns=2843997229430018 local_cell_num: 1
host_utc=2026-10-04T03:36:18.039+00:00 host_mono_ns=2843997229443414 locals.values.size: 1
host_utc=2026-10-04T03:36:18.039+00:00 host_mono_ns=2843997229456258 [2026-10-04 03:36:18.038] [info] restore label stack
host_utc=2026-10-04T03:36:18.039+00:00 host_mono_ns=2843997229468942 local_cell_num: 3
host_utc=2026-10-04T03:36:18.039+00:00 host_mono_ns=2843997229481245 locals.values.size: 3
host_utc=2026-10-04T03:36:18.039+00:00 host_mono_ns=2843997229493458 [2026-10-04 03:36:18.038] [info] restore label stack
host_utc=2026-10-04T03:36:18.039+00:00 host_mono_ns=2843997229505842 local_cell_num: 170
host_utc=2026-10-04T03:36:18.039+00:00 host_mono_ns=2843997229518145 locals.values.size: 170
host_utc=2026-10-04T03:36:18.039+00:00 host_mono_ns=2843997229530889 [2026-10-04 03:36:18.038] [info] restore label stack
host_utc=2026-10-04T03:36:18.039+00:00 host_mono_ns=2843997229543302 local_cell_num: 19
host_utc=2026-10-04T03:36:18.039+00:00 host_mono_ns=2843997229555736 locals.values.size: 19
host_utc=2026-10-04T03:36:18.039+00:00 host_mono_ns=2843997229568440 [2026-10-04 03:36:18.038] [info] restore label stack
host_utc=2026-10-04T03:36:18.039+00:00 host_mono_ns=2843997229580743 local_cell_num: 63
host_utc=2026-10-04T03:36:18.039+00:00 host_mono_ns=2843997229592866 locals.values.size: 63
host_utc=2026-10-04T03:36:18.039+00:00 host_mono_ns=2843997229605289 [2026-10-04 03:36:18.038] [info] restore label stack
host_utc=2026-10-04T03:36:18.039+00:00 host_mono_ns=2843997229617573 local_cell_num: 9
host_utc=2026-10-04T03:36:18.039+00:00 host_mono_ns=2843997229630056 locals.values.size: 9
host_utc=2026-10-04T03:36:18.039+00:00 host_mono_ns=2843997229642309 [2026-10-04 03:36:18.038] [info] restore label stack
host_utc=2026-10-04T03:36:18.039+00:00 host_mono_ns=2843997229654603 local_cell_num: 9
host_utc=2026-10-04T03:36:18.039+00:00 host_mono_ns=2843997229666705 locals.values.size: 9
host_utc=2026-10-04T03:36:18.039+00:00 host_mono_ns=2843997229678838 [2026-10-04 03:36:18.038] [info] restore label stack
host_utc=2026-10-04T03:36:18.039+00:00 host_mono_ns=2843997229691162 local_cell_num: 6
host_utc=2026-10-04T03:36:18.039+00:00 host_mono_ns=2843997229703244 locals.values.size: 6
host_utc=2026-10-04T03:36:18.039+00:00 host_mono_ns=2843997229715478 [2026-10-04 03:36:18.038] [info] restore label stack
host_utc=2026-10-04T03:36:18.039+00:00 host_mono_ns=2843997229727941 [2026-10-04 03:36:18.038] [info] Finish to restore stack
host_utc=2026-10-04T03:36:18.039+00:00 host_mono_ns=2843997229740916 
host_utc=2026-10-04T03:36:18.039+00:00 host_mono_ns=2843997229753369 boot_end, 2843997229103832
host_utc=2026-10-04T03:36:18.039+00:00 host_mono_ns=2843997229766304 stack, 1437155
host_utc=2026-10-04T03:36:18.039+00:00 host_mono_ns=2843997229778907 local_cell_num: 2
host_utc=2026-10-04T03:36:18.039+00:00 host_mono_ns=2843997229791090 locals.values.size: 2
host_utc=2026-10-04T03:36:18.039+00:00 host_mono_ns=2843997229803143 [2026-10-04 03:36:18.039] [info] restore label stack
host_utc=2026-10-04T03:36:18.039+00:00 host_mono_ns=2843997229815386 local_cell_num: 8
host_utc=2026-10-04T03:36:18.039+00:00 host_mono_ns=2843997229827319 locals.values.size: 8
host_utc=2026-10-04T03:36:18.039+00:00 host_mono_ns=2843997229839432 [2026-10-04 03:36:18.039] [info] restore label stack
host_utc=2026-10-04T03:36:18.039+00:00 host_mono_ns=2843997229851565 local_cell_num: 14
host_utc=2026-10-04T03:36:18.039+00:00 host_mono_ns=2843997229863707 locals.values.size: 14
host_utc=2026-10-04T03:36:18.039+00:00 host_mono_ns=2843997229875770 [2026-10-04 03:36:18.039] [info] restore label stack
host_utc=2026-10-04T03:36:18.039+00:00 host_mono_ns=2843997229896009 local_cell_num: 155
host_utc=2026-10-04T03:36:18.039+00:00 host_mono_ns=2843997229908522 locals.values.size: 155
host_utc=2026-10-04T03:36:18.039+00:00 host_mono_ns=2843997229920996 [2026-10-04 03:36:18.039] [info] restore label stack
host_utc=2026-10-04T03:36:18.039+00:00 host_mono_ns=2843997229933279 local_cell_num: 19
host_utc=2026-10-04T03:36:18.039+00:00 host_mono_ns=2843997229945432 locals.values.size: 19
host_utc=2026-10-04T03:36:18.039+00:00 host_mono_ns=2843997229957435 [2026-10-04 03:36:18.039] [info] restore label stack
host_utc=2026-10-04T03:36:18.039+00:00 host_mono_ns=2843997229969798 local_cell_num: 63
host_utc=2026-10-04T03:36:18.039+00:00 host_mono_ns=2843997229981851 locals.values.size: 63
host_utc=2026-10-04T03:36:18.039+00:00 host_mono_ns=2843997229994024 [2026-10-04 03:36:18.039] [info] restore label stack
host_utc=2026-10-04T03:36:18.039+00:00 host_mono_ns=2843997230015154 local_cell_num: 9
host_utc=2026-10-04T03:36:18.039+00:00 host_mono_ns=2843997230031194 locals.values.size: 9
host_utc=2026-10-04T03:36:18.039+00:00 host_mono_ns=2843997230043377 [2026-10-04 03:36:18.039] [info] restore label stack
host_utc=2026-10-04T03:36:18.039+00:00 host_mono_ns=2843997230055740 local_cell_num: 9
host_utc=2026-10-04T03:36:18.039+00:00 host_mono_ns=2843997230067853 locals.values.size: 9
host_utc=2026-10-04T03:36:18.039+00:00 host_mono_ns=2843997230079956 [2026-10-04 03:36:18.039] [info] restore label stack
host_utc=2026-10-04T03:36:18.039+00:00 host_mono_ns=2843997230092219 local_cell_num: 6
host_utc=2026-10-04T03:36:18.039+00:00 host_mono_ns=2843997230104372 locals.values.size: 6
host_utc=2026-10-04T03:36:18.039+00:00 host_mono_ns=2843997230116495 [2026-10-04 03:36:18.039] [info] restore label stack
host_utc=2026-10-04T03:36:18.039+00:00 host_mono_ns=2843997230128838 [2026-10-04 03:36:18.039] [info] Finish to restore stack
host_utc=2026-10-04T03:36:18.039+00:00 host_mono_ns=2843997230141372 
host_utc=2026-10-04T03:36:18.039+00:00 host_mono_ns=2843997230153846 stack, 110379
host_utc=2026-10-04T03:36:18.040+00:00 host_mono_ns=2843997230174765 global, 25208
host_utc=2026-10-04T03:36:18.040+00:00 host_mono_ns=2843997230188521 program counter, 13125
host_utc=2026-10-04T03:36:18.944+00:00 host_mono_ns=2843998135122823 memory, 905646407
host_utc=2026-10-04T03:36:18.945+00:00 host_mono_ns=2843998135243190 global, 19427
host_utc=2026-10-04T03:36:18.945+00:00 host_mono_ns=2843998135255924 program counter, 13145
host_utc=2026-10-04T03:36:20.947+00:00 host_mono_ns=2844000137839313 '
host_utc=2026-10-04T03:36:20.947+00:00 host_mono_ns=2844000137908824 LOG_ERROR : 00000017.444 : [CR-STATE] netif_refresh default=0x9bf18 self=0x9bf18 same=1 stored=0x030012ac probed=0x030012ac pending=0
host_utc=2026-10-04T03:36:20.947+00:00 host_mono_ns=2844000137935104 UDP_RECV_RECOVERY action=skip reason=EINTR fd=11LOG_ERROR : 00000017.445 :
host_utc=2026-10-04T03:36:20.947+00:00 host_mono_ns=2844000137956985 LOG_ERROR : 00000017.444 : UDP_RECV_RECOVERY action=refresh status=0 reason=EINTR fd=10UDP_RECV_RECOVERY action=skip reason=EINTR fd=3
host_utc=2026-10-04T03:36:20.947+00:00 host_mono_ns=2844000137977394 LOG_ERROR : 00000017.444 :
host_utc=2026-10-04T03:36:20.947+00:00 host_mono_ns=2844000137995187 UDP_RECV_RECOVERY action=skip reason=EINTR fd=7
host_utc=2026-10-04T03:36:20.947+00:00 host_mono_ns=2844000138041315 [CR-STATE] loop id=15 guest_before=0xa500000e host_before=0x00000000
host_utc=2026-10-04T03:36:20.947+00:00 host_mono_ns=2844000138067314 [CR-STATE] netif_refresh default=0x9bf18 self=0x9bf18 same=1 stored=0x030012ac probed=0x030012ac pending=0
host_utc=2026-10-04T03:36:20.947+00:00 host_mono_ns=2844000138126666 publishing msg: 'Hello from mros2-posix onto Linux: 15'
host_utc=2026-10-04T03:36:20.947+00:00 host_mono_ns=2844000138156642 [CR-STATE] armed id=15 value=0xa500000f
host_utc=2026-10-04T03:36:20.948+00:00 host_mono_ns=2844000138216445 LOG_DEBUG : 00000018.446 : [MROS2LIB] message get [callback_handler] msg_sn_high: 0 msg_sn_low: c
host_utc=2026-10-04T03:36:20.948+00:00 host_mono_ns=2844000138233427 subscribed msg: 'Hello from mros2-posix onto Linux: 15'
host_utc=2026-10-04T03:36:20.948+00:00 host_mono_ns=2844000138277360 [CR-STATE] netif_refresh default=0x9bf18 self=0x9bf18 same=1 stored=0x030012ac probed=0x030012ac pending=0
host_utc=2026-10-04T03:36:22.951+00:00 host_mono_ns=2844002141317725 [CR-STATE] loop id=16 guest_before=0xa500000f host_before=0xa500000f
host_utc=2026-10-04T03:36:22.951+00:00 host_mono_ns=2844002141353833 publishing msg: 'Hello from mros2-posix onto Linux: 16'
host_utc=2026-10-04T03:36:22.951+00:00 host_mono_ns=2844002141376085 [CR-STATE] armed id=16 value=0xa5000010
host_utc=2026-10-04T03:36:22.951+00:00 host_mono_ns=2844002141388589 LOG_DEBUG : 00000019.447 : [MROS2LIB] message get [callback_handler] msg_sn_high: 0 msg_sn_low: d
host_utc=2026-10-04T03:36:22.951+00:00 host_mono_ns=2844002141400902 subscribed msg: 'Hello from mros2-posix onto Linux: 16'
host_utc=2026-10-04T03:36:22.951+00:00 host_mono_ns=2844002141413916 [CR-STATE] loop id=17 guest_before=0xa5000010 host_before=0xa5000010
host_utc=2026-10-04T03:36:22.951+00:00 host_mono_ns=2844002141425578 [CR-STATE] netif_refresh default=0x9bf18 self=0x9bf18 same=1 stored=0x030012ac probed=0x030012ac pending=0
host_utc=2026-10-04T03:36:22.951+00:00 host_mono_ns=2844002141437010 publishing msg: 'Hello from mros2-posix onto Linux: 17'
host_utc=2026-10-04T03:36:22.951+00:00 host_mono_ns=2844002141448842 [CR-STATE] armed id=17 value=0xa5000011
host_utc=2026-10-04T03:36:22.951+00:00 host_mono_ns=2844002141459663 LOG_DEBUG : 00000020.449 : [MROS2LIB] message get [callback_handler] msg_sn_high: 0 msg_sn_low: e
host_utc=2026-10-04T03:36:22.951+00:00 host_mono_ns=2844002141470463 subscribed msg: 'Hello from mros2-posix onto Linux: 17'
host_utc=2026-10-04T03:36:22.951+00:00 host_mono_ns=2844002141482125 [CR-STATE] netif_refresh default=0x9bf18 self=0x9bf18 same=1 stored=0x030012ac probed=0x030012ac pending=0
host_utc=2026-10-04T03:36:22.951+00:00 host_mono_ns=2844002141493106 [CR-STATE] loop id=18 guest_before=0xa5000011 host_before=0xa5000011
host_utc=2026-10-04T03:36:22.951+00:00 host_mono_ns=2844002141504007 publishing msg: 'Hello from mros2-posix onto Linux: 18'
host_utc=2026-10-04T03:36:22.951+00:00 host_mono_ns=2844002141515398 [CR-STATE] armed id=18 value=0xa5000012
host_utc=2026-10-04T03:36:25.951+00:00 host_mono_ns=2844005141366387 LOG_DEBUG : 00000021.449 : [MROS2LIB] message get [callback_handler] msg_sn_high: 0 msg_sn_low: f
host_utc=2026-10-04T03:36:25.951+00:00 host_mono_ns=2844005141431911 subscribed msg: 'Hello from mros2-posix onto Linux: 18'
host_utc=2026-10-04T03:36:25.951+00:00 host_mono_ns=2844005141456988 [CR-STATE] netif_refresh default=0x9bf18 self=0x9bf18 same=1 stored=0x030012ac probed=0x030012ac pending=0
host_utc=2026-10-04T03:36:25.951+00:00 host_mono_ns=2844005141472647 [CR-STATE] loop id=19 guest_before=0xa5000012 host_before=0xa5000012
host_utc=2026-10-04T03:36:25.951+00:00 host_mono_ns=2844005141486874 publishing msg: 'Hello from mros2-posix onto Linux: 19'
host_utc=2026-10-04T03:36:25.951+00:00 host_mono_ns=2844005141501943 [CR-STATE] armed id=19 value=0xa5000013
host_utc=2026-10-04T03:36:25.951+00:00 host_mono_ns=2844005141515328 LOG_DEBUG : 00000022.450 : [MROS2LIB] message get [callback_handler] msg_sn_high: 0 msg_sn_low: 10
host_utc=2026-10-04T03:36:25.951+00:00 host_mono_ns=2844005141528483 subscribed msg: 'Hello from mros2-posix onto Linux: 19'
host_utc=2026-10-04T03:36:25.951+00:00 host_mono_ns=2844005141542630 [CR-STATE] netif_refresh default=0x9bf18 self=0x9bf18 same=1 stored=0x030012ac probed=0x030012ac pending=0
host_utc=2026-10-04T03:36:25.951+00:00 host_mono_ns=2844005141556015 [CR-STATE] loop id=20 guest_before=0xa5000013 host_before=0xa5000013
host_utc=2026-10-04T03:36:25.951+00:00 host_mono_ns=2844005141569110 publishing msg: 'Hello from mros2-posix onto Linux: 20'
host_utc=2026-10-04T03:36:25.951+00:00 host_mono_ns=2844005141582645 [CR-STATE] armed id=20 value=0xa5000014
host_utc=2026-10-04T03:36:25.951+00:00 host_mono_ns=2844005141595389 LOG_DEBUG : 00000023.451 : [MROS2LIB] message get [callback_handler] msg_sn_high: 0 msg_sn_low: 11
host_utc=2026-10-04T03:36:25.951+00:00 host_mono_ns=2844005141622491 subscribed msg: 'Hello from mros2-posix onto Linux: 20'
host_utc=2026-10-04T03:36:27.955+00:00 host_mono_ns=2844007145818465 [CR-STATE] netif_refresh default=0x9bf18 self=0x9bf18 same=1 stored=0x030012ac probed=0x030012ac pending=0
host_utc=2026-10-04T03:36:27.955+00:00 host_mono_ns=2844007145860114 [CR-STATE] loop id=21 guest_before=0xa5000014 host_before=0xa5000014
host_utc=2026-10-04T03:36:27.955+00:00 host_mono_ns=2844007145874240 publishing msg: 'Hello from mros2-posix onto Linux: 21'
host_utc=2026-10-04T03:36:27.955+00:00 host_mono_ns=2844007145890020 [CR-STATE] armed id=21 value=0xa5000015
host_utc=2026-10-04T03:36:27.955+00:00 host_mono_ns=2844007145901672 LOG_DEBUG : 00000024.452 : [MROS2LIB] message get [callback_handler] msg_sn_high: 0 msg_sn_low: 12
host_utc=2026-10-04T03:36:27.955+00:00 host_mono_ns=2844007145913184 subscribed msg: 'Hello from mros2-posix onto Linux: 21'
host_utc=2026-10-04T03:36:27.955+00:00 host_mono_ns=2844007145926249 [CR-STATE] netif_refresh default=0x9bf18 self=0x9bf18 same=1 stored=0x030012ac probed=0x030012ac pending=0
host_utc=2026-10-04T03:36:27.955+00:00 host_mono_ns=2844007145937800 [CR-STATE] loop id=22 guest_before=0xa5000015 host_before=0xa5000015
host_utc=2026-10-04T03:36:27.955+00:00 host_mono_ns=2844007145948831 publishing msg: 'Hello from mros2-posix onto Linux: 22'
host_utc=2026-10-04T03:36:27.955+00:00 host_mono_ns=2844007145960473 [CR-STATE] armed id=22 value=0xa5000016
host_utc=2026-10-04T03:36:27.955+00:00 host_mono_ns=2844007145971183 LOG_DEBUG : 00000025.453 : [MROS2LIB] message get [callback_handler] msg_sn_high: 0 msg_sn_low: 13
host_utc=2026-10-04T03:36:27.955+00:00 host_mono_ns=2844007145981934 subscribed msg: 'Hello from mros2-posix onto Linux: 22'
host_utc=2026-10-04T03:36:27.955+00:00 host_mono_ns=2844007145993606 [CR-STATE] netif_refresh default=0x9bf18 self=0x9bf18 same=1 stored=0x030012ac probed=0x030012ac pending=0
host_utc=2026-10-04T03:36:27.955+00:00 host_mono_ns=2844007146019084 [CR-STATE] loop id=23 guest_before=0xa5000016 host_before=0xa5000016
host_utc=2026-10-04T03:36:27.955+00:00 host_mono_ns=2844007146033862 publishing msg: 'Hello from mros2-posix onto Linux: 23'
host_utc=2026-10-04T03:36:29.958+00:00 host_mono_ns=2844009148655158 [CR-STATE] armed id=23 value=0xa5000017
host_utc=2026-10-04T03:36:29.958+00:00 host_mono_ns=2844009148692930 LOG_DEBUG : 00000026.454 : [MROS2LIB] message get [callback_handler] msg_sn_high: 0 msg_sn_low: 14
host_utc=2026-10-04T03:36:29.958+00:00 host_mono_ns=2844009148710703 subscribed msg: 'Hello from mros2-posix onto Linux: 23'
host_utc=2026-10-04T03:36:29.958+00:00 host_mono_ns=2844009148729058 [CR-STATE] netif_refresh default=0x9bf18 self=0x9bf18 same=1 stored=0x030012ac probed=0x030012ac pending=0
host_utc=2026-10-04T03:36:29.958+00:00 host_mono_ns=2844009148743786 [CR-STATE] loop id=24 guest_before=0xa5000017 host_before=0xa5000017
host_utc=2026-10-04T03:36:29.958+00:00 host_mono_ns=2844009148757281 publishing msg: 'Hello from mros2-posix onto Linux: 24'
host_utc=2026-10-04T03:36:29.958+00:00 host_mono_ns=2844009148772300 [CR-STATE] armed id=24 value=0xa5000018
host_utc=2026-10-04T03:36:29.958+00:00 host_mono_ns=2844009148785414 LOG_DEBUG : 00000027.455 : [MROS2LIB] message get [callback_handler] msg_sn_high: 0 msg_sn_low: 15
host_utc=2026-10-04T03:36:29.958+00:00 host_mono_ns=2844009148798639 subscribed msg: 'Hello from mros2-posix onto Linux: 24'
host_utc=2026-10-04T03:36:29.958+00:00 host_mono_ns=2844009148812796 [CR-STATE] netif_refresh default=0x9bf18 self=0x9bf18 same=1 stored=0x030012ac probed=0x030012ac pending=0
host_utc=2026-10-04T03:36:29.958+00:00 host_mono_ns=2844009148826151 [CR-STATE] loop id=25 guest_before=0xa5000018 host_before=0xa5000018
host_utc=2026-10-04T03:36:29.958+00:00 host_mono_ns=2844009148839076 publishing msg: 'Hello from mros2-posix onto Linux: 25'
host_utc=2026-10-04T03:36:29.958+00:00 host_mono_ns=2844009148852892 [CR-STATE] armed id=25 value=0xa5000019
host_utc=2026-10-04T03:36:29.958+00:00 host_mono_ns=2844009148883279 LOG_DEBUG : 00000028.456 : [MROS2LIB] message get [callback_handler] msg_sn_high: 0 msg_sn_low: 16
host_utc=2026-10-04T03:36:30.301+00:00 host_mono_ns=2844009491710126 subscribed msg: 'Hello from mros2-posix onto Linux: 25
host_utc=2026-10-04T03:36:30.301+00:00 host_mono_ns=2844009491829762 event=collector_process_exit source=restore exit_status=143
