host_utc=2026-09-30T08:34:34.140+00:00 host_mono_ns=2516293330540935 boot_start, 2516293330320919
host_utc=2026-09-30T08:34:34.336+00:00 host_mono_ns=2516293526904093 11 stderr
host_utc=2026-09-30T08:34:34.336+00:00 host_mono_ns=2516293526947715 22 stderr
host_utc=2026-09-30T08:34:34.336+00:00 host_mono_ns=2516293526955791 signal init: 127063825622592
host_utc=2026-09-30T08:34:34.336+00:00 host_mono_ns=2516293526963305 initします
host_utc=2026-09-30T08:34:34.337+00:00 host_mono_ns=2516293527665171 boot_end, 2516293527507884
host_utc=2026-09-30T08:34:34.337+00:00 host_mono_ns=2516293528037805 3 stderr
host_utc=2026-09-30T08:34:34.338+00:00 host_mono_ns=2516293528309138 initします
host_utc=2026-09-30T08:34:34.339+00:00 host_mono_ns=2516293529702951 boot_end, 2516293529542748
host_utc=2026-09-30T08:34:34.339+00:00 host_mono_ns=2516293529765218 [02:58:13:256 - 73905A546840]: Load type section success.
host_utc=2026-09-30T08:34:34.339+00:00 host_mono_ns=2516293529778223 
host_utc=2026-09-30T08:34:34.339+00:00 host_mono_ns=2516293529783954 [02:58:13:281 - 73905A546840]: Load import section success.
host_utc=2026-09-30T08:34:34.339+00:00 host_mono_ns=2516293529789634 
host_utc=2026-09-30T08:34:34.339+00:00 host_mono_ns=2516293529794774 [02:58:13:048 - 73905A546840]: Load function section success.
host_utc=2026-09-30T08:34:34.339+00:00 host_mono_ns=2516293529800204 
host_utc=2026-09-30T08:34:34.339+00:00 host_mono_ns=2516293529805264 [02:58:13:049 - 73905A546840]: Load table section success.
host_utc=2026-09-30T08:34:34.339+00:00 host_mono_ns=2516293529810534 
host_utc=2026-09-30T08:34:34.339+00:00 host_mono_ns=2516293529815593 [02:58:13:050 - 73905A546840]: Load global section success.
host_utc=2026-09-30T08:34:34.339+00:00 host_mono_ns=2516293529820893 
host_utc=2026-09-30T08:34:34.339+00:00 host_mono_ns=2516293529825903 [02:58:13:051 - 73905A546840]: Load export section success.
host_utc=2026-09-30T08:34:34.339+00:00 host_mono_ns=2516293529831103 
host_utc=2026-09-30T08:34:34.339+00:00 host_mono_ns=2516293529836162 [02:58:13:052 - 73905A546840]: Load start section success.
host_utc=2026-09-30T08:34:34.339+00:00 host_mono_ns=2516293529841402 
host_utc=2026-09-30T08:34:34.339+00:00 host_mono_ns=2516293529846422 [02:58:13:054 - 73905A546840]: Load table segment section success.
host_utc=2026-09-30T08:34:34.339+00:00 host_mono_ns=2516293529851712 
host_utc=2026-09-30T08:34:34.339+00:00 host_mono_ns=2516293529856671 [02:58:13:055 - 73905A546840]: Load datacount section success.
host_utc=2026-09-30T08:34:34.339+00:00 host_mono_ns=2516293529862041 
host_utc=2026-09-30T08:34:34.339+00:00 host_mono_ns=2516293529867081 [02:58:13:055 - 73905A546840]: Load code segment section success.
host_utc=2026-09-30T08:34:34.339+00:00 host_mono_ns=2516293529872401 
host_utc=2026-09-30T08:34:34.339+00:00 host_mono_ns=2516293529877410 [02:58:13:056 - 73905A546840]: Load data segment section success.
host_utc=2026-09-30T08:34:34.339+00:00 host_mono_ns=2516293529882660 
host_utc=2026-09-30T08:34:34.339+00:00 host_mono_ns=2516293529887659 [02:58:13:056 - 73905A546840]: Ignore custom section [.debug_abbrev].
host_utc=2026-09-30T08:34:34.339+00:00 host_mono_ns=2516293529893010 [02:58:13:057 - 73905A546840]: Ignore custom section [.debug_info].
host_utc=2026-09-30T08:34:34.339+00:00 host_mono_ns=2516293529898790 [02:58:13:057 - 73905A546840]: Ignore custom section [.debug_ranges].
host_utc=2026-09-30T08:34:34.339+00:00 host_mono_ns=2516293529904131 [02:58:13:058 - 73905A546840]: Ignore custom section [.debug_str].
host_utc=2026-09-30T08:34:34.339+00:00 host_mono_ns=2516293529909421 [02:58:13:058 - 73905A546840]: Ignore custom section [.debug_line].
host_utc=2026-09-30T08:34:34.339+00:00 host_mono_ns=2516293529914630 [02:58:13:058 - 73905A546840]: Ignore custom section [.debug_loc].
host_utc=2026-09-30T08:34:34.339+00:00 host_mono_ns=2516293529919810 [02:58:13:059 - 73905A546840]: Ignore custom section [name].
host_utc=2026-09-30T08:34:34.339+00:00 host_mono_ns=2516293529925160 [02:58:13:059 - 73905A546840]: Ignore custom section [producers].
host_utc=2026-09-30T08:34:34.339+00:00 host_mono_ns=2516293529930540 [02:58:13:060 - 73905A546840]: Ignore custom section [target_features].
host_utc=2026-09-30T08:34:34.339+00:00 host_mono_ns=2516293529948835 [02:58:13:060 - 73905A546840]: Found aux __heap_base global, value: 7855056
host_utc=2026-09-30T08:34:34.339+00:00 host_mono_ns=2516293529954396 [02:58:13:061 - 73905A546840]: Found aux __data_end global, value: 1301444
host_utc=2026-09-30T08:34:34.339+00:00 host_mono_ns=2516293529959716 [02:58:13:061 - 73905A546840]: Found aux stack top global, value: 7855056, global index: 0, stack size: 6553600
host_utc=2026-09-30T08:34:34.339+00:00 host_mono_ns=2516293529965887 [02:58:13:062 - 73905A546840]: Found malloc function, name: malloc, index: 3154
host_utc=2026-09-30T08:34:34.339+00:00 host_mono_ns=2516293529971448 [02:58:13:062 - 73905A546840]: Found free function, name: free, index: 3156
host_utc=2026-09-30T08:34:34.339+00:00 host_mono_ns=2516293529976778 [02:58:13:352 - 73905A546840]: Load module success.
host_utc=2026-09-30T08:34:34.339+00:00 host_mono_ns=2516293529982068 
host_utc=2026-09-30T08:34:34.339+00:00 host_mono_ns=2516293529987127 [02:58:13:360 - 73905A546840]: Memory instantiate:
host_utc=2026-09-30T08:34:34.339+00:00 host_mono_ns=2516293529992307 [02:58:13:361 - 73905A546840]:   page bytes: 65536, init pages: 16384, max pages: 16384
host_utc=2026-09-30T08:34:34.339+00:00 host_mono_ns=2516293529997727 [02:58:13:362 - 73905A546840]:   heap offset: 1073741824, heap size: 0
host_utc=2026-09-30T08:34:34.339+00:00 host_mono_ns=2516293530013748 
host_utc=2026-09-30T08:34:34.339+00:00 host_mono_ns=2516293530021262 [02:58:13:388 - 73905A546840]: Memory instantiate success.
host_utc=2026-09-30T08:34:34.339+00:00 host_mono_ns=2516293530026602 [02:58:13:508 - 73905A546840]: warning: failed to link import function (env, pthread_exit)
host_utc=2026-09-30T08:34:34.339+00:00 host_mono_ns=2516293530032172 Restoring wasm thread 11
host_utc=2026-09-30T08:34:34.339+00:00 host_mono_ns=2516293530037482 [02:58:13:628 - 73905A546840]: warning: failed to link import function (env, pthread_exit)
host_utc=2026-09-30T08:34:34.339+00:00 host_mono_ns=2516293530042833 thread 11 restore
host_utc=2026-09-30T08:34:34.339+00:00 host_mono_ns=2516293530048473 Restoring wasm thread 10
host_utc=2026-09-30T08:34:34.339+00:00 host_mono_ns=2516293530055466 [02:58:13:607 - 73905A546840]: warning: failed to link import function (env, pthread_exit)
host_utc=2026-09-30T08:34:34.339+00:00 host_mono_ns=2516293530062620 thread 10 restore
host_utc=2026-09-30T08:34:34.339+00:00 host_mono_ns=2516293530069593 [2026-09-30 08:34:34.339] [info] wasm_restore_stack
host_utc=2026-09-30T08:34:34.339+00:00 host_mono_ns=2516293530076947 
host_utc=2026-09-30T08:34:34.339+00:00 host_mono_ns=2516293530088599 stack, 207391
host_utc=2026-09-30T08:34:34.339+00:00 host_mono_ns=2516293530094380 global, 17102
host_utc=2026-09-30T08:34:34.339+00:00 host_mono_ns=2516293530099860 program counter, 12414
host_utc=2026-09-30T08:34:34.339+00:00 host_mono_ns=2516293530105421 local_cell_num: 2
host_utc=2026-09-30T08:34:34.339+00:00 host_mono_ns=2516293530110591 locals.values.size: 2
host_utc=2026-09-30T08:34:34.339+00:00 host_mono_ns=2516293530115790 [2026-09-30 08:34:34.339] [info] restore label stack
host_utc=2026-09-30T08:34:34.339+00:00 host_mono_ns=2516293530121090 local_cell_num: 8
host_utc=2026-09-30T08:34:34.339+00:00 host_mono_ns=2516293530126220 locals.values.size: 8
host_utc=2026-09-30T08:34:34.339+00:00 host_mono_ns=2516293530131340 [2026-09-30 08:34:34.339] [info] restore label stack
host_utc=2026-09-30T08:34:34.339+00:00 host_mono_ns=2516293530136480 local_cell_num: 14
host_utc=2026-09-30T08:34:34.339+00:00 host_mono_ns=2516293530141599 locals.values.size: 14
host_utc=2026-09-30T08:34:34.339+00:00 host_mono_ns=2516293530146789 [2026-09-30 08:34:34.339] [info] restore label stack
host_utc=2026-09-30T08:34:34.339+00:00 host_mono_ns=2516293530151969 local_cell_num: 45
host_utc=2026-09-30T08:34:34.339+00:00 host_mono_ns=2516293530157068 locals.values.size: 45
host_utc=2026-09-30T08:34:34.339+00:00 host_mono_ns=2516293530162198 [2026-09-30 08:34:34.339] [info] restore label stack
host_utc=2026-09-30T08:34:34.340+00:00 host_mono_ns=2516293530171646 local_cell_num: 19
host_utc=2026-09-30T08:34:34.340+00:00 host_mono_ns=2516293530176786 locals.values.size: 19
host_utc=2026-09-30T08:34:34.340+00:00 host_mono_ns=2516293530181855 [2026-09-30 08:34:34.339] [info] restore label stack
host_utc=2026-09-30T08:34:34.340+00:00 host_mono_ns=2516293530187035 local_cell_num: 63
host_utc=2026-09-30T08:34:34.340+00:00 host_mono_ns=2516293530192085 locals.values.size: 63
host_utc=2026-09-30T08:34:34.340+00:00 host_mono_ns=2516293530197204 [2026-09-30 08:34:34.339] [info] restore label stack
host_utc=2026-09-30T08:34:34.340+00:00 host_mono_ns=2516293530202324 local_cell_num: 9
host_utc=2026-09-30T08:34:34.340+00:00 host_mono_ns=2516293530207414 locals.values.size: 9
host_utc=2026-09-30T08:34:34.340+00:00 host_mono_ns=2516293530212473 [2026-09-30 08:34:34.339] [info] restore label stack
host_utc=2026-09-30T08:34:34.340+00:00 host_mono_ns=2516293530217623 local_cell_num: 9
host_utc=2026-09-30T08:34:34.340+00:00 host_mono_ns=2516293530222732 locals.values.size: 9
host_utc=2026-09-30T08:34:34.340+00:00 host_mono_ns=2516293530227882 [2026-09-30 08:34:34.339] [info] restore label stack
host_utc=2026-09-30T08:34:34.340+00:00 host_mono_ns=2516293530233042 local_cell_num: 6
host_utc=2026-09-30T08:34:34.340+00:00 host_mono_ns=2516293530238061 locals.values.size: 6
host_utc=2026-09-30T08:34:34.340+00:00 host_mono_ns=2516293530243141 [2026-09-30 08:34:34.339] [info] restore label stack
host_utc=2026-09-30T08:34:34.340+00:00 host_mono_ns=2516293530248311 [2026-09-30 08:34:34.339] [info] Finish to restore stack
host_utc=2026-09-30T08:34:34.340+00:00 host_mono_ns=2516293530253611 
host_utc=2026-09-30T08:34:34.340+00:00 host_mono_ns=2516293530261906 initします
host_utc=2026-09-30T08:34:34.341+00:00 host_mono_ns=2516293531655720 boot_end, 2516293531483825
host_utc=2026-09-30T08:34:34.341+00:00 host_mono_ns=2516293531728858 wasm_cluster_increase_checkpointing_counter called 1
host_utc=2026-09-30T08:34:34.341+00:00 host_mono_ns=2516293531753434 Restoring wasm thread 9
host_utc=2026-09-30T08:34:34.341+00:00 host_mono_ns=2516293531770196 wasm_cluster_increase_checkpointing_counter called 2
host_utc=2026-09-30T08:34:34.341+00:00 host_mono_ns=2516293531783742 wasm_cluster_increase_checkpointing_counter called 3
host_utc=2026-09-30T08:34:34.341+00:00 host_mono_ns=2516293531796406 [2026-09-30 08:34:34.341] [info] wasm_restore_stack
host_utc=2026-09-30T08:34:34.341+00:00 host_mono_ns=2516293531809761 
host_utc=2026-09-30T08:34:34.341+00:00 host_mono_ns=2516293531830720 stack, 155905
host_utc=2026-09-30T08:34:34.341+00:00 host_mono_ns=2516293531844627 global, 21270
host_utc=2026-09-30T08:34:34.341+00:00 host_mono_ns=2516293531857611 program counter, 13526
host_utc=2026-09-30T08:34:34.341+00:00 host_mono_ns=2516293531870405 [02:58:13:567 - 73905A546840]: warning: failed to link import function (env, pthread_exit)
host_utc=2026-09-30T08:34:34.341+00:00 host_mono_ns=2516293531884372 thread 9 restore
host_utc=2026-09-30T08:34:34.341+00:00 host_mono_ns=2516293531897106 local_cell_num: 2
host_utc=2026-09-30T08:34:34.341+00:00 host_mono_ns=2516293531909670 locals.values.size: 2
host_utc=2026-09-30T08:34:34.341+00:00 host_mono_ns=2516293531922233 [2026-09-30 08:34:34.341] [info] restore label stack
host_utc=2026-09-30T08:34:34.341+00:00 host_mono_ns=2516293531934887 local_cell_num: 8
host_utc=2026-09-30T08:34:34.341+00:00 host_mono_ns=2516293531947100 locals.values.size: 8
host_utc=2026-09-30T08:34:34.341+00:00 host_mono_ns=2516293531959474 [2026-09-30 08:34:34.341] [info] restore label stack
host_utc=2026-09-30T08:34:34.341+00:00 host_mono_ns=2516293531971697 local_cell_num: 14
host_utc=2026-09-30T08:34:34.341+00:00 host_mono_ns=2516293531983820 locals.values.size: 14
host_utc=2026-09-30T08:34:34.341+00:00 host_mono_ns=2516293531996233 [2026-09-30 08:34:34.341] [info] restore label stack
host_utc=2026-09-30T08:34:34.341+00:00 host_mono_ns=2516293532024857 local_cell_num: 15
host_utc=2026-09-30T08:34:34.341+00:00 host_mono_ns=2516293532058501 locals.values.size: 15
host_utc=2026-09-30T08:34:34.341+00:00 host_mono_ns=2516293532071265 [2026-09-30 08:34:34.341] [info] restore label stack
host_utc=2026-09-30T08:34:34.341+00:00 host_mono_ns=2516293532083628 local_cell_num: 37
host_utc=2026-09-30T08:34:34.341+00:00 host_mono_ns=2516293532095811 locals.values.size: 37
host_utc=2026-09-30T08:34:34.341+00:00 host_mono_ns=2516293532107934 [2026-09-30 08:34:34.341] [info] restore label stack
host_utc=2026-09-30T08:34:34.341+00:00 host_mono_ns=2516293532120308 local_cell_num: 25
host_utc=2026-09-30T08:34:34.341+00:00 host_mono_ns=2516293532132180 locals.values.size: 25
host_utc=2026-09-30T08:34:34.341+00:00 host_mono_ns=2516293532144323 [2026-09-30 08:34:34.341] [info] restore label stack
host_utc=2026-09-30T08:34:34.341+00:00 host_mono_ns=2516293532156646 local_cell_num: 34
host_utc=2026-09-30T08:34:34.341+00:00 host_mono_ns=2516293532168619 locals.values.size: 34
host_utc=2026-09-30T08:34:34.342+00:00 host_mono_ns=2516293532180672 [2026-09-30 08:34:34.341] [info] restore label stack
host_utc=2026-09-30T08:34:34.342+00:00 host_mono_ns=2516293532192975 local_cell_num: 38
host_utc=2026-09-30T08:34:34.342+00:00 host_mono_ns=2516293532204927 locals.values.size: 38
host_utc=2026-09-30T08:34:34.342+00:00 host_mono_ns=2516293532217050 [2026-09-30 08:34:34.341] [info] restore label stack
host_utc=2026-09-30T08:34:34.342+00:00 host_mono_ns=2516293532229363 local_cell_num: 94
host_utc=2026-09-30T08:34:34.342+00:00 host_mono_ns=2516293532241356 locals.values.size: 94
host_utc=2026-09-30T08:34:34.342+00:00 host_mono_ns=2516293532253339 [2026-09-30 08:34:34.341] [info] restore label stack
host_utc=2026-09-30T08:34:34.342+00:00 host_mono_ns=2516293532265582 local_cell_num: 2
host_utc=2026-09-30T08:34:34.342+00:00 host_mono_ns=2516293532277675 locals.values.size: 2
host_utc=2026-09-30T08:34:34.342+00:00 host_mono_ns=2516293532290018 [2026-09-30 08:34:34.341] [info] restore label stack
host_utc=2026-09-30T08:34:34.342+00:00 host_mono_ns=2516293532302281 local_cell_num: 9
host_utc=2026-09-30T08:34:34.342+00:00 host_mono_ns=2516293532314434 locals.values.size: 9
host_utc=2026-09-30T08:34:34.342+00:00 host_mono_ns=2516293532326627 [2026-09-30 08:34:34.341] [info] restore label stack
host_utc=2026-09-30T08:34:34.342+00:00 host_mono_ns=2516293532338840 local_cell_num: 9
host_utc=2026-09-30T08:34:34.342+00:00 host_mono_ns=2516293532350863 locals.values.size: 9
host_utc=2026-09-30T08:34:34.342+00:00 host_mono_ns=2516293532362956 [2026-09-30 08:34:34.341] [info] restore label stack
host_utc=2026-09-30T08:34:34.342+00:00 host_mono_ns=2516293532375119 local_cell_num: 6
host_utc=2026-09-30T08:34:34.342+00:00 host_mono_ns=2516293532387121 locals.values.size: 6
host_utc=2026-09-30T08:34:34.342+00:00 host_mono_ns=2516293532399294 [2026-09-30 08:34:34.341] [info] restore label stack
host_utc=2026-09-30T08:34:34.342+00:00 host_mono_ns=2516293532411678 [2026-09-30 08:34:34.341] [info] Finish to restore stack
host_utc=2026-09-30T08:34:34.342+00:00 host_mono_ns=2516293532424292 
host_utc=2026-09-30T08:34:34.342+00:00 host_mono_ns=2516293532444790 initします
host_utc=2026-09-30T08:34:34.343+00:00 host_mono_ns=2516293533697036 wasm_cluster_increase_checkpointing_counter called 1
host_utc=2026-09-30T08:34:34.343+00:00 host_mono_ns=2516293533738114 Restoring wasm thread 8
host_utc=2026-09-30T08:34:34.343+00:00 host_mono_ns=2516293533749956 wasm_cluster_increase_checkpointing_counter called 2
host_utc=2026-09-30T08:34:34.343+00:00 host_mono_ns=2516293533759314 wasm_cluster_increase_checkpointing_counter called 3
host_utc=2026-09-30T08:34:34.343+00:00 host_mono_ns=2516293533767900 [2026-09-30 08:34:34.343] [info] wasm_restore_stack
host_utc=2026-09-30T08:34:34.343+00:00 host_mono_ns=2516293533776656 
host_utc=2026-09-30T08:34:34.343+00:00 host_mono_ns=2516293533792657 boot_end, 2516293533502148
host_utc=2026-09-30T08:34:34.343+00:00 host_mono_ns=2516293533801884 stack, 150485
host_utc=2026-09-30T08:34:34.343+00:00 host_mono_ns=2516293533810591 [02:58:13:577 - 73905A546840]: warning: failed to link import function (env, pthread_exit)
host_utc=2026-09-30T08:34:34.343+00:00 host_mono_ns=2516293533835538 thread 8 restore
host_utc=2026-09-30T08:34:34.343+00:00 host_mono_ns=2516293533844264 local_cell_num: 2
host_utc=2026-09-30T08:34:34.343+00:00 host_mono_ns=2516293533852610 locals.values.size: 2
host_utc=2026-09-30T08:34:34.343+00:00 host_mono_ns=2516293533861046 [2026-09-30 08:34:34.343] [info] restore label stack
host_utc=2026-09-30T08:34:34.343+00:00 host_mono_ns=2516293533869582 local_cell_num: 8
host_utc=2026-09-30T08:34:34.343+00:00 host_mono_ns=2516293533877727 locals.values.size: 8
host_utc=2026-09-30T08:34:34.343+00:00 host_mono_ns=2516293533885973 [2026-09-30 08:34:34.343] [info] restore label stack
host_utc=2026-09-30T08:34:34.343+00:00 host_mono_ns=2516293533894219 local_cell_num: 14
host_utc=2026-09-30T08:34:34.343+00:00 host_mono_ns=2516293533902344 locals.values.size: 14
host_utc=2026-09-30T08:34:34.343+00:00 host_mono_ns=2516293533910770 [2026-09-30 08:34:34.343] [info] restore label stack
host_utc=2026-09-30T08:34:34.343+00:00 host_mono_ns=2516293533919076 local_cell_num: 15
host_utc=2026-09-30T08:34:34.343+00:00 host_mono_ns=2516293533927201 locals.values.size: 15
host_utc=2026-09-30T08:34:34.343+00:00 host_mono_ns=2516293533935366 [2026-09-30 08:34:34.343] [info] restore label stack
host_utc=2026-09-30T08:34:34.343+00:00 host_mono_ns=2516293533943602 local_cell_num: 27
host_utc=2026-09-30T08:34:34.343+00:00 host_mono_ns=2516293533951647 locals.values.size: 27
host_utc=2026-09-30T08:34:34.343+00:00 host_mono_ns=2516293533959802 [2026-09-30 08:34:34.343] [info] restore label stack
host_utc=2026-09-30T08:34:34.343+00:00 host_mono_ns=2516293533968048 local_cell_num: 25
host_utc=2026-09-30T08:34:34.343+00:00 host_mono_ns=2516293533976143 locals.values.size: 25
host_utc=2026-09-30T08:34:34.343+00:00 host_mono_ns=2516293533984259 [2026-09-30 08:34:34.343] [info] restore label stack
host_utc=2026-09-30T08:34:34.343+00:00 host_mono_ns=2516293533992554 local_cell_num: 34
host_utc=2026-09-30T08:34:34.343+00:00 host_mono_ns=2516293534009045 locals.values.size: 34
host_utc=2026-09-30T08:34:34.343+00:00 host_mono_ns=2516293534022291 [2026-09-30 08:34:34.343] [info] restore label stack
host_utc=2026-09-30T08:34:34.343+00:00 host_mono_ns=2516293534030797 local_cell_num: 38
host_utc=2026-09-30T08:34:34.343+00:00 host_mono_ns=2516293534038872 locals.values.size: 38
host_utc=2026-09-30T08:34:34.343+00:00 host_mono_ns=2516293534049752 [2026-09-30 08:34:34.343] [info] restore label stack
host_utc=2026-09-30T08:34:34.343+00:00 host_mono_ns=2516293534060964 local_cell_num: 94
host_utc=2026-09-30T08:34:34.343+00:00 host_mono_ns=2516293534070522 locals.values.size: 94
host_utc=2026-09-30T08:34:34.343+00:00 host_mono_ns=2516293534078757 [2026-09-30 08:34:34.343] [info] restore label stack
host_utc=2026-09-30T08:34:34.343+00:00 host_mono_ns=2516293534087003 local_cell_num: 2
host_utc=2026-09-30T08:34:34.343+00:00 host_mono_ns=2516293534095178 locals.values.size: 2
host_utc=2026-09-30T08:34:34.343+00:00 host_mono_ns=2516293534103334 [2026-09-30 08:34:34.343] [info] restore label stack
host_utc=2026-09-30T08:34:34.343+00:00 host_mono_ns=2516293534111639 local_cell_num: 9
host_utc=2026-09-30T08:34:34.343+00:00 host_mono_ns=2516293534119785 locals.values.size: 9
host_utc=2026-09-30T08:34:34.343+00:00 host_mono_ns=2516293534128030 [2026-09-30 08:34:34.343] [info] restore label stack
host_utc=2026-09-30T08:34:34.343+00:00 host_mono_ns=2516293534136276 local_cell_num: 9
host_utc=2026-09-30T08:34:34.343+00:00 host_mono_ns=2516293534144411 locals.values.size: 9
host_utc=2026-09-30T08:34:34.343+00:00 host_mono_ns=2516293534152537 [2026-09-30 08:34:34.343] [info] restore label stack
host_utc=2026-09-30T08:34:34.343+00:00 host_mono_ns=2516293534160802 local_cell_num: 6
host_utc=2026-09-30T08:34:34.344+00:00 host_mono_ns=2516293534168867 locals.values.size: 6
host_utc=2026-09-30T08:34:34.344+00:00 host_mono_ns=2516293534177073 [2026-09-30 08:34:34.343] [info] restore label stack
host_utc=2026-09-30T08:34:34.344+00:00 host_mono_ns=2516293534191300 [2026-09-30 08:34:34.343] [info] Finish to restore stack
host_utc=2026-09-30T08:34:34.344+00:00 host_mono_ns=2516293534199856 
host_utc=2026-09-30T08:34:34.344+00:00 host_mono_ns=2516293534215696 global, 21792
host_utc=2026-09-30T08:34:34.344+00:00 host_mono_ns=2516293534224623 program counter, 13245
host_utc=2026-09-30T08:34:34.344+00:00 host_mono_ns=2516293534233369 initします
host_utc=2026-09-30T08:34:34.345+00:00 host_mono_ns=2516293536055902 boot_end, 2516293535891642
host_utc=2026-09-30T08:34:34.345+00:00 host_mono_ns=2516293536106788 wasm_cluster_increase_checkpointing_counter called 1
host_utc=2026-09-30T08:34:34.345+00:00 host_mono_ns=2516293536121947 Restoring wasm thread 7
host_utc=2026-09-30T08:34:34.345+00:00 host_mono_ns=2516293536132557 wasm_cluster_increase_checkpointing_counter called 2
host_utc=2026-09-30T08:34:34.345+00:00 host_mono_ns=2516293536141514 wasm_cluster_increase_checkpointing_counter called 3
host_utc=2026-09-30T08:34:34.345+00:00 host_mono_ns=2516293536150030 [2026-09-30 08:34:34.345] [info] wasm_restore_stack
host_utc=2026-09-30T08:34:34.345+00:00 host_mono_ns=2516293536158787 
host_utc=2026-09-30T08:34:34.346+00:00 host_mono_ns=2516293536226915 stack, 221799
host_utc=2026-09-30T08:34:34.346+00:00 host_mono_ns=2516293536248446 [02:58:13:962 - 73905A546840]: warning: failed to link import function (env, pthread_exit)
host_utc=2026-09-30T08:34:34.346+00:00 host_mono_ns=2516293536260318 thread 7 restore
host_utc=2026-09-30T08:34:34.346+00:00 host_mono_ns=2516293536269576 local_cell_num: 2
host_utc=2026-09-30T08:34:34.346+00:00 host_mono_ns=2516293536278222 locals.values.size: 2
host_utc=2026-09-30T08:34:34.346+00:00 host_mono_ns=2516293536286859 [2026-09-30 08:34:34.345] [info] restore label stack
host_utc=2026-09-30T08:34:34.346+00:00 host_mono_ns=2516293536295705 local_cell_num: 8
host_utc=2026-09-30T08:34:34.346+00:00 host_mono_ns=2516293536304041 locals.values.size: 8
host_utc=2026-09-30T08:34:34.346+00:00 host_mono_ns=2516293536312487 [2026-09-30 08:34:34.345] [info] restore label stack
host_utc=2026-09-30T08:34:34.346+00:00 host_mono_ns=2516293536320903 local_cell_num: 25
host_utc=2026-09-30T08:34:34.346+00:00 host_mono_ns=2516293536330190 locals.values.size: 25
host_utc=2026-09-30T08:34:34.346+00:00 host_mono_ns=2516293536338827 [2026-09-30 08:34:34.345] [info] restore label stack
host_utc=2026-09-30T08:34:34.346+00:00 host_mono_ns=2516293536347142 local_cell_num: 10
host_utc=2026-09-30T08:34:34.346+00:00 host_mono_ns=2516293536355388 locals.values.size: 10
host_utc=2026-09-30T08:34:34.346+00:00 host_mono_ns=2516293536363624 [2026-09-30 08:34:34.345] [info] restore label stack
host_utc=2026-09-30T08:34:34.346+00:00 host_mono_ns=2516293536371859 local_cell_num: 22
host_utc=2026-09-30T08:34:34.346+00:00 host_mono_ns=2516293536379984 locals.values.size: 22
host_utc=2026-09-30T08:34:34.346+00:00 host_mono_ns=2516293536388160 [2026-09-30 08:34:34.345] [info] restore label stack
host_utc=2026-09-30T08:34:34.346+00:00 host_mono_ns=2516293536396536 local_cell_num: 62
host_utc=2026-09-30T08:34:34.346+00:00 host_mono_ns=2516293536404621 locals.values.size: 62
host_utc=2026-09-30T08:34:34.346+00:00 host_mono_ns=2516293536412686 [2026-09-30 08:34:34.345] [info] restore label stack
host_utc=2026-09-30T08:34:34.346+00:00 host_mono_ns=2516293536420852 local_cell_num: 18
host_utc=2026-09-30T08:34:34.346+00:00 host_mono_ns=2516293536428947 locals.values.size: 18
host_utc=2026-09-30T08:34:34.346+00:00 host_mono_ns=2516293536436992 [2026-09-30 08:34:34.345] [info] restore label stack
host_utc=2026-09-30T08:34:34.346+00:00 host_mono_ns=2516293536445128 local_cell_num: 21
host_utc=2026-09-30T08:34:34.346+00:00 host_mono_ns=2516293536453173 locals.values.size: 21
host_utc=2026-09-30T08:34:34.346+00:00 host_mono_ns=2516293536461298 [2026-09-30 08:34:34.345] [info] restore label stack
host_utc=2026-09-30T08:34:34.346+00:00 host_mono_ns=2516293536469494 local_cell_num: 10
host_utc=2026-09-30T08:34:34.346+00:00 host_mono_ns=2516293536477529 locals.values.size: 10
host_utc=2026-09-30T08:34:34.346+00:00 host_mono_ns=2516293536496825 [2026-09-30 08:34:34.345] [info] restore label stack
host_utc=2026-09-30T08:34:34.346+00:00 host_mono_ns=2516293536505301 local_cell_num: 2
host_utc=2026-09-30T08:34:34.346+00:00 host_mono_ns=2516293536513577 locals.values.size: 2
host_utc=2026-09-30T08:34:34.346+00:00 host_mono_ns=2516293536521812 [2026-09-30 08:34:34.345] [info] restore label stack
host_utc=2026-09-30T08:34:34.346+00:00 host_mono_ns=2516293536530058 local_cell_num: 9
host_utc=2026-09-30T08:34:34.346+00:00 host_mono_ns=2516293536538153 locals.values.size: 9
host_utc=2026-09-30T08:34:34.346+00:00 host_mono_ns=2516293536546429 [2026-09-30 08:34:34.345] [info] restore label stack
host_utc=2026-09-30T08:34:34.346+00:00 host_mono_ns=2516293536554654 local_cell_num: 9
host_utc=2026-09-30T08:34:34.346+00:00 host_mono_ns=2516293536562780 locals.values.size: 9
host_utc=2026-09-30T08:34:34.346+00:00 host_mono_ns=2516293536570925 [2026-09-30 08:34:34.345] [info] restore label stack
host_utc=2026-09-30T08:34:34.346+00:00 host_mono_ns=2516293536579131 local_cell_num: 6
host_utc=2026-09-30T08:34:34.346+00:00 host_mono_ns=2516293536587236 locals.values.size: 6
host_utc=2026-09-30T08:34:34.346+00:00 host_mono_ns=2516293536595371 [2026-09-30 08:34:34.345] [info] restore label stack
host_utc=2026-09-30T08:34:34.346+00:00 host_mono_ns=2516293536603577 [2026-09-30 08:34:34.345] [info] Finish to restore stack
host_utc=2026-09-30T08:34:34.346+00:00 host_mono_ns=2516293536612093 
host_utc=2026-09-30T08:34:34.346+00:00 host_mono_ns=2516293536628324 global, 27202
host_utc=2026-09-30T08:34:34.346+00:00 host_mono_ns=2516293536638423 program counter, 19146
host_utc=2026-09-30T08:34:34.346+00:00 host_mono_ns=2516293536647079 initします
host_utc=2026-09-30T08:34:34.347+00:00 host_mono_ns=2516293537699537 boot_end, 2516293537563951
host_utc=2026-09-30T08:34:34.347+00:00 host_mono_ns=2516293537740765 wasm_cluster_increase_checkpointing_counter called 1
host_utc=2026-09-30T08:34:34.347+00:00 host_mono_ns=2516293537755763 Restoring wasm thread 6
host_utc=2026-09-30T08:34:34.347+00:00 host_mono_ns=2516293537768838 wasm_cluster_increase_checkpointing_counter called 2
host_utc=2026-09-30T08:34:34.347+00:00 host_mono_ns=2516293537781702 wasm_cluster_increase_checkpointing_counter called 3
host_utc=2026-09-30T08:34:34.347+00:00 host_mono_ns=2516293537794216 [2026-09-30 08:34:34.347] [info] wasm_restore_stack
host_utc=2026-09-30T08:34:34.347+00:00 host_mono_ns=2516293537806910 
host_utc=2026-09-30T08:34:34.347+00:00 host_mono_ns=2516293537943488 stack, 106721
host_utc=2026-09-30T08:34:34.347+00:00 host_mono_ns=2516293537962855 global, 20168
host_utc=2026-09-30T08:34:34.347+00:00 host_mono_ns=2516293537980508 program counter, 9908
host_utc=2026-09-30T08:34:34.347+00:00 host_mono_ns=2516293537993142 [02:58:13:640 - 73905A546840]: warning: failed to link import function (env, pthread_exit)
host_utc=2026-09-30T08:34:34.347+00:00 host_mono_ns=2516293538017768 local_cell_num: 2
host_utc=2026-09-30T08:34:34.347+00:00 host_mono_ns=2516293538035482 locals.values.size: 2
host_utc=2026-09-30T08:34:34.347+00:00 host_mono_ns=2516293538048166 [2026-09-30 08:34:34.347] [info] restore label stack
host_utc=2026-09-30T08:34:34.347+00:00 host_mono_ns=2516293538060800 local_cell_num: 8
host_utc=2026-09-30T08:34:34.347+00:00 host_mono_ns=2516293538073053 locals.values.size: 8
host_utc=2026-09-30T08:34:34.347+00:00 host_mono_ns=2516293538085226 [2026-09-30 08:34:34.347] [info] restore label stack
host_utc=2026-09-30T08:34:34.347+00:00 host_mono_ns=2516293538097729 thread 6 restore
host_utc=2026-09-30T08:34:34.347+00:00 host_mono_ns=2516293538110223 local_cell_num: 14
host_utc=2026-09-30T08:34:34.347+00:00 host_mono_ns=2516293538122526 locals.values.size: 14
host_utc=2026-09-30T08:34:34.347+00:00 host_mono_ns=2516293538134709 [2026-09-30 08:34:34.347] [info] restore label stack
host_utc=2026-09-30T08:34:34.347+00:00 host_mono_ns=2516293538146922 local_cell_num: 8
host_utc=2026-09-30T08:34:34.347+00:00 host_mono_ns=2516293538158975 locals.values.size: 8
host_utc=2026-09-30T08:34:34.348+00:00 host_mono_ns=2516293538186066 [2026-09-30 08:34:34.347] [info] restore label stack
host_utc=2026-09-30T08:34:34.348+00:00 host_mono_ns=2516293538198720 local_cell_num: 13
host_utc=2026-09-30T08:34:34.348+00:00 host_mono_ns=2516293538211013 locals.values.size: 13
host_utc=2026-09-30T08:34:34.348+00:00 host_mono_ns=2516293538223226 [2026-09-30 08:34:34.347] [info] restore label stack
host_utc=2026-09-30T08:34:34.348+00:00 host_mono_ns=2516293538235620 local_cell_num: 19
host_utc=2026-09-30T08:34:34.348+00:00 host_mono_ns=2516293538247693 locals.values.size: 19
host_utc=2026-09-30T08:34:34.348+00:00 host_mono_ns=2516293538259956 [2026-09-30 08:34:34.347] [info] restore label stack
host_utc=2026-09-30T08:34:34.348+00:00 host_mono_ns=2516293538272309 local_cell_num: 63
host_utc=2026-09-30T08:34:34.348+00:00 host_mono_ns=2516293538284412 locals.values.size: 63
host_utc=2026-09-30T08:34:34.348+00:00 host_mono_ns=2516293538296695 [2026-09-30 08:34:34.347] [info] restore label stack
host_utc=2026-09-30T08:34:34.348+00:00 host_mono_ns=2516293538308918 local_cell_num: 9
host_utc=2026-09-30T08:34:34.348+00:00 host_mono_ns=2516293538321021 locals.values.size: 9
host_utc=2026-09-30T08:34:34.348+00:00 host_mono_ns=2516293538333234 [2026-09-30 08:34:34.347] [info] restore label stack
host_utc=2026-09-30T08:34:34.348+00:00 host_mono_ns=2516293538345528 local_cell_num: 9
host_utc=2026-09-30T08:34:34.348+00:00 host_mono_ns=2516293538357620 locals.values.size: 9
host_utc=2026-09-30T08:34:34.348+00:00 host_mono_ns=2516293538369733 [2026-09-30 08:34:34.347] [info] restore label stack
host_utc=2026-09-30T08:34:34.348+00:00 host_mono_ns=2516293538382026 local_cell_num: 6
host_utc=2026-09-30T08:34:34.348+00:00 host_mono_ns=2516293538394019 locals.values.size: 6
host_utc=2026-09-30T08:34:34.348+00:00 host_mono_ns=2516293538406212 [2026-09-30 08:34:34.347] [info] restore label stack
host_utc=2026-09-30T08:34:34.348+00:00 host_mono_ns=2516293538418586 [2026-09-30 08:34:34.347] [info] Finish to restore stack
host_utc=2026-09-30T08:34:34.348+00:00 host_mono_ns=2516293538431139 
host_utc=2026-09-30T08:34:34.348+00:00 host_mono_ns=2516293538451758 initします
host_utc=2026-09-30T08:34:34.349+00:00 host_mono_ns=2516293540030601 boot_end, 2516293539909552
host_utc=2026-09-30T08:34:34.349+00:00 host_mono_ns=2516293540063383 wasm_cluster_increase_checkpointing_counter called 1
host_utc=2026-09-30T08:34:34.349+00:00 host_mono_ns=2516293540078171 Restoring wasm thread 5
host_utc=2026-09-30T08:34:34.349+00:00 host_mono_ns=2516293540091366 wasm_cluster_increase_checkpointing_counter called 2
host_utc=2026-09-30T08:34:34.349+00:00 host_mono_ns=2516293540103719 wasm_cluster_increase_checkpointing_counter called 3
host_utc=2026-09-30T08:34:34.349+00:00 host_mono_ns=2516293540116002 [2026-09-30 08:34:34.349] [info] wasm_restore_stack
host_utc=2026-09-30T08:34:34.349+00:00 host_mono_ns=2516293540128736 
host_utc=2026-09-30T08:34:34.349+00:00 host_mono_ns=2516293540147442 stack, 127842
host_utc=2026-09-30T08:34:34.349+00:00 host_mono_ns=2516293540165316 global, 25859
host_utc=2026-09-30T08:34:34.350+00:00 host_mono_ns=2516293540177849 [02:58:13:981 - 73905A546840]: warning: failed to link import function (env, pthread_exit)
host_utc=2026-09-30T08:34:34.350+00:00 host_mono_ns=2516293540191575 thread 5 restore
host_utc=2026-09-30T08:34:34.350+00:00 host_mono_ns=2516293540203007 local_cell_num: 2
host_utc=2026-09-30T08:34:34.350+00:00 host_mono_ns=2516293540212795 locals.values.size: 2
host_utc=2026-09-30T08:34:34.350+00:00 host_mono_ns=2516293540221201 [2026-09-30 08:34:34.349] [info] restore label stack
host_utc=2026-09-30T08:34:34.350+00:00 host_mono_ns=2516293540229627 local_cell_num: 8
host_utc=2026-09-30T08:34:34.350+00:00 host_mono_ns=2516293540237853 locals.values.size: 8
host_utc=2026-09-30T08:34:34.350+00:00 host_mono_ns=2516293540246068 [2026-09-30 08:34:34.349] [info] restore label stack
host_utc=2026-09-30T08:34:34.350+00:00 host_mono_ns=2516293540254364 local_cell_num: 14
host_utc=2026-09-30T08:34:34.350+00:00 host_mono_ns=2516293540271727 locals.values.size: 14
host_utc=2026-09-30T08:34:34.350+00:00 host_mono_ns=2516293540280203 [2026-09-30 08:34:34.349] [info] restore label stack
host_utc=2026-09-30T08:34:34.350+00:00 host_mono_ns=2516293540288528 local_cell_num: 8
host_utc=2026-09-30T08:34:34.350+00:00 host_mono_ns=2516293540296664 locals.values.size: 8
host_utc=2026-09-30T08:34:34.350+00:00 host_mono_ns=2516293540304789 [2026-09-30 08:34:34.349] [info] restore label stack
host_utc=2026-09-30T08:34:34.350+00:00 host_mono_ns=2516293540313686 local_cell_num: 13
host_utc=2026-09-30T08:34:34.350+00:00 host_mono_ns=2516293540321811 locals.values.size: 13
host_utc=2026-09-30T08:34:34.350+00:00 host_mono_ns=2516293540330027 [2026-09-30 08:34:34.349] [info] restore label stack
host_utc=2026-09-30T08:34:34.350+00:00 host_mono_ns=2516293540340677 local_cell_num: 19
host_utc=2026-09-30T08:34:34.350+00:00 host_mono_ns=2516293540350335 locals.values.size: 19
host_utc=2026-09-30T08:34:34.350+00:00 host_mono_ns=2516293540358631 [2026-09-30 08:34:34.349] [info] restore label stack
host_utc=2026-09-30T08:34:34.350+00:00 host_mono_ns=2516293540366976 local_cell_num: 63
host_utc=2026-09-30T08:34:34.350+00:00 host_mono_ns=2516293540375072 locals.values.size: 63
host_utc=2026-09-30T08:34:34.350+00:00 host_mono_ns=2516293540383227 [2026-09-30 08:34:34.349] [info] restore label stack
host_utc=2026-09-30T08:34:34.350+00:00 host_mono_ns=2516293540391453 local_cell_num: 9
host_utc=2026-09-30T08:34:34.350+00:00 host_mono_ns=2516293540399568 locals.values.size: 9
host_utc=2026-09-30T08:34:34.350+00:00 host_mono_ns=2516293540407673 [2026-09-30 08:34:34.349] [info] restore label stack
host_utc=2026-09-30T08:34:34.350+00:00 host_mono_ns=2516293540415909 local_cell_num: 9
host_utc=2026-09-30T08:34:34.350+00:00 host_mono_ns=2516293540423914 locals.values.size: 9
host_utc=2026-09-30T08:34:34.350+00:00 host_mono_ns=2516293540432039 [2026-09-30 08:34:34.349] [info] restore label stack
host_utc=2026-09-30T08:34:34.350+00:00 host_mono_ns=2516293540440195 local_cell_num: 6
host_utc=2026-09-30T08:34:34.350+00:00 host_mono_ns=2516293540448310 locals.values.size: 6
host_utc=2026-09-30T08:34:34.350+00:00 host_mono_ns=2516293540456455 [2026-09-30 08:34:34.349] [info] restore label stack
host_utc=2026-09-30T08:34:34.350+00:00 host_mono_ns=2516293540464761 [2026-09-30 08:34:34.349] [info] Finish to restore stack
host_utc=2026-09-30T08:34:34.350+00:00 host_mono_ns=2516293540473177 
host_utc=2026-09-30T08:34:34.350+00:00 host_mono_ns=2516293540487434 program counter, 16772
host_utc=2026-09-30T08:34:34.350+00:00 host_mono_ns=2516293540496070 initします
host_utc=2026-09-30T08:34:34.351+00:00 host_mono_ns=2516293541779425 boot_end, 2516293541626346
host_utc=2026-09-30T08:34:34.351+00:00 host_mono_ns=2516293541815232 wasm_cluster_increase_checkpointing_counter called 1
host_utc=2026-09-30T08:34:34.351+00:00 host_mono_ns=2516293541830842 Restoring wasm thread 4
host_utc=2026-09-30T08:34:34.351+00:00 host_mono_ns=2516293541843606 wasm_cluster_increase_checkpointing_counter called 2
host_utc=2026-09-30T08:34:34.351+00:00 host_mono_ns=2516293541855248 wasm_cluster_increase_checkpointing_counter called 3
host_utc=2026-09-30T08:34:34.351+00:00 host_mono_ns=2516293541864015 [2026-09-30 08:34:34.351] [info] wasm_restore_stack
host_utc=2026-09-30T08:34:34.351+00:00 host_mono_ns=2516293541872831 
host_utc=2026-09-30T08:34:34.351+00:00 host_mono_ns=2516293541886567 local_cell_num: 2
host_utc=2026-09-30T08:34:34.351+00:00 host_mono_ns=2516293541896145 locals.values.size: 2
host_utc=2026-09-30T08:34:34.351+00:00 host_mono_ns=2516293541904772 [2026-09-30 08:34:34.351] [info] restore label stack
host_utc=2026-09-30T08:34:34.351+00:00 host_mono_ns=2516293541913388 local_cell_num: 8
host_utc=2026-09-30T08:34:34.351+00:00 host_mono_ns=2516293541921683 locals.values.size: 8
host_utc=2026-09-30T08:34:34.351+00:00 host_mono_ns=2516293541930069 [2026-09-30 08:34:34.351] [info] restore label stack
host_utc=2026-09-30T08:34:34.351+00:00 host_mono_ns=2516293541938455 [02:58:13:699 - 73905A546840]: local_cell_num: 14
host_utc=2026-09-30T08:34:34.351+00:00 host_mono_ns=2516293541958593 locals.values.size: 14
host_utc=2026-09-30T08:34:34.351+00:00 host_mono_ns=2516293541967440 warning: failed to link import function (env, pthread_exit)
host_utc=2026-09-30T08:34:34.351+00:00 host_mono_ns=2516293541976227 [2026-09-30 08:34:34.351] [info] restore label stack
host_utc=2026-09-30T08:34:34.351+00:00 host_mono_ns=2516293541984512 local_cell_num: 240
host_utc=2026-09-30T08:34:34.351+00:00 host_mono_ns=2516293541992718 locals.values.size: 240
host_utc=2026-09-30T08:34:34.351+00:00 host_mono_ns=2516293542009389 [2026-09-30 08:34:34.351] [info] restore label stack
host_utc=2026-09-30T08:34:34.351+00:00 host_mono_ns=2516293542021422 local_cell_num: 77
host_utc=2026-09-30T08:34:34.351+00:00 host_mono_ns=2516293542029898 locals.values.size: 77
host_utc=2026-09-30T08:34:34.351+00:00 host_mono_ns=2516293542038204 [2026-09-30 08:34:34.351] [info] restore label stack
host_utc=2026-09-30T08:34:34.351+00:00 host_mono_ns=2516293542046429 local_cell_num: 22
host_utc=2026-09-30T08:34:34.351+00:00 host_mono_ns=2516293542054605 locals.values.size: 22
host_utc=2026-09-30T08:34:34.351+00:00 host_mono_ns=2516293542062740 [2026-09-30 08:34:34.351] [info] restore label stack
host_utc=2026-09-30T08:34:34.351+00:00 host_mono_ns=2516293542071026 [2026-09-30 08:34:34.351] [info] Finish to restore stack
host_utc=2026-09-30T08:34:34.351+00:00 host_mono_ns=2516293542079642 
host_utc=2026-09-30T08:34:34.351+00:00 host_mono_ns=2516293542088308 stack, 91643
host_utc=2026-09-30T08:34:34.351+00:00 host_mono_ns=2516293542099019 global, 22312
host_utc=2026-09-30T08:34:34.351+00:00 host_mono_ns=2516293542110150 program counter, 13135
host_utc=2026-09-30T08:34:34.352+00:00 host_mono_ns=2516293542272697 initします
host_utc=2026-09-30T08:34:34.353+00:00 host_mono_ns=2516293543918866 boot_end, 2516293543752432
host_utc=2026-09-30T08:34:34.353+00:00 host_mono_ns=2516293543952440 thread 4 restore
host_utc=2026-09-30T08:34:34.353+00:00 host_mono_ns=2516293543963761 wasm_cluster_increase_checkpointing_counter called 1
host_utc=2026-09-30T08:34:34.353+00:00 host_mono_ns=2516293543973620 Restoring wasm thread 3
host_utc=2026-09-30T08:34:34.353+00:00 host_mono_ns=2516293543982487 wasm_cluster_increase_checkpointing_counter called 2
host_utc=2026-09-30T08:34:34.353+00:00 host_mono_ns=2516293543991283 wasm_cluster_increase_checkpointing_counter called 3
host_utc=2026-09-30T08:34:34.353+00:00 host_mono_ns=2516293544010449 [2026-09-30 08:34:34.353] [info] wasm_restore_stack
host_utc=2026-09-30T08:34:34.353+00:00 host_mono_ns=2516293544022171 
host_utc=2026-09-30T08:34:34.353+00:00 host_mono_ns=2516293544031048 local_cell_num: 2
host_utc=2026-09-30T08:34:34.353+00:00 host_mono_ns=2516293544039524 locals.values.size: 2
host_utc=2026-09-30T08:34:34.353+00:00 host_mono_ns=2516293544048010 [[2026-09-30  - 73905A546840]: warning: failed to link import function (env, pthread_exit)
host_utc=2026-09-30T08:34:34.353+00:00 host_mono_ns=2516293544057669 local_cell_num: 8
host_utc=2026-09-30T08:34:34.353+00:00 host_mono_ns=2516293544065954 locals.values.size: 8
host_utc=2026-09-30T08:34:34.353+00:00 host_mono_ns=2516293544074250 [2026-09-30 08:34:34.353] [info] restore label stack
host_utc=2026-09-30T08:34:34.353+00:00 host_mono_ns=2516293544082686 local_cell_num: 14
host_utc=2026-09-30T08:34:34.353+00:00 host_mono_ns=2516293544090861 locals.values.size: 14
host_utc=2026-09-30T08:34:34.353+00:00 host_mono_ns=2516293544099307 [2026-09-30 08:34:34.353] [info] restore label stack
host_utc=2026-09-30T08:34:34.353+00:00 host_mono_ns=2516293544107643 local_cell_num: 240
host_utc=2026-09-30T08:34:34.353+00:00 host_mono_ns=2516293544115788 locals.values.size: 240
host_utc=2026-09-30T08:34:34.353+00:00 host_mono_ns=2516293544124094 [2026-09-30 08:34:34.353] [info] restore label stack
host_utc=2026-09-30T08:34:34.353+00:00 host_mono_ns=2516293544132330 local_cell_num: 77
host_utc=2026-09-30T08:34:34.353+00:00 host_mono_ns=2516293544140395 locals.values.size: 77
host_utc=2026-09-30T08:34:34.353+00:00 host_mono_ns=2516293544158269 [2026-09-30 08:34:34.353] [info] restore label stack
host_utc=2026-09-30T08:34:34.353+00:00 host_mono_ns=2516293544166775 local_cell_num: 22
host_utc=2026-09-30T08:34:34.354+00:00 host_mono_ns=2516293544174840 locals.values.size: 22
host_utc=2026-09-30T08:34:34.354+00:00 host_mono_ns=2516293544183015 [2026-09-30 08:34:34.353] [info] restore label stack
host_utc=2026-09-30T08:34:34.354+00:00 host_mono_ns=2516293544191211 thread 3 restore
host_utc=2026-09-30T08:34:34.354+00:00 host_mono_ns=2516293544199497 [2026-09-30 08:34:34.353] [info] Finish to restore stack
host_utc=2026-09-30T08:34:34.354+00:00 host_mono_ns=2516293544207932 
host_utc=2026-09-30T08:34:34.354+00:00 host_mono_ns=2516293544220897 stack, 90451
host_utc=2026-09-30T08:34:34.354+00:00 host_mono_ns=2516293544229413 global, 21531
host_utc=2026-09-30T08:34:34.354+00:00 host_mono_ns=2516293544237689 program counter, 13676
host_utc=2026-09-30T08:34:34.354+00:00 host_mono_ns=2516293544432306 initします
host_utc=2026-09-30T08:34:34.355+00:00 host_mono_ns=2516293545530151 wasm_cluster_increase_checkpointing_counter called 1
host_utc=2026-09-30T08:34:34.355+00:00 host_mono_ns=2516293545550669 Restoring wasm thread 2
host_utc=2026-09-30T08:34:34.355+00:00 host_mono_ns=2516293545560808 wasm_cluster_increase_checkpointing_counter called 2
host_utc=2026-09-30T08:34:34.355+00:00 host_mono_ns=2516293545570356 wasm_cluster_increase_checkpointing_counter called 3
host_utc=2026-09-30T08:34:34.355+00:00 host_mono_ns=2516293545579534 [2026-09-30 08:34:34.355] [info] wasm_restore_stack
host_utc=2026-09-30T08:34:34.355+00:00 host_mono_ns=2516293545588751 
host_utc=2026-09-30T08:34:34.355+00:00 host_mono_ns=2516293545598119 boot_end, 2516293545409523
host_utc=2026-09-30T08:34:34.355+00:00 host_mono_ns=2516293545607146 local_cell_num: 2
host_utc=2026-09-30T08:34:34.355+00:00 host_mono_ns=2516293545616163 locals.values.size: 2
host_utc=2026-09-30T08:34:34.355+00:00 host_mono_ns=2516293545625130 [2026-09-30 08:34:34.355] [info] restore label stack
host_utc=2026-09-30T08:34:34.355+00:00 host_mono_ns=2516293545634147 local_cell_num: 8
host_utc=2026-09-30T08:34:34.355+00:00 host_mono_ns=2516293545642984 locals.values.size: 8
host_utc=2026-09-30T08:34:34.355+00:00 host_mono_ns=2516293545651881 [2026-09-30 08:34:34.355] [info] restore label stack
host_utc=2026-09-30T08:34:34.355+00:00 host_mono_ns=2516293545660867 local_cell_num: 14
host_utc=2026-09-30T08:34:34.355+00:00 host_mono_ns=2516293545669724 locals.values.size: 14
host_utc=2026-09-30T08:34:34.355+00:00 host_mono_ns=2516293545678631 [2026-09-30 08:34:34.355] [info] restore label stack
host_utc=2026-09-30T08:34:34.355+00:00 host_mono_ns=2516293545687658 local_cell_num: 240
host_utc=2026-09-30T08:34:34.355+00:00 host_mono_ns=2516293545696505 locals.values.size: 240
host_utc=2026-09-30T08:34:34.355+00:00 host_mono_ns=2516293545705472 [2026-09-30 08:34:34.355] [info] restore label stack
host_utc=2026-09-30T08:34:34.355+00:00 host_mono_ns=2516293545714399 local_cell_num: 77
host_utc=2026-09-30T08:34:34.355+00:00 host_mono_ns=2516293545723195 locals.values.size: 77
host_utc=2026-09-30T08:34:34.355+00:00 host_mono_ns=2516293545732122 [2026-09-30 08:34:34.355] [info] restore label stack
host_utc=2026-09-30T08:34:34.355+00:00 host_mono_ns=2516293545741039 local_cell_num: 22
host_utc=2026-09-30T08:34:34.355+00:00 host_mono_ns=2516293545750016 locals.values.size: 22
host_utc=2026-09-30T08:34:34.355+00:00 host_mono_ns=2516293545758923 [2026-09-30 08:34:34.355] [info] restore label stack
host_utc=2026-09-30T08:34:34.355+00:00 host_mono_ns=2516293545767850 [2026-09-30 08:34:34.355] [info] Finish to restore stack
host_utc=2026-09-30T08:34:34.355+00:00 host_mono_ns=2516293545776997 
host_utc=2026-09-30T08:34:34.355+00:00 host_mono_ns=2516293545790432 stack, 54894
host_utc=2026-09-30T08:34:34.355+00:00 host_mono_ns=2516293545799690 global, 13265
host_utc=2026-09-30T08:34:34.355+00:00 host_mono_ns=2516293545808787 program counter, 9869
host_utc=2026-09-30T08:34:34.355+00:00 host_mono_ns=2516293545948361 initします
host_utc=2026-09-30T08:34:34.357+00:00 host_mono_ns=2516293547375446 boot_end, 2516293547197911
host_utc=2026-09-30T08:34:34.357+00:00 host_mono_ns=2516293547408038 [02:58:13:482 - 73905A546840]: warning: failed to link import function (env, pthread_exit)
host_utc=2026-09-30T08:34:34.357+00:00 host_mono_ns=2516293547422956 thread 2 restore
host_utc=2026-09-30T08:34:34.357+00:00 host_mono_ns=2516293547435239 wasm_cluster_increase_checkpointing_counter called 1
host_utc=2026-09-30T08:34:34.357+00:00 host_mono_ns=2516293547446521 Restoring wasm thread 1
host_utc=2026-09-30T08:34:34.357+00:00 host_mono_ns=2516293547457331 wasm_cluster_increase_checkpointing_counter called 2
host_utc=2026-09-30T08:34:34.357+00:00 host_mono_ns=2516293547466138 wasm_cluster_increase_checkpointing_counter called 3
host_utc=2026-09-30T08:34:34.357+00:00 host_mono_ns=2516293547474463 [2026-09-30 08:34:34.357] [info] wasm_restore_stack
host_utc=2026-09-30T08:34:34.357+00:00 host_mono_ns=2516293547483060 
host_utc=2026-09-30T08:34:34.357+00:00 host_mono_ns=2516293547492978 [02:58:13:270 - 73905A546840]: warning: failed to link import function (env, pthread_exit)
host_utc=2026-09-30T08:34:34.357+00:00 host_mono_ns=2516293547502156 thread 1 restore
host_utc=2026-09-30T08:34:34.357+00:00 host_mono_ns=2516293547510552 local_cell_num: 2
host_utc=2026-09-30T08:34:34.357+00:00 host_mono_ns=2516293547518958 locals.values.size: 2
host_utc=2026-09-30T08:34:34.357+00:00 host_mono_ns=2516293547527153 [2026-09-30 08:34:34.357] [info] restore label stack
host_utc=2026-09-30T08:34:34.357+00:00 host_mono_ns=2516293547535529 local_cell_num: 8
host_utc=2026-09-30T08:34:34.357+00:00 host_mono_ns=2516293547543664 locals.values.size: 8
host_utc=2026-09-30T08:34:34.357+00:00 host_mono_ns=2516293547551810 [2026-09-30 08:34:34.357] [info] restore label stack
host_utc=2026-09-30T08:34:34.357+00:00 host_mono_ns=2516293547560035 local_cell_num: 14
host_utc=2026-09-30T08:34:34.357+00:00 host_mono_ns=2516293547568140 locals.values.size: 14
host_utc=2026-09-30T08:34:34.357+00:00 host_mono_ns=2516293547576476 [2026-09-30 08:34:34.357] [info] restore label stack
host_utc=2026-09-30T08:34:34.357+00:00 host_mono_ns=2516293547584772 local_cell_num: 240
host_utc=2026-09-30T08:34:34.357+00:00 host_mono_ns=2516293547592937 locals.values.size: 240
host_utc=2026-09-30T08:34:34.357+00:00 host_mono_ns=2516293547601273 [2026-09-30 08:34:34.357] [info] restore label stack
host_utc=2026-09-30T08:34:34.357+00:00 host_mono_ns=2516293547610721 local_cell_num: 77
host_utc=2026-09-30T08:34:34.357+00:00 host_mono_ns=2516293547621351 locals.values.size: 77
host_utc=2026-09-30T08:34:34.357+00:00 host_mono_ns=2516293547632242 [2026-09-30 08:34:34.357] [info] restore label stack
host_utc=2026-09-30T08:34:34.357+00:00 host_mono_ns=2516293547642220 local_cell_num: 22
host_utc=2026-09-30T08:34:34.357+00:00 host_mono_ns=2516293547650426 locals.values.size: 22
host_utc=2026-09-30T08:34:34.357+00:00 host_mono_ns=2516293547658631 [2026-09-30 08:34:34.357] [info] restore label stack
host_utc=2026-09-30T08:34:34.357+00:00 host_mono_ns=2516293547666897 [2026-09-30 08:34:34.357] [info] Finish to restore stack
host_utc=2026-09-30T08:34:34.357+00:00 host_mono_ns=2516293547675423 
host_utc=2026-09-30T08:34:34.357+00:00 host_mono_ns=2516293547689480 stack, 101792
host_utc=2026-09-30T08:34:34.357+00:00 host_mono_ns=2516293547698206 global, 23013
host_utc=2026-09-30T08:34:34.357+00:00 host_mono_ns=2516293547706612 program counter, 17663
host_utc=2026-09-30T08:34:34.357+00:00 host_mono_ns=2516293547787605 initします
host_utc=2026-09-30T08:34:34.357+00:00 host_mono_ns=2516293547820046 wasm_cluster_increase_checkpointing_counter called 1
host_utc=2026-09-30T08:34:34.357+00:00 host_mono_ns=2516293547838171 wasm_cluster_increase_checkpointing_counter called 2
host_utc=2026-09-30T08:34:34.357+00:00 host_mono_ns=2516293547852187 wasm_cluster_increase_checkpointing_counter called 3
host_utc=2026-09-30T08:34:34.357+00:00 host_mono_ns=2516293547865192 [2026-09-30 08:34:34.357] [info] wasm_restore_stack
host_utc=2026-09-30T08:34:34.357+00:00 host_mono_ns=2516293547892974 
host_utc=2026-09-30T08:34:34.359+00:00 host_mono_ns=2516293549209381 local_cell_num: 1
host_utc=2026-09-30T08:34:34.359+00:00 host_mono_ns=2516293549245189 locals.values.size: 1
host_utc=2026-09-30T08:34:34.359+00:00 host_mono_ns=2516293549260067 [2026-09-30 08:34:34.358] [info] restore label stack
host_utc=2026-09-30T08:34:34.359+00:00 host_mono_ns=2516293549273132 local_cell_num: 3
host_utc=2026-09-30T08:34:34.359+00:00 host_mono_ns=2516293549286076 locals.values.size: 3
host_utc=2026-09-30T08:34:34.359+00:00 host_mono_ns=2516293549298720 [2026-09-30 08:34:34.358] [info] restore label stack
host_utc=2026-09-30T08:34:34.359+00:00 host_mono_ns=2516293549311213 local_cell_num: 147
host_utc=2026-09-30T08:34:34.359+00:00 host_mono_ns=2516293549323527 locals.values.size: 147
host_utc=2026-09-30T08:34:34.359+00:00 host_mono_ns=2516293549336161 [2026-09-30 08:34:34.358] [info] restore label stack
host_utc=2026-09-30T08:34:34.359+00:00 host_mono_ns=2516293549348544 local_cell_num: 19
host_utc=2026-09-30T08:34:34.359+00:00 host_mono_ns=2516293549360847 locals.values.size: 19
host_utc=2026-09-30T08:34:34.359+00:00 host_mono_ns=2516293549373461 [2026-09-30 08:34:34.358] [info] restore label stack
host_utc=2026-09-30T08:34:34.359+00:00 host_mono_ns=2516293549385744 local_cell_num: 63
host_utc=2026-09-30T08:34:34.359+00:00 host_mono_ns=2516293549397877 locals.values.size: 63
host_utc=2026-09-30T08:34:34.359+00:00 host_mono_ns=2516293549410190 [2026-09-30 08:34:34.358] [info] restore label stack
host_utc=2026-09-30T08:34:34.359+00:00 host_mono_ns=2516293549422393 local_cell_num: 9
host_utc=2026-09-30T08:34:34.359+00:00 host_mono_ns=2516293549434837 locals.values.size: 9
host_utc=2026-09-30T08:34:34.359+00:00 host_mono_ns=2516293549447120 [2026-09-30 08:34:34.358] [info] restore label stack
host_utc=2026-09-30T08:34:34.359+00:00 host_mono_ns=2516293549459413 local_cell_num: 9
host_utc=2026-09-30T08:34:34.359+00:00 host_mono_ns=2516293549471536 locals.values.size: 9
host_utc=2026-09-30T08:34:34.359+00:00 host_mono_ns=2516293549483669 [2026-09-30 08:34:34.358] [info] restore label stack
host_utc=2026-09-30T08:34:34.359+00:00 host_mono_ns=2516293549495932 local_cell_num: 6
host_utc=2026-09-30T08:34:34.359+00:00 host_mono_ns=2516293549507995 locals.values.size: 6
host_utc=2026-09-30T08:34:34.359+00:00 host_mono_ns=2516293549520198 [2026-09-30 08:34:34.358] [info] restore label stack
host_utc=2026-09-30T08:34:34.359+00:00 host_mono_ns=2516293549532742 [2026-09-30 08:34:34.358] [info] Finish to restore stack
host_utc=2026-09-30T08:34:34.359+00:00 host_mono_ns=2516293549545686 
host_utc=2026-09-30T08:34:34.359+00:00 host_mono_ns=2516293549561286 boot_end, 2516293549019472
host_utc=2026-09-30T08:34:34.359+00:00 host_mono_ns=2516293549576224 stack, 1458025
host_utc=2026-09-30T08:34:34.359+00:00 host_mono_ns=2516293549600269 local_cell_num: 2
host_utc=2026-09-30T08:34:34.359+00:00 host_mono_ns=2516293549614827 locals.values.size: 2
host_utc=2026-09-30T08:34:34.359+00:00 host_mono_ns=2516293549628964 [2026-09-30 08:34:34.358] [info] restore label stack
host_utc=2026-09-30T08:34:34.359+00:00 host_mono_ns=2516293549642960 local_cell_num: 8
host_utc=2026-09-30T08:34:34.359+00:00 host_mono_ns=2516293549656746 locals.values.size: 8
host_utc=2026-09-30T08:34:34.359+00:00 host_mono_ns=2516293549670542 [2026-09-30 08:34:34.358] [info] restore label stack
host_utc=2026-09-30T08:34:34.359+00:00 host_mono_ns=2516293549684469 local_cell_num: 14
host_utc=2026-09-30T08:34:34.359+00:00 host_mono_ns=2516293549698194 locals.values.size: 14
host_utc=2026-09-30T08:34:34.359+00:00 host_mono_ns=2516293549712061 [2026-09-30 08:34:34.358] [info] restore label stack
host_utc=2026-09-30T08:34:34.359+00:00 host_mono_ns=2516293549725887 local_cell_num: 155
host_utc=2026-09-30T08:34:34.359+00:00 host_mono_ns=2516293549739813 locals.values.size: 155
host_utc=2026-09-30T08:34:34.359+00:00 host_mono_ns=2516293549753669 [2026-09-30 08:34:34.358] [info] restore label stack
host_utc=2026-09-30T08:34:34.359+00:00 host_mono_ns=2516293549842166 local_cell_num: 19
host_utc=2026-09-30T08:34:34.359+00:00 host_mono_ns=2516293549862084 locals.values.size: 19
host_utc=2026-09-30T08:34:34.359+00:00 host_mono_ns=2516293549875379 [2026-09-30 08:34:34.358] [info] restore label stack
host_utc=2026-09-30T08:34:34.359+00:00 host_mono_ns=2516293549888283 local_cell_num: 63
host_utc=2026-09-30T08:34:34.359+00:00 host_mono_ns=2516293549900617 locals.values.size: 63
host_utc=2026-09-30T08:34:34.359+00:00 host_mono_ns=2516293549913010 [2026-09-30 08:34:34.358] [info] restore label stack
host_utc=2026-09-30T08:34:34.359+00:00 host_mono_ns=2516293549925394 local_cell_num: 9
host_utc=2026-09-30T08:34:34.359+00:00 host_mono_ns=2516293549937627 locals.values.size: 9
host_utc=2026-09-30T08:34:34.359+00:00 host_mono_ns=2516293549949830 [2026-09-30 08:34:34.358] [info] restore label stack
host_utc=2026-09-30T08:34:34.359+00:00 host_mono_ns=2516293549962063 local_cell_num: 9
host_utc=2026-09-30T08:34:34.359+00:00 host_mono_ns=2516293549974106 locals.values.size: 9
host_utc=2026-09-30T08:34:34.359+00:00 host_mono_ns=2516293549986319 [2026-09-30 08:34:34.358] [info] restore label stack
host_utc=2026-09-30T08:34:34.359+00:00 host_mono_ns=2516293549998502 local_cell_num: 6
host_utc=2026-09-30T08:34:34.359+00:00 host_mono_ns=2516293550028599 locals.values.size: 6
host_utc=2026-09-30T08:34:34.359+00:00 host_mono_ns=2516293550041172 [2026-09-30 08:34:34.358] [info] restore label stack
host_utc=2026-09-30T08:34:34.359+00:00 host_mono_ns=2516293550053626 [2026-09-30 08:34:34.358] [info] Finish to restore stack
host_utc=2026-09-30T08:34:34.359+00:00 host_mono_ns=2516293550066340 
host_utc=2026-09-30T08:34:34.359+00:00 host_mono_ns=2516293550078833 stack, 104056
host_utc=2026-09-30T08:34:34.359+00:00 host_mono_ns=2516293550101456 global, 21320
host_utc=2026-09-30T08:34:34.359+00:00 host_mono_ns=2516293550115362 program counter, 12373
host_utc=2026-09-30T08:34:35.081+00:00 host_mono_ns=2516294271763549 memory, 721874253
host_utc=2026-09-30T08:34:35.081+00:00 host_mono_ns=2516294271820206 Restore: add_membership for fd 5 used destination default interface
host_utc=2026-09-30T08:34:35.081+00:00 host_mono_ns=2516294271836116 Restore: add_membership for fd 11 used destination default interface
host_utc=2026-09-30T08:34:35.081+00:00 host_mono_ns=2516294271850994 global, 11231
host_utc=2026-09-30T08:34:35.081+00:00 host_mono_ns=2516294271866293 program counter, 12634
host_utc=2026-09-30T08:34:37.083+00:00 host_mono_ns=2516296273677735 '
host_utc=2026-09-30T08:34:37.083+00:00 host_mono_ns=2516296273737458 LOG_DEBUG : 00000015.233 : [MROS2LIB] message get [callback_handler] msg_sn_high: 0 msg_sn_low: c
host_utc=2026-09-30T08:34:37.083+00:00 host_mono_ns=2516296273751825 subscribed msg: 'Hello from mros2-posix onto Linux: 15'
host_utc=2026-09-30T08:34:37.083+00:00 host_mono_ns=2516296273772353 LOG_ERROR : 00000019.148 : LOG_ERROR : 00000019.148 : UDP_RECV result=error errno=27 fd=13 recv=-1UDP_RECV result=error errno=27 fd=11 recv=-1
host_utc=2026-09-30T08:34:37.083+00:00 host_mono_ns=2516296273784927 LOG_ERROR : 00000019.148 :
host_utc=2026-09-30T08:34:37.083+00:00 host_mono_ns=2516296273795437 LOG_ERROR : 00000019.148 : LOG_ERROR : 00000019.148 : UDP_RECV_RECOVERY action=skip reason=EINTR fd=11UDP_RECV result=error errno=27 fd=5 recv=-1
host_utc=2026-09-30T08:34:37.083+00:00 host_mono_ns=2516296273806257 
host_utc=2026-09-30T08:34:37.083+00:00 host_mono_ns=2516296273816397 UDP_RECV_RECOVERY action=skip reason=EINTR fd=13LOG_ERROR : 00000019.149 :
host_utc=2026-09-30T08:34:37.083+00:00 host_mono_ns=2516296273826766 LOG_ERROR : 00000019.148 : UDP_RECV_RECOVERY action=skip reason=EINTR fd=5UDP_RECV result=error errno=27 fd=10 recv=-1
host_utc=2026-09-30T08:34:37.083+00:00 host_mono_ns=2516296273838108 
host_utc=2026-09-30T08:34:37.083+00:00 host_mono_ns=2516296273847696 LOG_ERROR : 00000019.150 : UDP_RECV_RECOVERY action=skip reason=EINTR fd=10
host_utc=2026-09-30T08:34:37.083+00:00 host_mono_ns=2516296273858296 netif_wasm: local ip changed to 0x060012ac
host_utc=2026-09-30T08:34:37.083+00:00 host_mono_ns=2516296273902169 publishing msg: 'Hello from mros2-posix onto Linux: 16'
host_utc=2026-09-30T08:34:37.083+00:00 host_mono_ns=2516296273917217 LOG_DEBUG : 00000020.151 : [MROS2LIB] message get [callback_handler] msg_sn_high: 0 msg_sn_low: d
host_utc=2026-09-30T08:34:37.083+00:00 host_mono_ns=2516296273927947 subscribed msg: 'Hello from mros2-posix onto Linux: 16'
host_utc=2026-09-30T08:34:42.086+00:00 host_mono_ns=2516301276933219 publishing msg: 'Hello from mros2-posix onto Linux: 17'
host_utc=2026-09-30T08:34:42.086+00:00 host_mono_ns=2516301277024391 LOG_DEBUG : 00000021.150 : [MROS2LIB] message get [callback_handler] msg_sn_high: 0 msg_sn_low: e
host_utc=2026-09-30T08:34:42.086+00:00 host_mono_ns=2516301277045842 subscribed msg: 'Hello from mros2-posix onto Linux: 17'
host_utc=2026-09-30T08:34:42.086+00:00 host_mono_ns=2516301277062263 publishing msg: 'Hello from mros2-posix onto Linux: 18'
host_utc=2026-09-30T08:34:42.086+00:00 host_mono_ns=2516301277076850 LOG_DEBUG : 00000022.150 : [MROS2LIB] message get [callback_handler] msg_sn_high: 0 msg_sn_low: f
host_utc=2026-09-30T08:34:42.086+00:00 host_mono_ns=2516301277090536 subscribed msg: 'Hello from mros2-posix onto Linux: 18'
host_utc=2026-09-30T08:34:42.086+00:00 host_mono_ns=2516301277104543 publishing msg: 'Hello from mros2-posix onto Linux: 19'
host_utc=2026-09-30T08:34:42.086+00:00 host_mono_ns=2516301277118008 LOG_DEBUG : 00000023.151 : [MROS2LIB] message get [callback_handler] msg_sn_high: 0 msg_sn_low: 10
host_utc=2026-09-30T08:34:42.086+00:00 host_mono_ns=2516301277131694 subscribed msg: 'Hello from mros2-posix onto Linux: 19'
host_utc=2026-09-30T08:34:42.086+00:00 host_mono_ns=2516301277145620 publishing msg: 'Hello from mros2-posix onto Linux: 20'
host_utc=2026-09-30T08:34:42.086+00:00 host_mono_ns=2516301277159076 LOG_DEBUG : 00000024.152 : [MROS2LIB] message get [callback_handler] msg_sn_high: 0 msg_sn_low: 11
host_utc=2026-09-30T08:34:42.087+00:00 host_mono_ns=2516301277172160 subscribed msg: 'Hello from mros2-posix onto Linux: 20'
host_utc=2026-09-30T08:34:42.087+00:00 host_mono_ns=2516301277185836 publishing msg: 'Hello from mros2-posix onto Linux: 21'
host_utc=2026-09-30T08:34:42.087+00:00 host_mono_ns=2516301277199051 LOG_DEBUG : 00000025.152 : [MROS2LIB] message get [callback_handler] msg_sn_high: 0 msg_sn_low: 12
host_utc=2026-09-30T08:34:42.087+00:00 host_mono_ns=2516301277228647 subscribed msg: 'Hello from mros2-posix onto Linux: 21'
host_utc=2026-09-30T08:34:46.091+00:00 host_mono_ns=2516305281955233 publishing msg: 'Hello from mros2-posix onto Linux: 22'
host_utc=2026-09-30T08:34:46.091+00:00 host_mono_ns=2516305282042749 LOG_DEBUG : 00000026.153 : [MROS2LIB] message get [callback_handler] msg_sn_high: 0 msg_sn_low: 13
host_utc=2026-09-30T08:34:46.091+00:00 host_mono_ns=2516305282066243 subscribed msg: 'Hello from mros2-posix onto Linux: 22'
host_utc=2026-09-30T08:34:46.091+00:00 host_mono_ns=2516305282082734 publishing msg: 'Hello from mros2-posix onto Linux: 23'
host_utc=2026-09-30T08:34:46.091+00:00 host_mono_ns=2516305282096921 LOG_DEBUG : 00000027.154 : [MROS2LIB] message get [callback_handler] msg_sn_high: 0 msg_sn_low: 14
host_utc=2026-09-30T08:34:46.091+00:00 host_mono_ns=2516305282110567 subscribed msg: 'Hello from mros2-posix onto Linux: 23'
host_utc=2026-09-30T08:34:46.091+00:00 host_mono_ns=2516305282124714 publishing msg: 'Hello from mros2-posix onto Linux: 24'
host_utc=2026-09-30T08:34:46.091+00:00 host_mono_ns=2516305282138319 LOG_DEBUG : 00000028.154 : [MROS2LIB] message get [callback_handler] msg_sn_high: 0 msg_sn_low: 15
host_utc=2026-09-30T08:34:46.091+00:00 host_mono_ns=2516305282151364 subscribed msg: 'Hello from mros2-posix onto Linux: 24'
host_utc=2026-09-30T08:34:46.091+00:00 host_mono_ns=2516305282165060 publishing msg: 'Hello from mros2-posix onto Linux: 25'
host_utc=2026-09-30T08:34:46.092+00:00 host_mono_ns=2516305282178545 LOG_DEBUG : 00000029.155 : [MROS2LIB] message get [callback_handler] msg_sn_high: 0 msg_sn_low: 16
host_utc=2026-09-30T08:34:46.092+00:00 host_mono_ns=2516305282191289 subscribed msg: 'Hello from mros2-posix onto Linux: 25'
host_utc=2026-09-30T08:34:46.092+00:00 host_mono_ns=2516305282229351 publishing msg: 'Hello from mros2-posix onto Linux: 26'
host_utc=2026-09-30T08:34:46.092+00:00 host_mono_ns=2516305282241675 LOG_DEBUG : 00000030.156 : [MROS2LIB] message get [callback_handler] msg_sn_high: 0 msg_sn_low: 17
host_utc=2026-09-30T08:34:46.385+00:00 host_mono_ns=2516305575247985 subscribed msg: 'Hello from mros2-posix onto Linux: 26
host_utc=2026-09-30T08:34:46.385+00:00 host_mono_ns=2516305575322135 event=collector_process_exit source=restore exit_status=143
