boot_start, 2661224292555025
11 stderr
22 stderr
signal init: 136487964030528
initします
boot_end, 2661224303812378
[19:13:44:476 - 7C2294A50840]: Load type section success.

[19:13:44:489 - 7C2294A50840]: Load import section success.

[19:13:44:514 - 7C2294A50840]: Load function section success.

[19:13:44:515 - 7C2294A50840]: Load table section success.

[19:13:44:516 - 7C2294A50840]: Load global section success.

[19:13:44:517 - 7C2294A50840]: Load export section success.

[19:13:44:517 - 7C2294A50840]: Load start section success.

[19:13:44:518 - 7C2294A50840]: Load table segment section success.

[19:13:44:518 - 7C2294A50840]: Load datacount section success.

[19:13:44:519 - 7C2294A50840]: Load code segment section success.

[19:13:44:519 - 7C2294A50840]: Load data segment section success.

[19:13:44:519 - 7C2294A50840]: Ignore custom section [.debug_abbrev].
[19:13:44:520 - 7C2294A50840]: Ignore custom section [.debug_info].
[19:13:44:520 - 7C2294A50840]: Ignore custom section [.debug_ranges].
[19:13:44:521 - 7C2294A50840]: Ignore custom section [.debug_str].
[19:13:44:521 - 7C2294A50840]: Ignore custom section [.debug_line].
[19:13:44:522 - 7C2294A50840]: Ignore custom section [name].
[19:13:44:522 - 7C2294A50840]: Ignore custom section [producers].
[19:13:44:522 - 7C2294A50840]: Ignore custom section [target_features].
[19:13:44:511 - 7C2294A50840]: Load module success.

[19:13:44:514 - 7C2294A50840]: Memory instantiate:
[19:13:44:514 - 7C2294A50840]:   page bytes: 65536, init pages: 16384, max pages: 16384
[19:13:44:515 - 7C2294A50840]:   heap offset: 1073741824, heap size: 0

[19:13:44:531 - 7C2294A50840]: Memory instantiate success.
[2026-10-02 00:50:05.113] [info] wasm_restore_stack

stack, 123794
local_cell_num: 1
locals.values.size: 1
[2026-10-02 00:50:05.113] [info] restore label stack
local_cell_num: 33
locals.values.size: 33
[2026-10-02 00:50:05.113] [info] restore label stack
local_cell_num: 28
locals.values.size: 28
[2026-10-02 00:50:05.113] [info] restore label stack
local_cell_num: 108
locals.values.size: 108
[2026-10-02 00:50:05.113] [info] restore label stack
local_cell_num: 16
locals.values.size: 16
[2026-10-02 00:50:05.113] [info] restore label stack
local_cell_num: 7
locals.values.size: 7
[2026-10-02 00:50:05.113] [info] restore label stack
local_cell_num: 5
locals.values.size: 5
[2026-10-02 00:50:05.113] [info] restore label stack
local_cell_num: 6
locals.values.size: 6
[2026-10-02 00:50:05.113] [info] restore label stack
[2026-10-02 00:50:05.113] [info] Finish to restore stack

3 stderr
memory, 1564493995
global, 10059
program counter, 11912
event=PROBE_HOOK_CONTINUED stage=1
event=PROBE_SUCCESS stage=1
event=SUBSEQUENT_WIN stage=1
event=RELEASED stage=1
event=PROBE_SOCKET_OPEN_BEFORE_CONNECT stage=1
