host_utc=2026-09-30T08:10:35.750+00:00 host_mono_ns=2514854940877130 boot_start, 2514854940600577
host_utc=2026-09-30T08:10:35.956+00:00 host_mono_ns=2514855146231091 11 stderr
host_utc=2026-09-30T08:10:35.956+00:00 host_mono_ns=2514855146278621 22 stderr
host_utc=2026-09-30T08:10:35.956+00:00 host_mono_ns=2514855146287197 signal init: 133187190703680
host_utc=2026-09-30T08:10:35.956+00:00 host_mono_ns=2514855146295513 initします
host_utc=2026-09-30T08:10:35.956+00:00 host_mono_ns=2514855147038637 boot_end, 2514855146873234
host_utc=2026-09-30T08:10:35.957+00:00 host_mono_ns=2514855147409698 3 stderr
host_utc=2026-09-30T08:10:35.957+00:00 host_mono_ns=2514855147712390 initします
host_utc=2026-09-30T08:10:35.959+00:00 host_mono_ns=2514855149239144 boot_end, 2514855149052021
host_utc=2026-09-30T08:10:35.959+00:00 host_mono_ns=2514855149324786 [02:34:14:529 - 79220F548840]: Load type section success.
host_utc=2026-09-30T08:10:35.959+00:00 host_mono_ns=2514855149346567 
host_utc=2026-09-30T08:10:35.959+00:00 host_mono_ns=2514855149363549 [02:34:14:556 - 79220F548840]: Load import section success.
host_utc=2026-09-30T08:10:35.959+00:00 host_mono_ns=2514855149380381 
host_utc=2026-09-30T08:10:35.959+00:00 host_mono_ns=2514855149395780 [02:34:14:688 - 79220F548840]: Load function section success.
host_utc=2026-09-30T08:10:35.959+00:00 host_mono_ns=2514855149411009 
host_utc=2026-09-30T08:10:35.959+00:00 host_mono_ns=2514855149421719 [02:34:14:690 - 79220F548840]: Load table section success.
host_utc=2026-09-30T08:10:35.959+00:00 host_mono_ns=2514855149432650 
host_utc=2026-09-30T08:10:35.959+00:00 host_mono_ns=2514855149443080 [02:34:14:691 - 79220F548840]: Load global section success.
host_utc=2026-09-30T08:10:35.959+00:00 host_mono_ns=2514855149453970 
host_utc=2026-09-30T08:10:35.959+00:00 host_mono_ns=2514855149464340 [02:34:14:693 - 79220F548840]: Load export section success.
host_utc=2026-09-30T08:10:35.959+00:00 host_mono_ns=2514855149474990 
host_utc=2026-09-30T08:10:35.959+00:00 host_mono_ns=2514855149485319 [02:34:14:694 - 79220F548840]: Load start section success.
host_utc=2026-09-30T08:10:35.959+00:00 host_mono_ns=2514855149495919 
host_utc=2026-09-30T08:10:35.959+00:00 host_mono_ns=2514855149506530 [02:34:14:698 - 79220F548840]: Load table segment section success.
host_utc=2026-09-30T08:10:35.959+00:00 host_mono_ns=2514855149517951 
host_utc=2026-09-30T08:10:35.959+00:00 host_mono_ns=2514855149528150 [02:34:14:699 - 79220F548840]: Load datacount section success.
host_utc=2026-09-30T08:10:35.959+00:00 host_mono_ns=2514855149539071 
host_utc=2026-09-30T08:10:35.959+00:00 host_mono_ns=2514855149549521 [02:34:14:699 - 79220F548840]: Load code segment section success.
host_utc=2026-09-30T08:10:35.959+00:00 host_mono_ns=2514855149563547 
host_utc=2026-09-30T08:10:35.959+00:00 host_mono_ns=2514855149577524 [02:34:14:700 - 79220F548840]: Load data segment section success.
host_utc=2026-09-30T08:10:35.959+00:00 host_mono_ns=2514855149589075 
host_utc=2026-09-30T08:10:35.959+00:00 host_mono_ns=2514855149599415 [02:34:14:701 - 79220F548840]: Ignore custom section [.debug_abbrev].
host_utc=2026-09-30T08:10:35.959+00:00 host_mono_ns=2514855149610306 [02:34:14:701 - 79220F548840]: Ignore custom section [.debug_info].
host_utc=2026-09-30T08:10:35.959+00:00 host_mono_ns=2514855149621056 [02:34:14:702 - 79220F548840]: Ignore custom section [.debug_ranges].
host_utc=2026-09-30T08:10:35.959+00:00 host_mono_ns=2514855149632117 [02:34:14:702 - 79220F548840]: Ignore custom section [.debug_str].
host_utc=2026-09-30T08:10:35.959+00:00 host_mono_ns=2514855149642847 [02:34:14:703 - 79220F548840]: Ignore custom section [.debug_line].
host_utc=2026-09-30T08:10:35.959+00:00 host_mono_ns=2514855149653477 [02:34:14:704 - 79220F548840]: Ignore custom section [.debug_loc].
host_utc=2026-09-30T08:10:35.959+00:00 host_mono_ns=2514855149664167 [02:34:14:704 - 79220F548840]: Ignore custom section [name].
host_utc=2026-09-30T08:10:35.959+00:00 host_mono_ns=2514855149675078 [02:34:14:705 - 79220F548840]: Ignore custom section [producers].
host_utc=2026-09-30T08:10:35.959+00:00 host_mono_ns=2514855149685969 [02:34:14:705 - 79220F548840]: Ignore custom section [target_features].
host_utc=2026-09-30T08:10:35.959+00:00 host_mono_ns=2514855149709323 [02:34:14:706 - 79220F548840]: Found aux __heap_base global, value: 7855056
host_utc=2026-09-30T08:10:35.959+00:00 host_mono_ns=2514855149720925 [02:34:14:707 - 79220F548840]: Found aux __data_end global, value: 1301444
host_utc=2026-09-30T08:10:35.959+00:00 host_mono_ns=2514855149732166 [02:34:14:707 - 79220F548840]: Found aux stack top global, value: 7855056, global index: 0, stack size: 6553600
host_utc=2026-09-30T08:10:35.959+00:00 host_mono_ns=2514855149743527 [02:34:14:709 - 79220F548840]: Found malloc function, name: malloc, index: 3154
host_utc=2026-09-30T08:10:35.959+00:00 host_mono_ns=2514855149754518 [02:34:14:709 - 79220F548840]: Found free function, name: free, index: 3156
host_utc=2026-09-30T08:10:35.959+00:00 host_mono_ns=2514855149765479 [02:34:15:657 - 79220F548840]: Load module success.
host_utc=2026-09-30T08:10:35.959+00:00 host_mono_ns=2514855149776239 
host_utc=2026-09-30T08:10:35.959+00:00 host_mono_ns=2514855149786769 [02:34:15:666 - 79220F548840]: Memory instantiate:
host_utc=2026-09-30T08:10:35.959+00:00 host_mono_ns=2514855149797429 [02:34:15:667 - 79220F548840]:   page bytes: 65536, init pages: 16384, max pages: 16384
host_utc=2026-09-30T08:10:35.959+00:00 host_mono_ns=2514855149808360 [02:34:15:667 - 79220F548840]:   heap offset: 1073741824, heap size: 0
host_utc=2026-09-30T08:10:35.959+00:00 host_mono_ns=2514855149819280 
host_utc=2026-09-30T08:10:35.959+00:00 host_mono_ns=2514855149829590 [02:34:15:696 - 79220F548840]: Memory instantiate success.
host_utc=2026-09-30T08:10:35.959+00:00 host_mono_ns=2514855149840370 [02:34:15:822 - 79220F548840]: warning: failed to link import function (env, pthread_exit)
host_utc=2026-09-30T08:10:35.959+00:00 host_mono_ns=2514855149851351 Restoring wasm thread 11
host_utc=2026-09-30T08:10:35.959+00:00 host_mono_ns=2514855149862432 [02:34:15:007 - 79220F548840]: warning: failed to link import function (env, pthread_exit)
host_utc=2026-09-30T08:10:35.959+00:00 host_mono_ns=2514855149872561 thread 11 restore
host_utc=2026-09-30T08:10:35.959+00:00 host_mono_ns=2514855149881207 Restoring wasm thread 10
host_utc=2026-09-30T08:10:35.959+00:00 host_mono_ns=2514855149889453 [02:34:15:126 - 79220F548840]: warning: failed to link import function (env, pthread_exit)
host_utc=2026-09-30T08:10:35.959+00:00 host_mono_ns=2514855149897889 thread 10 restore
host_utc=2026-09-30T08:10:35.959+00:00 host_mono_ns=2514855149906175 [2026-09-30 08:10:35.958] [info] wasm_restore_stack
host_utc=2026-09-30T08:10:35.959+00:00 host_mono_ns=2514855149914691 
host_utc=2026-09-30T08:10:35.959+00:00 host_mono_ns=2514855149930110 stack, 263258
host_utc=2026-09-30T08:10:35.959+00:00 host_mono_ns=2514855149939207 local_cell_num: 2
host_utc=2026-09-30T08:10:35.959+00:00 host_mono_ns=2514855149947763 locals.values.size: 2
host_utc=2026-09-30T08:10:35.959+00:00 host_mono_ns=2514855149956450 [2026-09-30 08:10:35.959] [info] restore label stack
host_utc=2026-09-30T08:10:35.959+00:00 host_mono_ns=2514855149965116 local_cell_num: 8
host_utc=2026-09-30T08:10:35.959+00:00 host_mono_ns=2514855149973341 locals.values.size: 8
host_utc=2026-09-30T08:10:35.959+00:00 host_mono_ns=2514855149981757 [2026-09-30 08:10:35.959] [info] restore label stack
host_utc=2026-09-30T08:10:35.959+00:00 host_mono_ns=2514855149990133 local_cell_num: 14
host_utc=2026-09-30T08:10:35.959+00:00 host_mono_ns=2514855149998609 locals.values.size: 14
host_utc=2026-09-30T08:10:35.959+00:00 host_mono_ns=2514855150026302 [2026-09-30 08:10:35.959] [info] restore label stack
host_utc=2026-09-30T08:10:35.959+00:00 host_mono_ns=2514855150038344 local_cell_num: 45
host_utc=2026-09-30T08:10:35.959+00:00 host_mono_ns=2514855150046800 locals.values.size: 45
host_utc=2026-09-30T08:10:35.959+00:00 host_mono_ns=2514855150055226 [2026-09-30 08:10:35.959] [info] restore label stack
host_utc=2026-09-30T08:10:35.959+00:00 host_mono_ns=2514855150063602 local_cell_num: 19
host_utc=2026-09-30T08:10:35.959+00:00 host_mono_ns=2514855150077749 locals.values.size: 19
host_utc=2026-09-30T08:10:35.959+00:00 host_mono_ns=2514855150086145 [2026-09-30 08:10:35.959] [info] restore label stack
host_utc=2026-09-30T08:10:35.959+00:00 host_mono_ns=2514855150094500 local_cell_num: 63
host_utc=2026-09-30T08:10:35.959+00:00 host_mono_ns=2514855150102736 locals.values.size: 63
host_utc=2026-09-30T08:10:35.959+00:00 host_mono_ns=2514855150111072 [2026-09-30 08:10:35.959] [info] restore label stack
host_utc=2026-09-30T08:10:35.959+00:00 host_mono_ns=2514855150119417 local_cell_num: 9
host_utc=2026-09-30T08:10:35.959+00:00 host_mono_ns=2514855150127773 locals.values.size: 9
host_utc=2026-09-30T08:10:35.959+00:00 host_mono_ns=2514855150135949 [2026-09-30 08:10:35.959] [info] restore label stack
host_utc=2026-09-30T08:10:35.959+00:00 host_mono_ns=2514855150144264 local_cell_num: 9
host_utc=2026-09-30T08:10:35.959+00:00 host_mono_ns=2514855150152430 locals.values.size: 9
host_utc=2026-09-30T08:10:35.959+00:00 host_mono_ns=2514855150160665 [2026-09-30 08:10:35.959] [info] restore label stack
host_utc=2026-09-30T08:10:35.960+00:00 host_mono_ns=2514855150169011 local_cell_num: 6
host_utc=2026-09-30T08:10:35.960+00:00 host_mono_ns=2514855150177197 locals.values.size: 6
host_utc=2026-09-30T08:10:35.960+00:00 host_mono_ns=2514855150185462 [2026-09-30 08:10:35.959] [info] restore label stack
host_utc=2026-09-30T08:10:35.960+00:00 host_mono_ns=2514855150193948 [2026-09-30 08:10:35.959] [info] Finish to restore stack
host_utc=2026-09-30T08:10:35.960+00:00 host_mono_ns=2514855150202785 
host_utc=2026-09-30T08:10:35.960+00:00 host_mono_ns=2514855150211291 global, 32351
host_utc=2026-09-30T08:10:35.960+00:00 host_mono_ns=2514855150219597 program counter, 18856
host_utc=2026-09-30T08:10:35.960+00:00 host_mono_ns=2514855150228123 initします
host_utc=2026-09-30T08:10:35.961+00:00 host_mono_ns=2514855151286062 boot_end, 2514855151056879
host_utc=2026-09-30T08:10:35.961+00:00 host_mono_ns=2514855151346295 wasm_cluster_increase_checkpointing_counter called 1
host_utc=2026-09-30T08:10:35.961+00:00 host_mono_ns=2514855151363728 Restoring wasm thread 9
host_utc=2026-09-30T08:10:35.961+00:00 host_mono_ns=2514855151377805 wasm_cluster_increase_checkpointing_counter called 2
host_utc=2026-09-30T08:10:35.961+00:00 host_mono_ns=2514855151391300 wasm_cluster_increase_checkpointing_counter called 3
host_utc=2026-09-30T08:10:35.961+00:00 host_mono_ns=2514855151404636 [2026-09-30 08:10:35.960] [info] wasm_restore_stack
host_utc=2026-09-30T08:10:35.961+00:00 host_mono_ns=2514855151418191 
host_utc=2026-09-30T08:10:35.961+00:00 host_mono_ns=2514855151441465 stack, 151576
host_utc=2026-09-30T08:10:35.961+00:00 host_mono_ns=2514855151455281 global, 17964
host_utc=2026-09-30T08:10:35.961+00:00 host_mono_ns=2514855151467925 program counter, 9989
host_utc=2026-09-30T08:10:35.961+00:00 host_mono_ns=2514855151480529 [02:34:15:136 - 79220F548840]: warning: failed to link import function (env, pthread_exit)
host_utc=2026-09-30T08:10:35.961+00:00 host_mono_ns=2514855151494375 thread 9 restore
host_utc=2026-09-30T08:10:35.961+00:00 host_mono_ns=2514855151507099 local_cell_num: 2
host_utc=2026-09-30T08:10:35.961+00:00 host_mono_ns=2514855151519653 locals.values.size: 2
host_utc=2026-09-30T08:10:35.961+00:00 host_mono_ns=2514855151532167 [2026-09-30 08:10:35.961] [info] restore label stack
host_utc=2026-09-30T08:10:35.961+00:00 host_mono_ns=2514855151544931 local_cell_num: 8
host_utc=2026-09-30T08:10:35.961+00:00 host_mono_ns=2514855151557344 locals.values.size: 8
host_utc=2026-09-30T08:10:35.961+00:00 host_mono_ns=2514855151569637 [2026-09-30 08:10:35.961] [info] restore label stack
host_utc=2026-09-30T08:10:35.961+00:00 host_mono_ns=2514855151582081 local_cell_num: 14
host_utc=2026-09-30T08:10:35.961+00:00 host_mono_ns=2514855151594274 locals.values.size: 14
host_utc=2026-09-30T08:10:35.961+00:00 host_mono_ns=2514855151606848 [2026-09-30 08:10:35.961] [info] restore label stack
host_utc=2026-09-30T08:10:35.961+00:00 host_mono_ns=2514855151619201 local_cell_num: 15
host_utc=2026-09-30T08:10:35.961+00:00 host_mono_ns=2514855151650510 locals.values.size: 15
host_utc=2026-09-30T08:10:35.961+00:00 host_mono_ns=2514855151663214 [2026-09-30 08:10:35.961] [info] restore label stack
host_utc=2026-09-30T08:10:35.961+00:00 host_mono_ns=2514855151675577 local_cell_num: 37
host_utc=2026-09-30T08:10:35.961+00:00 host_mono_ns=2514855151687700 locals.values.size: 37
host_utc=2026-09-30T08:10:35.961+00:00 host_mono_ns=2514855151699893 [2026-09-30 08:10:35.961] [info] restore label stack
host_utc=2026-09-30T08:10:35.961+00:00 host_mono_ns=2514855151712237 local_cell_num: 25
host_utc=2026-09-30T08:10:35.961+00:00 host_mono_ns=2514855151724370 locals.values.size: 25
host_utc=2026-09-30T08:10:35.961+00:00 host_mono_ns=2514855151736543 [2026-09-30 08:10:35.961] [info] restore label stack
host_utc=2026-09-30T08:10:35.961+00:00 host_mono_ns=2514855151748766 local_cell_num: 34
host_utc=2026-09-30T08:10:35.961+00:00 host_mono_ns=2514855151760798 locals.values.size: 34
host_utc=2026-09-30T08:10:35.961+00:00 host_mono_ns=2514855151772992 [2026-09-30 08:10:35.961] [info] restore label stack
host_utc=2026-09-30T08:10:35.961+00:00 host_mono_ns=2514855151785305 local_cell_num: 38
host_utc=2026-09-30T08:10:35.961+00:00 host_mono_ns=2514855151797317 locals.values.size: 38
host_utc=2026-09-30T08:10:35.961+00:00 host_mono_ns=2514855151809531 [2026-09-30 08:10:35.961] [info] restore label stack
host_utc=2026-09-30T08:10:35.961+00:00 host_mono_ns=2514855151821894 local_cell_num: 94
host_utc=2026-09-30T08:10:35.961+00:00 host_mono_ns=2514855151833987 locals.values.size: 94
host_utc=2026-09-30T08:10:35.961+00:00 host_mono_ns=2514855151846180 [2026-09-30 08:10:35.961] [info] restore label stack
host_utc=2026-09-30T08:10:35.961+00:00 host_mono_ns=2514855151858483 local_cell_num: 2
host_utc=2026-09-30T08:10:35.961+00:00 host_mono_ns=2514855151870676 locals.values.size: 2
host_utc=2026-09-30T08:10:35.961+00:00 host_mono_ns=2514855151882849 [2026-09-30 08:10:35.961] [info] restore label stack
host_utc=2026-09-30T08:10:35.961+00:00 host_mono_ns=2514855151895242 local_cell_num: 9
host_utc=2026-09-30T08:10:35.961+00:00 host_mono_ns=2514855151907385 locals.values.size: 9
host_utc=2026-09-30T08:10:35.961+00:00 host_mono_ns=2514855151919609 [2026-09-30 08:10:35.961] [info] restore label stack
host_utc=2026-09-30T08:10:35.961+00:00 host_mono_ns=2514855151931772 local_cell_num: 9
host_utc=2026-09-30T08:10:35.961+00:00 host_mono_ns=2514855151943874 locals.values.size: 9
host_utc=2026-09-30T08:10:35.961+00:00 host_mono_ns=2514855151956017 [2026-09-30 08:10:35.961] [info] restore label stack
host_utc=2026-09-30T08:10:35.961+00:00 host_mono_ns=2514855151968270 local_cell_num: 6
host_utc=2026-09-30T08:10:35.961+00:00 host_mono_ns=2514855151980333 locals.values.size: 6
host_utc=2026-09-30T08:10:35.961+00:00 host_mono_ns=2514855151992536 [2026-09-30 08:10:35.961] [info] restore label stack
host_utc=2026-09-30T08:10:35.961+00:00 host_mono_ns=2514855152016261 [2026-09-30 08:10:35.961] [info] Finish to restore stack
host_utc=2026-09-30T08:10:35.961+00:00 host_mono_ns=2514855152032983 
host_utc=2026-09-30T08:10:35.961+00:00 host_mono_ns=2514855152053592 initします
host_utc=2026-09-30T08:10:35.962+00:00 host_mono_ns=2514855152836160 wasm_cluster_increase_checkpointing_counter called 1
host_utc=2026-09-30T08:10:35.962+00:00 host_mono_ns=2514855152867359 Restoring wasm thread 8
host_utc=2026-09-30T08:10:35.962+00:00 host_mono_ns=2514855152882087 wasm_cluster_increase_checkpointing_counter called 2
host_utc=2026-09-30T08:10:35.962+00:00 host_mono_ns=2514855152895322 wasm_cluster_increase_checkpointing_counter called 3
host_utc=2026-09-30T08:10:35.962+00:00 host_mono_ns=2514855152908557 [2026-09-30 08:10:35.962] [info] wasm_restore_stack
host_utc=2026-09-30T08:10:35.962+00:00 host_mono_ns=2514855152921602 
host_utc=2026-09-30T08:10:35.962+00:00 host_mono_ns=2514855152934286 boot_end, 2514855152704742
host_utc=2026-09-30T08:10:35.962+00:00 host_mono_ns=2514855152950767 [02:34:15:789 - 79220F548840]: warning: failed to link import function (env, pthread_exit)
host_utc=2026-09-30T08:10:35.962+00:00 host_mono_ns=2514855152971857 thread 8 restore
host_utc=2026-09-30T08:10:35.962+00:00 host_mono_ns=2514855152981455 local_cell_num: 2
host_utc=2026-09-30T08:10:35.962+00:00 host_mono_ns=2514855152989931 locals.values.size: 2
host_utc=2026-09-30T08:10:35.962+00:00 host_mono_ns=2514855152998647 [2026-09-30 08:10:35.962] [info] restore label stack
host_utc=2026-09-30T08:10:35.962+00:00 host_mono_ns=2514855153018815 local_cell_num: 8
host_utc=2026-09-30T08:10:35.962+00:00 host_mono_ns=2514855153027341 locals.values.size: 8
host_utc=2026-09-30T08:10:35.962+00:00 host_mono_ns=2514855153035647 [2026-09-30 08:10:35.962] [info] restore label stack
host_utc=2026-09-30T08:10:35.962+00:00 host_mono_ns=2514855153043993 local_cell_num: 14
host_utc=2026-09-30T08:10:35.962+00:00 host_mono_ns=2514855153052289 locals.values.size: 14
host_utc=2026-09-30T08:10:35.962+00:00 host_mono_ns=2514855153060785 [2026-09-30 08:10:35.962] [info] restore label stack
host_utc=2026-09-30T08:10:35.962+00:00 host_mono_ns=2514855153069080 local_cell_num: 15
host_utc=2026-09-30T08:10:35.962+00:00 host_mono_ns=2514855153077216 locals.values.size: 15
host_utc=2026-09-30T08:10:35.962+00:00 host_mono_ns=2514855153085401 [2026-09-30 08:10:35.962] [info] restore label stack
host_utc=2026-09-30T08:10:35.962+00:00 host_mono_ns=2514855153093597 local_cell_num: 27
host_utc=2026-09-30T08:10:35.962+00:00 host_mono_ns=2514855153101712 locals.values.size: 27
host_utc=2026-09-30T08:10:35.962+00:00 host_mono_ns=2514855153109857 [2026-09-30 08:10:35.962] [info] restore label stack
host_utc=2026-09-30T08:10:35.962+00:00 host_mono_ns=2514855153118033 local_cell_num: 25
host_utc=2026-09-30T08:10:35.962+00:00 host_mono_ns=2514855153126188 locals.values.size: 25
host_utc=2026-09-30T08:10:35.962+00:00 host_mono_ns=2514855153134374 [2026-09-30 08:10:35.962] [info] restore label stack
host_utc=2026-09-30T08:10:35.962+00:00 host_mono_ns=2514855153142639 local_cell_num: 34
host_utc=2026-09-30T08:10:35.962+00:00 host_mono_ns=2514855153150765 locals.values.size: 34
host_utc=2026-09-30T08:10:35.962+00:00 host_mono_ns=2514855153158840 [2026-09-30 08:10:35.962] [info] restore label stack
host_utc=2026-09-30T08:10:35.962+00:00 host_mono_ns=2514855153167126 local_cell_num: 38
host_utc=2026-09-30T08:10:35.963+00:00 host_mono_ns=2514855153175271 locals.values.size: 38
host_utc=2026-09-30T08:10:35.963+00:00 host_mono_ns=2514855153183406 [2026-09-30 08:10:35.962] [info] restore label stack
host_utc=2026-09-30T08:10:35.963+00:00 host_mono_ns=2514855153191652 local_cell_num: 94
host_utc=2026-09-30T08:10:35.963+00:00 host_mono_ns=2514855153199727 locals.values.size: 94
host_utc=2026-09-30T08:10:35.963+00:00 host_mono_ns=2514855153207883 [2026-09-30 08:10:35.962] [info] restore label stack
host_utc=2026-09-30T08:10:35.963+00:00 host_mono_ns=2514855153216339 local_cell_num: 2
host_utc=2026-09-30T08:10:35.963+00:00 host_mono_ns=2514855153224484 locals.values.size: 2
host_utc=2026-09-30T08:10:35.963+00:00 host_mono_ns=2514855153232699 [2026-09-30 08:10:35.962] [info] restore label stack
host_utc=2026-09-30T08:10:35.963+00:00 host_mono_ns=2514855153240985 local_cell_num: 9
host_utc=2026-09-30T08:10:35.963+00:00 host_mono_ns=2514855153249060 locals.values.size: 9
host_utc=2026-09-30T08:10:35.963+00:00 host_mono_ns=2514855153257246 [2026-09-30 08:10:35.962] [info] restore label stack
host_utc=2026-09-30T08:10:35.963+00:00 host_mono_ns=2514855153265441 local_cell_num: 9
host_utc=2026-09-30T08:10:35.963+00:00 host_mono_ns=2514855153273527 locals.values.size: 9
host_utc=2026-09-30T08:10:35.963+00:00 host_mono_ns=2514855153281672 [2026-09-30 08:10:35.962] [info] restore label stack
host_utc=2026-09-30T08:10:35.963+00:00 host_mono_ns=2514855153289857 local_cell_num: 6
host_utc=2026-09-30T08:10:35.963+00:00 host_mono_ns=2514855153297953 locals.values.size: 6
host_utc=2026-09-30T08:10:35.963+00:00 host_mono_ns=2514855153306118 [2026-09-30 08:10:35.962] [info] restore label stack
host_utc=2026-09-30T08:10:35.963+00:00 host_mono_ns=2514855153314354 [2026-09-30 08:10:35.962] [info] Finish to restore stack
host_utc=2026-09-30T08:10:35.963+00:00 host_mono_ns=2514855153328450 
host_utc=2026-09-30T08:10:35.963+00:00 host_mono_ns=2514855153337087 stack, 145194
host_utc=2026-09-30T08:10:35.963+00:00 host_mono_ns=2514855153345493 global, 18054
host_utc=2026-09-30T08:10:35.963+00:00 host_mono_ns=2514855153353658 program counter, 9869
host_utc=2026-09-30T08:10:35.963+00:00 host_mono_ns=2514855153367534 initします
host_utc=2026-09-30T08:10:35.964+00:00 host_mono_ns=2514855154788479 boot_end, 2514855154664545
host_utc=2026-09-30T08:10:35.964+00:00 host_mono_ns=2514855154815620 wasm_cluster_increase_checkpointing_counter called 1
host_utc=2026-09-30T08:10:35.964+00:00 host_mono_ns=2514855154829627 Restoring wasm thread 7
host_utc=2026-09-30T08:10:35.964+00:00 host_mono_ns=2514855154842792 wasm_cluster_increase_checkpointing_counter called 2
host_utc=2026-09-30T08:10:35.964+00:00 host_mono_ns=2514855154855496 wasm_cluster_increase_checkpointing_counter called 3
host_utc=2026-09-30T08:10:35.964+00:00 host_mono_ns=2514855154868570 [2026-09-30 08:10:35.964] [info] wasm_restore_stack
host_utc=2026-09-30T08:10:35.964+00:00 host_mono_ns=2514855154881415 
host_utc=2026-09-30T08:10:35.964+00:00 host_mono_ns=2514855154985071 [02:34:15:746 - 79220F548840]: warning: failed to link import function (env, pthread_exit)
host_utc=2026-09-30T08:10:35.964+00:00 host_mono_ns=2514855155010469 thread 7 restore
host_utc=2026-09-30T08:10:35.964+00:00 host_mono_ns=2514855155027791 local_cell_num: 2
host_utc=2026-09-30T08:10:35.964+00:00 host_mono_ns=2514855155040185 locals.values.size: 2
host_utc=2026-09-30T08:10:35.964+00:00 host_mono_ns=2514855155052688 [2026-09-30 08:10:35.964] [info] restore label stack
host_utc=2026-09-30T08:10:35.964+00:00 host_mono_ns=2514855155065272 local_cell_num: 8
host_utc=2026-09-30T08:10:35.964+00:00 host_mono_ns=2514855155077495 locals.values.size: 8
host_utc=2026-09-30T08:10:35.964+00:00 host_mono_ns=2514855155089728 [2026-09-30 08:10:35.964] [info] restore label stack
host_utc=2026-09-30T08:10:35.964+00:00 host_mono_ns=2514855155102242 local_cell_num: 25
host_utc=2026-09-30T08:10:35.964+00:00 host_mono_ns=2514855155114375 locals.values.size: 25
host_utc=2026-09-30T08:10:35.964+00:00 host_mono_ns=2514855155126778 [2026-09-30 08:10:35.964] [info] restore label stack
host_utc=2026-09-30T08:10:35.964+00:00 host_mono_ns=2514855155139222 local_cell_num: 10
host_utc=2026-09-30T08:10:35.964+00:00 host_mono_ns=2514855155151595 locals.values.size: 10
host_utc=2026-09-30T08:10:35.964+00:00 host_mono_ns=2514855155163648 [2026-09-30 08:10:35.964] [info] restore label stack
host_utc=2026-09-30T08:10:35.965+00:00 host_mono_ns=2514855155175981 local_cell_num: 22
host_utc=2026-09-30T08:10:35.965+00:00 host_mono_ns=2514855155188014 locals.values.size: 22
host_utc=2026-09-30T08:10:35.965+00:00 host_mono_ns=2514855155200247 [2026-09-30 08:10:35.964] [info] restore label stack
host_utc=2026-09-30T08:10:35.965+00:00 host_mono_ns=2514855155212570 local_cell_num: 62
host_utc=2026-09-30T08:10:35.965+00:00 host_mono_ns=2514855155224763 locals.values.size: 62
host_utc=2026-09-30T08:10:35.965+00:00 host_mono_ns=2514855155236906 [2026-09-30 08:10:35.964] [info] restore label stack
host_utc=2026-09-30T08:10:35.965+00:00 host_mono_ns=2514855155249360 local_cell_num: 18
host_utc=2026-09-30T08:10:35.965+00:00 host_mono_ns=2514855155261413 locals.values.size: 18
host_utc=2026-09-30T08:10:35.965+00:00 host_mono_ns=2514855155273516 [2026-09-30 08:10:35.964] [info] restore label stack
host_utc=2026-09-30T08:10:35.965+00:00 host_mono_ns=2514855155285859 local_cell_num: 21
host_utc=2026-09-30T08:10:35.965+00:00 host_mono_ns=2514855155298032 locals.values.size: 21
host_utc=2026-09-30T08:10:35.965+00:00 host_mono_ns=2514855155310135 [2026-09-30 08:10:35.964] [info] restore label stack
host_utc=2026-09-30T08:10:35.965+00:00 host_mono_ns=2514855155322508 local_cell_num: 10
host_utc=2026-09-30T08:10:35.965+00:00 host_mono_ns=2514855155334531 locals.values.size: 10
host_utc=2026-09-30T08:10:35.965+00:00 host_mono_ns=2514855155346684 [2026-09-30 08:10:35.964] [info] restore label stack
host_utc=2026-09-30T08:10:35.965+00:00 host_mono_ns=2514855155371781 local_cell_num: 2
host_utc=2026-09-30T08:10:35.965+00:00 host_mono_ns=2514855155384245 locals.values.size: 2
host_utc=2026-09-30T08:10:35.965+00:00 host_mono_ns=2514855155396448 [2026-09-30 08:10:35.964] [info] restore label stack
host_utc=2026-09-30T08:10:35.965+00:00 host_mono_ns=2514855155408871 local_cell_num: 9
host_utc=2026-09-30T08:10:35.965+00:00 host_mono_ns=2514855155421004 locals.values.size: 9
host_utc=2026-09-30T08:10:35.965+00:00 host_mono_ns=2514855155433247 [2026-09-30 08:10:35.964] [info] restore label stack
host_utc=2026-09-30T08:10:35.965+00:00 host_mono_ns=2514855155445490 local_cell_num: 9
host_utc=2026-09-30T08:10:35.965+00:00 host_mono_ns=2514855155457683 locals.values.size: 9
host_utc=2026-09-30T08:10:35.965+00:00 host_mono_ns=2514855155469877 [2026-09-30 08:10:35.964] [info] restore label stack
host_utc=2026-09-30T08:10:35.965+00:00 host_mono_ns=2514855155482290 local_cell_num: 6
host_utc=2026-09-30T08:10:35.965+00:00 host_mono_ns=2514855155494333 locals.values.size: 6
host_utc=2026-09-30T08:10:35.965+00:00 host_mono_ns=2514855155506406 [2026-09-30 08:10:35.964] [info] restore label stack
host_utc=2026-09-30T08:10:35.965+00:00 host_mono_ns=2514855155518739 [2026-09-30 08:10:35.964] [info] Finish to restore stack
host_utc=2026-09-30T08:10:35.965+00:00 host_mono_ns=2514855155531814 
host_utc=2026-09-30T08:10:35.965+00:00 host_mono_ns=2514855155544508 stack, 190811
host_utc=2026-09-30T08:10:35.965+00:00 host_mono_ns=2514855155557111 global, 17063
host_utc=2026-09-30T08:10:35.965+00:00 host_mono_ns=2514855155569324 program counter, 10099
host_utc=2026-09-30T08:10:35.965+00:00 host_mono_ns=2514855155589182 initします
host_utc=2026-09-30T08:10:35.966+00:00 host_mono_ns=2514855156612836 boot_end, 2514855156387250
host_utc=2026-09-30T08:10:35.966+00:00 host_mono_ns=2514855156653503 wasm_cluster_increase_checkpointing_counter called 1
host_utc=2026-09-30T08:10:35.966+00:00 host_mono_ns=2514855156674062 Restoring wasm thread 6
host_utc=2026-09-30T08:10:35.966+00:00 host_mono_ns=2514855156687677 wasm_cluster_increase_checkpointing_counter called 2
host_utc=2026-09-30T08:10:35.966+00:00 host_mono_ns=2514855156700922 wasm_cluster_increase_checkpointing_counter called 3
host_utc=2026-09-30T08:10:35.966+00:00 host_mono_ns=2514855156714318 [2026-09-30 08:10:35.966] [info] wasm_restore_stack
host_utc=2026-09-30T08:10:35.966+00:00 host_mono_ns=2514855156727583 
host_utc=2026-09-30T08:10:35.966+00:00 host_mono_ns=2514855156740808 [02:34:15:474 - 79220F548840]: warning: failed to link import function (env, pthread_exit)
host_utc=2026-09-30T08:10:35.966+00:00 host_mono_ns=2514855156754864 local_cell_num: 2
host_utc=2026-09-30T08:10:35.966+00:00 host_mono_ns=2514855156767608 thread 6 restore
host_utc=2026-09-30T08:10:35.966+00:00 host_mono_ns=2514855156780022 locals.values.size: 2
host_utc=2026-09-30T08:10:35.966+00:00 host_mono_ns=2514855156792686 [2026-09-30 08:10:35.966] [info] restore label stack
host_utc=2026-09-30T08:10:35.966+00:00 host_mono_ns=2514855156805340 local_cell_num: 8
host_utc=2026-09-30T08:10:35.966+00:00 host_mono_ns=2514855156817663 locals.values.size: 8
host_utc=2026-09-30T08:10:35.966+00:00 host_mono_ns=2514855156829966 [2026-09-30 08:10:35.966] [info] restore label stack
host_utc=2026-09-30T08:10:35.966+00:00 host_mono_ns=2514855156842370 local_cell_num: 14
host_utc=2026-09-30T08:10:35.966+00:00 host_mono_ns=2514855156854502 locals.values.size: 14
host_utc=2026-09-30T08:10:35.966+00:00 host_mono_ns=2514855156870773 [2026-09-30 08:10:35.966] [info] restore label stack
host_utc=2026-09-30T08:10:35.966+00:00 host_mono_ns=2514855156883006 local_cell_num: 8
host_utc=2026-09-30T08:10:35.966+00:00 host_mono_ns=2514855156893947 locals.values.size: 8
host_utc=2026-09-30T08:10:35.966+00:00 host_mono_ns=2514855156904918 [2026-09-30 08:10:35.966] [info] restore label stack
host_utc=2026-09-30T08:10:35.966+00:00 host_mono_ns=2514855156915858 local_cell_num: 13
host_utc=2026-09-30T08:10:35.966+00:00 host_mono_ns=2514855156941567 locals.values.size: 13
host_utc=2026-09-30T08:10:35.966+00:00 host_mono_ns=2514855156952848 [2026-09-30 08:10:35.966] [info] restore label stack
host_utc=2026-09-30T08:10:35.966+00:00 host_mono_ns=2514855156963969 local_cell_num: 19
host_utc=2026-09-30T08:10:35.966+00:00 host_mono_ns=2514855156974990 locals.values.size: 19
host_utc=2026-09-30T08:10:35.966+00:00 host_mono_ns=2514855156985901 [2026-09-30 08:10:35.966] [info] restore label stack
host_utc=2026-09-30T08:10:35.966+00:00 host_mono_ns=2514855156996942 local_cell_num: 63
host_utc=2026-09-30T08:10:35.966+00:00 host_mono_ns=2514855157016549 locals.values.size: 63
host_utc=2026-09-30T08:10:35.966+00:00 host_mono_ns=2514855157031226 [2026-09-30 08:10:35.966] [info] restore label stack
host_utc=2026-09-30T08:10:35.966+00:00 host_mono_ns=2514855157042377 local_cell_num: 9
host_utc=2026-09-30T08:10:35.966+00:00 host_mono_ns=2514855157053268 locals.values.size: 9
host_utc=2026-09-30T08:10:35.966+00:00 host_mono_ns=2514855157064139 [2026-09-30 08:10:35.966] [info] restore label stack
host_utc=2026-09-30T08:10:35.966+00:00 host_mono_ns=2514855157075199 local_cell_num: 9
host_utc=2026-09-30T08:10:35.966+00:00 host_mono_ns=2514855157086080 locals.values.size: 9
host_utc=2026-09-30T08:10:35.966+00:00 host_mono_ns=2514855157097161 [2026-09-30 08:10:35.966] [info] restore label stack
host_utc=2026-09-30T08:10:35.966+00:00 host_mono_ns=2514855157108142 local_cell_num: 6
host_utc=2026-09-30T08:10:35.966+00:00 host_mono_ns=2514855157119052 locals.values.size: 6
host_utc=2026-09-30T08:10:35.966+00:00 host_mono_ns=2514855157130083 [2026-09-30 08:10:35.966] [info] restore label stack
host_utc=2026-09-30T08:10:35.966+00:00 host_mono_ns=2514855157141264 [2026-09-30 08:10:35.966] [info] Finish to restore stack
host_utc=2026-09-30T08:10:35.966+00:00 host_mono_ns=2514855157152716 
host_utc=2026-09-30T08:10:35.967+00:00 host_mono_ns=2514855157174437 stack, 130126
host_utc=2026-09-30T08:10:35.967+00:00 host_mono_ns=2514855157186430 global, 25489
host_utc=2026-09-30T08:10:35.967+00:00 host_mono_ns=2514855157197701 program counter, 13656
host_utc=2026-09-30T08:10:35.967+00:00 host_mono_ns=2514855157209333 initします
host_utc=2026-09-30T08:10:35.968+00:00 host_mono_ns=2514855158274375 boot_end, 2514855158077904
host_utc=2026-09-30T08:10:35.968+00:00 host_mono_ns=2514855158315803 wasm_cluster_increase_checkpointing_counter called 1
host_utc=2026-09-30T08:10:35.968+00:00 host_mono_ns=2514855158330782 Restoring wasm thread 5
host_utc=2026-09-30T08:10:35.968+00:00 host_mono_ns=2514855158344027 wasm_cluster_increase_checkpointing_counter called 2
host_utc=2026-09-30T08:10:35.968+00:00 host_mono_ns=2514855158356831 wasm_cluster_increase_checkpointing_counter called 3
host_utc=2026-09-30T08:10:35.968+00:00 host_mono_ns=2514855158370527 [2026-09-30 08:10:35.967] [info] wasm_restore_stack
host_utc=2026-09-30T08:10:35.968+00:00 host_mono_ns=2514855158383682 
host_utc=2026-09-30T08:10:35.968+00:00 host_mono_ns=2514855158396486 local_cell_num: 2
host_utc=2026-09-30T08:10:35.968+00:00 host_mono_ns=2514855158408919 locals.values.size: 2
host_utc=2026-09-30T08:10:35.968+00:00 host_mono_ns=2514855158421413 [2026-09-30 08:10:35.968] [info] restore label stack
host_utc=2026-09-30T08:10:35.968+00:00 host_mono_ns=2514855158434087 local_cell_num: 8
host_utc=2026-09-30T08:10:35.968+00:00 host_mono_ns=2514855158446300 locals.values.size: 8
host_utc=2026-09-30T08:10:35.968+00:00 host_mono_ns=2514855158458683 [02:34:15:169 - 79220F548840]: local_cell_num: 14
host_utc=2026-09-30T08:10:35.968+00:00 host_mono_ns=2514855158475445 locals.values.size: 14
host_utc=2026-09-30T08:10:35.968+00:00 host_mono_ns=2514855158491816 [2026-09-30 08:10:35.968] [info] restore label stack
host_utc=2026-09-30T08:10:35.968+00:00 host_mono_ns=2514855158504881 warning: failed to link import function (env, pthread_exit)
host_utc=2026-09-30T08:10:35.968+00:00 host_mono_ns=2514855158518196 local_cell_num: 8
host_utc=2026-09-30T08:10:35.968+00:00 host_mono_ns=2514855158532172 locals.values.size: 8
host_utc=2026-09-30T08:10:35.968+00:00 host_mono_ns=2514855158562870 [2026-09-30 08:10:35.968] [info] restore label stack
host_utc=2026-09-30T08:10:35.968+00:00 host_mono_ns=2514855158576115 local_cell_num: 13
host_utc=2026-09-30T08:10:35.968+00:00 host_mono_ns=2514855158588669 locals.values.size: 13
host_utc=2026-09-30T08:10:35.968+00:00 host_mono_ns=2514855158601002 [2026-09-30 08:10:35.968] [info] restore label stack
host_utc=2026-09-30T08:10:35.968+00:00 host_mono_ns=2514855158613386 local_cell_num: 19
host_utc=2026-09-30T08:10:35.968+00:00 host_mono_ns=2514855158625458 locals.values.size: 19
host_utc=2026-09-30T08:10:35.968+00:00 host_mono_ns=2514855158637802 [2026-09-30 08:10:35.968] [info] restore label stack
host_utc=2026-09-30T08:10:35.968+00:00 host_mono_ns=2514855158650165 local_cell_num: 63
host_utc=2026-09-30T08:10:35.968+00:00 host_mono_ns=2514855158662328 locals.values.size: 63
host_utc=2026-09-30T08:10:35.968+00:00 host_mono_ns=2514855158674511 [2026-09-30 08:10:35.968] [info] restore label stack
host_utc=2026-09-30T08:10:35.968+00:00 host_mono_ns=2514855158686884 local_cell_num: 9
host_utc=2026-09-30T08:10:35.968+00:00 host_mono_ns=2514855158698967 locals.values.size: 9
host_utc=2026-09-30T08:10:35.968+00:00 host_mono_ns=2514855158711351 thread 5 restore
host_utc=2026-09-30T08:10:35.968+00:00 host_mono_ns=2514855158723824 [2026-09-30 08:10:35.968] [info] restore label stack
host_utc=2026-09-30T08:10:35.968+00:00 host_mono_ns=2514855158736248 local_cell_num: 9
host_utc=2026-09-30T08:10:35.968+00:00 host_mono_ns=2514855158748280 locals.values.size: 9
host_utc=2026-09-30T08:10:35.968+00:00 host_mono_ns=2514855158760503 [2026-09-30 08:10:35.968] [info] restore label stack
host_utc=2026-09-30T08:10:35.968+00:00 host_mono_ns=2514855158772757 local_cell_num: 6
host_utc=2026-09-30T08:10:35.968+00:00 host_mono_ns=2514855158784849 locals.values.size: 6
host_utc=2026-09-30T08:10:35.968+00:00 host_mono_ns=2514855158797103 [2026-09-30 08:10:35.968] [info] restore label stack
host_utc=2026-09-30T08:10:35.968+00:00 host_mono_ns=2514855158809596 [2026-09-30 08:10:35.968] [info] Finish to restore stack
host_utc=2026-09-30T08:10:35.968+00:00 host_mono_ns=2514855158822110 
host_utc=2026-09-30T08:10:35.968+00:00 host_mono_ns=2514855158834774 stack, 118504
host_utc=2026-09-30T08:10:35.968+00:00 host_mono_ns=2514855158850754 global, 19276
host_utc=2026-09-30T08:10:35.968+00:00 host_mono_ns=2514855158859571 program counter, 12534
host_utc=2026-09-30T08:10:35.968+00:00 host_mono_ns=2514855158867967 initします
host_utc=2026-09-30T08:10:35.969+00:00 host_mono_ns=2514855159542471 wasm_cluster_increase_checkpointing_counter called 1
host_utc=2026-09-30T08:10:35.969+00:00 host_mono_ns=2514855159574902 Restoring wasm thread 4
host_utc=2026-09-30T08:10:35.969+00:00 host_mono_ns=2514855159590942 wasm_cluster_increase_checkpointing_counter called 2
host_utc=2026-09-30T08:10:35.969+00:00 host_mono_ns=2514855159603386 wasm_cluster_increase_checkpointing_counter called 3
host_utc=2026-09-30T08:10:35.969+00:00 host_mono_ns=2514855159615469 [2026-09-30 08:10:35.969] [info] wasm_restore_stack
host_utc=2026-09-30T08:10:35.969+00:00 host_mono_ns=2514855159627371 
host_utc=2026-09-30T08:10:35.969+00:00 host_mono_ns=2514855159639204 local_cell_num: 2
host_utc=2026-09-30T08:10:35.969+00:00 host_mono_ns=2514855159650725 locals.values.size: 2
host_utc=2026-09-30T08:10:35.969+00:00 host_mono_ns=2514855159662157 [2026-09-30 08:10:35.969] [info] restore label stack
host_utc=2026-09-30T08:10:35.969+00:00 host_mono_ns=2514855159673659 local_cell_num: 8
host_utc=2026-09-30T08:10:35.969+00:00 host_mono_ns=2514855159684599 locals.values.size: 8
host_utc=2026-09-30T08:10:35.969+00:00 host_mono_ns=2514855159695700 [2026-09-30 08:10:35.969] [info] restore label stack
host_utc=2026-09-30T08:10:35.969+00:00 host_mono_ns=2514855159706721 local_cell_num: 14
host_utc=2026-09-30T08:10:35.969+00:00 host_mono_ns=2514855159717792 locals.values.size: 14
host_utc=2026-09-30T08:10:35.969+00:00 host_mono_ns=2514855159729134 [2026-09-30 08:10:35.969] [info] restore label stack
host_utc=2026-09-30T08:10:35.969+00:00 host_mono_ns=2514855159753209 local_cell_num: 240
host_utc=2026-09-30T08:10:35.969+00:00 host_mono_ns=2514855159764500 locals.values.size: 240
host_utc=2026-09-30T08:10:35.969+00:00 host_mono_ns=2514855159775852 [2026-09-30 08:10:35.969] [info] restore label stack
host_utc=2026-09-30T08:10:35.969+00:00 host_mono_ns=2514855159786913 local_cell_num: 77
host_utc=2026-09-30T08:10:35.969+00:00 host_mono_ns=2514855159797913 locals.values.size: 77
host_utc=2026-09-30T08:10:35.969+00:00 host_mono_ns=2514855159808924 [2026-09-30 08:10:35.969] [info] restore label stack
host_utc=2026-09-30T08:10:35.969+00:00 host_mono_ns=2514855159820035 local_cell_num: 22
host_utc=2026-09-30T08:10:35.969+00:00 host_mono_ns=2514855159830936 locals.values.size: 22
host_utc=2026-09-30T08:10:35.969+00:00 host_mono_ns=2514855159841887 [2026-09-30 08:10:35.969] [info] restore label stack
host_utc=2026-09-30T08:10:35.969+00:00 host_mono_ns=2514855159852978 [2026-09-30 08:10:35.969] [info] Finish to restore stack
host_utc=2026-09-30T08:10:35.969+00:00 host_mono_ns=2514855159864569 
host_utc=2026-09-30T08:10:35.969+00:00 host_mono_ns=2514855159882082 boot_end, 2514855159347282
host_utc=2026-09-30T08:10:35.969+00:00 host_mono_ns=2514855159894055 stack, 57999
host_utc=2026-09-30T08:10:35.969+00:00 host_mono_ns=2514855159905236 global, 12965
host_utc=2026-09-30T08:10:35.969+00:00 host_mono_ns=2514855159916337 program counter, 6903
host_utc=2026-09-30T08:10:35.969+00:00 host_mono_ns=2514855159932738 initします
host_utc=2026-09-30T08:10:35.971+00:00 host_mono_ns=2514855161222275 wasm_cluster_increase_checkpointing_counter called 1
host_utc=2026-09-30T08:10:35.971+00:00 host_mono_ns=2514855161253694 wasm_cluster_increase_checkpointing_counter called 2
host_utc=2026-09-30T08:10:35.971+00:00 host_mono_ns=2514855161268091 wasm_cluster_increase_checkpointing_counter called 3
host_utc=2026-09-30T08:10:35.971+00:00 host_mono_ns=2514855161280024 [02:34:15:448 - 79220F548840]: warning: failed to link import function (env, pthread_exit)
host_utc=2026-09-30T08:10:35.971+00:00 host_mono_ns=2514855161292137 thread 4 restore
host_utc=2026-09-30T08:10:35.971+00:00 host_mono_ns=2514855161303528 Restoring wasm thread 3
host_utc=2026-09-30T08:10:35.971+00:00 host_mono_ns=2514855161315050 [2026-09-30 08:10:35.970] [info] wasm_restore_stack
host_utc=2026-09-30T08:10:35.971+00:00 host_mono_ns=2514855161326672 
host_utc=2026-09-30T08:10:35.971+00:00 host_mono_ns=2514855161338093 local_cell_num: 2
host_utc=2026-09-30T08:10:35.971+00:00 host_mono_ns=2514855161349264 locals.values.size: 2
host_utc=2026-09-30T08:10:35.971+00:00 host_mono_ns=2514855161360606 [2026-09-30 08:10:35.970] [info] restore label stack
host_utc=2026-09-30T08:10:35.971+00:00 host_mono_ns=2514855161371877 local_cell_num: 8
host_utc=2026-09-30T08:10:35.971+00:00 host_mono_ns=2514855161382728 locals.values.size: 8
host_utc=2026-09-30T08:10:35.971+00:00 host_mono_ns=2514855161393779 [2026-09-30 08:10:35.970] [info] restore label stack
host_utc=2026-09-30T08:10:35.971+00:00 host_mono_ns=2514855161404839 local_cell_num: 14
host_utc=2026-09-30T08:10:35.971+00:00 host_mono_ns=2514855161416001 locals.values.size: 14
host_utc=2026-09-30T08:10:35.971+00:00 host_mono_ns=2514855161427192 [2026-09-30 08:10:35.970] [info] restore label stack
host_utc=2026-09-30T08:10:35.971+00:00 host_mono_ns=2514855161438263 local_cell_num: 240
host_utc=2026-09-30T08:10:35.971+00:00 host_mono_ns=2514855161449163 locals.values.size: 240
host_utc=2026-09-30T08:10:35.971+00:00 host_mono_ns=2514855161460314 [2026-09-30 08:10:35.970] [info] restore label stack
host_utc=2026-09-30T08:10:35.971+00:00 host_mono_ns=2514855161471335 local_cell_num: 77
host_utc=2026-09-30T08:10:35.971+00:00 host_mono_ns=2514855161482226 locals.values.size: 77
host_utc=2026-09-30T08:10:35.971+00:00 host_mono_ns=2514855161493156 [2026-09-30 08:10:35.970] [info] restore label stack
host_utc=2026-09-30T08:10:35.971+00:00 host_mono_ns=2514855161504087 local_cell_num: 22
host_utc=2026-09-30T08:10:35.971+00:00 host_mono_ns=2514855161514998 locals.values.size: 22
host_utc=2026-09-30T08:10:35.971+00:00 host_mono_ns=2514855161536007 [2026-09-30 08:10:35.970] [info] restore label stack
host_utc=2026-09-30T08:10:35.971+00:00 host_mono_ns=2514855161547419 [2026-09-30 08:10:35.970] [info] Finish to restore stack
host_utc=2026-09-30T08:10:35.971+00:00 host_mono_ns=2514855161558870 
host_utc=2026-09-30T08:10:35.971+00:00 host_mono_ns=2514855161569921 boot_end, 2514855161067833
host_utc=2026-09-30T08:10:35.971+00:00 host_mono_ns=2514855161580942 stack, 59883
host_utc=2026-09-30T08:10:35.971+00:00 host_mono_ns=2514855161591883 global, 14798
host_utc=2026-09-30T08:10:35.971+00:00 host_mono_ns=2514855161602864 program counter, 8566
host_utc=2026-09-30T08:10:35.971+00:00 host_mono_ns=2514855161752456 initします
host_utc=2026-09-30T08:10:35.973+00:00 host_mono_ns=2514855163182227 boot_end, 2514855162947264
host_utc=2026-09-30T08:10:35.973+00:00 host_mono_ns=2514855163216983 stack, 97314
host_utc=2026-09-30T08:10:35.973+00:00 host_mono_ns=2514855163232983 wasm_cluster_increase_checkpointing_counter called 1
host_utc=2026-09-30T08:10:35.973+00:00 host_mono_ns=2514855163247641 wasm_cluster_increase_checkpointing_counter called 2
host_utc=2026-09-30T08:10:35.973+00:00 host_mono_ns=2514855163261347 wasm_cluster_increase_checkpointing_counter called 3
host_utc=2026-09-30T08:10:35.973+00:00 host_mono_ns=2514855163274251 [02:34:15:293 - 79220F548840]: warning: failed to link import function (env, pthread_exit)
host_utc=2026-09-30T08:10:35.973+00:00 host_mono_ns=2514855163288178 thread 3 restore
host_utc=2026-09-30T08:10:35.973+00:00 host_mono_ns=2514855163300952 Restoring wasm thread 2
host_utc=2026-09-30T08:10:35.973+00:00 host_mono_ns=2514855163313726 [2026-09-30 08:10:35.972] [info] wasm_restore_stack
host_utc=2026-09-30T08:10:35.973+00:00 host_mono_ns=2514855163326620 
host_utc=2026-09-30T08:10:35.973+00:00 host_mono_ns=2514855163339485 local_cell_num: 2
host_utc=2026-09-30T08:10:35.973+00:00 host_mono_ns=2514855163352048 locals.values.size: 2
host_utc=2026-09-30T08:10:35.973+00:00 host_mono_ns=2514855163364702 [2026-09-30 08:10:35.972] [info] restore label stack
host_utc=2026-09-30T08:10:35.973+00:00 host_mono_ns=2514855163377346 local_cell_num: 8
host_utc=2026-09-30T08:10:35.973+00:00 host_mono_ns=2514855163389709 locals.values.size: 8
host_utc=2026-09-30T08:10:35.973+00:00 host_mono_ns=2514855163401983 [2026-09-30 08:10:35.972] [info] restore label stack
host_utc=2026-09-30T08:10:35.973+00:00 host_mono_ns=2514855163414366 local_cell_num: 14
host_utc=2026-09-30T08:10:35.973+00:00 host_mono_ns=2514855163426659 locals.values.size: 14
host_utc=2026-09-30T08:10:35.973+00:00 host_mono_ns=2514855163439273 [2026-09-30 08:10:35.972] [info] restore label stack
host_utc=2026-09-30T08:10:35.973+00:00 host_mono_ns=2514855163451757 local_cell_num: 240
host_utc=2026-09-30T08:10:35.973+00:00 host_mono_ns=2514855163464030 locals.values.size: 240
host_utc=2026-09-30T08:10:35.973+00:00 host_mono_ns=2514855163476493 [2026-09-30 08:10:35.972] [info] restore label stack
host_utc=2026-09-30T08:10:35.973+00:00 host_mono_ns=2514855163493465 local_cell_num: 77
host_utc=2026-09-30T08:10:35.973+00:00 host_mono_ns=2514855163509636 locals.values.size: 77
host_utc=2026-09-30T08:10:35.973+00:00 host_mono_ns=2514855163522190 [2026-09-30 08:10:35.972] [info] restore label stack
host_utc=2026-09-30T08:10:35.973+00:00 host_mono_ns=2514855163534693 local_cell_num: 22
host_utc=2026-09-30T08:10:35.973+00:00 host_mono_ns=2514855163546836 locals.values.size: 22
host_utc=2026-09-30T08:10:35.973+00:00 host_mono_ns=2514855163558989 [2026-09-30 08:10:35.972] [info] restore label stack
host_utc=2026-09-30T08:10:35.973+00:00 host_mono_ns=2514855163571563 [02:34:15:047 - 79220F548840]: warning: failed to link import function (env, pthread_exit)[2026-09-30 08:10:35.972] [info] Finish to restore stack
host_utc=2026-09-30T08:10:35.973+00:00 host_mono_ns=2514855163585810 
host_utc=2026-09-30T08:10:35.973+00:00 host_mono_ns=2514855163598464 
host_utc=2026-09-30T08:10:35.973+00:00 host_mono_ns=2514855163610597 global, 19947
host_utc=2026-09-30T08:10:35.973+00:00 host_mono_ns=2514855163637778 program counter, 10269
host_utc=2026-09-30T08:10:35.973+00:00 host_mono_ns=2514855163659680 initします
host_utc=2026-09-30T08:10:35.975+00:00 host_mono_ns=2514855165351025 boot_end, 2514855165192085
host_utc=2026-09-30T08:10:35.975+00:00 host_mono_ns=2514855165395880 thread 2 restore
host_utc=2026-09-30T08:10:35.975+00:00 host_mono_ns=2514855165411569 wasm_cluster_increase_checkpointing_counter called 1
host_utc=2026-09-30T08:10:35.975+00:00 host_mono_ns=2514855165424885 Restoring wasm thread 1
host_utc=2026-09-30T08:10:35.975+00:00 host_mono_ns=2514855165436857 wasm_cluster_increase_checkpointing_counter called 2
host_utc=2026-09-30T08:10:35.975+00:00 host_mono_ns=2514855165448689 wasm_cluster_increase_checkpointing_counter called 3
host_utc=2026-09-30T08:10:35.975+00:00 host_mono_ns=2514855165461794 [2026-09-30 08:10:35.975] [info] wasm_restore_stack
host_utc=2026-09-30T08:10:35.975+00:00 host_mono_ns=2514855165477935 
host_utc=2026-09-30T08:10:35.975+00:00 host_mono_ns=2514855165498003 [02:34:15:271 - 79220F548840]: warning: failed to link import function (env, pthread_exit)
host_utc=2026-09-30T08:10:35.975+00:00 host_mono_ns=2514855165510917 local_cell_num: 2
host_utc=2026-09-30T08:10:35.975+00:00 host_mono_ns=2514855165522389 locals.values.size: 2
host_utc=2026-09-30T08:10:35.975+00:00 host_mono_ns=2514855165533860 [2026-09-30 08:10:35.975] [info] restore label stack
host_utc=2026-09-30T08:10:35.975+00:00 host_mono_ns=2514855165545322 local_cell_num: 8
host_utc=2026-09-30T08:10:35.975+00:00 host_mono_ns=2514855165556263 locals.values.size: 8
host_utc=2026-09-30T08:10:35.975+00:00 host_mono_ns=2514855165567414 [2026-09-30 08:10:35.975] [info] restore label stack
host_utc=2026-09-30T08:10:35.975+00:00 host_mono_ns=2514855165578475 local_cell_num: 14
host_utc=2026-09-30T08:10:35.975+00:00 host_mono_ns=2514855165589395 locals.values.size: 14
host_utc=2026-09-30T08:10:35.975+00:00 host_mono_ns=2514855165600787 [2026-09-30 08:10:35.975] [info] restore label stack
host_utc=2026-09-30T08:10:35.975+00:00 host_mono_ns=2514855165611858 local_cell_num: 240
host_utc=2026-09-30T08:10:35.975+00:00 host_mono_ns=2514855165622879 locals.values.size: 240
host_utc=2026-09-30T08:10:35.975+00:00 host_mono_ns=2514855165634020 [2026-09-30 08:10:35.975] [info] restore label stack
host_utc=2026-09-30T08:10:35.975+00:00 host_mono_ns=2514855165644960 thread 1 restore
host_utc=2026-09-30T08:10:35.975+00:00 host_mono_ns=2514855165656051 local_cell_num: 77
host_utc=2026-09-30T08:10:35.975+00:00 host_mono_ns=2514855165666942 locals.values.size: 77
host_utc=2026-09-30T08:10:35.975+00:00 host_mono_ns=2514855165677953 [2026-09-30 08:10:35.975] [info] restore label stack
host_utc=2026-09-30T08:10:35.975+00:00 host_mono_ns=2514855165688943 local_cell_num: 22
host_utc=2026-09-30T08:10:35.975+00:00 host_mono_ns=2514855165699734 locals.values.size: 22
host_utc=2026-09-30T08:10:35.975+00:00 host_mono_ns=2514855165710544 [2026-09-30 08:10:35.975] [info] restore label stack
host_utc=2026-09-30T08:10:35.975+00:00 host_mono_ns=2514855165721735 stack, 102594
host_utc=2026-09-30T08:10:35.975+00:00 host_mono_ns=2514855165732906 global, 22232
host_utc=2026-09-30T08:10:35.975+00:00 host_mono_ns=2514855165744098 [2026-09-30 08:10:35.975] [info] Finish to restore stack
host_utc=2026-09-30T08:10:35.975+00:00 host_mono_ns=2514855165758665 
host_utc=2026-09-30T08:10:35.975+00:00 host_mono_ns=2514855165772191 program counter, 14949
host_utc=2026-09-30T08:10:35.975+00:00 host_mono_ns=2514855165798280 initします
host_utc=2026-09-30T08:10:35.975+00:00 host_mono_ns=2514855165823127 wasm_cluster_increase_checkpointing_counter called 1
host_utc=2026-09-30T08:10:35.975+00:00 host_mono_ns=2514855165837574 wasm_cluster_increase_checkpointing_counter called 2
host_utc=2026-09-30T08:10:35.975+00:00 host_mono_ns=2514855165852052 wasm_cluster_increase_checkpointing_counter called 3
host_utc=2026-09-30T08:10:35.975+00:00 host_mono_ns=2514855165869655 [2026-09-30 08:10:35.975] [info] wasm_restore_stack
host_utc=2026-09-30T08:10:35.975+00:00 host_mono_ns=2514855165928125 
host_utc=2026-09-30T08:10:35.975+00:00 host_mono_ns=2514855165940980 local_cell_num: 1
host_utc=2026-09-30T08:10:35.975+00:00 host_mono_ns=2514855165952261 locals.values.size: 1
host_utc=2026-09-30T08:10:35.975+00:00 host_mono_ns=2514855165963322 [2026-09-30 08:10:35.975] [info] restore label stack
host_utc=2026-09-30T08:10:35.975+00:00 host_mono_ns=2514855165974673 local_cell_num: 3
host_utc=2026-09-30T08:10:35.975+00:00 host_mono_ns=2514855165985504 locals.values.size: 3
host_utc=2026-09-30T08:10:35.975+00:00 host_mono_ns=2514855165996514 [2026-09-30 08:10:35.975] [info] restore label stack
host_utc=2026-09-30T08:10:35.975+00:00 host_mono_ns=2514855166015771 local_cell_num: 147
host_utc=2026-09-30T08:10:35.975+00:00 host_mono_ns=2514855166030930 locals.values.size: 147
host_utc=2026-09-30T08:10:35.975+00:00 host_mono_ns=2514855166042131 [2026-09-30 08:10:35.975] [info] restore label stack
host_utc=2026-09-30T08:10:35.975+00:00 host_mono_ns=2514855166053262 local_cell_num: 19
host_utc=2026-09-30T08:10:35.975+00:00 host_mono_ns=2514855166064072 locals.values.size: 19
host_utc=2026-09-30T08:10:35.975+00:00 host_mono_ns=2514855166075063 [2026-09-30 08:10:35.975] [info] restore label stack
host_utc=2026-09-30T08:10:35.975+00:00 host_mono_ns=2514855166086104 local_cell_num: 63
host_utc=2026-09-30T08:10:35.975+00:00 host_mono_ns=2514855166096974 locals.values.size: 63
host_utc=2026-09-30T08:10:35.975+00:00 host_mono_ns=2514855166107775 [2026-09-30 08:10:35.975] [info] restore label stack
host_utc=2026-09-30T08:10:35.975+00:00 host_mono_ns=2514855166118866 local_cell_num: 9
host_utc=2026-09-30T08:10:35.975+00:00 host_mono_ns=2514855166129716 locals.values.size: 9
host_utc=2026-09-30T08:10:35.975+00:00 host_mono_ns=2514855166140587 [2026-09-30 08:10:35.975] [info] restore label stack
host_utc=2026-09-30T08:10:35.975+00:00 host_mono_ns=2514855166151527 local_cell_num: 9
host_utc=2026-09-30T08:10:35.975+00:00 host_mono_ns=2514855166162358 locals.values.size: 9
host_utc=2026-09-30T08:10:35.976+00:00 host_mono_ns=2514855166173178 [2026-09-30 08:10:35.975] [info] restore label stack
host_utc=2026-09-30T08:10:35.976+00:00 host_mono_ns=2514855166184189 local_cell_num: 6
host_utc=2026-09-30T08:10:35.976+00:00 host_mono_ns=2514855166194969 locals.values.size: 6
host_utc=2026-09-30T08:10:35.976+00:00 host_mono_ns=2514855166205980 [2026-09-30 08:10:35.975] [info] restore label stack
host_utc=2026-09-30T08:10:35.976+00:00 host_mono_ns=2514855166217081 [2026-09-30 08:10:35.975] [info] Finish to restore stack
host_utc=2026-09-30T08:10:35.976+00:00 host_mono_ns=2514855166228383 
host_utc=2026-09-30T08:10:35.976+00:00 host_mono_ns=2514855166240095 stack, 79641
host_utc=2026-09-30T08:10:35.977+00:00 host_mono_ns=2514855167493783 boot_end, 2514855167380780
host_utc=2026-09-30T08:10:35.977+00:00 host_mono_ns=2514855167512579 [2026-09-30 08:10:35.977] [info] wasm_restore_stack
host_utc=2026-09-30T08:10:35.977+00:00 host_mono_ns=2514855167524211 
host_utc=2026-09-30T08:10:35.977+00:00 host_mono_ns=2514855167569957 local_cell_num: 2
host_utc=2026-09-30T08:10:35.977+00:00 host_mono_ns=2514855167582501 locals.values.size: 2
host_utc=2026-09-30T08:10:35.977+00:00 host_mono_ns=2514855167593842 [2026-09-30 08:10:35.977] [info] restore label stack
host_utc=2026-09-30T08:10:35.977+00:00 host_mono_ns=2514855167608600 local_cell_num: 8
host_utc=2026-09-30T08:10:35.977+00:00 host_mono_ns=2514855167623919 locals.values.size: 8
host_utc=2026-09-30T08:10:35.977+00:00 host_mono_ns=2514855167639368 [2026-09-30 08:10:35.977] [info] restore label stack
host_utc=2026-09-30T08:10:35.977+00:00 host_mono_ns=2514855167651060 local_cell_num: 14
host_utc=2026-09-30T08:10:35.977+00:00 host_mono_ns=2514855167662071 locals.values.size: 14
host_utc=2026-09-30T08:10:35.977+00:00 host_mono_ns=2514855167673082 [2026-09-30 08:10:35.977] [info] restore label stack
host_utc=2026-09-30T08:10:35.977+00:00 host_mono_ns=2514855167684173 local_cell_num: 155
host_utc=2026-09-30T08:10:35.977+00:00 host_mono_ns=2514855167695164 locals.values.size: 155
host_utc=2026-09-30T08:10:35.977+00:00 host_mono_ns=2514855167714781 [2026-09-30 08:10:35.977] [info] restore label stack
host_utc=2026-09-30T08:10:35.977+00:00 host_mono_ns=2514855167725972 local_cell_num: 19
host_utc=2026-09-30T08:10:35.977+00:00 host_mono_ns=2514855167736863 locals.values.size: 19
host_utc=2026-09-30T08:10:35.977+00:00 host_mono_ns=2514855167747783 [2026-09-30 08:10:35.977] [info] restore label stack
host_utc=2026-09-30T08:10:35.977+00:00 host_mono_ns=2514855167758854 local_cell_num: 63
host_utc=2026-09-30T08:10:35.977+00:00 host_mono_ns=2514855167769705 locals.values.size: 63
host_utc=2026-09-30T08:10:35.977+00:00 host_mono_ns=2514855167780525 [2026-09-30 08:10:35.977] [info] restore label stack
host_utc=2026-09-30T08:10:35.977+00:00 host_mono_ns=2514855167791676 local_cell_num: 9
host_utc=2026-09-30T08:10:35.977+00:00 host_mono_ns=2514855167802456 locals.values.size: 9
host_utc=2026-09-30T08:10:35.977+00:00 host_mono_ns=2514855167813247 [2026-09-30 08:10:35.977] [info] restore label stack
host_utc=2026-09-30T08:10:35.977+00:00 host_mono_ns=2514855167824278 local_cell_num: 9
host_utc=2026-09-30T08:10:35.977+00:00 host_mono_ns=2514855167835128 locals.values.size: 9
host_utc=2026-09-30T08:10:35.977+00:00 host_mono_ns=2514855167845949 [2026-09-30 08:10:35.977] [info] restore label stack
host_utc=2026-09-30T08:10:35.977+00:00 host_mono_ns=2514855167857000 local_cell_num: 6
host_utc=2026-09-30T08:10:35.977+00:00 host_mono_ns=2514855167867730 locals.values.size: 6
host_utc=2026-09-30T08:10:35.977+00:00 host_mono_ns=2514855167878600 [2026-09-30 08:10:35.977] [info] restore label stack
host_utc=2026-09-30T08:10:35.977+00:00 host_mono_ns=2514855167889661 [2026-09-30 08:10:35.977] [info] Finish to restore stack
host_utc=2026-09-30T08:10:35.977+00:00 host_mono_ns=2514855167900973 
host_utc=2026-09-30T08:10:35.977+00:00 host_mono_ns=2514855167917854 stack, 129445
host_utc=2026-09-30T08:10:35.977+00:00 host_mono_ns=2514855167929126 global, 25468
host_utc=2026-09-30T08:10:35.977+00:00 host_mono_ns=2514855167940257 program counter, 13075
host_utc=2026-09-30T08:10:36.797+00:00 host_mono_ns=2514855988168720 memory, 821861889
host_utc=2026-09-30T08:10:36.798+00:00 host_mono_ns=2514855988220798 global, 11252
host_utc=2026-09-30T08:10:36.798+00:00 host_mono_ns=2514855988227982 program counter, 16260
host_utc=2026-09-30T08:10:38.801+00:00 host_mono_ns=2514857991395719 '
host_utc=2026-09-30T08:10:38.801+00:00 host_mono_ns=2514857991456344 LOG_DEBUG : 00000015.233 : [MROS2LIB] message get [callback_handler] msg_sn_high: 0 msg_sn_low: c
host_utc=2026-09-30T08:10:38.801+00:00 host_mono_ns=2514857991473656 subscribed msg: 'Hello from mros2-posix onto Linux: 15'
host_utc=2026-09-30T08:10:38.801+00:00 host_mono_ns=2514857991495077 LOG_ERROR : 00000018.477 : LOG_ERROR : 00000018.477 : UDP_RECV result=error errno=27 fd=5 recv=-1UDP_RECV result=error errno=27 fd=6 recv=-1
host_utc=2026-09-30T08:10:38.801+00:00 host_mono_ns=2514857991510897 LOG_ERROR : 00000018.477 :
host_utc=2026-09-30T08:10:38.801+00:00 host_mono_ns=2514857991524272 UDP_RECV result=error errno=27 fd=15 recv=-1LOG_ERROR : 00000018.478 :
host_utc=2026-09-30T08:10:38.801+00:00 host_mono_ns=2514857991537948 LOG_ERROR : 00000018.478 : UDP_RECV_RECOVERY action=skip reason=EINTR fd=6UDP_RECV_RECOVERY action=skip reason=EINTR fd=15
host_utc=2026-09-30T08:10:38.801+00:00 host_mono_ns=2514857991552245 LOG_ERROR : 00000018.478 :
host_utc=2026-09-30T08:10:38.801+00:00 host_mono_ns=2514857991564779 UDP_RECV_RECOVERY action=skip reason=EINTR fd=5LOG_ERROR : 00000018.477 :
host_utc=2026-09-30T08:10:38.801+00:00 host_mono_ns=2514857991577983 UDP_RECV result=error errno=27 fd=12 recv=-1
host_utc=2026-09-30T08:10:38.801+00:00 host_mono_ns=2514857991591198 LOG_ERROR : 00000018.479 : UDP_RECV_RECOVERY action=skip reason=EINTR fd=12
host_utc=2026-09-30T08:10:38.801+00:00 host_mono_ns=2514857991604373 publishing msg: 'Hello from mros2-posix onto Linux: 16'
host_utc=2026-09-30T08:10:38.801+00:00 host_mono_ns=2514857991619532 LOG_DEBUG : 00000019.479 : [MROS2LIB] message get [callback_handler] msg_sn_high: 0 msg_sn_low: d
host_utc=2026-09-30T08:10:38.801+00:00 host_mono_ns=2514857991650721 subscribed msg: 'Hello from mros2-posix onto Linux: 16'
host_utc=2026-09-30T08:10:38.801+00:00 host_mono_ns=2514857991663415 publishing msg: 'Hello from mros2-posix onto Linux: 17'
host_utc=2026-09-30T08:10:43.803+00:00 host_mono_ns=2514862993330030 LOG_DEBUG : 00000020.479 : [MROS2LIB] message get [callback_handler] msg_sn_high: 0 msg_sn_low: e
host_utc=2026-09-30T08:10:43.803+00:00 host_mono_ns=2514862993367791 subscribed msg: 'Hello from mros2-posix onto Linux: 17'
host_utc=2026-09-30T08:10:43.803+00:00 host_mono_ns=2514862993395123 publishing msg: 'Hello from mros2-posix onto Linux: 18'
host_utc=2026-09-30T08:10:43.803+00:00 host_mono_ns=2514862993415922 LOG_DEBUG : 00000021.480 : [MROS2LIB] message get [callback_handler] msg_sn_high: 0 msg_sn_low: f
host_utc=2026-09-30T08:10:43.803+00:00 host_mono_ns=2514862993432724 subscribed msg: 'Hello from mros2-posix onto Linux: 18'
host_utc=2026-09-30T08:10:43.803+00:00 host_mono_ns=2514862993450457 publishing msg: 'Hello from mros2-posix onto Linux: 19'
host_utc=2026-09-30T08:10:43.803+00:00 host_mono_ns=2514862993467159 LOG_DEBUG : 00000022.481 : [MROS2LIB] message get [callback_handler] msg_sn_high: 0 msg_sn_low: 10
host_utc=2026-09-30T08:10:43.803+00:00 host_mono_ns=2514862993483580 subscribed msg: 'Hello from mros2-posix onto Linux: 19'
host_utc=2026-09-30T08:10:43.803+00:00 host_mono_ns=2514862993500903 publishing msg: 'Hello from mros2-posix onto Linux: 20'
host_utc=2026-09-30T08:10:43.803+00:00 host_mono_ns=2514862993517584 LOG_DEBUG : 00000023.481 : [MROS2LIB] message get [callback_handler] msg_sn_high: 0 msg_sn_low: 11
host_utc=2026-09-30T08:10:43.803+00:00 host_mono_ns=2514862993533264 subscribed msg: 'Hello from mros2-posix onto Linux: 20'
host_utc=2026-09-30T08:10:43.803+00:00 host_mono_ns=2514862993550907 publishing msg: 'Hello from mros2-posix onto Linux: 21'
host_utc=2026-09-30T08:10:43.803+00:00 host_mono_ns=2514862993586905 LOG_DEBUG : 00000024.482 : [MROS2LIB] message get [callback_handler] msg_sn_high: 0 msg_sn_low: 12
host_utc=2026-09-30T08:10:43.803+00:00 host_mono_ns=2514862993603777 subscribed msg: 'Hello from mros2-posix onto Linux: 21'
host_utc=2026-09-30T08:10:48.806+00:00 host_mono_ns=2514867996443115 publishing msg: 'Hello from mros2-posix onto Linux: 22'
host_utc=2026-09-30T08:10:48.806+00:00 host_mono_ns=2514867996495404 LOG_DEBUG : 00000025.483 : [MROS2LIB] message get [callback_handler] msg_sn_high: 0 msg_sn_low: 13
host_utc=2026-09-30T08:10:48.806+00:00 host_mono_ns=2514867996518297 subscribed msg: 'Hello from mros2-posix onto Linux: 22'
host_utc=2026-09-30T08:10:48.806+00:00 host_mono_ns=2514867996540780 publishing msg: 'Hello from mros2-posix onto Linux: 23'
host_utc=2026-09-30T08:10:48.806+00:00 host_mono_ns=2514867996561419 LOG_DEBUG : 00000026.483 : [MROS2LIB] message get [callback_handler] msg_sn_high: 0 msg_sn_low: 14
host_utc=2026-09-30T08:10:48.806+00:00 host_mono_ns=2514867996580805 subscribed msg: 'Hello from mros2-posix onto Linux: 23'
host_utc=2026-09-30T08:10:48.806+00:00 host_mono_ns=2514867996601925 publishing msg: 'Hello from mros2-posix onto Linux: 24'
host_utc=2026-09-30T08:10:48.806+00:00 host_mono_ns=2514867996621462 LOG_DEBUG : 00000027.484 : [MROS2LIB] message get [callback_handler] msg_sn_high: 0 msg_sn_low: 15
host_utc=2026-09-30T08:10:48.806+00:00 host_mono_ns=2514867996640067 subscribed msg: 'Hello from mros2-posix onto Linux: 24'
host_utc=2026-09-30T08:10:48.806+00:00 host_mono_ns=2514867996660436 publishing msg: 'Hello from mros2-posix onto Linux: 25'
host_utc=2026-09-30T08:10:48.806+00:00 host_mono_ns=2514867996680183 LOG_DEBUG : 00000028.484 : [MROS2LIB] message get [callback_handler] msg_sn_high: 0 msg_sn_low: 16
host_utc=2026-09-30T08:10:48.806+00:00 host_mono_ns=2514867996698207 subscribed msg: 'Hello from mros2-posix onto Linux: 25'
host_utc=2026-09-30T08:10:48.806+00:00 host_mono_ns=2514867996719237 publishing msg: 'Hello from mros2-posix onto Linux: 26'
host_utc=2026-09-30T08:10:48.806+00:00 host_mono_ns=2514867996757880 LOG_DEBUG : 00000029.485 : [MROS2LIB] message get [callback_handler] msg_sn_high: 0 msg_sn_low: 17
host_utc=2026-09-30T08:10:48.806+00:00 host_mono_ns=2514867996775303 subscribed msg: 'Hello from mros2-posix onto Linux: 26'
host_utc=2026-09-30T08:10:49.118+00:00 host_mono_ns=2514868308339340 publishing msg: '
host_utc=2026-09-30T08:10:49.118+00:00 host_mono_ns=2514868308463715 event=collector_process_exit source=restore exit_status=143
