host_utc=2026-10-04T03:35:30.103+00:00 host_mono_ns=2843949293491607 boot_start, 2843949293228640
host_utc=2026-10-04T03:35:30.313+00:00 host_mono_ns=2843949503337726 11 stderr
host_utc=2026-10-04T03:35:30.313+00:00 host_mono_ns=2843949503391768 22 stderr
host_utc=2026-10-04T03:35:30.313+00:00 host_mono_ns=2843949503406376 signal init: 137513282549312
host_utc=2026-10-04T03:35:30.313+00:00 host_mono_ns=2843949503418889 initします
host_utc=2026-10-04T03:35:30.313+00:00 host_mono_ns=2843949503838822 boot_end, 2843949503700772
host_utc=2026-10-04T03:35:30.314+00:00 host_mono_ns=2843949504212829 3 stderr
host_utc=2026-10-04T03:35:30.314+00:00 host_mono_ns=2843949504569162 initします
host_utc=2026-10-04T03:35:30.315+00:00 host_mono_ns=2843949505763898 boot_end, 2843949505539224
host_utc=2026-10-04T03:35:30.315+00:00 host_mono_ns=2843949505818371 [21:59:09:883 - 7D114E7F6840]: Load type section success.
host_utc=2026-10-04T03:35:30.315+00:00 host_mono_ns=2843949505841605 
host_utc=2026-10-04T03:35:30.315+00:00 host_mono_ns=2843949505861653 [21:59:09:927 - 7D114E7F6840]: Load import section success.
host_utc=2026-10-04T03:35:30.315+00:00 host_mono_ns=2843949505881871 
host_utc=2026-10-04T03:35:30.315+00:00 host_mono_ns=2843949505897310 [21:59:09:857 - 7D114E7F6840]: Load function section success.
host_utc=2026-10-04T03:35:30.315+00:00 host_mono_ns=2843949505910695 
host_utc=2026-10-04T03:35:30.315+00:00 host_mono_ns=2843949505923099 [21:59:09:859 - 7D114E7F6840]: Load table section success.
host_utc=2026-10-04T03:35:30.315+00:00 host_mono_ns=2843949505935903 
host_utc=2026-10-04T03:35:30.315+00:00 host_mono_ns=2843949505948286 [21:59:09:861 - 7D114E7F6840]: Load global section success.
host_utc=2026-10-04T03:35:30.315+00:00 host_mono_ns=2843949505960740 
host_utc=2026-10-04T03:35:30.315+00:00 host_mono_ns=2843949505972833 [21:59:09:864 - 7D114E7F6840]: Load export section success.
host_utc=2026-10-04T03:35:30.315+00:00 host_mono_ns=2843949505985246 
host_utc=2026-10-04T03:35:30.315+00:00 host_mono_ns=2843949505997379 [21:59:09:864 - 7D114E7F6840]: Load start section success.
host_utc=2026-10-04T03:35:30.315+00:00 host_mono_ns=2843949506024681 
host_utc=2026-10-04T03:35:30.315+00:00 host_mono_ns=2843949506041713 [21:59:09:873 - 7D114E7F6840]: Load table segment section success.
host_utc=2026-10-04T03:35:30.315+00:00 host_mono_ns=2843949506054677 
host_utc=2026-10-04T03:35:30.315+00:00 host_mono_ns=2843949506066910 [21:59:09:874 - 7D114E7F6840]: Load datacount section success.
host_utc=2026-10-04T03:35:30.315+00:00 host_mono_ns=2843949506079875 
host_utc=2026-10-04T03:35:30.315+00:00 host_mono_ns=2843949506091988 [21:59:09:875 - 7D114E7F6840]: Load code segment section success.
host_utc=2026-10-04T03:35:30.315+00:00 host_mono_ns=2843949506104812 
host_utc=2026-10-04T03:35:30.315+00:00 host_mono_ns=2843949506116795 [21:59:09:877 - 7D114E7F6840]: Load data segment section success.
host_utc=2026-10-04T03:35:30.315+00:00 host_mono_ns=2843949506129298 
host_utc=2026-10-04T03:35:30.315+00:00 host_mono_ns=2843949506141301 [21:59:09:878 - 7D114E7F6840]: Ignore custom section [.debug_abbrev].
host_utc=2026-10-04T03:35:30.315+00:00 host_mono_ns=2843949506153985 [21:59:09:879 - 7D114E7F6840]: Ignore custom section [.debug_info].
host_utc=2026-10-04T03:35:30.315+00:00 host_mono_ns=2843949506166859 [21:59:09:880 - 7D114E7F6840]: Ignore custom section [.debug_ranges].
host_utc=2026-10-04T03:35:30.316+00:00 host_mono_ns=2843949506179483 [21:59:09:881 - 7D114E7F6840]: Ignore custom section [.debug_str].
host_utc=2026-10-04T03:35:30.316+00:00 host_mono_ns=2843949506192097 [21:59:09:881 - 7D114E7F6840]: Ignore custom section [.debug_line].
host_utc=2026-10-04T03:35:30.316+00:00 host_mono_ns=2843949506204520 [21:59:09:882 - 7D114E7F6840]: Ignore custom section [.debug_loc].
host_utc=2026-10-04T03:35:30.316+00:00 host_mono_ns=2843949506217014 [21:59:09:883 - 7D114E7F6840]: Ignore custom section [name].
host_utc=2026-10-04T03:35:30.316+00:00 host_mono_ns=2843949506229858 [21:59:09:884 - 7D114E7F6840]: Ignore custom section [producers].
host_utc=2026-10-04T03:35:30.316+00:00 host_mono_ns=2843949506242642 [21:59:09:885 - 7D114E7F6840]: Ignore custom section [target_features].
host_utc=2026-10-04T03:35:30.316+00:00 host_mono_ns=2843949506273751 [21:59:09:886 - 7D114E7F6840]: Found aux __heap_base global, value: 7855136
host_utc=2026-10-04T03:35:30.316+00:00 host_mono_ns=2843949506287156 [21:59:09:887 - 7D114E7F6840]: Found aux __data_end global, value: 1301524
host_utc=2026-10-04T03:35:30.316+00:00 host_mono_ns=2843949506300031 [21:59:09:888 - 7D114E7F6840]: Found aux stack top global, value: 7855136, global index: 0, stack size: 6553600
host_utc=2026-10-04T03:35:30.316+00:00 host_mono_ns=2843949506313426 [21:59:09:890 - 7D114E7F6840]: Found malloc function, name: malloc, index: 3154
host_utc=2026-10-04T03:35:30.316+00:00 host_mono_ns=2843949506326120 [21:59:09:891 - 7D114E7F6840]: Found free function, name: free, index: 3156
host_utc=2026-10-04T03:35:30.316+00:00 host_mono_ns=2843949506338834 [21:59:09:511 - 7D114E7F6840]: Load module success.
host_utc=2026-10-04T03:35:30.316+00:00 host_mono_ns=2843949506351358 
host_utc=2026-10-04T03:35:30.316+00:00 host_mono_ns=2843949506363811 [21:59:09:522 - 7D114E7F6840]: Memory instantiate:
host_utc=2026-10-04T03:35:30.316+00:00 host_mono_ns=2843949506376325 [21:59:09:523 - 7D114E7F6840]:   page bytes: 65536, init pages: 16384, max pages: 16384
host_utc=2026-10-04T03:35:30.316+00:00 host_mono_ns=2843949506389370 [21:59:09:524 - 7D114E7F6840]:   heap offset: 1073741824, heap size: 0
host_utc=2026-10-04T03:35:30.316+00:00 host_mono_ns=2843949506402144 
host_utc=2026-10-04T03:35:30.316+00:00 host_mono_ns=2843949506414297 [21:59:09:550 - 7D114E7F6840]: Memory instantiate success.
host_utc=2026-10-04T03:35:30.316+00:00 host_mono_ns=2843949506426870 [21:59:09:669 - 7D114E7F6840]: warning: failed to link import function (env, pthread_exit)
host_utc=2026-10-04T03:35:30.316+00:00 host_mono_ns=2843949506439845 Restoring wasm thread 11
host_utc=2026-10-04T03:35:30.316+00:00 host_mono_ns=2843949506452539 [21:59:09:828 - 7D114E7F6840]: warning: failed to link import function (env, pthread_exit)
host_utc=2026-10-04T03:35:30.316+00:00 host_mono_ns=2843949506465103 thread 11 restore
host_utc=2026-10-04T03:35:30.316+00:00 host_mono_ns=2843949506477817 Restoring wasm thread 10
host_utc=2026-10-04T03:35:30.316+00:00 host_mono_ns=2843949506490160 [21:59:09:613 - 7D114E7F6840]: warning: failed to link import function (env, pthread_exit)
host_utc=2026-10-04T03:35:30.316+00:00 host_mono_ns=2843949506502924 [2026-10-04 03:35:30.315] [info] wasm_restore_stack
host_utc=2026-10-04T03:35:30.316+00:00 host_mono_ns=2843949506515688 
host_utc=2026-10-04T03:35:30.316+00:00 host_mono_ns=2843949506538942 stack, 202503
host_utc=2026-10-04T03:35:30.316+00:00 host_mono_ns=2843949506552317 global, 23975
host_utc=2026-10-04T03:35:30.316+00:00 host_mono_ns=2843949506564921 program counter, 13817
host_utc=2026-10-04T03:35:30.316+00:00 host_mono_ns=2843949506577565 thread 10 restore
host_utc=2026-10-04T03:35:30.316+00:00 host_mono_ns=2843949506589888 local_cell_num: 2
host_utc=2026-10-04T03:35:30.316+00:00 host_mono_ns=2843949506602332 locals.values.size: 2
host_utc=2026-10-04T03:35:30.316+00:00 host_mono_ns=2843949506615306 [2026-10-04 03:35:30.315] [info] restore label stack
host_utc=2026-10-04T03:35:30.316+00:00 host_mono_ns=2843949506628241 local_cell_num: 8
host_utc=2026-10-04T03:35:30.316+00:00 host_mono_ns=2843949506640644 locals.values.size: 8
host_utc=2026-10-04T03:35:30.316+00:00 host_mono_ns=2843949506653248 [2026-10-04 03:35:30.315] [info] restore label stack
host_utc=2026-10-04T03:35:30.316+00:00 host_mono_ns=2843949506665812 local_cell_num: 14
host_utc=2026-10-04T03:35:30.316+00:00 host_mono_ns=2843949506678275 locals.values.size: 14
host_utc=2026-10-04T03:35:30.316+00:00 host_mono_ns=2843949506690899 [2026-10-04 03:35:30.315] [info] restore label stack
host_utc=2026-10-04T03:35:30.316+00:00 host_mono_ns=2843949506703523 local_cell_num: 45
host_utc=2026-10-04T03:35:30.316+00:00 host_mono_ns=2843949506715746 locals.values.size: 45
host_utc=2026-10-04T03:35:30.316+00:00 host_mono_ns=2843949506728310 [2026-10-04 03:35:30.315] [info] restore label stack
host_utc=2026-10-04T03:35:30.316+00:00 host_mono_ns=2843949506748438 local_cell_num: 19
host_utc=2026-10-04T03:35:30.316+00:00 host_mono_ns=2843949506760971 locals.values.size: 19
host_utc=2026-10-04T03:35:30.316+00:00 host_mono_ns=2843949506773275 [2026-10-04 03:35:30.315] [info] restore label stack
host_utc=2026-10-04T03:35:30.316+00:00 host_mono_ns=2843949506785748 local_cell_num: 63
host_utc=2026-10-04T03:35:30.316+00:00 host_mono_ns=2843949506797881 locals.values.size: 63
host_utc=2026-10-04T03:35:30.316+00:00 host_mono_ns=2843949506810204 [2026-10-04 03:35:30.315] [info] restore label stack
host_utc=2026-10-04T03:35:30.316+00:00 host_mono_ns=2843949506822648 local_cell_num: 9
host_utc=2026-10-04T03:35:30.316+00:00 host_mono_ns=2843949506834961 locals.values.size: 9
host_utc=2026-10-04T03:35:30.316+00:00 host_mono_ns=2843949506847335 [2026-10-04 03:35:30.315] [info] restore label stack
host_utc=2026-10-04T03:35:30.316+00:00 host_mono_ns=2843949506859838 local_cell_num: 9
host_utc=2026-10-04T03:35:30.316+00:00 host_mono_ns=2843949506872011 locals.values.size: 9
host_utc=2026-10-04T03:35:30.316+00:00 host_mono_ns=2843949506884374 [2026-10-04 03:35:30.315] [info] restore label stack
host_utc=2026-10-04T03:35:30.316+00:00 host_mono_ns=2843949506896778 local_cell_num: 6
host_utc=2026-10-04T03:35:30.316+00:00 host_mono_ns=2843949506908931 locals.values.size: 6
host_utc=2026-10-04T03:35:30.316+00:00 host_mono_ns=2843949506921334 [2026-10-04 03:35:30.315] [info] restore label stack
host_utc=2026-10-04T03:35:30.316+00:00 host_mono_ns=2843949506933958 [2026-10-04 03:35:30.315] [info] Finish to restore stack
host_utc=2026-10-04T03:35:30.316+00:00 host_mono_ns=2843949506946993 
host_utc=2026-10-04T03:35:30.316+00:00 host_mono_ns=2843949506959577 initします
host_utc=2026-10-04T03:35:30.317+00:00 host_mono_ns=2843949507652726 boot_end, 2843949507400469
host_utc=2026-10-04T03:35:30.317+00:00 host_mono_ns=2843949507707870 wasm_cluster_increase_checkpointing_counter called 1
host_utc=2026-10-04T03:35:30.317+00:00 host_mono_ns=2843949507721816 Restoring wasm thread 9
host_utc=2026-10-04T03:35:30.317+00:00 host_mono_ns=2843949507731354 wasm_cluster_increase_checkpointing_counter called 2
host_utc=2026-10-04T03:35:30.317+00:00 host_mono_ns=2843949507740291 wasm_cluster_increase_checkpointing_counter called 3
host_utc=2026-10-04T03:35:30.317+00:00 host_mono_ns=2843949507748797 [2026-10-04 03:35:30.317] [info] wasm_restore_stack
host_utc=2026-10-04T03:35:30.317+00:00 host_mono_ns=2843949507757674 
host_utc=2026-10-04T03:35:30.317+00:00 host_mono_ns=2843949507766952 stack, 148060
host_utc=2026-10-04T03:35:30.317+00:00 host_mono_ns=2843949507775728 global, 15579
host_utc=2026-10-04T03:35:30.317+00:00 host_mono_ns=2843949507784064 program counter, 9839
host_utc=2026-10-04T03:35:30.317+00:00 host_mono_ns=2843949507797399 [21:59:09:477 - 7D114E7F6840]: warning: failed to link import function (env, pthread_exit)
host_utc=2026-10-04T03:35:30.317+00:00 host_mono_ns=2843949507807368 thread 9 restore
host_utc=2026-10-04T03:35:30.317+00:00 host_mono_ns=2843949507816064 local_cell_num: 2
host_utc=2026-10-04T03:35:30.317+00:00 host_mono_ns=2843949507824620 locals.values.size: 2
host_utc=2026-10-04T03:35:30.317+00:00 host_mono_ns=2843949507833107 [2026-10-04 03:35:30.317] [info] restore label stack
host_utc=2026-10-04T03:35:30.317+00:00 host_mono_ns=2843949507842494 local_cell_num: 8
host_utc=2026-10-04T03:35:30.317+00:00 host_mono_ns=2843949507850860 locals.values.size: 8
host_utc=2026-10-04T03:35:30.317+00:00 host_mono_ns=2843949507859096 [2026-10-04 03:35:30.317] [info] restore label stack
host_utc=2026-10-04T03:35:30.317+00:00 host_mono_ns=2843949507867582 local_cell_num: 14
host_utc=2026-10-04T03:35:30.317+00:00 host_mono_ns=2843949507875827 locals.values.size: 14
host_utc=2026-10-04T03:35:30.317+00:00 host_mono_ns=2843949507885105 [2026-10-04 03:35:30.317] [info] restore label stack
host_utc=2026-10-04T03:35:30.317+00:00 host_mono_ns=2843949507893811 local_cell_num: 15
host_utc=2026-10-04T03:35:30.317+00:00 host_mono_ns=2843949507912647 locals.values.size: 15
host_utc=2026-10-04T03:35:30.317+00:00 host_mono_ns=2843949507921433 [2026-10-04 03:35:30.317] [info] restore label stack
host_utc=2026-10-04T03:35:30.317+00:00 host_mono_ns=2843949507929909 local_cell_num: 37
host_utc=2026-10-04T03:35:30.317+00:00 host_mono_ns=2843949507938035 locals.values.size: 37
host_utc=2026-10-04T03:35:30.317+00:00 host_mono_ns=2843949507946340 [2026-10-04 03:35:30.317] [info] restore label stack
host_utc=2026-10-04T03:35:30.317+00:00 host_mono_ns=2843949507954656 local_cell_num: 25
host_utc=2026-10-04T03:35:30.317+00:00 host_mono_ns=2843949507962812 locals.values.size: 25
host_utc=2026-10-04T03:35:30.317+00:00 host_mono_ns=2843949507971007 [2026-10-04 03:35:30.317] [info] restore label stack
host_utc=2026-10-04T03:35:30.317+00:00 host_mono_ns=2843949507979373 local_cell_num: 34
host_utc=2026-10-04T03:35:30.317+00:00 host_mono_ns=2843949507987518 locals.values.size: 34
host_utc=2026-10-04T03:35:30.317+00:00 host_mono_ns=2843949507995734 [2026-10-04 03:35:30.317] [info] restore label stack
host_utc=2026-10-04T03:35:30.317+00:00 host_mono_ns=2843949508018076 local_cell_num: 38
host_utc=2026-10-04T03:35:30.317+00:00 host_mono_ns=2843949508030379 locals.values.size: 38
host_utc=2026-10-04T03:35:30.317+00:00 host_mono_ns=2843949508038675 [2026-10-04 03:35:30.317] [info] restore label stack
host_utc=2026-10-04T03:35:30.317+00:00 host_mono_ns=2843949508047001 local_cell_num: 94
host_utc=2026-10-04T03:35:30.317+00:00 host_mono_ns=2843949508055166 locals.values.size: 94
host_utc=2026-10-04T03:35:30.317+00:00 host_mono_ns=2843949508063301 [2026-10-04 03:35:30.317] [info] restore label stack
host_utc=2026-10-04T03:35:30.317+00:00 host_mono_ns=2843949508071567 local_cell_num: 2
host_utc=2026-10-04T03:35:30.317+00:00 host_mono_ns=2843949508079802 locals.values.size: 2
host_utc=2026-10-04T03:35:30.317+00:00 host_mono_ns=2843949508088048 [2026-10-04 03:35:30.317] [info] restore label stack
host_utc=2026-10-04T03:35:30.317+00:00 host_mono_ns=2843949508096314 local_cell_num: 9
host_utc=2026-10-04T03:35:30.317+00:00 host_mono_ns=2843949508104529 locals.values.size: 9
host_utc=2026-10-04T03:35:30.317+00:00 host_mono_ns=2843949508112825 [2026-10-04 03:35:30.317] [info] restore label stack
host_utc=2026-10-04T03:35:30.317+00:00 host_mono_ns=2843949508121070 local_cell_num: 9
host_utc=2026-10-04T03:35:30.317+00:00 host_mono_ns=2843949508129276 locals.values.size: 9
host_utc=2026-10-04T03:35:30.317+00:00 host_mono_ns=2843949508137461 [2026-10-04 03:35:30.317] [info] restore label stack
host_utc=2026-10-04T03:35:30.317+00:00 host_mono_ns=2843949508145737 local_cell_num: 6
host_utc=2026-10-04T03:35:30.317+00:00 host_mono_ns=2843949508153892 locals.values.size: 6
host_utc=2026-10-04T03:35:30.317+00:00 host_mono_ns=2843949508162118 [2026-10-04 03:35:30.317] [info] restore label stack
host_utc=2026-10-04T03:35:30.318+00:00 host_mono_ns=2843949508170514 [2026-10-04 03:35:30.317] [info] Finish to restore stack
host_utc=2026-10-04T03:35:30.318+00:00 host_mono_ns=2843949508179040 
host_utc=2026-10-04T03:35:30.318+00:00 host_mono_ns=2843949508193547 initします
host_utc=2026-10-04T03:35:30.318+00:00 host_mono_ns=2843949509173468 boot_end, 2843949508943053
host_utc=2026-10-04T03:35:30.319+00:00 host_mono_ns=2843949509211921 stack, 108465
host_utc=2026-10-04T03:35:30.319+00:00 host_mono_ns=2843949509226468 global, 11011
host_utc=2026-10-04T03:35:30.319+00:00 host_mono_ns=2843949509238120 program counter, 7124
host_utc=2026-10-04T03:35:30.319+00:00 host_mono_ns=2843949509256695 wasm_cluster_increase_checkpointing_counter called 1
host_utc=2026-10-04T03:35:30.319+00:00 host_mono_ns=2843949509269670 Restoring wasm thread 8
host_utc=2026-10-04T03:35:30.319+00:00 host_mono_ns=2843949509281272 wasm_cluster_increase_checkpointing_counter called 2
host_utc=2026-10-04T03:35:30.319+00:00 host_mono_ns=2843949509292753 wasm_cluster_increase_checkpointing_counter called 3
host_utc=2026-10-04T03:35:30.319+00:00 host_mono_ns=2843949509303904 [2026-10-04 03:35:30.318] [info] wasm_restore_stack
host_utc=2026-10-04T03:35:30.319+00:00 host_mono_ns=2843949509328301 
host_utc=2026-10-04T03:35:30.319+00:00 host_mono_ns=2843949509340343 [21:59:09:028 - 7D114E7F6840]: warning: failed to link import function (env, pthread_exit)
host_utc=2026-10-04T03:35:30.319+00:00 host_mono_ns=2843949509352797 local_cell_num: 2
host_utc=2026-10-04T03:35:30.319+00:00 host_mono_ns=2843949509364208 locals.values.size: 2
host_utc=2026-10-04T03:35:30.319+00:00 host_mono_ns=2843949509375530 [2026-10-04 03:35:30.318] [info] restore label stack
host_utc=2026-10-04T03:35:30.319+00:00 host_mono_ns=2843949509387031 local_cell_num: 8
host_utc=2026-10-04T03:35:30.319+00:00 host_mono_ns=2843949509397852 locals.values.size: 8
host_utc=2026-10-04T03:35:30.319+00:00 host_mono_ns=2843949509408903 [2026-10-04 03:35:30.318] [info] restore label stack
host_utc=2026-10-04T03:35:30.319+00:00 host_mono_ns=2843949509419964 local_cell_num: 14
host_utc=2026-10-04T03:35:30.319+00:00 host_mono_ns=2843949509430834 locals.values.size: 14
host_utc=2026-10-04T03:35:30.319+00:00 host_mono_ns=2843949509441955 [2026-10-04 03:35:30.318] [info] restore label stack
host_utc=2026-10-04T03:35:30.319+00:00 host_mono_ns=2843949509453076 local_cell_num: 15
host_utc=2026-10-04T03:35:30.319+00:00 host_mono_ns=2843949509463917 locals.values.size: 15
host_utc=2026-10-04T03:35:30.319+00:00 host_mono_ns=2843949509474897 [2026-10-04 03:35:30.318] [info] restore label stack
host_utc=2026-10-04T03:35:30.319+00:00 host_mono_ns=2843949509485868 local_cell_num: 27
host_utc=2026-10-04T03:35:30.319+00:00 host_mono_ns=2843949509496648 locals.values.size: 27
host_utc=2026-10-04T03:35:30.319+00:00 host_mono_ns=2843949509507449 [2026-10-04 03:35:30.318] [info] restore label stack
host_utc=2026-10-04T03:35:30.319+00:00 host_mono_ns=2843949509518369 local_cell_num: 25
host_utc=2026-10-04T03:35:30.319+00:00 host_mono_ns=2843949509529070 locals.values.size: 25
host_utc=2026-10-04T03:35:30.319+00:00 host_mono_ns=2843949509539820 [2026-10-04 03:35:30.318] [info] restore label stack
host_utc=2026-10-04T03:35:30.319+00:00 host_mono_ns=2843949509550721 local_cell_num: 34
host_utc=2026-10-04T03:35:30.319+00:00 host_mono_ns=2843949509561451 locals.values.size: 34
host_utc=2026-10-04T03:35:30.319+00:00 host_mono_ns=2843949509572291 [2026-10-04 03:35:30.318] [info] restore label stack
host_utc=2026-10-04T03:35:30.319+00:00 host_mono_ns=2843949509583182 thread 8 restore
host_utc=2026-10-04T03:35:30.319+00:00 host_mono_ns=2843949509594173 local_cell_num: 38
host_utc=2026-10-04T03:35:30.319+00:00 host_mono_ns=2843949509604963 locals.values.size: 38
host_utc=2026-10-04T03:35:30.319+00:00 host_mono_ns=2843949509615783 [2026-10-04 03:35:30.318] [info] restore label stack
host_utc=2026-10-04T03:35:30.319+00:00 host_mono_ns=2843949509626904 local_cell_num: 94
host_utc=2026-10-04T03:35:30.319+00:00 host_mono_ns=2843949509637565 locals.values.size: 94
host_utc=2026-10-04T03:35:30.319+00:00 host_mono_ns=2843949509648395 [2026-10-04 03:35:30.318] [info] restore label stack
host_utc=2026-10-04T03:35:30.319+00:00 host_mono_ns=2843949509659426 local_cell_num: 2
host_utc=2026-10-04T03:35:30.319+00:00 host_mono_ns=2843949509670306 locals.values.size: 2
host_utc=2026-10-04T03:35:30.319+00:00 host_mono_ns=2843949509681197 [2026-10-04 03:35:30.318] [info] restore label stack
host_utc=2026-10-04T03:35:30.319+00:00 host_mono_ns=2843949509692027 local_cell_num: 9
host_utc=2026-10-04T03:35:30.319+00:00 host_mono_ns=2843949509702808 locals.values.size: 9
host_utc=2026-10-04T03:35:30.319+00:00 host_mono_ns=2843949509713718 [2026-10-04 03:35:30.318] [info] restore label stack
host_utc=2026-10-04T03:35:30.319+00:00 host_mono_ns=2843949509724579 local_cell_num: 9
host_utc=2026-10-04T03:35:30.319+00:00 host_mono_ns=2843949509735289 locals.values.size: 9
host_utc=2026-10-04T03:35:30.319+00:00 host_mono_ns=2843949509746069 [2026-10-04 03:35:30.318] [info] restore label stack
host_utc=2026-10-04T03:35:30.319+00:00 host_mono_ns=2843949509757120 local_cell_num: 6
host_utc=2026-10-04T03:35:30.319+00:00 host_mono_ns=2843949509767821 locals.values.size: 6
host_utc=2026-10-04T03:35:30.319+00:00 host_mono_ns=2843949509785153 [2026-10-04 03:35:30.318] [info] restore label stack
host_utc=2026-10-04T03:35:30.319+00:00 host_mono_ns=2843949509796254 [2026-10-04 03:35:30.318] [info] Finish to restore stack
host_utc=2026-10-04T03:35:30.319+00:00 host_mono_ns=2843949509807646 
host_utc=2026-10-04T03:35:30.319+00:00 host_mono_ns=2843949509825309 initします
host_utc=2026-10-04T03:35:30.321+00:00 host_mono_ns=2843949511510963 boot_end, 2843949511355860
host_utc=2026-10-04T03:35:30.321+00:00 host_mono_ns=2843949511547752 wasm_cluster_increase_checkpointing_counter called 1
host_utc=2026-10-04T03:35:30.321+00:00 host_mono_ns=2843949511564955 Restoring wasm thread 7
host_utc=2026-10-04T03:35:30.321+00:00 host_mono_ns=2843949511580254 wasm_cluster_increase_checkpointing_counter called 2
host_utc=2026-10-04T03:35:30.321+00:00 host_mono_ns=2843949511598749 wasm_cluster_increase_checkpointing_counter called 3
host_utc=2026-10-04T03:35:30.321+00:00 host_mono_ns=2843949511617715 [2026-10-04 03:35:30.321] [info] wasm_restore_stack
host_utc=2026-10-04T03:35:30.321+00:00 host_mono_ns=2843949511637312 
host_utc=2026-10-04T03:35:30.321+00:00 host_mono_ns=2843949511668400 [21:59:09:435 - 7D114E7F6840]: warning: failed to link import function (env, pthread_exit)
host_utc=2026-10-04T03:35:30.321+00:00 host_mono_ns=2843949511684501 thread 7 restore
host_utc=2026-10-04T03:35:30.321+00:00 host_mono_ns=2843949511702675 local_cell_num: 2
host_utc=2026-10-04T03:35:30.321+00:00 host_mono_ns=2843949511721240 locals.values.size: 2
host_utc=2026-10-04T03:35:30.321+00:00 host_mono_ns=2843949511736940 [2026-10-04 03:35:30.321] [info] restore label stack
host_utc=2026-10-04T03:35:30.321+00:00 host_mono_ns=2843949511750095 local_cell_num: 8
host_utc=2026-10-04T03:35:30.321+00:00 host_mono_ns=2843949511762508 locals.values.size: 8
host_utc=2026-10-04T03:35:30.321+00:00 host_mono_ns=2843949511775062 [2026-10-04 03:35:30.321] [info] restore label stack
host_utc=2026-10-04T03:35:30.321+00:00 host_mono_ns=2843949511787696 local_cell_num: 25
host_utc=2026-10-04T03:35:30.321+00:00 host_mono_ns=2843949511799979 locals.values.size: 25
host_utc=2026-10-04T03:35:30.321+00:00 host_mono_ns=2843949511812683 [2026-10-04 03:35:30.321] [info] restore label stack
host_utc=2026-10-04T03:35:30.321+00:00 host_mono_ns=2843949511825237 local_cell_num: 10
host_utc=2026-10-04T03:35:30.321+00:00 host_mono_ns=2843949511837440 locals.values.size: 10
host_utc=2026-10-04T03:35:30.321+00:00 host_mono_ns=2843949511849923 [2026-10-04 03:35:30.321] [info] restore label stack
host_utc=2026-10-04T03:35:30.321+00:00 host_mono_ns=2843949511862447 local_cell_num: 22
host_utc=2026-10-04T03:35:30.321+00:00 host_mono_ns=2843949511874690 locals.values.size: 22
host_utc=2026-10-04T03:35:30.321+00:00 host_mono_ns=2843949511888566 [2026-10-04 03:35:30.321] [info] restore label stack
host_utc=2026-10-04T03:35:30.321+00:00 host_mono_ns=2843949511901150 local_cell_num: 62
host_utc=2026-10-04T03:35:30.321+00:00 host_mono_ns=2843949511913373 locals.values.size: 62
host_utc=2026-10-04T03:35:30.321+00:00 host_mono_ns=2843949511925606 [2026-10-04 03:35:30.321] [info] restore label stack
host_utc=2026-10-04T03:35:30.321+00:00 host_mono_ns=2843949511937949 local_cell_num: 18
host_utc=2026-10-04T03:35:30.321+00:00 host_mono_ns=2843949511950102 locals.values.size: 18
host_utc=2026-10-04T03:35:30.321+00:00 host_mono_ns=2843949511962275 [2026-10-04 03:35:30.321] [info] restore label stack
host_utc=2026-10-04T03:35:30.321+00:00 host_mono_ns=2843949511974739 local_cell_num: 21
host_utc=2026-10-04T03:35:30.321+00:00 host_mono_ns=2843949511986952 locals.values.size: 21
host_utc=2026-10-04T03:35:30.321+00:00 host_mono_ns=2843949511999145 [2026-10-04 03:35:30.321] [info] restore label stack
host_utc=2026-10-04T03:35:30.321+00:00 host_mono_ns=2843949512035784 local_cell_num: 10
host_utc=2026-10-04T03:35:30.321+00:00 host_mono_ns=2843949512049560 locals.values.size: 10
host_utc=2026-10-04T03:35:30.321+00:00 host_mono_ns=2843949512061914 [2026-10-04 03:35:30.321] [info] restore label stack
host_utc=2026-10-04T03:35:30.321+00:00 host_mono_ns=2843949512089987 local_cell_num: 2
host_utc=2026-10-04T03:35:30.321+00:00 host_mono_ns=2843949512102711 locals.values.size: 2
host_utc=2026-10-04T03:35:30.321+00:00 host_mono_ns=2843949512115184 [2026-10-04 03:35:30.321] [info] restore label stack
host_utc=2026-10-04T03:35:30.321+00:00 host_mono_ns=2843949512127477 local_cell_num: 9
host_utc=2026-10-04T03:35:30.321+00:00 host_mono_ns=2843949512139731 locals.values.size: 9
host_utc=2026-10-04T03:35:30.321+00:00 host_mono_ns=2843949512152144 [2026-10-04 03:35:30.321] [info] restore label stack
host_utc=2026-10-04T03:35:30.321+00:00 host_mono_ns=2843949512164507 local_cell_num: 9
host_utc=2026-10-04T03:35:30.322+00:00 host_mono_ns=2843949512176911 locals.values.size: 9
host_utc=2026-10-04T03:35:30.322+00:00 host_mono_ns=2843949512189144 [2026-10-04 03:35:30.321] [info] restore label stack
host_utc=2026-10-04T03:35:30.322+00:00 host_mono_ns=2843949512201447 local_cell_num: 6
host_utc=2026-10-04T03:35:30.322+00:00 host_mono_ns=2843949512213660 locals.values.size: 6
host_utc=2026-10-04T03:35:30.322+00:00 host_mono_ns=2843949512225943 [2026-10-04 03:35:30.321] [info] restore label stack
host_utc=2026-10-04T03:35:30.322+00:00 host_mono_ns=2843949512238467 [2026-10-04 03:35:30.321] [info] Finish to restore stack
host_utc=2026-10-04T03:35:30.322+00:00 host_mono_ns=2843949512251301 
host_utc=2026-10-04T03:35:30.322+00:00 host_mono_ns=2843949512274996 stack, 211289
host_utc=2026-10-04T03:35:30.322+00:00 host_mono_ns=2843949512288472 global, 32401
host_utc=2026-10-04T03:35:30.322+00:00 host_mono_ns=2843949512301186 program counter, 19326
host_utc=2026-10-04T03:35:30.322+00:00 host_mono_ns=2843949512314040 initします
host_utc=2026-10-04T03:35:30.323+00:00 host_mono_ns=2843949513216605 wasm_cluster_increase_checkpointing_counter called 1
host_utc=2026-10-04T03:35:30.323+00:00 host_mono_ns=2843949513247533 Restoring wasm thread 6
host_utc=2026-10-04T03:35:30.323+00:00 host_mono_ns=2843949513263423 wasm_cluster_increase_checkpointing_counter called 2
host_utc=2026-10-04T03:35:30.323+00:00 host_mono_ns=2843949513275376 wasm_cluster_increase_checkpointing_counter called 3
host_utc=2026-10-04T03:35:30.323+00:00 host_mono_ns=2843949513285595 [2026-10-04 03:35:30.322] [info] wasm_restore_stack
host_utc=2026-10-04T03:35:30.323+00:00 host_mono_ns=2843949513297407 
host_utc=2026-10-04T03:35:30.323+00:00 host_mono_ns=2843949513310582 boot_end, 2843949513050872
host_utc=2026-10-04T03:35:30.323+00:00 host_mono_ns=2843949513331622 local_cell_num: 2
host_utc=2026-10-04T03:35:30.323+00:00 host_mono_ns=2843949513341661 locals.values.size: 2
host_utc=2026-10-04T03:35:30.323+00:00 host_mono_ns=2843949513350518 [2026-10-04 03:35:30.322] [info] restore label stack
host_utc=2026-10-04T03:35:30.323+00:00 host_mono_ns=2843949513359184 local_cell_num: 8
host_utc=2026-10-04T03:35:30.323+00:00 host_mono_ns=2843949513367430 locals.values.size: 8
host_utc=2026-10-04T03:35:30.323+00:00 host_mono_ns=2843949513375815 [2026-10-04 03:35:30.322] [info] restore label stack
host_utc=2026-10-04T03:35:30.323+00:00 host_mono_ns=2843949513384672 local_cell_num: 14
host_utc=2026-10-04T03:35:30.323+00:00 host_mono_ns=2843949513392888 locals.values.size: 14
host_utc=2026-10-04T03:35:30.323+00:00 host_mono_ns=2843949513401404 [21:59:09:136 - 7D114E7F6840]: [2026-10-04 03:35:30.322] [info] restore env, pthread_exit)
host_utc=2026-10-04T03:35:30.323+00:00 host_mono_ns=2843949513410681 local_cell_num: 8
host_utc=2026-10-04T03:35:30.323+00:00 host_mono_ns=2843949513418967 locals.values.size: 8
host_utc=2026-10-04T03:35:30.323+00:00 host_mono_ns=2843949513427273 [2026-10-04 03:35:30.322] [info] restore label stack
host_utc=2026-10-04T03:35:30.323+00:00 host_mono_ns=2843949513435628 local_cell_num: 13
host_utc=2026-10-04T03:35:30.323+00:00 host_mono_ns=2843949513443714 locals.values.size: 13
host_utc=2026-10-04T03:35:30.323+00:00 host_mono_ns=2843949513452039 [2026-10-04 03:35:30.322] [info] restore label stack
host_utc=2026-10-04T03:35:30.323+00:00 host_mono_ns=2843949513471416 local_cell_num: 19
host_utc=2026-10-04T03:35:30.323+00:00 host_mono_ns=2843949513479872 locals.values.size: 19
host_utc=2026-10-04T03:35:30.323+00:00 host_mono_ns=2843949513490813 [2026-10-04 03:35:30.322] [info] restore label stack
host_utc=2026-10-04T03:35:30.323+00:00 host_mono_ns=2843949513502745 local_cell_num: 63
host_utc=2026-10-04T03:35:30.323+00:00 host_mono_ns=2843949513512073 locals.values.size: 63
host_utc=2026-10-04T03:35:30.323+00:00 host_mono_ns=2843949513520409 [2026-10-04 03:35:30.322] [info] restore label stack
host_utc=2026-10-04T03:35:30.323+00:00 host_mono_ns=2843949513528864 local_cell_num: 9
host_utc=2026-10-04T03:35:30.323+00:00 host_mono_ns=2843949513537150 locals.values.size: 9
host_utc=2026-10-04T03:35:30.323+00:00 host_mono_ns=2843949513545416 [2026-10-04 03:35:30.322] [info] restore label stack
host_utc=2026-10-04T03:35:30.323+00:00 host_mono_ns=2843949513553762 thread 6 restore
host_utc=2026-10-04T03:35:30.323+00:00 host_mono_ns=2843949513562177 local_cell_num: 9
host_utc=2026-10-04T03:35:30.323+00:00 host_mono_ns=2843949513570483 locals.values.size: 9
host_utc=2026-10-04T03:35:30.323+00:00 host_mono_ns=2843949513578669 [2026-10-04 03:35:30.323] [info] restore label stack
host_utc=2026-10-04T03:35:30.323+00:00 host_mono_ns=2843949513587004 local_cell_num: 6
host_utc=2026-10-04T03:35:30.323+00:00 host_mono_ns=2843949513595120 locals.values.size: 6
host_utc=2026-10-04T03:35:30.323+00:00 host_mono_ns=2843949513603335 [2026-10-04 03:35:30.323] [info] restore label stack
host_utc=2026-10-04T03:35:30.323+00:00 host_mono_ns=2843949513611741 [2026-10-04 03:35:30.323] [info] Finish to restore stack
host_utc=2026-10-04T03:35:30.323+00:00 host_mono_ns=2843949513620317 
host_utc=2026-10-04T03:35:30.323+00:00 host_mono_ns=2843949513629034 stack, 111972
host_utc=2026-10-04T03:35:30.323+00:00 host_mono_ns=2843949513637600 global, 29997
host_utc=2026-10-04T03:35:30.323+00:00 host_mono_ns=2843949513651867 program counter, 15699
host_utc=2026-10-04T03:35:30.323+00:00 host_mono_ns=2843949513660704 initします
host_utc=2026-10-04T03:35:30.324+00:00 host_mono_ns=2843949514449623 boot_end, 2843949514265937
host_utc=2026-10-04T03:35:30.324+00:00 host_mono_ns=2843949514475833 stack, 69210
host_utc=2026-10-04T03:35:30.324+00:00 host_mono_ns=2843949514485391 global, 12704
host_utc=2026-10-04T03:35:30.324+00:00 host_mono_ns=2843949514491462 program counter, 9358
host_utc=2026-10-04T03:35:30.324+00:00 host_mono_ns=2843949514501782 wasm_cluster_increase_checkpointing_counter called 1
host_utc=2026-10-04T03:35:30.324+00:00 host_mono_ns=2843949514508655 Restoring wasm thread 5
host_utc=2026-10-04T03:35:30.324+00:00 host_mono_ns=2843949514514606 wasm_cluster_increase_checkpointing_counter called 2
host_utc=2026-10-04T03:35:30.324+00:00 host_mono_ns=2843949514520457 wasm_cluster_increase_checkpointing_counter called 3
host_utc=2026-10-04T03:35:30.324+00:00 host_mono_ns=2843949514526158 [2026-10-04 03:35:30.324] [info] wasm_restore_stack
host_utc=2026-10-04T03:35:30.324+00:00 host_mono_ns=2843949514532009 
host_utc=2026-10-04T03:35:30.324+00:00 host_mono_ns=2843949514538030 local_cell_num: 2
host_utc=2026-10-04T03:35:30.324+00:00 host_mono_ns=2843949514543741 locals.values.size: 2
host_utc=2026-10-04T03:35:30.324+00:00 host_mono_ns=2843949514549482 [2026-10-04 03:35:30.324] [info] restore label stack
host_utc=2026-10-04T03:35:30.324+00:00 host_mono_ns=2843949514555233 local_cell_num: 8
host_utc=2026-10-04T03:35:30.324+00:00 host_mono_ns=2843949514560833 locals.values.size: 8
host_utc=2026-10-04T03:35:30.324+00:00 host_mono_ns=2843949514566334 [2026-10-04 03:35:30.324] [info] restore label stack
host_utc=2026-10-04T03:35:30.324+00:00 host_mono_ns=2843949514571914 local_cell_num: 14
host_utc=2026-10-04T03:35:30.324+00:00 host_mono_ns=2843949514577445 locals.values.size: 14
host_utc=2026-10-04T03:35:30.324+00:00 host_mono_ns=2843949514583176 [2026-10-04 03:35:30.324] [info] restore label stack
host_utc=2026-10-04T03:35:30.324+00:00 host_mono_ns=2843949514588706 local_cell_num: 8
host_utc=2026-10-04T03:35:30.324+00:00 host_mono_ns=2843949514601420 locals.values.size: 8
host_utc=2026-10-04T03:35:30.324+00:00 host_mono_ns=2843949514607171 [2026-10-04 03:35:30.324] [info] restore label stack
host_utc=2026-10-04T03:35:30.324+00:00 host_mono_ns=2843949514612762 local_cell_num: 13
host_utc=2026-10-04T03:35:30.324+00:00 host_mono_ns=2843949514618222 locals.values.size: 13
host_utc=2026-10-04T03:35:30.324+00:00 host_mono_ns=2843949514623832 [2026-10-04 03:35:30.324] [info] restore label stack
host_utc=2026-10-04T03:35:30.324+00:00 host_mono_ns=2843949514629423 local_cell_num: 19
host_utc=2026-10-04T03:35:30.324+00:00 host_mono_ns=2843949514634963 locals.values.size: 19
host_utc=2026-10-04T03:35:30.324+00:00 host_mono_ns=2843949514640424 [2026-10-04 03:35:30.324] [info] restore label stack
host_utc=2026-10-04T03:35:30.324+00:00 host_mono_ns=2843949514646205 local_cell_num: 63
host_utc=2026-10-04T03:35:30.324+00:00 host_mono_ns=2843949514651575 locals.values.size: 63
host_utc=2026-10-04T03:35:30.324+00:00 host_mono_ns=2843949514656975 [2026-10-04 03:35:30.324] [info] restore label stack
host_utc=2026-10-04T03:35:30.324+00:00 host_mono_ns=2843949514662475 local_cell_num: 9
host_utc=2026-10-04T03:35:30.324+00:00 host_mono_ns=2843949514667986 locals.values.size: 9
host_utc=2026-10-04T03:35:30.324+00:00 host_mono_ns=2843949514673456 [2026-10-04 03:35:30.324] [info] restore label stack
host_utc=2026-10-04T03:35:30.324+00:00 host_mono_ns=2843949514679007 local_cell_num: 9
host_utc=2026-10-04T03:35:30.324+00:00 host_mono_ns=2843949514684427 locals.values.size: 9
host_utc=2026-10-04T03:35:30.324+00:00 host_mono_ns=2843949514689927 [2026-10-04 03:35:30.324] [info] restore label stack
host_utc=2026-10-04T03:35:30.324+00:00 host_mono_ns=2843949514695388 local_cell_num: 6
host_utc=2026-10-04T03:35:30.324+00:00 host_mono_ns=2843949514700838 locals.values.size: 6
host_utc=2026-10-04T03:35:30.324+00:00 host_mono_ns=2843949514706338 [2026-10-04 03:35:30.324] [info] restore label stack
host_utc=2026-10-04T03:35:30.324+00:00 host_mono_ns=2843949514711879 [2026-10-04 03:35:30.324] [info] Finish to restore stack
host_utc=2026-10-04T03:35:30.324+00:00 host_mono_ns=2843949514717690 
host_utc=2026-10-04T03:35:30.324+00:00 host_mono_ns=2843949514834340 initします
host_utc=2026-10-04T03:35:30.325+00:00 host_mono_ns=2843949516141729 boot_end, 2843949516024999
host_utc=2026-10-04T03:35:30.325+00:00 host_mono_ns=2843949516161867 [21:59:09:354 - 7D114E7F6840]: warning: failed to link import function (env, pthread_exit)
host_utc=2026-10-04T03:35:30.326+00:00 host_mono_ns=2843949516173129 wasm_cluster_increase_checkpointing_counter called 1
host_utc=2026-10-04T03:35:30.326+00:00 host_mono_ns=2843949516183057 wasm_cluster_increase_checkpointing_counter called 2
host_utc=2026-10-04T03:35:30.326+00:00 host_mono_ns=2843949516192064 wasm_cluster_increase_checkpointing_counter called 3
host_utc=2026-10-04T03:35:30.326+00:00 host_mono_ns=2843949516200711 thread 5 restore
host_utc=2026-10-04T03:35:30.326+00:00 host_mono_ns=2843949516209708 Restoring wasm thread 4
host_utc=2026-10-04T03:35:30.326+00:00 host_mono_ns=2843949516221570 [2026-10-04 03:35:30.325] [info] wasm_restore_stack
host_utc=2026-10-04T03:35:30.326+00:00 host_mono_ns=2843949516233443 
host_utc=2026-10-04T03:35:30.326+00:00 host_mono_ns=2843949516248020 [21:59:09:111 - 7D114E7F6840]: warning: failed to link import function (env, pthread_exit)
host_utc=2026-10-04T03:35:30.326+00:00 host_mono_ns=2843949516257298 local_cell_num: 2
host_utc=2026-10-04T03:35:30.326+00:00 host_mono_ns=2843949516265914 locals.values.size: 2
host_utc=2026-10-04T03:35:30.326+00:00 host_mono_ns=2843949516274610 [2026-10-04 03:35:30.325] [info] restore label stack
host_utc=2026-10-04T03:35:30.326+00:00 host_mono_ns=2843949516283217 local_cell_num: 8
host_utc=2026-10-04T03:35:30.326+00:00 host_mono_ns=2843949516291582 locals.values.size: 8
host_utc=2026-10-04T03:35:30.326+00:00 host_mono_ns=2843949516299928 [2026-10-04 03:35:30.325] [info] restore label stack
host_utc=2026-10-04T03:35:30.326+00:00 host_mono_ns=2843949516308394 local_cell_num: 14
host_utc=2026-10-04T03:35:30.326+00:00 host_mono_ns=2843949516326078 locals.values.size: 14
host_utc=2026-10-04T03:35:30.326+00:00 host_mono_ns=2843949516334854 [2026-10-04 03:35:30.325] [info] restore label stack
host_utc=2026-10-04T03:35:30.326+00:00 host_mono_ns=2843949516343290 local_cell_num: 215
host_utc=2026-10-04T03:35:30.326+00:00 host_mono_ns=2843949516351576 locals.values.size: 215
host_utc=2026-10-04T03:35:30.326+00:00 host_mono_ns=2843949516360122 [2026-10-04 03:35:30.325] [info] restore label stack
host_utc=2026-10-04T03:35:30.326+00:00 host_mono_ns=2843949516368458 local_cell_num: 77
host_utc=2026-10-04T03:35:30.326+00:00 host_mono_ns=2843949516376613 locals.values.size: 77
host_utc=2026-10-04T03:35:30.326+00:00 host_mono_ns=2843949516385019 [2026-10-04 03:35:30.325] [info] restore label stack
host_utc=2026-10-04T03:35:30.326+00:00 host_mono_ns=2843949516393405 thread 4 restore
host_utc=2026-10-04T03:35:30.326+00:00 host_mono_ns=2843949516401710 local_cell_num: 22
host_utc=2026-10-04T03:35:30.326+00:00 host_mono_ns=2843949516409846 locals.values.size: 22
host_utc=2026-10-04T03:35:30.326+00:00 host_mono_ns=2843949516418302 [2026-10-04 03:35:30.325] [info] restore label stack
host_utc=2026-10-04T03:35:30.326+00:00 host_mono_ns=2843949516426708 [2026-10-04 03:35:30.325] [info] Finish to restore stack
host_utc=2026-10-04T03:35:30.326+00:00 host_mono_ns=2843949516435254 
host_utc=2026-10-04T03:35:30.326+00:00 host_mono_ns=2843949516447427 stack, 109677
host_utc=2026-10-04T03:35:30.326+00:00 host_mono_ns=2843949516456123 global, 19547
host_utc=2026-10-04T03:35:30.326+00:00 host_mono_ns=2843949516464409 program counter, 9918
host_utc=2026-10-04T03:35:30.326+00:00 host_mono_ns=2843949516625603 initします
host_utc=2026-10-04T03:35:30.327+00:00 host_mono_ns=2843949518018023 boot_end, 2843949517835168
host_utc=2026-10-04T03:35:30.327+00:00 host_mono_ns=2843949518041508 stack, 85361
host_utc=2026-10-04T03:35:30.327+00:00 host_mono_ns=2843949518052158 wasm_cluster_increase_checkpointing_counter called 1
host_utc=2026-10-04T03:35:30.327+00:00 host_mono_ns=2843949518063569 Restoring wasm thread 3
host_utc=2026-10-04T03:35:30.327+00:00 host_mono_ns=2843949518073638 wasm_cluster_increase_checkpointing_counter called 2
host_utc=2026-10-04T03:35:30.327+00:00 host_mono_ns=2843949518083607 wasm_cluster_increase_checkpointing_counter called 3
host_utc=2026-10-04T03:35:30.327+00:00 host_mono_ns=2843949518093526 [2026-10-04 03:35:30.327] [info] wasm_restore_stack
host_utc=2026-10-04T03:35:30.327+00:00 host_mono_ns=2843949518103465 
host_utc=2026-10-04T03:35:30.327+00:00 host_mono_ns=2843949518113383 local_cell_num: 2
host_utc=2026-10-04T03:35:30.327+00:00 host_mono_ns=2843949518123092 locals.values.size: 2
host_utc=2026-10-04T03:35:30.327+00:00 host_mono_ns=2843949518132700 [2026-10-04 03:35:30.327] [info] restore label stack
host_utc=2026-10-04T03:35:30.327+00:00 host_mono_ns=2843949518142539 local_cell_num: 8
host_utc=2026-10-04T03:35:30.327+00:00 host_mono_ns=2843949518152067 locals.values.size: 8
host_utc=2026-10-04T03:35:30.327+00:00 host_mono_ns=2843949518161635 [2026-10-04 03:35:30.327] [info] restore label stack
host_utc=2026-10-04T03:35:30.328+00:00 host_mono_ns=2843949518171263 local_cell_num: 14
host_utc=2026-10-04T03:35:30.328+00:00 host_mono_ns=2843949518180851 locals.values.size: 14
host_utc=2026-10-04T03:35:30.328+00:00 host_mono_ns=2843949518190529 [2026-10-04 03:35:30.327] [info] restore label stack
host_utc=2026-10-04T03:35:30.328+00:00 host_mono_ns=2843949518200268 [21:59:09:916 - 7D114E7F6840]: warning: failed to link import function (env, pthread_exit)
host_utc=2026-10-04T03:35:30.328+00:00 host_mono_ns=2843949518213813 local_cell_num: 215
host_utc=2026-10-04T03:35:30.328+00:00 host_mono_ns=2843949518225205 locals.values.size: 215
host_utc=2026-10-04T03:35:30.328+00:00 host_mono_ns=2843949518235083 [2026-10-04 03:35:30.327] [info] restore label stack
host_utc=2026-10-04T03:35:30.328+00:00 host_mono_ns=2843949518244812 local_cell_num: 77
host_utc=2026-10-04T03:35:30.328+00:00 host_mono_ns=2843949518262104 locals.values.size: 77
host_utc=2026-10-04T03:35:30.328+00:00 host_mono_ns=2843949518271973 [2026-10-04 03:35:30.327] [info] restore label stack
host_utc=2026-10-04T03:35:30.328+00:00 host_mono_ns=2843949518281782 local_cell_num: 22
host_utc=2026-10-04T03:35:30.328+00:00 host_mono_ns=2843949518291350 locals.values.size: 22
host_utc=2026-10-04T03:35:30.328+00:00 host_mono_ns=2843949518300958 [2026-10-04 03:35:30.327] [info] restore label stack
host_utc=2026-10-04T03:35:30.328+00:00 host_mono_ns=2843949518310746 [2026-10-04 03:35:30.327] [info] Finish to restore stack
host_utc=2026-10-04T03:35:30.328+00:00 host_mono_ns=2843949518320585 
host_utc=2026-10-04T03:35:30.328+00:00 host_mono_ns=2843949518330153 global, 17533
host_utc=2026-10-04T03:35:30.328+00:00 host_mono_ns=2843949518339801 program counter, 10099
host_utc=2026-10-04T03:35:30.328+00:00 host_mono_ns=2843949518354609 initします
host_utc=2026-10-04T03:35:30.329+00:00 host_mono_ns=2843949519283564 boot_end, 2843949519115586
host_utc=2026-10-04T03:35:30.329+00:00 host_mono_ns=2843949519298873 stack, 59572
host_utc=2026-10-04T03:35:30.329+00:00 host_mono_ns=2843949519309012 global, 11683
host_utc=2026-10-04T03:35:30.329+00:00 host_mono_ns=2843949519319421 program counter, 7003
host_utc=2026-10-04T03:35:30.329+00:00 host_mono_ns=2843949519329581 thread 3 restore
host_utc=2026-10-04T03:35:30.329+00:00 host_mono_ns=2843949519339419 wasm_cluster_increase_checkpointing_counter called 1
host_utc=2026-10-04T03:35:30.329+00:00 host_mono_ns=2843949519349388 Restoring wasm thread 2
host_utc=2026-10-04T03:35:30.329+00:00 host_mono_ns=2843949519359166 wasm_cluster_increase_checkpointing_counter called 2
host_utc=2026-10-04T03:35:30.329+00:00 host_mono_ns=2843949519369085 wasm_cluster_increase_checkpointing_counter called 3
host_utc=2026-10-04T03:35:30.329+00:00 host_mono_ns=2843949519378974 [2026-10-04 03:35:30.328] [info] wasm_restore_stack
host_utc=2026-10-04T03:35:30.329+00:00 host_mono_ns=2843949519388792 
host_utc=2026-10-04T03:35:30.329+00:00 host_mono_ns=2843949519398631 local_cell_num: 2
host_utc=2026-10-04T03:35:30.329+00:00 host_mono_ns=2843949519408269 locals.values.size: 2
host_utc=2026-10-04T03:35:30.329+00:00 host_mono_ns=2843949519417937 [2026-10-04 03:35:30.329] [info] restore label stack
host_utc=2026-10-04T03:35:30.329+00:00 host_mono_ns=2843949519427656 local_cell_num: 8
host_utc=2026-10-04T03:35:30.329+00:00 host_mono_ns=2843949519437204 locals.values.size: 8
host_utc=2026-10-04T03:35:30.329+00:00 host_mono_ns=2843949519446742 [2026-10-04 03:35:30.329] [info] restore label stack
host_utc=2026-10-04T03:35:30.329+00:00 host_mono_ns=2843949519456350 local_cell_num: 14
host_utc=2026-10-04T03:35:30.329+00:00 host_mono_ns=2843949519465808 locals.values.size: 14
host_utc=2026-10-04T03:35:30.329+00:00 host_mono_ns=2843949519475376 [2026-10-04 03:35:30.329] [info] restore label stack
host_utc=2026-10-04T03:35:30.329+00:00 host_mono_ns=2843949519485124 local_cell_num: 215
host_utc=2026-10-04T03:35:30.329+00:00 host_mono_ns=2843949519494722 locals.values.size: 215
host_utc=2026-10-04T03:35:30.329+00:00 host_mono_ns=2843949519504311 [2026-10-04 03:35:30.329] [info] restore label stack
host_utc=2026-10-04T03:35:30.329+00:00 host_mono_ns=2843949519513889 local_cell_num: 77
host_utc=2026-10-04T03:35:30.329+00:00 host_mono_ns=2843949519523367 locals.values.size: 77
host_utc=2026-10-04T03:35:30.329+00:00 host_mono_ns=2843949519532844 [2026-10-04 03:35:30.329] [info] restore label stack
host_utc=2026-10-04T03:35:30.329+00:00 host_mono_ns=2843949519542412 local_cell_num: 22
host_utc=2026-10-04T03:35:30.329+00:00 host_mono_ns=2843949519551880 locals.values.size: 22
host_utc=2026-10-04T03:35:30.329+00:00 host_mono_ns=2843949519561519 [2026-10-04 03:35:30.329] [info] restore label stack
host_utc=2026-10-04T03:35:30.329+00:00 host_mono_ns=2843949519571157 [2026-10-04 03:35:30.329] [info] Finish to restore stack
host_utc=2026-10-04T03:35:30.329+00:00 host_mono_ns=2843949519581025 
host_utc=2026-10-04T03:35:30.329+00:00 host_mono_ns=2843949519595192 initします
host_utc=2026-10-04T03:35:30.330+00:00 host_mono_ns=2843949520533174 boot_end, 2843949520384272
host_utc=2026-10-04T03:35:30.330+00:00 host_mono_ns=2843949520548893 stack, 57850
host_utc=2026-10-04T03:35:30.330+00:00 host_mono_ns=2843949520559022 global, 11532
host_utc=2026-10-04T03:35:30.330+00:00 host_mono_ns=2843949520568991 program counter, 8797
host_utc=2026-10-04T03:35:30.330+00:00 host_mono_ns=2843949520583739 wasm_cluster_increase_checkpointing_counter called 1
host_utc=2026-10-04T03:35:30.330+00:00 host_mono_ns=2843949520593858 wasm_cluster_increase_checkpointing_counter called 2
host_utc=2026-10-04T03:35:30.330+00:00 host_mono_ns=2843949520603777 wasm_cluster_increase_checkpointing_counter called 3
host_utc=2026-10-04T03:35:30.330+00:00 host_mono_ns=2843949520613646 [21:59:09:205 - 7D114E7F6840]: warning: failed to link import function (env, pthread_exit)
host_utc=2026-10-04T03:35:30.330+00:00 host_mono_ns=2843949520623715 thread 2 restore
host_utc=2026-10-04T03:35:30.330+00:00 host_mono_ns=2843949520633503 Restoring wasm thread 1
host_utc=2026-10-04T03:35:30.330+00:00 host_mono_ns=2843949520643232 [2026-10-04 03:35:30.330] [info] wasm_restore_stack
host_utc=2026-10-04T03:35:30.330+00:00 host_mono_ns=2843949520653090 
host_utc=2026-10-04T03:35:30.330+00:00 host_mono_ns=2843949520662768 local_cell_num: 2
host_utc=2026-10-04T03:35:30.330+00:00 host_mono_ns=2843949520672306 locals.values.size: 2
host_utc=2026-10-04T03:35:30.330+00:00 host_mono_ns=2843949520681905 [2026-10-04 03:35:30.330] [info] restore label stack
host_utc=2026-10-04T03:35:30.330+00:00 host_mono_ns=2843949520691503 local_cell_num: 8
host_utc=2026-10-04T03:35:30.330+00:00 host_mono_ns=2843949520701031 locals.values.size: 8
host_utc=2026-10-04T03:35:30.330+00:00 host_mono_ns=2843949520710689 [2026-10-04 03:35:30.330] [info] restore label stack
host_utc=2026-10-04T03:35:30.330+00:00 host_mono_ns=2843949520720417 local_cell_num: 14
host_utc=2026-10-04T03:35:30.330+00:00 host_mono_ns=2843949520729895 locals.values.size: 14
host_utc=2026-10-04T03:35:30.330+00:00 host_mono_ns=2843949520739413 [2026-10-04 03:35:30.330] [info] restore label stack
host_utc=2026-10-04T03:35:30.330+00:00 host_mono_ns=2843949520749021 local_cell_num: 215
host_utc=2026-10-04T03:35:30.330+00:00 host_mono_ns=2843949520758559 locals.values.size: 215
host_utc=2026-10-04T03:35:30.330+00:00 host_mono_ns=2843949520768127 [2026-10-04 03:35:30.330] [info] restore label stack
host_utc=2026-10-04T03:35:30.330+00:00 host_mono_ns=2843949520777776 local_cell_num: 77
host_utc=2026-10-04T03:35:30.330+00:00 host_mono_ns=2843949520787173 locals.values.size: 77
host_utc=2026-10-04T03:35:30.330+00:00 host_mono_ns=2843949520796782 [2026-10-04 03:35:30.330] [info] restore label stack
host_utc=2026-10-04T03:35:30.330+00:00 host_mono_ns=2843949520806460 local_cell_num: 22
host_utc=2026-10-04T03:35:30.330+00:00 host_mono_ns=2843949520815898 locals.values.size: 22
host_utc=2026-10-04T03:35:30.330+00:00 host_mono_ns=2843949520825436 [2026-10-04 03:35:30.330] [info] restore label stack
host_utc=2026-10-04T03:35:30.330+00:00 host_mono_ns=2843949520835194 [2026-10-04 03:35:30.330] [info] Finish to restore stack
host_utc=2026-10-04T03:35:30.330+00:00 host_mono_ns=2843949520844943 
host_utc=2026-10-04T03:35:30.330+00:00 host_mono_ns=2843949520995838 initします
host_utc=2026-10-04T03:35:30.330+00:00 host_mono_ns=2843949521026355 [21:59:09:470 - 7D114E7F6840]: warning: failed to link import function (env, pthread_exit)
host_utc=2026-10-04T03:35:30.330+00:00 host_mono_ns=2843949521040582 wasm_cluster_increase_checkpointing_counter called 1
host_utc=2026-10-04T03:35:30.330+00:00 host_mono_ns=2843949521050731 wasm_cluster_increase_checkpointing_counter called 2
host_utc=2026-10-04T03:35:30.330+00:00 host_mono_ns=2843949521060640 wasm_cluster_increase_checkpointing_counter called 3
host_utc=2026-10-04T03:35:30.330+00:00 host_mono_ns=2843949521070529 thread 1 restore
host_utc=2026-10-04T03:35:30.330+00:00 host_mono_ns=2843949521080267 [2026-10-04 03:35:30.330] [info] wasm_restore_stack
host_utc=2026-10-04T03:35:30.330+00:00 host_mono_ns=2843949521100726 
host_utc=2026-10-04T03:35:30.332+00:00 host_mono_ns=2843949522357960 boot_end, 2843949522206685
host_utc=2026-10-04T03:35:30.332+00:00 host_mono_ns=2843949522371636 stack, 1441182
host_utc=2026-10-04T03:35:30.332+00:00 host_mono_ns=2843949522391263 stack, 99268
host_utc=2026-10-04T03:35:30.332+00:00 host_mono_ns=2843949522405420 [2026-10-04 03:35:30.332] [info] wasm_restore_stack
host_utc=2026-10-04T03:35:30.332+00:00 host_mono_ns=2843949522416130 
host_utc=2026-10-04T03:35:30.332+00:00 host_mono_ns=2843949522425829 local_cell_num: 1
host_utc=2026-10-04T03:35:30.332+00:00 host_mono_ns=2843949522435467 locals.values.size: 1
host_utc=2026-10-04T03:35:30.332+00:00 host_mono_ns=2843949522445977 [2026-10-04 03:35:30.332] [info] restore label stack
host_utc=2026-10-04T03:35:30.332+00:00 host_mono_ns=2843949522455585 local_cell_num: 3
host_utc=2026-10-04T03:35:30.332+00:00 host_mono_ns=2843949522465063 locals.values.size: 3
host_utc=2026-10-04T03:35:30.332+00:00 host_mono_ns=2843949522474631 [2026-10-04 03:35:30.332] [info] restore label stack
host_utc=2026-10-04T03:35:30.332+00:00 host_mono_ns=2843949522484159 local_cell_num: 170
host_utc=2026-10-04T03:35:30.332+00:00 host_mono_ns=2843949522493647 locals.values.size: 170
host_utc=2026-10-04T03:35:30.332+00:00 host_mono_ns=2843949522503285 [2026-10-04 03:35:30.332] [info] restore label stack
host_utc=2026-10-04T03:35:30.332+00:00 host_mono_ns=2843949522512883 local_cell_num: 19
host_utc=2026-10-04T03:35:30.332+00:00 host_mono_ns=2843949522522331 locals.values.size: 19
host_utc=2026-10-04T03:35:30.332+00:00 host_mono_ns=2843949522531989 [2026-10-04 03:35:30.332] [info] restore label stack
host_utc=2026-10-04T03:35:30.332+00:00 host_mono_ns=2843949522541667 local_cell_num: 63
host_utc=2026-10-04T03:35:30.332+00:00 host_mono_ns=2843949522551075 locals.values.size: 63
host_utc=2026-10-04T03:35:30.332+00:00 host_mono_ns=2843949522560653 [2026-10-04 03:35:30.332] [info] restore label stack
host_utc=2026-10-04T03:35:30.332+00:00 host_mono_ns=2843949522570291 local_cell_num: 9
host_utc=2026-10-04T03:35:30.332+00:00 host_mono_ns=2843949522579719 locals.values.size: 9
host_utc=2026-10-04T03:35:30.332+00:00 host_mono_ns=2843949522589147 [2026-10-04 03:35:30.332] [info] restore label stack
host_utc=2026-10-04T03:35:30.332+00:00 host_mono_ns=2843949522598775 local_cell_num: 9
host_utc=2026-10-04T03:35:30.332+00:00 host_mono_ns=2843949522608173 locals.values.size: 9
host_utc=2026-10-04T03:35:30.332+00:00 host_mono_ns=2843949522617641 [2026-10-04 03:35:30.332] [info] restore label stack
host_utc=2026-10-04T03:35:30.332+00:00 host_mono_ns=2843949522627209 local_cell_num: 6
host_utc=2026-10-04T03:35:30.332+00:00 host_mono_ns=2843949522636647 locals.values.size: 6
host_utc=2026-10-04T03:35:30.332+00:00 host_mono_ns=2843949522646225 [2026-10-04 03:35:30.332] [info] restore label stack
host_utc=2026-10-04T03:35:30.332+00:00 host_mono_ns=2843949522655793 [2026-10-04 03:35:30.332] [info] Finish to restore stack
host_utc=2026-10-04T03:35:30.332+00:00 host_mono_ns=2843949522665501 
host_utc=2026-10-04T03:35:30.332+00:00 host_mono_ns=2843949522674969 local_cell_num: 2
host_utc=2026-10-04T03:35:30.332+00:00 host_mono_ns=2843949522685740 locals.values.size: 2
host_utc=2026-10-04T03:35:30.332+00:00 host_mono_ns=2843949522696560 [2026-10-04 03:35:30.332] [info] restore label stack
host_utc=2026-10-04T03:35:30.332+00:00 host_mono_ns=2843949522709024 local_cell_num: 8
host_utc=2026-10-04T03:35:30.332+00:00 host_mono_ns=2843949522720465 locals.values.size: 8
host_utc=2026-10-04T03:35:30.332+00:00 host_mono_ns=2843949522732358 [2026-10-04 03:35:30.332] [info] restore label stack
host_utc=2026-10-04T03:35:30.332+00:00 host_mono_ns=2843949522743439 local_cell_num: 14
host_utc=2026-10-04T03:35:30.332+00:00 host_mono_ns=2843949522754349 locals.values.size: 14
host_utc=2026-10-04T03:35:30.332+00:00 host_mono_ns=2843949522765360 [2026-10-04 03:35:30.332] [info] restore label stack
host_utc=2026-10-04T03:35:30.332+00:00 host_mono_ns=2843949522776481 local_cell_num: 155
host_utc=2026-10-04T03:35:30.332+00:00 host_mono_ns=2843949522795377 locals.values.size: 155
host_utc=2026-10-04T03:35:30.332+00:00 host_mono_ns=2843949522806508 [2026-10-04 03:35:30.332] [info] restore label stack
host_utc=2026-10-04T03:35:30.332+00:00 host_mono_ns=2843949522817619 local_cell_num: 19
host_utc=2026-10-04T03:35:30.332+00:00 host_mono_ns=2843949522828549 locals.values.size: 19
host_utc=2026-10-04T03:35:30.332+00:00 host_mono_ns=2843949522839620 [2026-10-04 03:35:30.332] [info] restore label stack
host_utc=2026-10-04T03:35:30.332+00:00 host_mono_ns=2843949522850601 local_cell_num: 63
host_utc=2026-10-04T03:35:30.332+00:00 host_mono_ns=2843949522861421 locals.values.size: 63
host_utc=2026-10-04T03:35:30.332+00:00 host_mono_ns=2843949522872382 [2026-10-04 03:35:30.332] [info] restore label stack
host_utc=2026-10-04T03:35:30.332+00:00 host_mono_ns=2843949522883503 local_cell_num: 9
host_utc=2026-10-04T03:35:30.332+00:00 host_mono_ns=2843949522894324 locals.values.size: 9
host_utc=2026-10-04T03:35:30.332+00:00 host_mono_ns=2843949522905284 [2026-10-04 03:35:30.332] [info] restore label stack
host_utc=2026-10-04T03:35:30.332+00:00 host_mono_ns=2843949522916425 local_cell_num: 9
host_utc=2026-10-04T03:35:30.332+00:00 host_mono_ns=2843949522927226 locals.values.size: 9
host_utc=2026-10-04T03:35:30.332+00:00 host_mono_ns=2843949522938096 [2026-10-04 03:35:30.332] [info] restore label stack
host_utc=2026-10-04T03:35:30.332+00:00 host_mono_ns=2843949522949157 local_cell_num: 6
host_utc=2026-10-04T03:35:30.332+00:00 host_mono_ns=2843949522959957 locals.values.size: 6
host_utc=2026-10-04T03:35:30.332+00:00 host_mono_ns=2843949522970908 [2026-10-04 03:35:30.332] [info] restore label stack
host_utc=2026-10-04T03:35:30.332+00:00 host_mono_ns=2843949522982089 [2026-10-04 03:35:30.332] [info] Finish to restore stack
host_utc=2026-10-04T03:35:30.332+00:00 host_mono_ns=2843949522993391 
host_utc=2026-10-04T03:35:30.332+00:00 host_mono_ns=2843949523021925 global, 22963
host_utc=2026-10-04T03:35:30.332+00:00 host_mono_ns=2843949523037033 program counter, 12584
host_utc=2026-10-04T03:35:31.450+00:00 host_mono_ns=2843950640654712 memory, 1118047871
host_utc=2026-10-04T03:35:31.450+00:00 host_mono_ns=2843950640738540 global, 11622
host_utc=2026-10-04T03:35:31.450+00:00 host_mono_ns=2843950640755712 program counter, 12313
host_utc=2026-10-04T03:35:33.453+00:00 host_mono_ns=2843952643475115 '
host_utc=2026-10-04T03:35:33.453+00:00 host_mono_ns=2843952643573842 LOG_ERROR : 00000017.672 : [CR-STATE] netif_refresh default=0x9bf18 self=0x9bf18 same=1 stored=0x030012ac probed=0x030012ac pending=0
host_utc=2026-10-04T03:35:33.453+00:00 host_mono_ns=2843952643595443 UDP_RECV_RECOVERY action=skip reason=EINTR fd=3LOG_ERROR : 00000017.672 : LOG_ERROR : 00000017.672 : UDP_RECV_RECOVERY action=refresh status=0 reason=EINTR fd=13UDP_RECV_RECOVERY action=skip reason=EINTR fd=6
host_utc=2026-10-04T03:35:33.453+00:00 host_mono_ns=2843952643612926 
host_utc=2026-10-04T03:35:33.453+00:00 host_mono_ns=2843952643628034 
host_utc=2026-10-04T03:35:33.453+00:00 host_mono_ns=2843952643642381 LOG_ERROR : 00000017.672 : UDP_RECV_RECOVERY action=skip reason=EINTR fd=5
host_utc=2026-10-04T03:35:33.453+00:00 host_mono_ns=2843952643657370 [CR-STATE] loop id=15 guest_before=0xa500000e host_before=0x00000000
host_utc=2026-10-04T03:35:33.453+00:00 host_mono_ns=2843952643679832 [CR-STATE] netif_refresh default=0x9bf18 self=0x9bf18 same=1 stored=0x030012ac probed=0x030012ac pending=0
host_utc=2026-10-04T03:35:33.453+00:00 host_mono_ns=2843952643723605 publishing msg: 'Hello from mros2-posix onto Linux: 15'
host_utc=2026-10-04T03:35:33.453+00:00 host_mono_ns=2843952643746568 [CR-STATE] armed id=15 value=0xa500000f
host_utc=2026-10-04T03:35:33.453+00:00 host_mono_ns=2843952643760975 LOG_DEBUG : 00000018.674 : [MROS2LIB] message get [callback_handler] msg_sn_high: 0 msg_sn_low: c
host_utc=2026-10-04T03:35:33.453+00:00 host_mono_ns=2843952643775212 subscribed msg: 'Hello from mros2-posix onto Linux: 15'
host_utc=2026-10-04T03:35:33.453+00:00 host_mono_ns=2843952643791162 [CR-STATE] netif_refresh default=0x9bf18 self=0x9bf18 same=1 stored=0x030012ac probed=0x030012ac pending=0
host_utc=2026-10-04T03:35:35.456+00:00 host_mono_ns=2843954646966365 [CR-STATE] loop id=16 guest_before=0xa500000f host_before=0xa500000f
host_utc=2026-10-04T03:35:35.456+00:00 host_mono_ns=2843954647036207 publishing msg: 'Hello from mros2-posix onto Linux: 16'
host_utc=2026-10-04T03:35:35.456+00:00 host_mono_ns=2843954647061915 [CR-STATE] armed id=16 value=0xa5000010
host_utc=2026-10-04T03:35:35.456+00:00 host_mono_ns=2843954647075060 LOG_DEBUG : 00000019.675 : [MROS2LIB] message get [callback_handler] msg_sn_high: 0 msg_sn_low: d
host_utc=2026-10-04T03:35:35.456+00:00 host_mono_ns=2843954647088025 subscribed msg: 'Hello from mros2-posix onto Linux: 16'
host_utc=2026-10-04T03:35:35.456+00:00 host_mono_ns=2843954647101791 [CR-STATE] netif_refresh default=0x9bf18 self=0x9bf18 same=1 stored=0x030012ac probed=0x030012ac pending=0
host_utc=2026-10-04T03:35:35.456+00:00 host_mono_ns=2843954647113974 [CR-STATE] loop id=17 guest_before=0xa5000010 host_before=0xa5000010
host_utc=2026-10-04T03:35:35.456+00:00 host_mono_ns=2843954647125495 publishing msg: 'Hello from mros2-posix onto Linux: 17'
host_utc=2026-10-04T03:35:35.456+00:00 host_mono_ns=2843954647137218 [CR-STATE] armed id=17 value=0xa5000011
host_utc=2026-10-04T03:35:35.456+00:00 host_mono_ns=2843954647148088 LOG_DEBUG : 00000020.676 : [MROS2LIB] message get [callback_handler] msg_sn_high: 0 msg_sn_low: e
host_utc=2026-10-04T03:35:35.456+00:00 host_mono_ns=2843954647159229 subscribed msg: 'Hello from mros2-posix onto Linux: 17'
host_utc=2026-10-04T03:35:35.457+00:00 host_mono_ns=2843954647171252 [CR-STATE] netif_refresh default=0x9bf18 self=0x9bf18 same=1 stored=0x030012ac probed=0x030012ac pending=0
host_utc=2026-10-04T03:35:35.457+00:00 host_mono_ns=2843954647182563 [CR-STATE] loop id=18 guest_before=0xa5000011 host_before=0xa5000011
host_utc=2026-10-04T03:35:35.457+00:00 host_mono_ns=2843954647193524 publishing msg: 'Hello from mros2-posix onto Linux: 18'
host_utc=2026-10-04T03:35:35.457+00:00 host_mono_ns=2843954647205467 [CR-STATE] armed id=18 value=0xa5000012
host_utc=2026-10-04T03:35:38.456+00:00 host_mono_ns=2843957646933576 LOG_DEBUG : 00000021.677 : [MROS2LIB] message get [callback_handler] msg_sn_high: 0 msg_sn_low: f
host_utc=2026-10-04T03:35:38.456+00:00 host_mono_ns=2843957646995994 subscribed msg: 'Hello from mros2-posix onto Linux: 18'
host_utc=2026-10-04T03:35:38.456+00:00 host_mono_ns=2843957647042161 [CR-STATE] netif_refresh default=0x9bf18 self=0x9bf18 same=1 stored=0x030012ac probed=0x030012ac pending=0
host_utc=2026-10-04T03:35:38.456+00:00 host_mono_ns=2843957647060576 [CR-STATE] loop id=19 guest_before=0xa5000012 host_before=0xa5000012
host_utc=2026-10-04T03:35:38.456+00:00 host_mono_ns=2843957647074712 publishing msg: 'Hello from mros2-posix onto Linux: 19'
host_utc=2026-10-04T03:35:38.456+00:00 host_mono_ns=2843957647089610 [CR-STATE] armed id=19 value=0xa5000013
host_utc=2026-10-04T03:35:38.456+00:00 host_mono_ns=2843957647103146 LOG_DEBUG : 00000022.678 : [MROS2LIB] message get [callback_handler] msg_sn_high: 0 msg_sn_low: 10
host_utc=2026-10-04T03:35:38.456+00:00 host_mono_ns=2843957647116722 subscribed msg: 'Hello from mros2-posix onto Linux: 19'
host_utc=2026-10-04T03:35:38.456+00:00 host_mono_ns=2843957647131239 [CR-STATE] netif_refresh default=0x9bf18 self=0x9bf18 same=1 stored=0x030012ac probed=0x030012ac pending=0
host_utc=2026-10-04T03:35:38.456+00:00 host_mono_ns=2843957647144845 [CR-STATE] loop id=20 guest_before=0xa5000013 host_before=0xa5000013
host_utc=2026-10-04T03:35:38.456+00:00 host_mono_ns=2843957647158050 publishing msg: 'Hello from mros2-posix onto Linux: 20'
host_utc=2026-10-04T03:35:38.457+00:00 host_mono_ns=2843957647171495 [CR-STATE] armed id=20 value=0xa5000014
host_utc=2026-10-04T03:35:38.457+00:00 host_mono_ns=2843957647184259 LOG_DEBUG : 00000023.679 : [MROS2LIB] message get [callback_handler] msg_sn_high: 0 msg_sn_low: 11
host_utc=2026-10-04T03:35:38.457+00:00 host_mono_ns=2843957647197494 subscribed msg: 'Hello from mros2-posix onto Linux: 20'
host_utc=2026-10-04T03:35:40.460+00:00 host_mono_ns=2843959651073359 [CR-STATE] netif_refresh default=0x9bf18 self=0x9bf18 same=1 stored=0x030012ac probed=0x030012ac pending=0
host_utc=2026-10-04T03:35:40.460+00:00 host_mono_ns=2843959651168068 [CR-STATE] loop id=21 guest_before=0xa5000014 host_before=0xa5000014
host_utc=2026-10-04T03:35:40.461+00:00 host_mono_ns=2843959651192144 publishing msg: 'Hello from mros2-posix onto Linux: 21'
host_utc=2026-10-04T03:35:40.461+00:00 host_mono_ns=2843959651219034 [CR-STATE] armed id=21 value=0xa5000015
host_utc=2026-10-04T03:35:40.461+00:00 host_mono_ns=2843959651237760 LOG_DEBUG : 00000024.680 : [MROS2LIB] message get [callback_handler] msg_sn_high: 0 msg_sn_low: 12
host_utc=2026-10-04T03:35:40.461+00:00 host_mono_ns=2843959651256445 subscribed msg: 'Hello from mros2-posix onto Linux: 21'
host_utc=2026-10-04T03:35:40.461+00:00 host_mono_ns=2843959651277365 [CR-STATE] netif_refresh default=0x9bf18 self=0x9bf18 same=1 stored=0x030012ac probed=0x030012ac pending=0
host_utc=2026-10-04T03:35:40.461+00:00 host_mono_ns=2843959651294647 [CR-STATE] loop id=22 guest_before=0xa5000015 host_before=0xa5000015
host_utc=2026-10-04T03:35:40.461+00:00 host_mono_ns=2843959651311128 publishing msg: 'Hello from mros2-posix onto Linux: 22'
host_utc=2026-10-04T03:35:40.461+00:00 host_mono_ns=2843959651328872 [CR-STATE] armed id=22 value=0xa5000016
host_utc=2026-10-04T03:35:40.461+00:00 host_mono_ns=2843959651345253 LOG_DEBUG : 00000025.681 : [MROS2LIB] message get [callback_handler] msg_sn_high: 0 msg_sn_low: 13
host_utc=2026-10-04T03:35:40.461+00:00 host_mono_ns=2843959651361463 subscribed msg: 'Hello from mros2-posix onto Linux: 22'
host_utc=2026-10-04T03:35:40.461+00:00 host_mono_ns=2843959651378966 [CR-STATE] netif_refresh default=0x9bf18 self=0x9bf18 same=1 stored=0x030012ac probed=0x030012ac pending=0
host_utc=2026-10-04T03:35:40.461+00:00 host_mono_ns=2843959651395568 [CR-STATE] loop id=23 guest_before=0xa5000016 host_before=0xa5000016
host_utc=2026-10-04T03:35:40.461+00:00 host_mono_ns=2843959651411819 publishing msg: 'Hello from mros2-posix onto Linux: 23'
host_utc=2026-10-04T03:35:42.464+00:00 host_mono_ns=2843961654616247 [CR-STATE] armed id=23 value=0xa5000017
host_utc=2026-10-04T03:35:42.464+00:00 host_mono_ns=2843961654672884 LOG_DEBUG : 00000026.682 : [MROS2LIB] message get [callback_handler] msg_sn_high: 0 msg_sn_low: 14
host_utc=2026-10-04T03:35:42.464+00:00 host_mono_ns=2843961654688123 subscribed msg: 'Hello from mros2-posix onto Linux: 23'
host_utc=2026-10-04T03:35:42.464+00:00 host_mono_ns=2843961654708401 [CR-STATE] netif_refresh default=0x9bf18 self=0x9bf18 same=1 stored=0x030012ac probed=0x030012ac pending=0
host_utc=2026-10-04T03:35:42.464+00:00 host_mono_ns=2843961654721255 [CR-STATE] loop id=24 guest_before=0xa5000017 host_before=0xa5000017
host_utc=2026-10-04T03:35:42.464+00:00 host_mono_ns=2843961654733278 publishing msg: 'Hello from mros2-posix onto Linux: 24'
host_utc=2026-10-04T03:35:42.464+00:00 host_mono_ns=2843961654746623 [CR-STATE] armed id=24 value=0xa5000018
host_utc=2026-10-04T03:35:42.464+00:00 host_mono_ns=2843961654757684 LOG_DEBUG : 00000027.683 : [MROS2LIB] message get [callback_handler] msg_sn_high: 0 msg_sn_low: 15
host_utc=2026-10-04T03:35:42.464+00:00 host_mono_ns=2843961654768785 subscribed msg: 'Hello from mros2-posix onto Linux: 24'
host_utc=2026-10-04T03:35:42.464+00:00 host_mono_ns=2843961654781048 [CR-STATE] netif_refresh default=0x9bf18 self=0x9bf18 same=1 stored=0x030012ac probed=0x030012ac pending=0
host_utc=2026-10-04T03:35:42.464+00:00 host_mono_ns=2843961654792390 [CR-STATE] loop id=25 guest_before=0xa5000018 host_before=0xa5000018
host_utc=2026-10-04T03:35:42.464+00:00 host_mono_ns=2843961654803491 publishing msg: 'Hello from mros2-posix onto Linux: 25'
host_utc=2026-10-04T03:35:42.464+00:00 host_mono_ns=2843961654815263 [CR-STATE] armed id=25 value=0xa5000019
host_utc=2026-10-04T03:35:42.464+00:00 host_mono_ns=2843961654826154 LOG_DEBUG : 00000028.684 : [MROS2LIB] message get [callback_handler] msg_sn_high: 0 msg_sn_low: 16
host_utc=2026-10-04T03:35:42.775+00:00 host_mono_ns=2843961965949210 subscribed msg: 'Hello from mros2-posix onto Linux: 25
host_utc=2026-10-04T03:35:42.775+00:00 host_mono_ns=2843961966079796 event=collector_process_exit source=restore exit_status=143
