boot_start, 2618241115242415
11 stderr
22 stderr
signal init: 137989411702336
initします
boot_end, 2618241126401839
initします
boot_end, 2618241126666069
3 stderr
lockfree bool=1 flag=1 integer=1 align=1,1,4
initします
boot_end, 2618241127717625
initします
boot_end, 2618241128758672
initします
boot_end, 2618241129006551
initします
boot_end, 2618241130075801
initします
boot_end, 2618241130341543
initします
boot_end, 2618241131486797
initします
boot_end, 2618241131889087
initします
boot_end, 2618241132509950
CONTENTION mode=0 wins=3057 count=3057 bad=0
initします
boot_end, 2618241135468620
initします
initします
boot_end, 2618241136320259
boot_end, 2618241136555353
initします
boot_end, 2618241137200241
initします
boot_end, 2618241137475071
initします
initします
boot_end, 2618241138369901
boot_end, 2618241138609824
initします
boot_end, 2618241139272677
CONTENTION mode=1 wins=2170 count=2170 bad=0
initします
boot_end, 2618241141828065
initします
initします
boot_end, 2618241142454508
boot_end, 2618241142691466
initします
boot_end, 2618241143323921
initします
boot_end, 2618241143607387
initします
initします
boot_end, 2618241144091572
boot_end, 2618241144326035
initします
boot_end, 2618241145280017
CONTENTION mode=2 wins=1915 count=1915 bad=0
event=HELD owner=1028 guard=1 canary=5917d272 guard_addr=4400 canary_addr=4404 errno=0
initします
boot_end, 2618241148129100
initします
boot_end, 2618241148746296
event=BUSY owner=13113348 guard=1 canary=5917d272 guard_addr=4400 canary_addr=4404 errno=0
SIGUSR2 called, 137989411702336
=======スレッドの同時停止開始=========
memory, 380
global, 65854
program counter, 37030
[07:17:21:044 - 7D8029E65840]: Load type section success.

[07:17:21:059 - 7D8029E65840]: Load import section success.

[07:17:21:086 - 7D8029E65840]: Load function section success.

[07:17:21:086 - 7D8029E65840]: Load table section success.

[07:17:21:088 - 7D8029E65840]: Load global section success.

[07:17:21:089 - 7D8029E65840]: Load export section success.

[07:17:21:089 - 7D8029E65840]: Load start section success.

[07:17:21:090 - 7D8029E65840]: Load table segment section success.

[07:17:21:090 - 7D8029E65840]: Load datacount section success.

[07:17:21:091 - 7D8029E65840]: Load code segment section success.

[07:17:21:091 - 7D8029E65840]: Load data segment section success.

[07:17:21:092 - 7D8029E65840]: Ignore custom section [.debug_abbrev].
[07:17:21:092 - 7D8029E65840]: Ignore custom section [.debug_info].
[07:17:21:093 - 7D8029E65840]: Ignore custom section [.debug_ranges].
[07:17:21:093 - 7D8029E65840]: Ignore custom section [.debug_str].
[07:17:21:093 - 7D8029E65840]: Ignore custom section [.debug_line].
[07:17:21:094 - 7D8029E65840]: Ignore custom section [name].
[07:17:21:094 - 7D8029E65840]: Ignore custom section [producers].
[07:17:21:095 - 7D8029E65840]: Ignore custom section [target_features].
[07:17:21:088 - 7D8029E65840]: Load module success.

[07:17:21:091 - 7D8029E65840]: Memory instantiate:
[07:17:21:091 - 7D8029E65840]:   page bytes: 65536, init pages: 16384, max pages: 16384
[07:17:21:092 - 7D8029E65840]:   heap offset: 1073741824, heap size: 0

[07:17:21:105 - 7D8029E65840]: Memory instantiate success.
checkpoint
do_checkpoint_1
wasm_cluster_increase_checkpointing_counter called 1
wasm_cluster_increase_checkpointing_counter called 2
wasm_cluster_increase_checkpointing_counter called 3
do_checkpoint_2
checkpoint
do_checkpoint_1
wasm_cluster_increase_checkpointing_counter called 1
wasm_cluster_increase_checkpointing_counter called 2
wasm_cluster_increase_checkpointing_counter called 3
do_checkpoint_2
do_checkpoint_3
4-Thread checkpoint started
do_checkpoint_3
main-Thread checkpoint started
Stack: [ 70 70 69 68 67 66 65 64 63 62 61 60 59 58 57 56 55 54 53 52 51 50 49 48 47 46 45 44 43 42 41 40 39 38 37 36 35 34 33 32 31 30 29 28 27 26 25 24 23 22 21 20 19 18 17 16 15 14 13 12 11 10 9 8 7 6 5 4 3 2 1 0 ]
Stack: [ 1 1 1 1 1 1 1 1 1 1 1 1 1 1 1 1 1 1 1 1 1 1 1 1 1 1 1 1 1 1 1 1 1 1 1 1 1 1 1 1 1 1 1 1 1 1 1 1 1 1 1 1 1 1 1 1 1 1 1 1 1 1 1 1 1 1 1 1 1 1 1 1 ]
[2026-10-01 12:53:42.250] [info] stack_count=72, stack_size=72

[2026-10-01 12:53:42.250] [info] local_count=70, local_size=70

[2026-10-01 12:53:42.250] [info] locals: {count=70, size=70}

[2026-10-01 12:53:42.250] [info] value_stack: {count=2, size=2}

Stack: [ 7 6 5 4 3 2 1 0 ]
Stack: [ 1 1 1 1 1 1 1 1 ]
[2026-10-01 12:53:42.250] [info] stack_count=8, stack_size=8

[2026-10-01 12:53:42.250] [info] local_count=8, local_size=8

[2026-10-01 12:53:42.250] [info] locals: {count=8, size=8}

[2026-10-01 12:53:42.250] [info] value_stack: {count=0, size=0}

Stack: [ 1 0 ]
Stack: [ 1 1 ]
[2026-10-01 12:53:42.250] [info] stack_count=2, stack_size=2

[2026-10-01 12:53:42.250] [info] local_count=2, local_size=2

[2026-10-01 12:53:42.250] [info] locals: {count=2, size=2}

[2026-10-01 12:53:42.250] [info] value_stack: {count=0, size=0}

stack, 201070
4-thread attrs, 27832
call_stack size: 3
CallStackEntry: fidx=117, offset=26
pc: 
  pc: (117, 26)
locals: 
  types: 1 1 
  values: 4 13113324 
value_stack: 
  types: 
  values: 
label stack: 
  size: 1
    begins: 0 
    targets: 57 
    stack_pointers: 0 
    cell_nums: 0 
CallStackEntry: fidx=107, offset=31
pc: 
  pc: (107, 31)
locals: 
  types: 1 1 1 1 1 1 1 1 
  values: 4 13113324 13113348 0 0 0 0 0 
value_stack: 
  types: 
  values: 
label stack: 
  size: 1
    begins: 0 
    targets: 622 
    stack_pointers: 0 
    cell_nums: 0 
CallStackEntry: fidx=21, offset=218
pc: 
  pc: (21, 218)
locals: 
  types: 1 1 1 1 1 1 1 1 1 1 1 1 1 1 1 1 1 1 1 1 1 1 1 1 1 1 1 1 1 1 1 1 1 1 1 1 1 1 1 1 1 1 1 1 1 1 1 1 1 1 1 1 1 1 1 1 1 1 1 1 1 1 1 1 1 1 1 1 1 1 
  values: 0 13113312 32 13113280 0 1 0 1 1 0 1 0 1 0 0 1 0 0 0 1411 0 0 0 1 0 1 0 1 0 0 0 0 0 0 0 0 0 0 0 0 0 0 0 0 0 0 0 0 0 1 0 1 0 1 0 1 0 1 0 0 4294967295 4294967295 1 1 0 0 0 0 0 0 
value_stack: 
  types: 1 1 
  values: 0 0 
label stack: 
  size: 2
    begins: 0 212 
    targets: 705 212 
    stack_pointers: 0 0 
    cell_nums: 1 0 
[2026-10-01 12:53:42.250] [info] Success to dump frame stack

memory, 814581607
global, 65113
program counter, 26419
stack, 226007
main-thread attrs, 18905
checkpoint done:0
[07:17:21:710 - 7D8029CBC640]: Success to dump img for wamr

do_checkpoint_4
wasm_cluster_increase_checkpointing_counter called 1
wasm_cluster_increase_checkpointing_counter called 2
wasm_cluster_increase_checkpointing_counter called 3
Stack: [ 6 5 4 3 2 1 0 ]
Stack: [ 1 1 1 1 1 1 1 ]
[2026-10-01 12:53:43.064] [info] stack_count=7, stack_size=7

[2026-10-01 12:53:43.064] [info] local_count=6, local_size=6

[2026-10-01 12:53:43.064] [info] locals: {count=6, size=6}

[2026-10-01 12:53:43.064] [info] value_stack: {count=1, size=1}

Stack: [ 4 3 2 1 0 ]
Stack: [ 1 1 1 1 1 ]
[2026-10-01 12:53:43.064] [info] stack_count=5, stack_size=5

[2026-10-01 12:53:43.064] [info] local_count=5, local_size=5

[2026-10-01 12:53:43.064] [info] locals: {count=5, size=5}

[2026-10-01 12:53:43.064] [info] value_stack: {count=0, size=0}

Stack: [ 6 5 4 3 2 1 0 ]
Stack: [ 1 1 1 1 1 1 1 ]
[2026-10-01 12:53:43.064] [info] stack_count=7, stack_size=7

[2026-10-01 12:53:43.064] [info] local_count=7, local_size=7

[2026-10-01 12:53:43.064] [info] locals: {count=7, size=7}

[2026-10-01 12:53:43.064] [info] value_stack: {count=0, size=0}

Stack: [ 251 251 251 251 250 249 248 247 246 245 244 243 242 241 240 239 238 237 236 235 234 233 232 231 230 229 228 227 226 225 224 223 222 221 220 219 218 217 216 215 214 213 212 211 210 209 208 207 206 205 204 203 202 201 200 199 198 197 196 195 194 193 192 191 190 189 188 187 186 185 184 183 182 181 180 179 178 177 176 175 174 173 172 171 170 169 168 167 166 165 164 163 162 161 160 159 158 157 156 155 154 153 152 151 150 149 148 147 146 145 144 143 142 141 140 139 138 137 136 135 134 133 132 131 130 129 128 127 126 125 124 123 122 121 120 119 118 117 116 115 114 113 112 111 110 109 108 107 106 105 104 103 102 101 100 99 98 97 96 95 94 93 92 91 90 89 88 87 86 85 84 83 82 81 80 79 78 77 76 75 74 73 72 71 70 69 68 67 66 65 64 63 62 61 60 59 58 57 56 55 54 53 52 51 50 49 48 47 46 45 44 43 42 41 40 39 38 37 36 35 34 33 32 31 30 29 28 27 26 25 24 23 22 21 20 19 18 17 16 15 14 13 12 11 10 9 8 7 6 5 4 3 2 1 0 ]
Stack: [ 1 1 1 1 1 1 1 1 1 1 1 1 1 1 1 1 1 1 1 1 1 1 1 1 1 1 1 1 1 1 1 1 1 1 1 1 1 1 1 1 1 1 1 1 1 1 1 1 1 1 1 1 1 1 1 1 1 1 1 1 1 1 1 1 1 1 1 1 1 1 1 1 1 1 1 1 1 1 1 1 1 1 1 1 1 1 1 1 1 1 1 1 1 1 1 1 1 1 1 1 1 1 1 1 1 1 1 1 1 1 1 1 1 1 1 1 1 1 1 1 1 1 1 1 1 1 1 1 1 1 1 1 1 1 1 1 1 1 1 1 1 1 1 1 1 1 1 1 1 1 1 1 1 1 1 1 1 1 1 1 1 1 1 1 1 1 1 1 1 1 1 1 1 1 1 1 1 1 1 1 1 1 1 1 1 1 1 1 1 1 1 1 1 1 1 1 1 1 1 1 1 1 1 1 1 1 1 1 1 1 1 1 1 1 1 1 1 1 1 1 1 1 1 1 1 1 1 1 1 1 1 1 1 1 1 1 1 1 1 1 1 1 1 1 1 1 1 1 1 1 1 1 1 1 1 ]
[2026-10-01 12:53:43.064] [info] stack_count=255, stack_size=255

[2026-10-01 12:53:43.064] [info] local_count=251, local_size=251

[2026-10-01 12:53:43.065] [info] locals: {count=251, size=251}

[2026-10-01 12:53:43.065] [info] value_stack: {count=4, size=4}

Stack: [ 2 1 0 ]
Stack: [ 1 1 1 ]
[2026-10-01 12:53:43.065] [info] stack_count=3, stack_size=3

[2026-10-01 12:53:43.065] [info] local_count=3, local_size=3

[2026-10-01 12:53:43.065] [info] locals: {count=3, size=3}

[2026-10-01 12:53:43.065] [info] value_stack: {count=0, size=0}

Stack: [ 0 ]
Stack: [ 1 ]
[2026-10-01 12:53:43.065] [info] stack_count=1, stack_size=1

[2026-10-01 12:53:43.065] [info] local_count=1, local_size=1

[2026-10-01 12:53:43.065] [info] locals: {count=1, size=1}

[2026-10-01 12:53:43.065] [info] value_stack: {count=0, size=0}

call_stack size: 6
CallStackEntry: fidx=17, offset=39
pc: 
  pc: (17, 39)
locals: 
  types: 1 
  values: 0 
value_stack: 
  types: 
  values: 
label stack: 
  size: 3
    begins: 0 2 4 
    targets: 71 4294967295 4294967295 
    stack_pointers: 0 0 0 
    cell_nums: 0 0 0 
CallStackEntry: fidx=36, offset=108
pc: 
  pc: (36, 108)
locals: 
  types: 1 1 1 
  values: 6559632 6559712 6559664 
value_stack: 
  types: 
  values: 
label stack: 
  size: 6
    begins: 0 19 21 23 25 27 
    targets: 209 4294967295 4294967295 4294967295 4294967295 4294967295 
    stack_pointers: 0 0 0 0 0 0 
    cell_nums: 1 0 0 0 0 0 
CallStackEntry: fidx=18, offset=1493
pc: 
  pc: (18, 1493)
locals: 
  types: 1 1 1 1 1 1 1 1 1 1 1 1 1 1 1 1 1 1 1 1 1 1 1 1 1 1 1 1 1 1 1 1 1 1 1 1 1 1 1 1 1 1 1 1 1 1 1 1 1 1 1 1 1 1 1 1 1 1 1 1 1 1 1 1 1 1 1 1 1 1 1 1 1 1 1 1 1 1 1 1 1 1 1 1 1 1 1 1 1 1 1 1 1 1 1 1 1 1 1 1 1 1 1 1 1 1 1 1 1 1 1 1 1 1 1 1 1 1 1 1 1 1 1 1 1 1 1 1 1 1 1 1 1 1 1 1 1 1 1 1 1 1 1 1 1 1 1 1 1 1 1 1 1 1 1 1 1 1 1 1 1 1 1 1 1 1 1 1 1 1 1 1 1 1 1 1 1 1 1 1 1 1 1 1 1 1 1 1 1 1 1 1 1 1 1 1 1 1 1 1 1 1 1 1 1 1 1 1 1 1 1 1 1 1 1 1 1 1 1 1 1 1 1 1 1 1 1 1 1 1 1 1 1 1 1 1 1 1 1 1 1 1 1 1 1 1 1 1 1 1 1 
  values: 2 6559712 6559632 160 6559472 0 0 4240 0 36 6559508 4 32 6559504 1 1589 16 6559488 0 3 3 3 3 0 1 0 0 0 0 4 4 4 4 0 1 0 3 128 6559600 6559600 2 12 6559612 2 0 1 0 0 3 1 4 0 4 4 4 4 0 1 0 3 128 6559600 6559600 2 12 6559612 32774580 0 3 1 4 2 0 1915 1915 1915 0 0 1545 0 0 0 1915 1915 1915 1915 1915 0 1 0 0 1915 0 2 1 3 1 5 0 4 1 23456 65535 23456 41051 0 4 0 4 0 0 1 0 4 80 6559552 6559552 16 0 0 0 0 0 1 0 0 0 1 0 1 0 1 1 1 1 1 1 1 1 0 1494733426 0 1522 72 6559544 6559544 0 2 0 0 4 0 1 71 6559543 0 0 0 0 0 0 0 0 0 0 0 0 0 0 0 0 0 0 0 0 0 0 0 0 0 0 0 0 0 0 0 0 0 0 0 0 0 0 0 0 0 0 0 0 0 0 0 0 0 0 0 0 0 0 0 0 0 0 0 0 0 0 0 0 0 0 0 0 0 0 0 0 0 0 0 0 0 0 0 0 0 0 0 0 0 0 0 0 0 0 0 0 0 0 0 0 
value_stack: 
  types: 1 1 1 1 
  values: 4 4 4 4 
label stack: 
  size: 2
    begins: 0 201 
    targets: 2529 4294967295 
    stack_pointers: 0 0 
    cell_nums: 1 0 
CallStackEntry: fidx=25, offset=86
pc: 
  pc: (25, 86)
locals: 
  types: 1 1 1 1 1 1 1 
  values: 4 6559543 1 0 0 0 6559424 
value_stack: 
  types: 
  values: 
label stack: 
  size: 3
    begins: 0 40 74 
    targets: 229 4294967295 4294967295 
    stack_pointers: 0 0 0 
    cell_nums: 1 0 0 
CallStackEntry: fidx=33, offset=95
pc: 
  pc: (33, 95)
locals: 
  types: 1 1 1 1 1 
  values: 4 6559543 1 0 6559408 
value_stack: 
  types: 
  values: 
label stack: 
  size: 3
    begins: 0 19 69 
    targets: 152 4294967295 4294967295 
    stack_pointers: 0 0 0 
    cell_nums: 1 0 0 
CallStackEntry: fidx=48, offset=12
pc: 
  pc: (48, 12)
locals: 
  types: 1 1 1 1 1 1 
  values: 4 6559416 1 0 6559412 6559410 
value_stack: 
  types: 1 
  values: 27 
label stack: 
  size: 1
    begins: 0 
    targets: 23 
    stack_pointers: 0 
    cell_nums: 1 
[2026-10-01 12:53:43.065] [info] Success to dump frame stack

main thread dump_thread_states
thread id: 4
待機中スレッド一覧の保存をdump_valueで行います．数；0
[07:17:22:340 - 7D8029E65840]: Success to dump img for wamr

do_checkpoint_4
wasm_cluster_increase_checkpointing_counter called 1
wasm_cluster_increase_checkpointing_counter called 2
wasm_cluster_increase_checkpointing_counter called 3
