host_utc=2026-10-01T12:12:24.319+00:00 host_mono_ns=2615763509489221 boot_start, 2615763509236925
host_utc=2026-10-01T12:12:24.517+00:00 host_mono_ns=2615763708191974 11 stderr
host_utc=2026-10-01T12:12:24.518+00:00 host_mono_ns=2615763708248110 22 stderr
host_utc=2026-10-01T12:12:24.518+00:00 host_mono_ns=2615763708262036 signal init: 131648540472896
host_utc=2026-10-01T12:12:24.518+00:00 host_mono_ns=2615763708274921 initします
host_utc=2026-10-01T12:12:24.518+00:00 host_mono_ns=2615763708682941 boot_end, 2615763708474487
host_utc=2026-10-01T12:12:24.518+00:00 host_mono_ns=2615763709030818 3 stderr
host_utc=2026-10-01T12:12:24.519+00:00 host_mono_ns=2615763709340072 initします
host_utc=2026-10-01T12:12:24.520+00:00 host_mono_ns=2615763710500653 boot_end, 2615763710272873
host_utc=2026-10-01T12:12:24.520+00:00 host_mono_ns=2615763710551048 [06:36:03:264 - 77BBD0A15840]: Load type section success.
host_utc=2026-10-01T12:12:24.520+00:00 host_mono_ns=2615763710570264 
host_utc=2026-10-01T12:12:24.520+00:00 host_mono_ns=2615763710583940 [06:36:03:287 - 77BBD0A15840]: Load import section success.
host_utc=2026-10-01T12:12:24.520+00:00 host_mono_ns=2615763710597475 
host_utc=2026-10-01T12:12:24.520+00:00 host_mono_ns=2615763710610089 [06:36:03:046 - 77BBD0A15840]: Load function section success.
host_utc=2026-10-01T12:12:24.520+00:00 host_mono_ns=2615763710622974 
host_utc=2026-10-01T12:12:24.520+00:00 host_mono_ns=2615763710635167 [06:36:03:049 - 77BBD0A15840]: Load table section success.
host_utc=2026-10-01T12:12:24.520+00:00 host_mono_ns=2615763710647841 
host_utc=2026-10-01T12:12:24.520+00:00 host_mono_ns=2615763710659783 [06:36:03:050 - 77BBD0A15840]: Load global section success.
host_utc=2026-10-01T12:12:24.520+00:00 host_mono_ns=2615763710672567 
host_utc=2026-10-01T12:12:24.520+00:00 host_mono_ns=2615763710684460 [06:36:03:052 - 77BBD0A15840]: Load export section success.
host_utc=2026-10-01T12:12:24.520+00:00 host_mono_ns=2615763710696673 
host_utc=2026-10-01T12:12:24.520+00:00 host_mono_ns=2615763710708525 [06:36:03:052 - 77BBD0A15840]: Load start section success.
host_utc=2026-10-01T12:12:24.520+00:00 host_mono_ns=2615763710721119 
host_utc=2026-10-01T12:12:24.520+00:00 host_mono_ns=2615763710733011 [06:36:03:055 - 77BBD0A15840]: Load table segment section success.
host_utc=2026-10-01T12:12:24.520+00:00 host_mono_ns=2615763710745515 
host_utc=2026-10-01T12:12:24.520+00:00 host_mono_ns=2615763710757598 [06:36:03:055 - 77BBD0A15840]: Load datacount section success.
host_utc=2026-10-01T12:12:24.520+00:00 host_mono_ns=2615763710770292 
host_utc=2026-10-01T12:12:24.520+00:00 host_mono_ns=2615763710782304 [06:36:03:056 - 77BBD0A15840]: Load code segment section success.
host_utc=2026-10-01T12:12:24.520+00:00 host_mono_ns=2615763710795239 
host_utc=2026-10-01T12:12:24.520+00:00 host_mono_ns=2615763710807482 [06:36:03:056 - 77BBD0A15840]: Load data segment section success.
host_utc=2026-10-01T12:12:24.520+00:00 host_mono_ns=2615763710819935 
host_utc=2026-10-01T12:12:24.520+00:00 host_mono_ns=2615763710831688 [06:36:03:057 - 77BBD0A15840]: Ignore custom section [.debug_abbrev].
host_utc=2026-10-01T12:12:24.520+00:00 host_mono_ns=2615763710844221 [06:36:03:057 - 77BBD0A15840]: Ignore custom section [.debug_info].
host_utc=2026-10-01T12:12:24.520+00:00 host_mono_ns=2615763710856755 [06:36:03:058 - 77BBD0A15840]: Ignore custom section [.debug_ranges].
host_utc=2026-10-01T12:12:24.520+00:00 host_mono_ns=2615763710869068 [06:36:03:058 - 77BBD0A15840]: Ignore custom section [.debug_str].
host_utc=2026-10-01T12:12:24.520+00:00 host_mono_ns=2615763710881652 [06:36:03:059 - 77BBD0A15840]: Ignore custom section [.debug_line].
host_utc=2026-10-01T12:12:24.520+00:00 host_mono_ns=2615763710893955 [06:36:03:059 - 77BBD0A15840]: Ignore custom section [.debug_loc].
host_utc=2026-10-01T12:12:24.520+00:00 host_mono_ns=2615763710906158 [06:36:03:059 - 77BBD0A15840]: Ignore custom section [name].
host_utc=2026-10-01T12:12:24.520+00:00 host_mono_ns=2615763710918812 [06:36:03:060 - 77BBD0A15840]: Ignore custom section [producers].
host_utc=2026-10-01T12:12:24.520+00:00 host_mono_ns=2615763710931406 [06:36:03:060 - 77BBD0A15840]: Ignore custom section [target_features].
host_utc=2026-10-01T12:12:24.520+00:00 host_mono_ns=2615763710960661 [06:36:03:061 - 77BBD0A15840]: Found aux __heap_base global, value: 7855056
host_utc=2026-10-01T12:12:24.520+00:00 host_mono_ns=2615763710973946 [06:36:03:061 - 77BBD0A15840]: Found aux __data_end global, value: 1301444
host_utc=2026-10-01T12:12:24.520+00:00 host_mono_ns=2615763710986700 [06:36:03:062 - 77BBD0A15840]: Found aux stack top global, value: 7855056, global index: 0, stack size: 6553600
host_utc=2026-10-01T12:12:24.520+00:00 host_mono_ns=2615763711008311 [06:36:03:063 - 77BBD0A15840]: Found malloc function, name: malloc, index: 3153
host_utc=2026-10-01T12:12:24.520+00:00 host_mono_ns=2615763711025704 [06:36:03:063 - 77BBD0A15840]: Found free function, name: free, index: 3155
host_utc=2026-10-01T12:12:24.520+00:00 host_mono_ns=2615763711038769 [06:36:03:288 - 77BBD0A15840]: Load module success.
host_utc=2026-10-01T12:12:24.520+00:00 host_mono_ns=2615763711051433 
host_utc=2026-10-01T12:12:24.520+00:00 host_mono_ns=2615763711063646 [06:36:03:299 - 77BBD0A15840]: Memory instantiate:
host_utc=2026-10-01T12:12:24.520+00:00 host_mono_ns=2615763711076420 [06:36:03:299 - 77BBD0A15840]:   page bytes: 65536, init pages: 16384, max pages: 16384
host_utc=2026-10-01T12:12:24.520+00:00 host_mono_ns=2615763711089284 [06:36:03:300 - 77BBD0A15840]:   heap offset: 1073741824, heap size: 0
host_utc=2026-10-01T12:12:24.520+00:00 host_mono_ns=2615763711102158 
host_utc=2026-10-01T12:12:24.520+00:00 host_mono_ns=2615763711114251 [06:36:03:325 - 77BBD0A15840]: Memory instantiate success.
host_utc=2026-10-01T12:12:24.520+00:00 host_mono_ns=2615763711126755 [06:36:03:451 - 77BBD0A15840]: warning: failed to link import function (env, pthread_exit)
host_utc=2026-10-01T12:12:24.520+00:00 host_mono_ns=2615763711139619 Restoring wasm thread 11
host_utc=2026-10-01T12:12:24.520+00:00 host_mono_ns=2615763711152293 [06:36:03:603 - 77BBD0A15840]: warning: failed to link import function (env, pthread_exit)
host_utc=2026-10-01T12:12:24.520+00:00 host_mono_ns=2615763711164847 thread 11 restore
host_utc=2026-10-01T12:12:24.521+00:00 host_mono_ns=2615763711177330 Restoring wasm thread 10
host_utc=2026-10-01T12:12:24.521+00:00 host_mono_ns=2615763711189563 [2026-10-01 12:12:24.520] [info] wasm_restore_stack
host_utc=2026-10-01T12:12:24.521+00:00 host_mono_ns=2615763711202077 
host_utc=2026-10-01T12:12:24.521+00:00 host_mono_ns=2615763711224770 env, pthread_exit)stack, 196651
host_utc=2026-10-01T12:12:24.521+00:00 host_mono_ns=2615763711238255 
host_utc=2026-10-01T12:12:24.521+00:00 host_mono_ns=2615763711250608 thread 10 restore
host_utc=2026-10-01T12:12:24.521+00:00 host_mono_ns=2615763711262942 local_cell_num: 2
host_utc=2026-10-01T12:12:24.521+00:00 host_mono_ns=2615763711275245 locals.values.size: 2
host_utc=2026-10-01T12:12:24.521+00:00 host_mono_ns=2615763711287999 [2026-10-01 12:12:24.520] [info] restore label stack
host_utc=2026-10-01T12:12:24.521+00:00 host_mono_ns=2615763711300723 local_cell_num: 8
host_utc=2026-10-01T12:12:24.521+00:00 host_mono_ns=2615763711312836 locals.values.size: 8
host_utc=2026-10-01T12:12:24.521+00:00 host_mono_ns=2615763711325209 [2026-10-01 12:12:24.520] [info] restore label stack
host_utc=2026-10-01T12:12:24.521+00:00 host_mono_ns=2615763711337653 local_cell_num: 14
host_utc=2026-10-01T12:12:24.521+00:00 host_mono_ns=2615763711349996 locals.values.size: 14
host_utc=2026-10-01T12:12:24.521+00:00 host_mono_ns=2615763711362640 [2026-10-01 12:12:24.520] [info] restore label stack
host_utc=2026-10-01T12:12:24.521+00:00 host_mono_ns=2615763711375184 local_cell_num: 45
host_utc=2026-10-01T12:12:24.521+00:00 host_mono_ns=2615763711387427 locals.values.size: 45
host_utc=2026-10-01T12:12:24.521+00:00 host_mono_ns=2615763711399710 [2026-10-01 12:12:24.520] [info] restore label stack
host_utc=2026-10-01T12:12:24.521+00:00 host_mono_ns=2615763711412093 local_cell_num: 19
host_utc=2026-10-01T12:12:24.521+00:00 host_mono_ns=2615763711424256 locals.values.size: 19
host_utc=2026-10-01T12:12:24.521+00:00 host_mono_ns=2615763711457940 [2026-10-01 12:12:24.520] [info] restore label stack
host_utc=2026-10-01T12:12:24.521+00:00 host_mono_ns=2615763711470694 local_cell_num: 63
host_utc=2026-10-01T12:12:24.521+00:00 host_mono_ns=2615763711483017 locals.values.size: 63
host_utc=2026-10-01T12:12:24.521+00:00 host_mono_ns=2615763711495290 [2026-10-01 12:12:24.520] [info] restore label stack
host_utc=2026-10-01T12:12:24.521+00:00 host_mono_ns=2615763711507874 local_cell_num: 9
host_utc=2026-10-01T12:12:24.521+00:00 host_mono_ns=2615763711519937 locals.values.size: 9
host_utc=2026-10-01T12:12:24.521+00:00 host_mono_ns=2615763711532090 [2026-10-01 12:12:24.520] [info] restore label stack
host_utc=2026-10-01T12:12:24.521+00:00 host_mono_ns=2615763711544413 local_cell_num: 9
host_utc=2026-10-01T12:12:24.521+00:00 host_mono_ns=2615763711556546 locals.values.size: 9
host_utc=2026-10-01T12:12:24.521+00:00 host_mono_ns=2615763711568769 [2026-10-01 12:12:24.520] [info] restore label stack
host_utc=2026-10-01T12:12:24.521+00:00 host_mono_ns=2615763711581012 local_cell_num: 6
host_utc=2026-10-01T12:12:24.521+00:00 host_mono_ns=2615763711593125 locals.values.size: 6
host_utc=2026-10-01T12:12:24.521+00:00 host_mono_ns=2615763711605348 [2026-10-01 12:12:24.520] [info] restore label stack
host_utc=2026-10-01T12:12:24.521+00:00 host_mono_ns=2615763711617802 [2026-10-01 12:12:24.520] [info] Finish to restore stack
host_utc=2026-10-01T12:12:24.521+00:00 host_mono_ns=2615763711630576 
host_utc=2026-10-01T12:12:24.521+00:00 host_mono_ns=2615763711642819 global, 23094
host_utc=2026-10-01T12:12:24.521+00:00 host_mono_ns=2615763711655172 program counter, 10961
host_utc=2026-10-01T12:12:24.521+00:00 host_mono_ns=2615763711667716 initします
host_utc=2026-10-01T12:12:24.522+00:00 host_mono_ns=2615763712626836 boot_end, 2615763712379319
host_utc=2026-10-01T12:12:24.522+00:00 host_mono_ns=2615763712660600 wasm_cluster_increase_checkpointing_counter called 1
host_utc=2026-10-01T12:12:24.522+00:00 host_mono_ns=2615763712676821 Restoring wasm thread 9
host_utc=2026-10-01T12:12:24.522+00:00 host_mono_ns=2615763712690226 wasm_cluster_increase_checkpointing_counter called 2
host_utc=2026-10-01T12:12:24.522+00:00 host_mono_ns=2615763712703040 wasm_cluster_increase_checkpointing_counter called 3
host_utc=2026-10-01T12:12:24.522+00:00 host_mono_ns=2615763712715223 [2026-10-01 12:12:24.522] [info] wasm_restore_stack
host_utc=2026-10-01T12:12:24.522+00:00 host_mono_ns=2615763712727867 
host_utc=2026-10-01T12:12:24.522+00:00 host_mono_ns=2615763712740771 [06:36:03:454 - 77BBD0A15840]: warning: failed to link import function (env, pthread_exit)
host_utc=2026-10-01T12:12:24.522+00:00 host_mono_ns=2615763712753906 thread 9 restore
host_utc=2026-10-01T12:12:24.522+00:00 host_mono_ns=2615763712766510 local_cell_num: 2
host_utc=2026-10-01T12:12:24.522+00:00 host_mono_ns=2615763712778903 locals.values.size: 2
host_utc=2026-10-01T12:12:24.522+00:00 host_mono_ns=2615763712791267 [2026-10-01 12:12:24.522] [info] restore label stack
host_utc=2026-10-01T12:12:24.522+00:00 host_mono_ns=2615763712803911 local_cell_num: 8
host_utc=2026-10-01T12:12:24.522+00:00 host_mono_ns=2615763712819190 locals.values.size: 8
host_utc=2026-10-01T12:12:24.522+00:00 host_mono_ns=2615763712836392 [2026-10-01 12:12:24.522] [info] restore label stack
host_utc=2026-10-01T12:12:24.522+00:00 host_mono_ns=2615763712852492 local_cell_num: 14
host_utc=2026-10-01T12:12:24.522+00:00 host_mono_ns=2615763712864956 locals.values.size: 14
host_utc=2026-10-01T12:12:24.522+00:00 host_mono_ns=2615763712877510 [2026-10-01 12:12:24.522] [info] restore label stack
host_utc=2026-10-01T12:12:24.522+00:00 host_mono_ns=2615763712892468 local_cell_num: 15
host_utc=2026-10-01T12:12:24.522+00:00 host_mono_ns=2615763712909390 locals.values.size: 15
host_utc=2026-10-01T12:12:24.522+00:00 host_mono_ns=2615763712926202 [2026-10-01 12:12:24.522] [info] restore label stack
host_utc=2026-10-01T12:12:24.522+00:00 host_mono_ns=2615763712940148 local_cell_num: 37
host_utc=2026-10-01T12:12:24.522+00:00 host_mono_ns=2615763712964684 locals.values.size: 37
host_utc=2026-10-01T12:12:24.522+00:00 host_mono_ns=2615763712977138 [2026-10-01 12:12:24.522] [info] restore label stack
host_utc=2026-10-01T12:12:24.522+00:00 host_mono_ns=2615763712989331 local_cell_num: 25
host_utc=2026-10-01T12:12:24.522+00:00 host_mono_ns=2615763713010521 locals.values.size: 25
host_utc=2026-10-01T12:12:24.522+00:00 host_mono_ns=2615763713027162 [2026-10-01 12:12:24.522] [info] restore label stack
host_utc=2026-10-01T12:12:24.522+00:00 host_mono_ns=2615763713039355 local_cell_num: 34
host_utc=2026-10-01T12:12:24.522+00:00 host_mono_ns=2615763713051288 locals.values.size: 34
host_utc=2026-10-01T12:12:24.522+00:00 host_mono_ns=2615763713063381 [2026-10-01 12:12:24.522] [info] restore label stack
host_utc=2026-10-01T12:12:24.522+00:00 host_mono_ns=2615763713075473 local_cell_num: 38
host_utc=2026-10-01T12:12:24.522+00:00 host_mono_ns=2615763713087426 locals.values.size: 38
host_utc=2026-10-01T12:12:24.522+00:00 host_mono_ns=2615763713099389 [2026-10-01 12:12:24.522] [info] restore label stack
host_utc=2026-10-01T12:12:24.522+00:00 host_mono_ns=2615763713111551 local_cell_num: 94
host_utc=2026-10-01T12:12:24.522+00:00 host_mono_ns=2615763713123464 locals.values.size: 94
host_utc=2026-10-01T12:12:24.522+00:00 host_mono_ns=2615763713135577 [2026-10-01 12:12:24.522] [info] restore label stack
host_utc=2026-10-01T12:12:24.522+00:00 host_mono_ns=2615763713148181 stack, 140204
host_utc=2026-10-01T12:12:24.522+00:00 host_mono_ns=2615763713160704 global, 16722
host_utc=2026-10-01T12:12:24.523+00:00 host_mono_ns=2615763713184289 program counter, 12263
host_utc=2026-10-01T12:12:24.523+00:00 host_mono_ns=2615763713197564 local_cell_num: 2
host_utc=2026-10-01T12:12:24.523+00:00 host_mono_ns=2615763713209947 locals.values.size: 2
host_utc=2026-10-01T12:12:24.523+00:00 host_mono_ns=2615763713222421 [2026-10-01 12:12:24.522] [info] restore label stack
host_utc=2026-10-01T12:12:24.523+00:00 host_mono_ns=2615763713234744 local_cell_num: 9
host_utc=2026-10-01T12:12:24.523+00:00 host_mono_ns=2615763713246867 locals.values.size: 9
host_utc=2026-10-01T12:12:24.523+00:00 host_mono_ns=2615763713259220 [2026-10-01 12:12:24.522] [info] restore label stack
host_utc=2026-10-01T12:12:24.523+00:00 host_mono_ns=2615763713271433 local_cell_num: 9
host_utc=2026-10-01T12:12:24.523+00:00 host_mono_ns=2615763713283526 locals.values.size: 9
host_utc=2026-10-01T12:12:24.523+00:00 host_mono_ns=2615763713295759 [2026-10-01 12:12:24.522] [info] restore label stack
host_utc=2026-10-01T12:12:24.523+00:00 host_mono_ns=2615763713307992 local_cell_num: 6
host_utc=2026-10-01T12:12:24.523+00:00 host_mono_ns=2615763713320105 locals.values.size: 6
host_utc=2026-10-01T12:12:24.523+00:00 host_mono_ns=2615763713332368 [2026-10-01 12:12:24.522] [info] restore label stack
host_utc=2026-10-01T12:12:24.523+00:00 host_mono_ns=2615763713344812 [2026-10-01 12:12:24.522] [info] Finish to restore stack
host_utc=2026-10-01T12:12:24.523+00:00 host_mono_ns=2615763713357556 
host_utc=2026-10-01T12:12:24.523+00:00 host_mono_ns=2615763713369869 initします
host_utc=2026-10-01T12:12:24.524+00:00 host_mono_ns=2615763714183285 boot_end, 2615763714043591
host_utc=2026-10-01T12:12:24.524+00:00 host_mono_ns=2615763714209474 wasm_cluster_increase_checkpointing_counter called 1
host_utc=2026-10-01T12:12:24.524+00:00 host_mono_ns=2615763714219684 Restoring wasm thread 8
host_utc=2026-10-01T12:12:24.524+00:00 host_mono_ns=2615763714228210 wasm_cluster_increase_checkpointing_counter called 2
host_utc=2026-10-01T12:12:24.524+00:00 host_mono_ns=2615763714236485 wasm_cluster_increase_checkpointing_counter called 3
host_utc=2026-10-01T12:12:24.524+00:00 host_mono_ns=2615763714244791 [2026-10-01 12:12:24.523] [info] wasm_restore_stack
host_utc=2026-10-01T12:12:24.524+00:00 host_mono_ns=2615763714253057 
host_utc=2026-10-01T12:12:24.524+00:00 host_mono_ns=2615763714313030 [06:36:03:128 - 77BBD0A15840]: warning: failed to link import function (env, pthread_exit)
host_utc=2026-10-01T12:12:24.524+00:00 host_mono_ns=2615763714325223 thread 8 restore
host_utc=2026-10-01T12:12:24.524+00:00 host_mono_ns=2615763714339079 local_cell_num: 2
host_utc=2026-10-01T12:12:24.524+00:00 host_mono_ns=2615763714345511 locals.values.size: 2
host_utc=2026-10-01T12:12:24.524+00:00 host_mono_ns=2615763714351412 [2026-10-01 12:12:24.524] [info] restore label stack
host_utc=2026-10-01T12:12:24.524+00:00 host_mono_ns=2615763714357313 local_cell_num: 8
host_utc=2026-10-01T12:12:24.524+00:00 host_mono_ns=2615763714362894 locals.values.size: 8
host_utc=2026-10-01T12:12:24.524+00:00 host_mono_ns=2615763714368785 [2026-10-01 12:12:24.524] [info] restore label stack
host_utc=2026-10-01T12:12:24.524+00:00 host_mono_ns=2615763714376369 local_cell_num: 14
host_utc=2026-10-01T12:12:24.524+00:00 host_mono_ns=2615763714383182 locals.values.size: 14
host_utc=2026-10-01T12:12:24.524+00:00 host_mono_ns=2615763714388953 [2026-10-01 12:12:24.524] [info] restore label stack
host_utc=2026-10-01T12:12:24.524+00:00 host_mono_ns=2615763714395005 local_cell_num: 15
host_utc=2026-10-01T12:12:24.524+00:00 host_mono_ns=2615763714400505 locals.values.size: 15
host_utc=2026-10-01T12:12:24.524+00:00 host_mono_ns=2615763714406095 [2026-10-01 12:12:24.524] [info] restore label stack
host_utc=2026-10-01T12:12:24.524+00:00 host_mono_ns=2615763714412147 local_cell_num: 27
host_utc=2026-10-01T12:12:24.524+00:00 host_mono_ns=2615763714417657 locals.values.size: 27
host_utc=2026-10-01T12:12:24.524+00:00 host_mono_ns=2615763714423188 [2026-10-01 12:12:24.524] [info] restore label stack
host_utc=2026-10-01T12:12:24.524+00:00 host_mono_ns=2615763714429249 local_cell_num: 25
host_utc=2026-10-01T12:12:24.524+00:00 host_mono_ns=2615763714434750 locals.values.size: 25
host_utc=2026-10-01T12:12:24.524+00:00 host_mono_ns=2615763714440260 [2026-10-01 12:12:24.524] [info] restore label stack
host_utc=2026-10-01T12:12:24.524+00:00 host_mono_ns=2615763714445851 local_cell_num: 34
host_utc=2026-10-01T12:12:24.524+00:00 host_mono_ns=2615763714451551 locals.values.size: 34
host_utc=2026-10-01T12:12:24.524+00:00 host_mono_ns=2615763714457493 [2026-10-01 12:12:24.524] [info] restore label stack
host_utc=2026-10-01T12:12:24.524+00:00 host_mono_ns=2615763714463073 local_cell_num: 38
host_utc=2026-10-01T12:12:24.524+00:00 host_mono_ns=2615763714469044 locals.values.size: 38
host_utc=2026-10-01T12:12:24.524+00:00 host_mono_ns=2615763714474565 [2026-10-01 12:12:24.524] [info] restore label stack
host_utc=2026-10-01T12:12:24.524+00:00 host_mono_ns=2615763714480135 local_cell_num: 94
host_utc=2026-10-01T12:12:24.524+00:00 host_mono_ns=2615763714485996 locals.values.size: 94
host_utc=2026-10-01T12:12:24.524+00:00 host_mono_ns=2615763714491537 [2026-10-01 12:12:24.524] [info] restore label stack
host_utc=2026-10-01T12:12:24.524+00:00 host_mono_ns=2615763714497127 local_cell_num: 2
host_utc=2026-10-01T12:12:24.524+00:00 host_mono_ns=2615763714502648 locals.values.size: 2
host_utc=2026-10-01T12:12:24.524+00:00 host_mono_ns=2615763714508168 [2026-10-01 12:12:24.524] [info] restore label stack
host_utc=2026-10-01T12:12:24.524+00:00 host_mono_ns=2615763714514180 local_cell_num: 9
host_utc=2026-10-01T12:12:24.524+00:00 host_mono_ns=2615763714519991 locals.values.size: 9
host_utc=2026-10-01T12:12:24.524+00:00 host_mono_ns=2615763714525822 [2026-10-01 12:12:24.524] [info] restore label stack
host_utc=2026-10-01T12:12:24.524+00:00 host_mono_ns=2615763714533085 local_cell_num: 9
host_utc=2026-10-01T12:12:24.524+00:00 host_mono_ns=2615763714540349 locals.values.size: 9
host_utc=2026-10-01T12:12:24.524+00:00 host_mono_ns=2615763714546160 [2026-10-01 12:12:24.524] [info] restore label stack
host_utc=2026-10-01T12:12:24.524+00:00 host_mono_ns=2615763714552061 local_cell_num: 6
host_utc=2026-10-01T12:12:24.524+00:00 host_mono_ns=2615763714557391 locals.values.size: 6
host_utc=2026-10-01T12:12:24.524+00:00 host_mono_ns=2615763714562811 [2026-10-01 12:12:24.524] [info] restore label stack
host_utc=2026-10-01T12:12:24.524+00:00 host_mono_ns=2615763714568743 [2026-10-01 12:12:24.524] [info] Finish to restore stack
host_utc=2026-10-01T12:12:24.524+00:00 host_mono_ns=2615763714574864 
host_utc=2026-10-01T12:12:24.524+00:00 host_mono_ns=2615763714584623 stack, 170351
host_utc=2026-10-01T12:12:24.524+00:00 host_mono_ns=2615763714590293 global, 17964
host_utc=2026-10-01T12:12:24.524+00:00 host_mono_ns=2615763714595824 program counter, 10099
host_utc=2026-10-01T12:12:24.524+00:00 host_mono_ns=2615763714637052 initします
host_utc=2026-10-01T12:12:24.525+00:00 host_mono_ns=2615763715845002 boot_end, 2615763715691522
host_utc=2026-10-01T12:12:24.525+00:00 host_mono_ns=2615763715858307 wasm_cluster_increase_checkpointing_counter called 1
host_utc=2026-10-01T12:12:24.525+00:00 host_mono_ns=2615763715866002 Restoring wasm thread 7
host_utc=2026-10-01T12:12:24.525+00:00 host_mono_ns=2615763715874047 wasm_cluster_increase_checkpointing_counter called 2
host_utc=2026-10-01T12:12:24.525+00:00 host_mono_ns=2615763715880850 wasm_cluster_increase_checkpointing_counter called 3
host_utc=2026-10-01T12:12:24.525+00:00 host_mono_ns=2615763715887142 [2026-10-01 12:12:24.525] [info] wasm_restore_stack
host_utc=2026-10-01T12:12:24.525+00:00 host_mono_ns=2615763715892983 
host_utc=2026-10-01T12:12:24.525+00:00 host_mono_ns=2615763715916707 [06:36:03:777 - 77BBD0A15840]: warning: failed to link import function (env, pthread_exit)
host_utc=2026-10-01T12:12:24.525+00:00 host_mono_ns=2615763715923450 thread 7 restore
host_utc=2026-10-01T12:12:24.525+00:00 host_mono_ns=2615763715929081 local_cell_num: 2
host_utc=2026-10-01T12:12:24.525+00:00 host_mono_ns=2615763715934671 locals.values.size: 2
host_utc=2026-10-01T12:12:24.525+00:00 host_mono_ns=2615763715940432 [2026-10-01 12:12:24.525] [info] restore label stack
host_utc=2026-10-01T12:12:24.525+00:00 host_mono_ns=2615763715948077 local_cell_num: 8
host_utc=2026-10-01T12:12:24.525+00:00 host_mono_ns=2615763715954529 locals.values.size: 8
host_utc=2026-10-01T12:12:24.525+00:00 host_mono_ns=2615763715960170 [2026-10-01 12:12:24.525] [info] restore label stack
host_utc=2026-10-01T12:12:24.525+00:00 host_mono_ns=2615763715966191 local_cell_num: 25
host_utc=2026-10-01T12:12:24.525+00:00 host_mono_ns=2615763715971641 locals.values.size: 25
host_utc=2026-10-01T12:12:24.525+00:00 host_mono_ns=2615763715977202 [2026-10-01 12:12:24.525] [info] restore label stack
host_utc=2026-10-01T12:12:24.525+00:00 host_mono_ns=2615763715983103 local_cell_num: 10
host_utc=2026-10-01T12:12:24.525+00:00 host_mono_ns=2615763715988583 locals.values.size: 10
host_utc=2026-10-01T12:12:24.525+00:00 host_mono_ns=2615763715994134 [2026-10-01 12:12:24.525] [info] restore label stack
host_utc=2026-10-01T12:12:24.525+00:00 host_mono_ns=2615763715999764 local_cell_num: 22
host_utc=2026-10-01T12:12:24.525+00:00 host_mono_ns=2615763716012538 locals.values.size: 22
host_utc=2026-10-01T12:12:24.525+00:00 host_mono_ns=2615763716018299 [2026-10-01 12:12:24.525] [info] restore label stack
host_utc=2026-10-01T12:12:24.525+00:00 host_mono_ns=2615763716024110 local_cell_num: 62
host_utc=2026-10-01T12:12:24.525+00:00 host_mono_ns=2615763716029881 locals.values.size: 62
host_utc=2026-10-01T12:12:24.525+00:00 host_mono_ns=2615763716035452 [2026-10-01 12:12:24.525] [info] restore label stack
host_utc=2026-10-01T12:12:24.525+00:00 host_mono_ns=2615763716041433 local_cell_num: 18
host_utc=2026-10-01T12:12:24.525+00:00 host_mono_ns=2615763716046923 locals.values.size: 18
host_utc=2026-10-01T12:12:24.525+00:00 host_mono_ns=2615763716052394 [2026-10-01 12:12:24.525] [info] restore label stack
host_utc=2026-10-01T12:12:24.525+00:00 host_mono_ns=2615763716058084 local_cell_num: 21
host_utc=2026-10-01T12:12:24.525+00:00 host_mono_ns=2615763716063955 locals.values.size: 21
host_utc=2026-10-01T12:12:24.525+00:00 host_mono_ns=2615763716069426 [2026-10-01 12:12:24.525] [info] restore label stack
host_utc=2026-10-01T12:12:24.525+00:00 host_mono_ns=2615763716075127 local_cell_num: 10
host_utc=2026-10-01T12:12:24.525+00:00 host_mono_ns=2615763716080958 locals.values.size: 10
host_utc=2026-10-01T12:12:24.525+00:00 host_mono_ns=2615763716086448 [2026-10-01 12:12:24.525] [info] restore label stack
host_utc=2026-10-01T12:12:24.525+00:00 host_mono_ns=2615763716097439 local_cell_num: 2
host_utc=2026-10-01T12:12:24.525+00:00 host_mono_ns=2615763716103069 locals.values.size: 2
host_utc=2026-10-01T12:12:24.525+00:00 host_mono_ns=2615763716108790 [2026-10-01 12:12:24.525] [info] restore label stack
host_utc=2026-10-01T12:12:24.525+00:00 host_mono_ns=2615763716114701 local_cell_num: 9
host_utc=2026-10-01T12:12:24.525+00:00 host_mono_ns=2615763716120182 locals.values.size: 9
host_utc=2026-10-01T12:12:24.525+00:00 host_mono_ns=2615763716125692 [2026-10-01 12:12:24.525] [info] restore label stack
host_utc=2026-10-01T12:12:24.525+00:00 host_mono_ns=2615763716131663 local_cell_num: 9
host_utc=2026-10-01T12:12:24.525+00:00 host_mono_ns=2615763716137093 locals.values.size: 9
host_utc=2026-10-01T12:12:24.525+00:00 host_mono_ns=2615763716142624 [2026-10-01 12:12:24.525] [info] restore label stack
host_utc=2026-10-01T12:12:24.525+00:00 host_mono_ns=2615763716148465 local_cell_num: 6
host_utc=2026-10-01T12:12:24.525+00:00 host_mono_ns=2615763716153915 locals.values.size: 6
host_utc=2026-10-01T12:12:24.525+00:00 host_mono_ns=2615763716159486 [2026-10-01 12:12:24.525] [info] restore label stack
host_utc=2026-10-01T12:12:24.525+00:00 host_mono_ns=2615763716165066 [2026-10-01 12:12:24.525] [info] Finish to restore stack
host_utc=2026-10-01T12:12:24.526+00:00 host_mono_ns=2615763716170687 
host_utc=2026-10-01T12:12:24.526+00:00 host_mono_ns=2615763716179994 stack, 145104
host_utc=2026-10-01T12:12:24.526+00:00 host_mono_ns=2615763716186366 global, 20058
host_utc=2026-10-01T12:12:24.526+00:00 host_mono_ns=2615763716191897 program counter, 10981
host_utc=2026-10-01T12:12:24.526+00:00 host_mono_ns=2615763716365384 initします
host_utc=2026-10-01T12:12:24.527+00:00 host_mono_ns=2615763717929838 wasm_cluster_increase_checkpointing_counter called 1
host_utc=2026-10-01T12:12:24.527+00:00 host_mono_ns=2615763717939476 Restoring wasm thread 6
host_utc=2026-10-01T12:12:24.527+00:00 host_mono_ns=2615763717946549 wasm_cluster_increase_checkpointing_counter called 2
host_utc=2026-10-01T12:12:24.527+00:00 host_mono_ns=2615763717954404 wasm_cluster_increase_checkpointing_counter called 3
host_utc=2026-10-01T12:12:24.527+00:00 host_mono_ns=2615763717960776 [2026-10-01 12:12:24.527] [info] wasm_restore_stack
host_utc=2026-10-01T12:12:24.527+00:00 host_mono_ns=2615763717966487 
host_utc=2026-10-01T12:12:24.527+00:00 host_mono_ns=2615763717974853 boot_end, 2615763717804521
host_utc=2026-10-01T12:12:24.527+00:00 host_mono_ns=2615763717980954 stack, 114696
host_utc=2026-10-01T12:12:24.527+00:00 host_mono_ns=2615763718020779 global, 25748
host_utc=2026-10-01T12:12:24.527+00:00 host_mono_ns=2615763718029636 program counter, 13726
host_utc=2026-10-01T12:12:24.527+00:00 host_mono_ns=2615763718050095 [06:36:03:883 - 77BBD0A15840]: warning: failed to link import function (env, pthread_exit)
host_utc=2026-10-01T12:12:24.527+00:00 host_mono_ns=2615763718056256 local_cell_num: 2
host_utc=2026-10-01T12:12:24.527+00:00 host_mono_ns=2615763718061837 locals.values.size: 2
host_utc=2026-10-01T12:12:24.527+00:00 host_mono_ns=2615763718067458 [2026-10-01 12:12:24.527] [info] restore label stack
host_utc=2026-10-01T12:12:24.527+00:00 host_mono_ns=2615763718073058 local_cell_num: 8
host_utc=2026-10-01T12:12:24.527+00:00 host_mono_ns=2615763718079270 locals.values.size: 8
host_utc=2026-10-01T12:12:24.527+00:00 host_mono_ns=2615763718086684 [2026-10-01 12:12:24.527] [info] restore label stack
host_utc=2026-10-01T12:12:24.527+00:00 host_mono_ns=2615763718093196 local_cell_num: 14
host_utc=2026-10-01T12:12:24.527+00:00 host_mono_ns=2615763718098727 locals.values.size: 14
host_utc=2026-10-01T12:12:24.527+00:00 host_mono_ns=2615763718104297 [2026-10-01 12:12:24.527] [info] restore label stack
host_utc=2026-10-01T12:12:24.527+00:00 host_mono_ns=2615763718109908 local_cell_num: 8
host_utc=2026-10-01T12:12:24.527+00:00 host_mono_ns=2615763718115358 locals.values.size: 8
host_utc=2026-10-01T12:12:24.527+00:00 host_mono_ns=2615763718120838 [2026-10-01 12:12:24.527] [info] restore label stack
host_utc=2026-10-01T12:12:24.527+00:00 host_mono_ns=2615763718131068 thread 6 restore
host_utc=2026-10-01T12:12:24.527+00:00 host_mono_ns=2615763718137309 local_cell_num: 13
host_utc=2026-10-01T12:12:24.527+00:00 host_mono_ns=2615763718142760 locals.values.size: 13
host_utc=2026-10-01T12:12:24.527+00:00 host_mono_ns=2615763718148681 [2026-10-01 12:12:24.527] [info] restore label stack
host_utc=2026-10-01T12:12:24.527+00:00 host_mono_ns=2615763718154772 local_cell_num: 19
host_utc=2026-10-01T12:12:24.527+00:00 host_mono_ns=2615763718160293 locals.values.size: 19
host_utc=2026-10-01T12:12:24.527+00:00 host_mono_ns=2615763718165813 [2026-10-01 12:12:24.527] [info] restore label stack
host_utc=2026-10-01T12:12:24.528+00:00 host_mono_ns=2615763718171955 local_cell_num: 63
host_utc=2026-10-01T12:12:24.528+00:00 host_mono_ns=2615763718177405 locals.values.size: 63
host_utc=2026-10-01T12:12:24.528+00:00 host_mono_ns=2615763718182946 [2026-10-01 12:12:24.527] [info] restore label stack
host_utc=2026-10-01T12:12:24.528+00:00 host_mono_ns=2615763718188897 local_cell_num: 9
host_utc=2026-10-01T12:12:24.528+00:00 host_mono_ns=2615763718194327 locals.values.size: 9
host_utc=2026-10-01T12:12:24.528+00:00 host_mono_ns=2615763718199827 [2026-10-01 12:12:24.527] [info] restore label stack
host_utc=2026-10-01T12:12:24.528+00:00 host_mono_ns=2615763718205829 local_cell_num: 9
host_utc=2026-10-01T12:12:24.528+00:00 host_mono_ns=2615763718211740 locals.values.size: 9
host_utc=2026-10-01T12:12:24.528+00:00 host_mono_ns=2615763718217260 [2026-10-01 12:12:24.527] [info] restore label stack
host_utc=2026-10-01T12:12:24.528+00:00 host_mono_ns=2615763718223121 local_cell_num: 6
host_utc=2026-10-01T12:12:24.528+00:00 host_mono_ns=2615763718229063 locals.values.size: 6
host_utc=2026-10-01T12:12:24.528+00:00 host_mono_ns=2615763718234603 [2026-10-01 12:12:24.527] [info] restore label stack
host_utc=2026-10-01T12:12:24.528+00:00 host_mono_ns=2615763718240524 [2026-10-01 12:12:24.527] [info] Finish to restore stack
host_utc=2026-10-01T12:12:24.528+00:00 host_mono_ns=2615763718246656 
host_utc=2026-10-01T12:12:24.528+00:00 host_mono_ns=2615763718362064 initします
host_utc=2026-10-01T12:12:24.529+00:00 host_mono_ns=2615763719677447 boot_end, 2615763719493239
host_utc=2026-10-01T12:12:24.529+00:00 host_mono_ns=2615763719689770 wasm_cluster_increase_checkpointing_counter called 1
host_utc=2026-10-01T12:12:24.529+00:00 host_mono_ns=2615763719695832 Restoring wasm thread 5
host_utc=2026-10-01T12:12:24.529+00:00 host_mono_ns=2615763719701993 wasm_cluster_increase_checkpointing_counter called 2
host_utc=2026-10-01T12:12:24.529+00:00 host_mono_ns=2615763719708105 wasm_cluster_increase_checkpointing_counter called 3
host_utc=2026-10-01T12:12:24.529+00:00 host_mono_ns=2615763719714367 [2026-10-01 12:12:24.529] [info] wasm_restore_stack
host_utc=2026-10-01T12:12:24.529+00:00 host_mono_ns=2615763719720007 
host_utc=2026-10-01T12:12:24.529+00:00 host_mono_ns=2615763719725778 [06:36:03:577 - 77BBD0A15840]: warning: failed to link import function (env, pthread_exit)
host_utc=2026-10-01T12:12:24.529+00:00 host_mono_ns=2615763719733343 local_cell_num: 2
host_utc=2026-10-01T12:12:24.529+00:00 host_mono_ns=2615763719740596 locals.values.size: 2
host_utc=2026-10-01T12:12:24.529+00:00 host_mono_ns=2615763719746327 [2026-10-01 12:12:24.529] [info] restore label stack
host_utc=2026-10-01T12:12:24.529+00:00 host_mono_ns=2615763719752359 local_cell_num: 8
host_utc=2026-10-01T12:12:24.529+00:00 host_mono_ns=2615763719758380 locals.values.size: 8
host_utc=2026-10-01T12:12:24.529+00:00 host_mono_ns=2615763719763970 [2026-10-01 12:12:24.529] [info] restore label stack
host_utc=2026-10-01T12:12:24.529+00:00 host_mono_ns=2615763719769611 local_cell_num: 14
host_utc=2026-10-01T12:12:24.529+00:00 host_mono_ns=2615763719775262 locals.values.size: 14
host_utc=2026-10-01T12:12:24.529+00:00 host_mono_ns=2615763719781293 [2026-10-01 12:12:24.529] [info] restore label stack
host_utc=2026-10-01T12:12:24.529+00:00 host_mono_ns=2615763719787174 local_cell_num: 8
host_utc=2026-10-01T12:12:24.529+00:00 host_mono_ns=2615763719792564 locals.values.size: 8
host_utc=2026-10-01T12:12:24.529+00:00 host_mono_ns=2615763719803305 [2026-10-01 12:12:24.529] [info] restore label stack
host_utc=2026-10-01T12:12:24.529+00:00 host_mono_ns=2615763719808995 local_cell_num: 13
host_utc=2026-10-01T12:12:24.529+00:00 host_mono_ns=2615763719815017 locals.values.size: 13
host_utc=2026-10-01T12:12:24.529+00:00 host_mono_ns=2615763719820577 [2026-10-01 12:12:24.529] [info] restore label stack
host_utc=2026-10-01T12:12:24.529+00:00 host_mono_ns=2615763719826589 thread 5 restore
host_utc=2026-10-01T12:12:24.529+00:00 host_mono_ns=2615763719832179 local_cell_num: 19
host_utc=2026-10-01T12:12:24.529+00:00 host_mono_ns=2615763719837650 locals.values.size: 19
host_utc=2026-10-01T12:12:24.529+00:00 host_mono_ns=2615763719843150 [2026-10-01 12:12:24.529] [info] restore label stack
host_utc=2026-10-01T12:12:24.529+00:00 host_mono_ns=2615763719849091 local_cell_num: 63
host_utc=2026-10-01T12:12:24.529+00:00 host_mono_ns=2615763719854612 locals.values.size: 63
host_utc=2026-10-01T12:12:24.529+00:00 host_mono_ns=2615763719860092 [2026-10-01 12:12:24.529] [info] restore label stack
host_utc=2026-10-01T12:12:24.529+00:00 host_mono_ns=2615763719866033 local_cell_num: 9
host_utc=2026-10-01T12:12:24.529+00:00 host_mono_ns=2615763719871473 locals.values.size: 9
host_utc=2026-10-01T12:12:24.529+00:00 host_mono_ns=2615763719876954 [2026-10-01 12:12:24.529] [info] restore label stack
host_utc=2026-10-01T12:12:24.529+00:00 host_mono_ns=2615763719882975 local_cell_num: 9
host_utc=2026-10-01T12:12:24.529+00:00 host_mono_ns=2615763719888445 locals.values.size: 9
host_utc=2026-10-01T12:12:24.529+00:00 host_mono_ns=2615763719893926 [2026-10-01 12:12:24.529] [info] restore label stack
host_utc=2026-10-01T12:12:24.529+00:00 host_mono_ns=2615763719899957 local_cell_num: 6
host_utc=2026-10-01T12:12:24.529+00:00 host_mono_ns=2615763719905387 locals.values.size: 6
host_utc=2026-10-01T12:12:24.529+00:00 host_mono_ns=2615763719910858 [2026-10-01 12:12:24.529] [info] restore label stack
host_utc=2026-10-01T12:12:24.529+00:00 host_mono_ns=2615763719916989 [2026-10-01 12:12:24.529] [info] Finish to restore stack
host_utc=2026-10-01T12:12:24.529+00:00 host_mono_ns=2615763719922630 
host_utc=2026-10-01T12:12:24.529+00:00 host_mono_ns=2615763719928551 stack, 115148
host_utc=2026-10-01T12:12:24.529+00:00 host_mono_ns=2615763719934062 global, 17232
host_utc=2026-10-01T12:12:24.529+00:00 host_mono_ns=2615763719939502 program counter, 9859
host_utc=2026-10-01T12:12:24.530+00:00 host_mono_ns=2615763720175377 initします
host_utc=2026-10-01T12:12:24.531+00:00 host_mono_ns=2615763721772502 boot_end, 2615763721630614
host_utc=2026-10-01T12:12:24.531+00:00 host_mono_ns=2615763721785827 wasm_cluster_increase_checkpointing_counter called 1
host_utc=2026-10-01T12:12:24.531+00:00 host_mono_ns=2615763721793963 Restoring wasm thread 4
host_utc=2026-10-01T12:12:24.531+00:00 host_mono_ns=2615763721799844 wasm_cluster_increase_checkpointing_counter called 2
host_utc=2026-10-01T12:12:24.531+00:00 host_mono_ns=2615763721805635 wasm_cluster_increase_checkpointing_counter called 3
host_utc=2026-10-01T12:12:24.531+00:00 host_mono_ns=2615763721811215 [2026-10-01 12:12:24.531] [info] wasm_restore_stack
host_utc=2026-10-01T12:12:24.531+00:00 host_mono_ns=2615763721816776 
host_utc=2026-10-01T12:12:24.531+00:00 host_mono_ns=2615763721822356 local_cell_num: 2
host_utc=2026-10-01T12:12:24.531+00:00 host_mono_ns=2615763721827877 locals.values.size: 2
host_utc=2026-10-01T12:12:24.531+00:00 host_mono_ns=2615763721833417 [2026-10-01 12:12:24.531] [info] restore label stack
host_utc=2026-10-01T12:12:24.531+00:00 host_mono_ns=2615763721839058 [06:36:03:713 - 77BBD0A15840]: warning: failed to link import function (env, pthread_exit)local_cell_num: 8
host_utc=2026-10-01T12:12:24.531+00:00 host_mono_ns=2615763721845199 
host_utc=2026-10-01T12:12:24.531+00:00 host_mono_ns=2615763721850690 locals.values.size: 8
host_utc=2026-10-01T12:12:24.531+00:00 host_mono_ns=2615763721856250 [2026-10-01 12:12:24.531] [info] restore label stack
host_utc=2026-10-01T12:12:24.531+00:00 host_mono_ns=2615763721869675 local_cell_num: 14
host_utc=2026-10-01T12:12:24.531+00:00 host_mono_ns=2615763721876088 locals.values.size: 14
host_utc=2026-10-01T12:12:24.531+00:00 host_mono_ns=2615763721881638 [2026-10-01 12:12:24.531] [info] restore label stack
host_utc=2026-10-01T12:12:24.531+00:00 host_mono_ns=2615763721887259 local_cell_num: 198
host_utc=2026-10-01T12:12:24.531+00:00 host_mono_ns=2615763721892759 locals.values.size: 198
host_utc=2026-10-01T12:12:24.531+00:00 host_mono_ns=2615763721898360 [2026-10-01 12:12:24.531] [info] restore label stack
host_utc=2026-10-01T12:12:24.531+00:00 host_mono_ns=2615763721903840 local_cell_num: 77
host_utc=2026-10-01T12:12:24.531+00:00 host_mono_ns=2615763721909290 locals.values.size: 77
host_utc=2026-10-01T12:12:24.531+00:00 host_mono_ns=2615763721914781 [2026-10-01 12:12:24.531] [info] restore label stack
host_utc=2026-10-01T12:12:24.531+00:00 host_mono_ns=2615763721920281 local_cell_num: 22
host_utc=2026-10-01T12:12:24.531+00:00 host_mono_ns=2615763721925681 locals.values.size: 22
host_utc=2026-10-01T12:12:24.531+00:00 host_mono_ns=2615763721931182 [2026-10-01 12:12:24.531] [info] restore label stack
host_utc=2026-10-01T12:12:24.531+00:00 host_mono_ns=2615763721936682 thread 4 restore
host_utc=2026-10-01T12:12:24.531+00:00 host_mono_ns=2615763721942252 [2026-10-01 12:12:24.531] [info] Finish to restore stack
host_utc=2026-10-01T12:12:24.531+00:00 host_mono_ns=2615763721947813 
host_utc=2026-10-01T12:12:24.531+00:00 host_mono_ns=2615763721956018 stack, 97304
host_utc=2026-10-01T12:12:24.531+00:00 host_mono_ns=2615763721961609 global, 20859
host_utc=2026-10-01T12:12:24.531+00:00 host_mono_ns=2615763721967170 program counter, 12805
host_utc=2026-10-01T12:12:24.532+00:00 host_mono_ns=2615763722316709 initします
host_utc=2026-10-01T12:12:24.534+00:00 host_mono_ns=2615763724314331 boot_end, 2615763724201618
host_utc=2026-10-01T12:12:24.534+00:00 host_mono_ns=2615763724326133 wasm_cluster_increase_checkpointing_counter called 1
host_utc=2026-10-01T12:12:24.534+00:00 host_mono_ns=2615763724333697 Restoring wasm thread 3
host_utc=2026-10-01T12:12:24.534+00:00 host_mono_ns=2615763724341342 wasm_cluster_increase_checkpointing_counter called 2
host_utc=2026-10-01T12:12:24.534+00:00 host_mono_ns=2615763724347213 wasm_cluster_increase_checkpointing_counter called 3
host_utc=2026-10-01T12:12:24.534+00:00 host_mono_ns=2615763724352874 [2026-10-01 12:12:24.534] [info] wasm_restore_stack
host_utc=2026-10-01T12:12:24.534+00:00 host_mono_ns=2615763724358414 
host_utc=2026-10-01T12:12:24.534+00:00 host_mono_ns=2615763724422836 [06:36:03:283 - 77BBD0A15840]: warning: failed to link import function (env, pthread_exit)
host_utc=2026-10-01T12:12:24.534+00:00 host_mono_ns=2615763724430099 thread 3 restore
host_utc=2026-10-01T12:12:24.534+00:00 host_mono_ns=2615763724435930 local_cell_num: 2
host_utc=2026-10-01T12:12:24.534+00:00 host_mono_ns=2615763724441471 locals.values.size: 2
host_utc=2026-10-01T12:12:24.534+00:00 host_mono_ns=2615763724448654 [2026-10-01 12:12:24.534] [info] restore label stack
host_utc=2026-10-01T12:12:24.534+00:00 host_mono_ns=2615763724455608 local_cell_num: 8
host_utc=2026-10-01T12:12:24.534+00:00 host_mono_ns=2615763724461669 locals.values.size: 8
host_utc=2026-10-01T12:12:24.534+00:00 host_mono_ns=2615763724468983 [2026-10-01 12:12:24.534] [info] restore label stack
host_utc=2026-10-01T12:12:24.534+00:00 host_mono_ns=2615763724475174 local_cell_num: 14
host_utc=2026-10-01T12:12:24.534+00:00 host_mono_ns=2615763724480725 locals.values.size: 14
host_utc=2026-10-01T12:12:24.534+00:00 host_mono_ns=2615763724486927 [2026-10-01 12:12:24.534] [info] restore label stack
host_utc=2026-10-01T12:12:24.534+00:00 host_mono_ns=2615763724492537 local_cell_num: 198
host_utc=2026-10-01T12:12:24.534+00:00 host_mono_ns=2615763724498068 locals.values.size: 198
host_utc=2026-10-01T12:12:24.534+00:00 host_mono_ns=2615763724503728 [2026-10-01 12:12:24.534] [info] restore label stack
host_utc=2026-10-01T12:12:24.534+00:00 host_mono_ns=2615763724509730 local_cell_num: 77
host_utc=2026-10-01T12:12:24.534+00:00 host_mono_ns=2615763724520189 locals.values.size: 77
host_utc=2026-10-01T12:12:24.534+00:00 host_mono_ns=2615763724525780 [2026-10-01 12:12:24.534] [info] restore label stack
host_utc=2026-10-01T12:12:24.534+00:00 host_mono_ns=2615763724531821 local_cell_num: 22
host_utc=2026-10-01T12:12:24.534+00:00 host_mono_ns=2615763724537873 locals.values.size: 22
host_utc=2026-10-01T12:12:24.534+00:00 host_mono_ns=2615763724545587 [2026-10-01 12:12:24.534] [info] restore label stack
host_utc=2026-10-01T12:12:24.534+00:00 host_mono_ns=2615763724551929 [2026-10-01 12:12:24.534] [info] Finish to restore stack
host_utc=2026-10-01T12:12:24.534+00:00 host_mono_ns=2615763724557790 
host_utc=2026-10-01T12:12:24.534+00:00 host_mono_ns=2615763724563672 stack, 152628
host_utc=2026-10-01T12:12:24.534+00:00 host_mono_ns=2615763724572488 global, 33573
host_utc=2026-10-01T12:12:24.534+00:00 host_mono_ns=2615763724578219 program counter, 19226
host_utc=2026-10-01T12:12:24.534+00:00 host_mono_ns=2615763724758399 initします
host_utc=2026-10-01T12:12:24.535+00:00 host_mono_ns=2615763726139126 boot_end, 2615763725968784
host_utc=2026-10-01T12:12:24.535+00:00 host_mono_ns=2615763726153333 wasm_cluster_increase_checkpointing_counter called 1
host_utc=2026-10-01T12:12:24.535+00:00 host_mono_ns=2615763726160266 Restoring wasm thread 2
host_utc=2026-10-01T12:12:24.535+00:00 host_mono_ns=2615763726165977 wasm_cluster_increase_checkpointing_counter called 2
host_utc=2026-10-01T12:12:24.536+00:00 host_mono_ns=2615763726171667 wasm_cluster_increase_checkpointing_counter called 3
host_utc=2026-10-01T12:12:24.536+00:00 host_mono_ns=2615763726177328 [2026-10-01 12:12:24.535] [info] wasm_restore_stack
host_utc=2026-10-01T12:12:24.536+00:00 host_mono_ns=2615763726182949 
host_utc=2026-10-01T12:12:24.536+00:00 host_mono_ns=2615763726188479 local_cell_num: 2
host_utc=2026-10-01T12:12:24.536+00:00 host_mono_ns=2615763726193999 locals.values.size: 2
host_utc=2026-10-01T12:12:24.536+00:00 host_mono_ns=2615763726199520 [2026-10-01 12:12:24.535] [info] restore label stack
host_utc=2026-10-01T12:12:24.536+00:00 host_mono_ns=2615763726205161 local_cell_num: 8
host_utc=2026-10-01T12:12:24.536+00:00 host_mono_ns=2615763726210621 locals.values.size: 8
host_utc=2026-10-01T12:12:24.536+00:00 host_mono_ns=2615763726216091 [2026-10-01 12:12:24.535] [info] restore label stack
host_utc=2026-10-01T12:12:24.536+00:00 host_mono_ns=2615763726221592 local_cell_num: 14
host_utc=2026-10-01T12:12:24.536+00:00 host_mono_ns=2615763726228745 locals.values.size: 14
host_utc=2026-10-01T12:12:24.536+00:00 host_mono_ns=2615763726235868 [2026-10-01 12:12:24.535] [info] restore label stack
host_utc=2026-10-01T12:12:24.536+00:00 host_mono_ns=2615763726241519 local_cell_num: 198
host_utc=2026-10-01T12:12:24.536+00:00 host_mono_ns=2615763726247060 locals.values.size: 198
host_utc=2026-10-01T12:12:24.536+00:00 host_mono_ns=2615763726252680 [2026-10-01 12:12:24.535] [info] restore label stack
host_utc=2026-10-01T12:12:24.536+00:00 host_mono_ns=2615763726258251 local_cell_num: 77
host_utc=2026-10-01T12:12:24.536+00:00 host_mono_ns=2615763726263681 locals.values.size: 77
host_utc=2026-10-01T12:12:24.536+00:00 host_mono_ns=2615763726269181 [2026-10-01 12:12:24.535] [info] restore label stack
host_utc=2026-10-01T12:12:24.536+00:00 host_mono_ns=2615763726274702 [06:36:03:064 - 77BBD0A15840]: warning: failed to link import function (env, pthread_exit)
host_utc=2026-10-01T12:12:24.536+00:00 host_mono_ns=2615763726280352 local_cell_num: 22
host_utc=2026-10-01T12:12:24.536+00:00 host_mono_ns=2615763726285843 locals.values.size: 22
host_utc=2026-10-01T12:12:24.536+00:00 host_mono_ns=2615763726291333 [2026-10-01 12:12:24.535] [info] restore label stack
host_utc=2026-10-01T12:12:24.536+00:00 host_mono_ns=2615763726296844 [2026-10-01 12:12:24.535] [info] Finish to restore stack
host_utc=2026-10-01T12:12:24.536+00:00 host_mono_ns=2615763726302444 
host_utc=2026-10-01T12:12:24.536+00:00 host_mono_ns=2615763726307844 stack, 96412
host_utc=2026-10-01T12:12:24.536+00:00 host_mono_ns=2615763726320548 global, 22192
host_utc=2026-10-01T12:12:24.536+00:00 host_mono_ns=2615763726326339 program counter, 13155
host_utc=2026-10-01T12:12:24.536+00:00 host_mono_ns=2615763726511118 initします
host_utc=2026-10-01T12:12:24.537+00:00 host_mono_ns=2615763727878008 boot_end, 2615763727786035
host_utc=2026-10-01T12:12:24.537+00:00 host_mono_ns=2615763727887757 thread 2 restore
host_utc=2026-10-01T12:12:24.537+00:00 host_mono_ns=2615763727893989 wasm_cluster_increase_checkpointing_counter called 1
host_utc=2026-10-01T12:12:24.537+00:00 host_mono_ns=2615763727901633 Restoring wasm thread 1
host_utc=2026-10-01T12:12:24.537+00:00 host_mono_ns=2615763727908827 wasm_cluster_increase_checkpointing_counter called 2
host_utc=2026-10-01T12:12:24.537+00:00 host_mono_ns=2615763727914718 wasm_cluster_increase_checkpointing_counter called 3
host_utc=2026-10-01T12:12:24.537+00:00 host_mono_ns=2615763727920899 [2026-10-01 12:12:24.537] [info] wasm_restore_stack
host_utc=2026-10-01T12:12:24.537+00:00 host_mono_ns=2615763727927141 
host_utc=2026-10-01T12:12:24.537+00:00 host_mono_ns=2615763727936018 local_cell_num: 2
host_utc=2026-10-01T12:12:24.537+00:00 host_mono_ns=2615763727941999 locals.values.size: 2
host_utc=2026-10-01T12:12:24.537+00:00 host_mono_ns=2615763727947600 [2026-10-01 12:12:24.537] [info] restore label stack
host_utc=2026-10-01T12:12:24.537+00:00 host_mono_ns=2615763727953180 local_cell_num: 8
host_utc=2026-10-01T12:12:24.537+00:00 host_mono_ns=2615763727958841 locals.values.size: 8
host_utc=2026-10-01T12:12:24.537+00:00 host_mono_ns=2615763727964692 [06:36:03:865 - 77BBD0A15840]: local_cell_num: 14
host_utc=2026-10-01T12:12:24.537+00:00 host_mono_ns=2615763727970723 locals.values.size: 14
host_utc=2026-10-01T12:12:24.537+00:00 host_mono_ns=2615763727977757 [2026-10-01 12:12:24.537] [info] restore label stack
host_utc=2026-10-01T12:12:24.537+00:00 host_mono_ns=2615763727985131 local_cell_num: 198
host_utc=2026-10-01T12:12:24.537+00:00 host_mono_ns=2615763727990781 locals.values.size: 198
host_utc=2026-10-01T12:12:24.537+00:00 host_mono_ns=2615763727996342 [2026-10-01 12:12:24.537] [info] restore label stack
host_utc=2026-10-01T12:12:24.537+00:00 host_mono_ns=2615763728008074 local_cell_num: 77
host_utc=2026-10-01T12:12:24.537+00:00 host_mono_ns=2615763728017372 locals.values.size: 77
host_utc=2026-10-01T12:12:24.537+00:00 host_mono_ns=2615763728023132 [2026-10-01 12:12:24.537] [info] restore label stack
host_utc=2026-10-01T12:12:24.537+00:00 host_mono_ns=2615763728029234 local_cell_num: 22
host_utc=2026-10-01T12:12:24.537+00:00 host_mono_ns=2615763728034764 locals.values.size: 22
host_utc=2026-10-01T12:12:24.537+00:00 host_mono_ns=2615763728040225 [2026-10-01 12:12:24.537] [info] restore label stack
host_utc=2026-10-01T12:12:24.537+00:00 host_mono_ns=2615763728046316 warning: failed to link import function (env, pthread_exit)[2026-10-01 12:12:24.537] [info] Finish to restore stack
host_utc=2026-10-01T12:12:24.537+00:00 host_mono_ns=2615763728052147 
host_utc=2026-10-01T12:12:24.537+00:00 host_mono_ns=2615763728061044 stack, 90030
host_utc=2026-10-01T12:12:24.537+00:00 host_mono_ns=2615763728066765 global, 16962
host_utc=2026-10-01T12:12:24.537+00:00 host_mono_ns=2615763728072345 program counter, 10018
host_utc=2026-10-01T12:12:24.538+00:00 host_mono_ns=2615763728320263 
host_utc=2026-10-01T12:12:24.538+00:00 host_mono_ns=2615763728327237 thread 1 restore
host_utc=2026-10-01T12:12:24.538+00:00 host_mono_ns=2615763728333058 wasm_cluster_increase_checkpointing_counter called 1
host_utc=2026-10-01T12:12:24.538+00:00 host_mono_ns=2615763728338758 [2026-10-01 12:12:24.538] [info] wasm_restore_stack
host_utc=2026-10-01T12:12:24.538+00:00 host_mono_ns=2615763728345371 
host_utc=2026-10-01T12:12:24.538+00:00 host_mono_ns=2615763728355931 initします
host_utc=2026-10-01T12:12:24.539+00:00 host_mono_ns=2615763729727470 wasm_cluster_increase_checkpointing_counter called 2
host_utc=2026-10-01T12:12:24.539+00:00 host_mono_ns=2615763729739132 wasm_cluster_increase_checkpointing_counter called 3
host_utc=2026-10-01T12:12:24.539+00:00 host_mono_ns=2615763729752858 local_cell_num: 1
host_utc=2026-10-01T12:12:24.539+00:00 host_mono_ns=2615763729760653 locals.values.size: 1
host_utc=2026-10-01T12:12:24.539+00:00 host_mono_ns=2615763729766494 [2026-10-01 12:12:24.539] [info] restore label stack
host_utc=2026-10-01T12:12:24.539+00:00 host_mono_ns=2615763729772695 local_cell_num: 3
host_utc=2026-10-01T12:12:24.539+00:00 host_mono_ns=2615763729778436 locals.values.size: 3
host_utc=2026-10-01T12:12:24.539+00:00 host_mono_ns=2615763729784448 [2026-10-01 12:12:24.539] [info] wasm_restore_stack
host_utc=2026-10-01T12:12:24.539+00:00 host_mono_ns=2615763729790559 
host_utc=2026-10-01T12:12:24.539+00:00 host_mono_ns=2615763729796601 [2026-10-01 12:12:24.539] [info] restore label stack
host_utc=2026-10-01T12:12:24.539+00:00 host_mono_ns=2615763729802191 local_cell_num: 147
host_utc=2026-10-01T12:12:24.539+00:00 host_mono_ns=2615763729808223 locals.values.size: 147
host_utc=2026-10-01T12:12:24.539+00:00 host_mono_ns=2615763729813863 [2026-10-01 12:12:24.539] [info] restore label stack
host_utc=2026-10-01T12:12:24.539+00:00 host_mono_ns=2615763729819494 local_cell_num: 19
host_utc=2026-10-01T12:12:24.539+00:00 host_mono_ns=2615763729825014 locals.values.size: 19
host_utc=2026-10-01T12:12:24.539+00:00 host_mono_ns=2615763729832098 [2026-10-01 12:12:24.539] [info] restore label stack
host_utc=2026-10-01T12:12:24.539+00:00 host_mono_ns=2615763729839832 local_cell_num: 63
host_utc=2026-10-01T12:12:24.539+00:00 host_mono_ns=2615763729845633 locals.values.size: 63
host_utc=2026-10-01T12:12:24.539+00:00 host_mono_ns=2615763729851194 [2026-10-01 12:12:24.539] [info] restore label stack
host_utc=2026-10-01T12:12:24.539+00:00 host_mono_ns=2615763729857325 local_cell_num: 9
host_utc=2026-10-01T12:12:24.539+00:00 host_mono_ns=2615763729862856 locals.values.size: 9
host_utc=2026-10-01T12:12:24.539+00:00 host_mono_ns=2615763729868426 [2026-10-01 12:12:24.539] [info] restore label stack
host_utc=2026-10-01T12:12:24.539+00:00 host_mono_ns=2615763729874387 local_cell_num: 9
host_utc=2026-10-01T12:12:24.539+00:00 host_mono_ns=2615763729879858 locals.values.size: 9
host_utc=2026-10-01T12:12:24.539+00:00 host_mono_ns=2615763729885358 [2026-10-01 12:12:24.539] [info] restore label stack
host_utc=2026-10-01T12:12:24.539+00:00 host_mono_ns=2615763729891249 local_cell_num: 6
host_utc=2026-10-01T12:12:24.539+00:00 host_mono_ns=2615763729896750 locals.values.size: 6
host_utc=2026-10-01T12:12:24.539+00:00 host_mono_ns=2615763729902260 [2026-10-01 12:12:24.539] [info] restore label stack
host_utc=2026-10-01T12:12:24.539+00:00 host_mono_ns=2615763729909564 [2026-10-01 12:12:24.539] [info] Finish to restore stack
host_utc=2026-10-01T12:12:24.539+00:00 host_mono_ns=2615763729916377 
host_utc=2026-10-01T12:12:24.539+00:00 host_mono_ns=2615763729921917 boot_end, 2615763729613745
host_utc=2026-10-01T12:12:24.539+00:00 host_mono_ns=2615763729927558 stack, 1427105
host_utc=2026-10-01T12:12:24.539+00:00 host_mono_ns=2615763729936865 local_cell_num: 2
host_utc=2026-10-01T12:12:24.539+00:00 host_mono_ns=2615763729942546 locals.values.size: 2
host_utc=2026-10-01T12:12:24.539+00:00 host_mono_ns=2615763729948087 [2026-10-01 12:12:24.539] [info] restore label stack
host_utc=2026-10-01T12:12:24.539+00:00 host_mono_ns=2615763729954188 local_cell_num: 8
host_utc=2026-10-01T12:12:24.539+00:00 host_mono_ns=2615763729959668 locals.values.size: 8
host_utc=2026-10-01T12:12:24.539+00:00 host_mono_ns=2615763729965169 [2026-10-01 12:12:24.539] [info] restore label stack
host_utc=2026-10-01T12:12:24.539+00:00 host_mono_ns=2615763729971080 local_cell_num: 14
host_utc=2026-10-01T12:12:24.539+00:00 host_mono_ns=2615763729976510 locals.values.size: 14
host_utc=2026-10-01T12:12:24.539+00:00 host_mono_ns=2615763729982001 [2026-10-01 12:12:24.539] [info] restore label stack
host_utc=2026-10-01T12:12:24.539+00:00 host_mono_ns=2615763729987922 local_cell_num: 155
host_utc=2026-10-01T12:12:24.539+00:00 host_mono_ns=2615763729993392 locals.values.size: 155
host_utc=2026-10-01T12:12:24.539+00:00 host_mono_ns=2615763730009483 [2026-10-01 12:12:24.539] [info] restore label stack
host_utc=2026-10-01T12:12:24.539+00:00 host_mono_ns=2615763730017888 local_cell_num: 19
host_utc=2026-10-01T12:12:24.539+00:00 host_mono_ns=2615763730023489 locals.values.size: 19
host_utc=2026-10-01T12:12:24.539+00:00 host_mono_ns=2615763730029019 [2026-10-01 12:12:24.539] [info] restore label stack
host_utc=2026-10-01T12:12:24.539+00:00 host_mono_ns=2615763730034600 local_cell_num: 63
host_utc=2026-10-01T12:12:24.539+00:00 host_mono_ns=2615763730040050 locals.values.size: 63
host_utc=2026-10-01T12:12:24.539+00:00 host_mono_ns=2615763730045551 [2026-10-01 12:12:24.539] [info] restore label stack
host_utc=2026-10-01T12:12:24.539+00:00 host_mono_ns=2615763730051241 local_cell_num: 9
host_utc=2026-10-01T12:12:24.539+00:00 host_mono_ns=2615763730057253 locals.values.size: 9
host_utc=2026-10-01T12:12:24.539+00:00 host_mono_ns=2615763730063214 [2026-10-01 12:12:24.539] [info] restore label stack
host_utc=2026-10-01T12:12:24.539+00:00 host_mono_ns=2615763730069155 local_cell_num: 9
host_utc=2026-10-01T12:12:24.539+00:00 host_mono_ns=2615763730075136 locals.values.size: 9
host_utc=2026-10-01T12:12:24.539+00:00 host_mono_ns=2615763730081288 [2026-10-01 12:12:24.539] [info] restore label stack
host_utc=2026-10-01T12:12:24.539+00:00 host_mono_ns=2615763730086859 local_cell_num: 6
host_utc=2026-10-01T12:12:24.539+00:00 host_mono_ns=2615763730092439 locals.values.size: 6
host_utc=2026-10-01T12:12:24.539+00:00 host_mono_ns=2615763730098240 [2026-10-01 12:12:24.539] [info] restore label stack
host_utc=2026-10-01T12:12:24.539+00:00 host_mono_ns=2615763730103831 [2026-10-01 12:12:24.539] [info] Finish to restore stack
host_utc=2026-10-01T12:12:24.539+00:00 host_mono_ns=2615763730109802 
host_utc=2026-10-01T12:12:24.539+00:00 host_mono_ns=2615763730115332 stack, 123483
host_utc=2026-10-01T12:12:24.539+00:00 host_mono_ns=2615763730120863 global, 27121
host_utc=2026-10-01T12:12:24.539+00:00 host_mono_ns=2615763730126343 program counter, 13375
host_utc=2026-10-01T12:12:26.427+00:00 host_mono_ns=2615765617456625 memory, 1887306788
host_utc=2026-10-01T12:12:26.427+00:00 host_mono_ns=2615765617619021 global, 10399
host_utc=2026-10-01T12:12:26.427+00:00 host_mono_ns=2615765617632376 program counter, 11732
host_utc=2026-10-01T12:12:26.428+00:00 host_mono_ns=2615765618981814 PHASE0 event=recv-EINTR thread=0x209e7d4 fd=14 eintr_count=1 default=0x9beb8 object=0x9beb8 ip=0x030012ac canary=0x5917d272 fallback_entries=0 canary_addr=0x9bf3c default_addr=0x9beb4 ip_addr=0x9bebc
host_utc=2026-10-01T12:12:26.428+00:00 host_mono_ns=2615765619046807 PHASE0 event=recv-EINTR thread=0x1a4e434 fd=7 eintr_count=1 default=0x9beb8 object=0x9beb8 ip=0x030012ac canary=0x5917d272 fallback_entries=0 canary_addr=0x9bf3c default_addr=0x9beb4 ip_addr=0x9bebc
host_utc=2026-10-01T12:12:26.428+00:00 host_mono_ns=2615765619065792 PHASE0 event=recv-EINTR thread=0x26eea74 fd=12 eintr_count=1 default=0x9beb8 object=0x9beb8 ip=0x030012ac canary=0x5917d272 fallback_entries=0 canary_addr=0x9bf3c default_addr=0x9beb4 ip_addr=0x9bebc
host_utc=2026-10-01T12:12:26.428+00:00 host_mono_ns=2615765619078757 PHASE0 event=recv-EINTR thread=0x13fe194 fd=4 eintr_count=1 default=0x9beb8 object=0x9beb8 ip=0x030012ac canary=0x5917d272 fallback_entries=0 canary_addr=0x9bf3c default_addr=0x9beb4 ip_addr=0x9bebc
host_utc=2026-10-01T12:12:27.428+00:00 host_mono_ns=2615766619056793 PHASE0 event=refresh-entry thread=0x4c7fd64 fd=-1 eintr_count=0 default=0x9beb8 object=0x9beb8 ip=0x030012ac canary=0x5917d272 fallback_entries=0 canary_addr=0x9bf3c default_addr=0x9beb4 ip_addr=0x9bebc
host_utc=2026-10-01T12:12:27.429+00:00 host_mono_ns=2615766619173012 PHASE0 event=refresh-exit thread=0x4c7fd64 fd=-1 eintr_count=0 default=0x9beb8 object=0x9beb8 ip=0x030012ac canary=0x5917d272 fallback_entries=0 canary_addr=0x9bf3c default_addr=0x9beb4 ip_addr=0x9bebc
host_utc=2026-10-01T12:12:28.429+00:00 host_mono_ns=2615767619813470 PHASE0 event=refresh-entry thread=0x4c7fd64 fd=-1 eintr_count=0 default=0x9beb8 object=0x9beb8 ip=0x030012ac canary=0x5917d272 fallback_entries=0 canary_addr=0x9bf3c default_addr=0x9beb4 ip_addr=0x9bebc
host_utc=2026-10-01T12:12:28.429+00:00 host_mono_ns=2615767619962261 PHASE0 event=refresh-exit thread=0x4c7fd64 fd=-1 eintr_count=0 default=0x9beb8 object=0x9beb8 ip=0x030012ac canary=0x5917d272 fallback_entries=0 canary_addr=0x9bf3c default_addr=0x9beb4 ip_addr=0x9bebc
host_utc=2026-10-01T12:12:29.430+00:00 host_mono_ns=2615768620763080 PHASE0 event=refresh-entry thread=0x4c7fd64 fd=-1 eintr_count=0 default=0x9beb8 object=0x9beb8 ip=0x030012ac canary=0x5917d272 fallback_entries=0 canary_addr=0x9bf3c default_addr=0x9beb4 ip_addr=0x9bebc
host_utc=2026-10-01T12:12:29.430+00:00 host_mono_ns=2615768621067484 PHASE0 event=refresh-exit thread=0x4c7fd64 fd=-1 eintr_count=0 default=0x9beb8 object=0x9beb8 ip=0x030012ac canary=0x5917d272 fallback_entries=0 canary_addr=0x9bf3c default_addr=0x9beb4 ip_addr=0x9bebc
host_utc=2026-10-01T12:12:30.430+00:00 host_mono_ns=2615769621078164 0 msg_sn_low: 2e
host_utc=2026-10-01T12:12:30.430+00:00 host_mono_ns=2615769621143317 subscribed msg: 'Hello from mros2-posix onto Linux: 49'
host_utc=2026-10-01T12:12:30.431+00:00 host_mono_ns=2615769621171992 LOG_ERROR : 00000053.738 : LOG_ERROR : 00000053.738 : LOG_ERROR : 00000053.738 : UDP_RECV_RECOVERY action=skip reason=EINTR fd=7UDP_RECV_RECOVERY action=skip reason=EINTR fd=12
host_utc=2026-10-01T12:12:30.431+00:00 host_mono_ns=2615769621190697 
host_utc=2026-10-01T12:12:30.431+00:00 host_mono_ns=2615769621206617 LOG_ERROR : 00000053.738 : UDP_RECV_RECOVERY action=skip reason=EINTR fd=14UDP_RECV_RECOVERY action=skip reason=EINTR fd=4
host_utc=2026-10-01T12:12:30.431+00:00 host_mono_ns=2615769621223058 
host_utc=2026-10-01T12:12:30.431+00:00 host_mono_ns=2615769621238447 publishing msg: 'Hello from mros2-posix onto Linux: 50'
host_utc=2026-10-01T12:12:30.431+00:00 host_mono_ns=2615769621256261 LOG_DEBUG : 00000054.740 : [MROS2LIB] message get [callback_handler] msg_sn_high: 0 msg_sn_low: 2f
host_utc=2026-10-01T12:12:30.431+00:00 host_mono_ns=2615769621273573 subscribed msg: 'Hello from mros2-posix onto Linux: 50'
host_utc=2026-10-01T12:12:30.431+00:00 host_mono_ns=2615769621291517 publishing msg: 'Hello from mros2-posix onto Linux: 51'
host_utc=2026-10-01T12:12:30.431+00:00 host_mono_ns=2615769621308249 LOG_DEBUG : 00000055.740 : [MROS2LIB] message get [callback_handler] msg_sn_high: 0 msg_sn_low: 30
host_utc=2026-10-01T12:12:30.431+00:00 host_mono_ns=2615769621324019 subscribed msg: 'Hello from mros2-posix onto Linux: 51'
host_utc=2026-10-01T12:12:30.431+00:00 host_mono_ns=2615769621343756 publishing msg: 'Hello from mros2-posix onto Linux: 52'
host_utc=2026-10-01T12:12:30.431+00:00 host_mono_ns=2615769621363323 LOG_DEBUG : 00000056.741 : [MROS2LIB] message get [callback_handler] msg_sn_high: 0 msg_sn_low: 31
host_utc=2026-10-01T12:12:30.431+00:00 host_mono_ns=2615769621378942 subscribed msg: 'Hello from mros2-posix onto Linux: 52'
host_utc=2026-10-01T12:12:30.431+00:00 host_mono_ns=2615769621408328 publishing msg: 'PHASE0 event=refresh-entry thread=0x4c7fd64 fd=-1 eintr_count=0 default=0x9beb8 object=0x9beb8 ip=0x030012ac canary=0x5917d272 fallback_entries=0 canary_addr=0x9bf3c default_addr=0x9beb4 ip_addr=0x9bebc
host_utc=2026-10-01T12:12:30.431+00:00 host_mono_ns=2615769621581966 PHASE0 event=refresh-exit thread=0x4c7fd64 fd=-1 eintr_count=0 default=0x9beb8 object=0x9beb8 ip=0x030012ac canary=0x5917d272 fallback_entries=0 canary_addr=0x9bf3c default_addr=0x9beb4 ip_addr=0x9bebc
host_utc=2026-10-01T12:12:31.432+00:00 host_mono_ns=2615770622789422 PHASE0 event=refresh-entry thread=0x4c7fd64 fd=-1 eintr_count=0 default=0x9beb8 object=0x9beb8 ip=0x030012ac canary=0x5917d272 fallback_entries=0 canary_addr=0x9bf3c default_addr=0x9beb4 ip_addr=0x9bebc
host_utc=2026-10-01T12:12:31.432+00:00 host_mono_ns=2615770622847892 PHASE0 event=refresh-exit thread=0x4c7fd64 fd=-1 eintr_count=0 default=0x9beb8 object=0x9beb8 ip=0x030012ac canary=0x5917d272 fallback_entries=0 canary_addr=0x9bf3c default_addr=0x9beb4 ip_addr=0x9bebc
host_utc=2026-10-01T12:12:32.433+00:00 host_mono_ns=2615771623221326 PHASE0 event=refresh-entry thread=0x4c7fd64 fd=-1 eintr_count=0 default=0x9beb8 object=0x9beb8 ip=0x030012ac canary=0x5917d272 fallback_entries=0 canary_addr=0x9bf3c default_addr=0x9beb4 ip_addr=0x9bebc
host_utc=2026-10-01T12:12:32.433+00:00 host_mono_ns=2615771623627523 PHASE0 event=refresh-exit thread=0x4c7fd64 fd=-1 eintr_count=0 default=0x9beb8 object=0x9beb8 ip=0x030012ac canary=0x5917d272 fallback_entries=0 canary_addr=0x9bf3c default_addr=0x9beb4 ip_addr=0x9bebc
host_utc=2026-10-01T12:12:33.434+00:00 host_mono_ns=2615772624288546 PHASE0 event=refresh-entry thread=0x4c7fd64 fd=-1 eintr_count=0 default=0x9beb8 object=0x9beb8 ip=0x030012ac canary=0x5917d272 fallback_entries=0 canary_addr=0x9bf3c default_addr=0x9beb4 ip_addr=0x9bebc
host_utc=2026-10-01T12:12:33.434+00:00 host_mono_ns=2615772624428841 PHASE0 event=refresh-exit thread=0x4c7fd64 fd=-1 eintr_count=0 default=0x9beb8 object=0x9beb8 ip=0x030012ac canary=0x5917d272 fallback_entries=0 canary_addr=0x9bf3c default_addr=0x9beb4 ip_addr=0x9bebc
host_utc=2026-10-01T12:12:34.434+00:00 host_mono_ns=2615773624997652 PHASE0 event=refresh-entry thread=0x4c7fd64 fd=-1 eintr_count=0 default=0x9beb8 object=0x9beb8 ip=0x030012ac canary=0x5917d272 fallback_entries=0 canary_addr=0x9bf3c default_addr=0x9beb4 ip_addr=0x9bebc
host_utc=2026-10-01T12:12:34.435+00:00 host_mono_ns=2615773625225953 PHASE0 event=refresh-exit thread=0x4c7fd64 fd=-1 eintr_count=0 default=0x9beb8 object=0x9beb8 ip=0x030012ac canary=0x5917d272 fallback_entries=0 canary_addr=0x9bf3c default_addr=0x9beb4 ip_addr=0x9bebc
host_utc=2026-10-01T12:12:34.436+00:00 host_mono_ns=2615773626811116 Hello from mros2-posix onto Linux: 53'
host_utc=2026-10-01T12:12:34.436+00:00 host_mono_ns=2615773626847324 LOG_DEBUG : 00000057.741 : [MROS2LIB] message get [callback_handler] msg_sn_high: 0 msg_sn_low: 32
host_utc=2026-10-01T12:12:34.436+00:00 host_mono_ns=2615773626864086 subscribed msg: 'Hello from mros2-posix onto Linux: 53'
host_utc=2026-10-01T12:12:34.436+00:00 host_mono_ns=2615773626885616 publishing msg: 'Hello from mros2-posix onto Linux: 54'
host_utc=2026-10-01T12:12:34.436+00:00 host_mono_ns=2615773626900855 LOG_DEBUG : 00000058.743 : [MROS2LIB] message get [callback_handler] msg_sn_high: 0 msg_sn_low: 33
host_utc=2026-10-01T12:12:34.436+00:00 host_mono_ns=2615773626914541 subscribed msg: 'Hello from mros2-posix onto Linux: 54'
host_utc=2026-10-01T12:12:34.436+00:00 host_mono_ns=2615773626928718 publishing msg: 'Hello from mros2-posix onto Linux: 55'
host_utc=2026-10-01T12:12:34.436+00:00 host_mono_ns=2615773626942384 LOG_DEBUG : 00000059.743 : [MROS2LIB] message get [callback_handler] msg_sn_high: 0 msg_sn_low: 34
host_utc=2026-10-01T12:12:34.436+00:00 host_mono_ns=2615773626955558 subscribed msg: 'Hello from mros2-posix onto Linux: 55'
host_utc=2026-10-01T12:12:34.436+00:00 host_mono_ns=2615773626969174 publishing msg: 'Hello from mros2-posix onto Linux: 56'
host_utc=2026-10-01T12:12:34.436+00:00 host_mono_ns=2615773626982459 LOG_DEBUG : 00000060.745 : [MROS2LIB] message get [callback_handler] msg_sn_high: 0 msg_sn_low: 35
host_utc=2026-10-01T12:12:34.436+00:00 host_mono_ns=2615773626995464 subscribed msg: 'Hello from mros2-posix onto Linux: 56'
host_utc=2026-10-01T12:12:34.436+00:00 host_mono_ns=2615773627020661 publishing msg: 'Hello from mros2-posix onto Linux: 57'
host_utc=2026-10-01T12:12:34.436+00:00 host_mono_ns=2615773627036872 LOG_DEBUG : 00000061.745 : [MROS2LIB] message get [callback_handler] msg_sn_high: 0 msg_sn_low: 36
host_utc=2026-10-01T12:12:35.435+00:00 host_mono_ns=2615774626196824 subscribed msg: 'Hello from mros2-posix onto Linux: 57PHASE0 event=refresh-entry thread=0x4c7fd64 fd=-1 eintr_count=0 default=0x9beb8 object=0x9beb8 ip=0x030012ac canary=0x5917d272 fallback_entries=0 canary_addr=0x9bf3c default_addr=0x9beb4 ip_addr=0x9bebc
host_utc=2026-10-01T12:12:35.436+00:00 host_mono_ns=2615774626257969 PHASE0 event=refresh-exit thread=0x4c7fd64 fd=-1 eintr_count=0 default=0x9beb8 object=0x9beb8 ip=0x030012ac canary=0x5917d272 fallback_entries=0 canary_addr=0x9bf3c default_addr=0x9beb4 ip_addr=0x9bebc
host_utc=2026-10-01T12:12:36.436+00:00 host_mono_ns=2615775626812141 PHASE0 event=refresh-entry thread=0x4c7fd64 fd=-1 eintr_count=0 default=0x9beb8 object=0x9beb8 ip=0x030012ac canary=0x5917d272 fallback_entries=0 canary_addr=0x9bf3c default_addr=0x9beb4 ip_addr=0x9bebc
host_utc=2026-10-01T12:12:36.436+00:00 host_mono_ns=2615775627124180 PHASE0 event=refresh-exit thread=0x4c7fd64 fd=-1 eintr_count=0 default=0x9beb8 object=0x9beb8 ip=0x030012ac canary=0x5917d272 fallback_entries=0 canary_addr=0x9bf3c default_addr=0x9beb4 ip_addr=0x9bebc
host_utc=2026-10-01T12:12:37.437+00:00 host_mono_ns=2615776627684469 PHASE0 event=refresh-entry thread=0x4c7fd64 fd=-1 eintr_count=0 default=0x9beb8 object=0x9beb8 ip=0x030012ac canary=0x5917d272 fallback_entries=0 canary_addr=0x9bf3c default_addr=0x9beb4 ip_addr=0x9bebc
host_utc=2026-10-01T12:12:37.437+00:00 host_mono_ns=2615776627872794 PHASE0 event=refresh-exit thread=0x4c7fd64 fd=-1 eintr_count=0 default=0x9beb8 object=0x9beb8 ip=0x030012ac canary=0x5917d272 fallback_entries=0 canary_addr=0x9bf3c default_addr=0x9beb4 ip_addr=0x9bebc
host_utc=2026-10-01T12:12:38.438+00:00 host_mono_ns=2615777628611167 PHASE0 event=refresh-entry thread=0x4c7fd64 fd=-1 eintr_count=0 default=0x9beb8 object=0x9beb8 ip=0x030012ac canary=0x5917d272 fallback_entries=0 canary_addr=0x9bf3c default_addr=0x9beb4 ip_addr=0x9bebc
host_utc=2026-10-01T12:12:38.438+00:00 host_mono_ns=2615777628857462 PHASE0 event=refresh-exit thread=0x4c7fd64 fd=-1 eintr_count=0 default=0x9beb8 object=0x9beb8 ip=0x030012ac canary=0x5917d272 fallback_entries=0 canary_addr=0x9bf3c default_addr=0x9beb4 ip_addr=0x9bebc
host_utc=2026-10-01T12:12:39.439+00:00 host_mono_ns=2615778629574722 PHASE0 event=refresh-entry thread=0x4c7fd64 fd=-1 eintr_count=0 default=0x9beb8 object=0x9beb8 ip=0x030012ac canary=0x5917d272 fallback_entries=0 canary_addr=0x9bf3c default_addr=0x9beb4 ip_addr=0x9bebc
host_utc=2026-10-01T12:12:39.439+00:00 host_mono_ns=2615778629706220 PHASE0 event=refresh-exit thread=0x4c7fd64 fd=-1 eintr_count=0 default=0x9beb8 object=0x9beb8 ip=0x030012ac canary=0x5917d272 fallback_entries=0 canary_addr=0x9bf3c default_addr=0x9beb4 ip_addr=0x9bebc
host_utc=2026-10-01T12:12:39.441+00:00 host_mono_ns=2615778631451024 '
host_utc=2026-10-01T12:12:39.441+00:00 host_mono_ns=2615778631485079 publishing msg: 'Hello from mros2-posix onto Linux: 58'
host_utc=2026-10-01T12:12:39.441+00:00 host_mono_ns=2615778631508994 LOG_DEBUG : 00000062.746 : [MROS2LIB] message get [callback_handler] msg_sn_high: 0 msg_sn_low: 37
host_utc=2026-10-01T12:12:39.441+00:00 host_mono_ns=2615778631529663 subscribed msg: 'Hello from mros2-posix onto Linux: 58'
host_utc=2026-10-01T12:12:39.441+00:00 host_mono_ns=2615778631549701 publishing msg: 'Hello from mros2-posix onto Linux: 59'
host_utc=2026-10-01T12:12:39.441+00:00 host_mono_ns=2615778631564218 LOG_DEBUG : 00000063.747 : [MROS2LIB] message get [callback_handler] msg_sn_high: 0 msg_sn_low: 38
host_utc=2026-10-01T12:12:39.441+00:00 host_mono_ns=2615778631577633 subscribed msg: 'Hello from mros2-posix onto Linux: 59'
host_utc=2026-10-01T12:12:39.441+00:00 host_mono_ns=2615778631591429 publishing msg: 'Hello from mros2-posix onto Linux: 60'
host_utc=2026-10-01T12:12:39.441+00:00 host_mono_ns=2615778631605005 LOG_DEBUG : 00000064.748 : [MROS2LIB] message get [callback_handler] msg_sn_high: 0 msg_sn_low: 39
host_utc=2026-10-01T12:12:39.441+00:00 host_mono_ns=2615778631618110 subscribed msg: 'Hello from mros2-posix onto Linux: 60'
host_utc=2026-10-01T12:12:39.441+00:00 host_mono_ns=2615778631631776 publishing msg: 'Hello from mros2-posix onto Linux: 61'
host_utc=2026-10-01T12:12:39.441+00:00 host_mono_ns=2615778631645131 LOG_DEBUG : 00000065.748 : [MROS2LIB] message get [callback_handler] msg_sn_high: 0 msg_sn_low: 3a
host_utc=2026-10-01T12:12:39.441+00:00 host_mono_ns=2615778631658075 subscribed msg: 'Hello from mros2-posix onto Linux: 61'
host_utc=2026-10-01T12:12:39.441+00:00 host_mono_ns=2615778631671791 publishing msg: 'Hello from mros2-posix onto Linux: 62'
host_utc=2026-10-01T12:12:39.441+00:00 host_mono_ns=2615778631702289 LOG_DEBUG : 00000066.750 : [MROS2LIB] message get [callback_handler] msg_sn_high: 0 msg_sn_low: 3b
host_utc=2026-10-01T12:12:40.440+00:00 host_mono_ns=2615779630386347 subscribed msg: 'PHASE0 event=refresh-entry thread=0x4c7fd64 fd=-1 eintr_count=0 default=0x9beb8 object=0x9beb8 ip=0x030012ac canary=0x5917d272 fallback_entries=0 canary_addr=0x9bf3c default_addr=0x9beb4 ip_addr=0x9bebc
host_utc=2026-10-01T12:12:40.440+00:00 host_mono_ns=2615779630528015 PHASE0 event=refresh-exit thread=0x4c7fd64 fd=-1 eintr_count=0 default=0x9beb8 object=0x9beb8 ip=0x030012ac canary=0x5917d272 fallback_entries=0 canary_addr=0x9bf3c default_addr=0x9beb4 ip_addr=0x9bebc
host_utc=2026-10-01T12:12:41.441+00:00 host_mono_ns=2615780631323136 PHASE0 event=refresh-entry thread=0x4c7fd64 fd=-1 eintr_count=0 default=0x9beb8 object=0x9beb8 ip=0x030012ac canary=0x5917d272 fallback_entries=0 canary_addr=0x9bf3c default_addr=0x9beb4 ip_addr=0x9bebc
host_utc=2026-10-01T12:12:41.441+00:00 host_mono_ns=2615780631542700 PHASE0 event=refresh-exit thread=0x4c7fd64 fd=-1 eintr_count=0 default=0x9beb8 object=0x9beb8 ip=0x030012ac canary=0x5917d272 fallback_entries=0 canary_addr=0x9bf3c default_addr=0x9beb4 ip_addr=0x9bebc
host_utc=2026-10-01T12:12:42.442+00:00 host_mono_ns=2615781632227302 PHASE0 event=refresh-entry thread=0x4c7fd64 fd=-1 eintr_count=0 default=0x9beb8 object=0x9beb8 ip=0x030012ac canary=0x5917d272 fallback_entries=0 canary_addr=0x9bf3c default_addr=0x9beb4 ip_addr=0x9bebc
host_utc=2026-10-01T12:12:42.442+00:00 host_mono_ns=2615781632359803 PHASE0 event=refresh-exit thread=0x4c7fd64 fd=-1 eintr_count=0 default=0x9beb8 object=0x9beb8 ip=0x030012ac canary=0x5917d272 fallback_entries=0 canary_addr=0x9bf3c default_addr=0x9beb4 ip_addr=0x9bebc
host_utc=2026-10-01T12:12:43.442+00:00 host_mono_ns=2615782633073661 PHASE0 event=refresh-entry thread=0x4c7fd64 fd=-1 eintr_count=0 default=0x9beb8 object=0x9beb8 ip=0x030012ac canary=0x5917d272 fallback_entries=0 canary_addr=0x9bf3c default_addr=0x9beb4 ip_addr=0x9bebc
host_utc=2026-10-01T12:12:43.443+00:00 host_mono_ns=2615782633242730 PHASE0 event=refresh-exit thread=0x4c7fd64 fd=-1 eintr_count=0 default=0x9beb8 object=0x9beb8 ip=0x030012ac canary=0x5917d272 fallback_entries=0 canary_addr=0x9bf3c default_addr=0x9beb4 ip_addr=0x9bebc
host_utc=2026-10-01T12:12:44.443+00:00 host_mono_ns=2615783634068025 PHASE0 event=refresh-entry thread=0x4c7fd64 fd=-1 eintr_count=0 default=0x9beb8 object=0x9beb8 ip=0x030012ac canary=0x5917d272 fallback_entries=0 canary_addr=0x9bf3c default_addr=0x9beb4 ip_addr=0x9bebc
host_utc=2026-10-01T12:12:44.444+00:00 host_mono_ns=2615783634209482 PHASE0 event=refresh-exit thread=0x4c7fd64 fd=-1 eintr_count=0 default=0x9beb8 object=0x9beb8 ip=0x030012ac canary=0x5917d272 fallback_entries=0 canary_addr=0x9bf3c default_addr=0x9beb4 ip_addr=0x9bebc
host_utc=2026-10-01T12:12:44.445+00:00 host_mono_ns=2615783635553940 Hello from mros2-posix onto Linux: 62'
host_utc=2026-10-01T12:12:44.445+00:00 host_mono_ns=2615783635615877 publishing msg: 'Hello from mros2-posix onto Linux: 63'
host_utc=2026-10-01T12:12:44.445+00:00 host_mono_ns=2615783635639883 LOG_DEBUG : 00000067.750 : [MROS2LIB] message get [callback_handler] msg_sn_high: 0 msg_sn_low: 3c
host_utc=2026-10-01T12:12:44.445+00:00 host_mono_ns=2615783635656214 subscribed msg: 'Hello from mros2-posix onto Linux: 63'
host_utc=2026-10-01T12:12:44.445+00:00 host_mono_ns=2615783635672885 publishing msg: 'Hello from mros2-posix onto Linux: 64'
host_utc=2026-10-01T12:12:44.445+00:00 host_mono_ns=2615783635688895 LOG_DEBUG : 00000068.752 : [MROS2LIB] message get [callback_handler] msg_sn_high: 0 msg_sn_low: 3d
host_utc=2026-10-01T12:12:44.445+00:00 host_mono_ns=2615783635702882 subscribed msg: 'Hello from mros2-posix onto Linux: 64'
host_utc=2026-10-01T12:12:44.445+00:00 host_mono_ns=2615783635716738 publishing msg: 'Hello from mros2-posix onto Linux: 65'
host_utc=2026-10-01T12:12:44.445+00:00 host_mono_ns=2615783635730323 LOG_DEBUG : 00000069.752 : [MROS2LIB] message get [callback_handler] msg_sn_high: 0 msg_sn_low: 3e
host_utc=2026-10-01T12:12:44.445+00:00 host_mono_ns=2615783635765289 subscribed msg: 'Hello from mros2-posix onto Linux: 65'
host_utc=2026-10-01T12:12:44.445+00:00 host_mono_ns=2615783635778034 publishing msg: 'Hello from mros2-posix onto Linux: 66'
host_utc=2026-10-01T12:12:44.445+00:00 host_mono_ns=2615783635789726 LOG_DEBUG : 00000070.753 : [MROS2LIB] message get [callback_handler] msg_sn_high: 0 msg_sn_low: 3f
host_utc=2026-10-01T12:12:44.445+00:00 host_mono_ns=2615783635800696 subscribed msg: 'Hello from mros2-posix onto Linux: 66'
host_utc=2026-10-01T12:12:44.445+00:00 host_mono_ns=2615783635812208 publishing msg: 'Hello from mros2-posix onto Linux: 67'
host_utc=2026-10-01T12:12:45.444+00:00 host_mono_ns=2615784634831943 LOG_DEBUG : 00000071.754 : [MROS2LIB] message get [callback_handler] msg_sn_high: PHASE0 event=refresh-entry thread=0x4c7fd64 fd=-1 eintr_count=0 default=0x9beb8 object=0x9beb8 ip=0x030012ac canary=0x5917d272 fallback_entries=0 canary_addr=0x9bf3c default_addr=0x9beb4 ip_addr=0x9bebc
host_utc=2026-10-01T12:12:45.444+00:00 host_mono_ns=2615784635037482 PHASE0 event=refresh-exit thread=0x4c7fd64 fd=-1 eintr_count=0 default=0x9beb8 object=0x9beb8 ip=0x030012ac canary=0x5917d272 fallback_entries=0 canary_addr=0x9bf3c default_addr=0x9beb4 ip_addr=0x9bebc
host_utc=2026-10-01T12:12:46.445+00:00 host_mono_ns=2615785635884991 PHASE0 event=refresh-entry thread=0x4c7fd64 fd=-1 eintr_count=0 default=0x9beb8 object=0x9beb8 ip=0x030012ac canary=0x5917d272 fallback_entries=0 canary_addr=0x9bf3c default_addr=0x9beb4 ip_addr=0x9bebc
host_utc=2026-10-01T12:12:46.445+00:00 host_mono_ns=2615785636041566 PHASE0 event=refresh-exit thread=0x4c7fd64 fd=-1 eintr_count=0 default=0x9beb8 object=0x9beb8 ip=0x030012ac canary=0x5917d272 fallback_entries=0 canary_addr=0x9bf3c default_addr=0x9beb4 ip_addr=0x9bebc
host_utc=2026-10-01T12:12:47.446+00:00 host_mono_ns=2615786636905756 PHASE0 event=refresh-entry thread=0x4c7fd64 fd=-1 eintr_count=0 default=0x9beb8 object=0x9beb8 ip=0x030012ac canary=0x5917d272 fallback_entries=0 canary_addr=0x9bf3c default_addr=0x9beb4 ip_addr=0x9bebc
host_utc=2026-10-01T12:12:47.446+00:00 host_mono_ns=2615786637056932 PHASE0 event=refresh-exit thread=0x4c7fd64 fd=-1 eintr_count=0 default=0x9beb8 object=0x9beb8 ip=0x030012ac canary=0x5917d272 fallback_entries=0 canary_addr=0x9bf3c default_addr=0x9beb4 ip_addr=0x9bebc
host_utc=2026-10-01T12:12:48.447+00:00 host_mono_ns=2615787637699226 PHASE0 event=refresh-entry thread=0x4c7fd64 fd=-1 eintr_count=0 default=0x9beb8 object=0x9beb8 ip=0x030012ac canary=0x5917d272 fallback_entries=0 canary_addr=0x9bf3c default_addr=0x9beb4 ip_addr=0x9bebc
host_utc=2026-10-01T12:12:48.447+00:00 host_mono_ns=2615787637857875 PHASE0 event=refresh-exit thread=0x4c7fd64 fd=-1 eintr_count=0 default=0x9beb8 object=0x9beb8 ip=0x030012ac canary=0x5917d272 fallback_entries=0 canary_addr=0x9bf3c default_addr=0x9beb4 ip_addr=0x9bebc
host_utc=2026-10-01T12:12:49.448+00:00 host_mono_ns=2615788638957058 PHASE0 event=refresh-entry thread=0x4c7fd64 fd=-1 eintr_count=0 default=0x9beb8 object=0x9beb8 ip=0x030012ac canary=0x5917d272 fallback_entries=0 canary_addr=0x9bf3c default_addr=0x9beb4 ip_addr=0x9bebc
host_utc=2026-10-01T12:12:49.449+00:00 host_mono_ns=2615788639650147 PHASE0 event=refresh-exit thread=0x4c7fd64 fd=-1 eintr_count=0 default=0x9beb8 object=0x9beb8 ip=0x030012ac canary=0x5917d272 fallback_entries=0 canary_addr=0x9bf3c default_addr=0x9beb4 ip_addr=0x9bebc
host_utc=2026-10-01T12:12:49.450+00:00 host_mono_ns=2615788640404280 0 msg_sn_low: 40
host_utc=2026-10-01T12:12:49.450+00:00 host_mono_ns=2615788640464123 subscribed msg: 'Hello from mros2-posix onto Linux: 67'
host_utc=2026-10-01T12:12:49.450+00:00 host_mono_ns=2615788640489020 publishing msg: 'Hello from mros2-posix onto Linux: 68'
host_utc=2026-10-01T12:12:49.450+00:00 host_mono_ns=2615788640505040 LOG_DEBUG : 00000072.755 : [MROS2LIB] message get [callback_handler] msg_sn_high: 0 msg_sn_low: 41
host_utc=2026-10-01T12:12:49.450+00:00 host_mono_ns=2615788640520510 subscribed msg: 'Hello from mros2-posix onto Linux: 68'
host_utc=2026-10-01T12:12:49.450+00:00 host_mono_ns=2615788640563421 publishing msg: 'Hello from mros2-posix onto Linux: 69'
host_utc=2026-10-01T12:12:49.450+00:00 host_mono_ns=2615788640575423 LOG_DEBUG : 00000073.756 : [MROS2LIB] message get [callback_handler] msg_sn_high: 0 msg_sn_low: 42
host_utc=2026-10-01T12:12:49.450+00:00 host_mono_ns=2615788640586544 subscribed msg: 'Hello from mros2-posix onto Linux: 69'
host_utc=2026-10-01T12:12:49.450+00:00 host_mono_ns=2615788640598387 publishing msg: 'Hello from mros2-posix onto Linux: 70'
host_utc=2026-10-01T12:12:49.450+00:00 host_mono_ns=2615788640609728 LOG_DEBUG : 00000074.757 : [MROS2LIB] message get [callback_handler] msg_sn_high: 0 msg_sn_low: 43
host_utc=2026-10-01T12:12:49.450+00:00 host_mono_ns=2615788640620568 subscribed msg: 'Hello from mros2-posix onto Linux: 70'
host_utc=2026-10-01T12:12:49.450+00:00 host_mono_ns=2615788640632341 publishing msg: 'Hello from mros2-posix onto Linux: 71'
host_utc=2026-10-01T12:12:49.450+00:00 host_mono_ns=2615788640643602 LOG_DEBUG : 00000075.758 : [MROS2LIB] message get [callback_handler] msg_sn_high: 0 msg_sn_low: 44
host_utc=2026-10-01T12:12:49.450+00:00 host_mono_ns=2615788640654372 subscribed msg: 'Hello from mros2-posix onto Linux: 71'
host_utc=2026-10-01T12:12:49.450+00:00 host_mono_ns=2615788640666675 publishing msg: 'Hello from mros2-posix onto Linux: 72'
host_utc=2026-10-01T12:12:50.449+00:00 host_mono_ns=2615789639642250 LOG_DEBUG : 00000076.759 : [MROS2LIB] message get [callback_handler] msg_sn_high: PHASE0 event=refresh-entry thread=0x4c7fd64 fd=-1 eintr_count=0 default=0x9beb8 object=0x9beb8 ip=0x030012ac canary=0x5917d272 fallback_entries=0 canary_addr=0x9bf3c default_addr=0x9beb4 ip_addr=0x9bebc
host_utc=2026-10-01T12:12:50.449+00:00 host_mono_ns=2615789639803855 PHASE0 event=refresh-exit thread=0x4c7fd64 fd=-1 eintr_count=0 default=0x9beb8 object=0x9beb8 ip=0x030012ac canary=0x5917d272 fallback_entries=0 canary_addr=0x9bf3c default_addr=0x9beb4 ip_addr=0x9bebc
host_utc=2026-10-01T12:12:51.450+00:00 host_mono_ns=2615790640830851 PHASE0 event=refresh-entry thread=0x4c7fd64 fd=-1 eintr_count=0 default=0x9beb8 object=0x9beb8 ip=0x030012ac canary=0x5917d272 fallback_entries=0 canary_addr=0x9bf3c default_addr=0x9beb4 ip_addr=0x9bebc
host_utc=2026-10-01T12:12:51.450+00:00 host_mono_ns=2615790640900332 PHASE0 event=refresh-exit thread=0x4c7fd64 fd=-1 eintr_count=0 default=0x9beb8 object=0x9beb8 ip=0x030012ac canary=0x5917d272 fallback_entries=0 canary_addr=0x9bf3c default_addr=0x9beb4 ip_addr=0x9bebc
host_utc=2026-10-01T12:12:52.451+00:00 host_mono_ns=2615791641963537 PHASE0 event=refresh-entry thread=0x4c7fd64 fd=-1 eintr_count=0 default=0x9beb8 object=0x9beb8 ip=0x030012ac canary=0x5917d272 fallback_entries=0 canary_addr=0x9bf3c default_addr=0x9beb4 ip_addr=0x9bebc
host_utc=2026-10-01T12:12:52.451+00:00 host_mono_ns=2615791642095927 PHASE0 event=refresh-exit thread=0x4c7fd64 fd=-1 eintr_count=0 default=0x9beb8 object=0x9beb8 ip=0x030012ac canary=0x5917d272 fallback_entries=0 canary_addr=0x9bf3c default_addr=0x9beb4 ip_addr=0x9bebc
host_utc=2026-10-01T12:12:53.452+00:00 host_mono_ns=2615792642999259 PHASE0 event=refresh-entry thread=0x4c7fd64 fd=-1 eintr_count=0 default=0x9beb8 object=0x9beb8 ip=0x030012ac canary=0x5917d272 fallback_entries=0 canary_addr=0x9bf3c default_addr=0x9beb4 ip_addr=0x9bebc
host_utc=2026-10-01T12:12:53.453+00:00 host_mono_ns=2615792643207552 PHASE0 event=refresh-exit thread=0x4c7fd64 fd=-1 eintr_count=0 default=0x9beb8 object=0x9beb8 ip=0x030012ac canary=0x5917d272 fallback_entries=0 canary_addr=0x9bf3c default_addr=0x9beb4 ip_addr=0x9bebc
host_utc=2026-10-01T12:12:54.453+00:00 host_mono_ns=2615793644064660 PHASE0 event=refresh-entry thread=0x4c7fd64 fd=-1 eintr_count=0 default=0x9beb8 object=0x9beb8 ip=0x030012ac canary=0x5917d272 fallback_entries=0 canary_addr=0x9bf3c default_addr=0x9beb4 ip_addr=0x9bebc
host_utc=2026-10-01T12:12:54.454+00:00 host_mono_ns=2615793644257284 PHASE0 event=refresh-exit thread=0x4c7fd64 fd=-1 eintr_count=0 default=0x9beb8 object=0x9beb8 ip=0x030012ac canary=0x5917d272 fallback_entries=0 canary_addr=0x9bf3c default_addr=0x9beb4 ip_addr=0x9bebc
host_utc=2026-10-01T12:12:54.455+00:00 host_mono_ns=2615793645384512 0 msg_sn_low: 45
host_utc=2026-10-01T12:12:54.455+00:00 host_mono_ns=2615793645416753 subscribed msg: 'Hello from mros2-posix onto Linux: 72'
host_utc=2026-10-01T12:12:54.455+00:00 host_mono_ns=2615793645439316 publishing msg: 'Hello from mros2-posix onto Linux: 73'
host_utc=2026-10-01T12:12:54.455+00:00 host_mono_ns=2615793645452781 LOG_DEBUG : 00000077.760 : [MROS2LIB] message get [callback_handler] msg_sn_high: 0 msg_sn_low: 46
host_utc=2026-10-01T12:12:54.455+00:00 host_mono_ns=2615793645465756 subscribed msg: 'Hello from mros2-posix onto Linux: 73'
host_utc=2026-10-01T12:12:54.455+00:00 host_mono_ns=2615793645477969 publishing msg: 'Hello from mros2-posix onto Linux: 74'
host_utc=2026-10-01T12:12:54.455+00:00 host_mono_ns=2615793645489581 LOG_DEBUG : 00000078.761 : [MROS2LIB] message get [callback_handler] msg_sn_high: 0 msg_sn_low: 47
host_utc=2026-10-01T12:12:54.455+00:00 host_mono_ns=2615793645500762 subscribed msg: 'Hello from mros2-posix onto Linux: 74'
host_utc=2026-10-01T12:12:54.455+00:00 host_mono_ns=2615793645512664 publishing msg: 'Hello from mros2-posix onto Linux: 75'
host_utc=2026-10-01T12:12:54.455+00:00 host_mono_ns=2615793645524006 LOG_DEBUG : 00000079.762 : [MROS2LIB] message get [callback_handler] msg_sn_high: 0 msg_sn_low: 48
host_utc=2026-10-01T12:12:54.455+00:00 host_mono_ns=2615793645534806 subscribed msg: 'Hello from mros2-posix onto Linux: 75'
host_utc=2026-10-01T12:12:54.455+00:00 host_mono_ns=2615793645546258 publishing msg: 'Hello from mros2-posix onto Linux: 76'
host_utc=2026-10-01T12:12:54.455+00:00 host_mono_ns=2615793645557789 LOG_DEBUG : 00000080.763 : [MROS2LIB] message get [callback_handler] msg_sn_high: 0 msg_sn_low: 49
host_utc=2026-10-01T12:12:54.455+00:00 host_mono_ns=2615793645568419 subscribed msg: 'Hello from mros2-posix onto Linux: 76'
host_utc=2026-10-01T12:12:54.455+00:00 host_mono_ns=2615793645579921 publishing msg: 'Hello from mros2-posix onto Linux: 77'
host_utc=2026-10-01T12:12:54.875+00:00 host_mono_ns=2615794065513466 LOG_DEBUG : 00000081.764 : [MROS2LIB] message get [callback_handler] msg_sn_high:
host_utc=2026-10-01T12:12:54.875+00:00 host_mono_ns=2615794065631719 event=collector_process_exit source=restore exit_status=143
