host_utc=2026-09-30T08:35:42.159+00:00 host_mono_ns=2516361350042174 boot_start, 2516361349840403
host_utc=2026-09-30T08:35:42.356+00:00 host_mono_ns=2516361546792462 11 stderr
host_utc=2026-09-30T08:35:42.356+00:00 host_mono_ns=2516361546832909 22 stderr
host_utc=2026-09-30T08:35:42.356+00:00 host_mono_ns=2516361546842968 signal init: 138613081019968
host_utc=2026-09-30T08:35:42.356+00:00 host_mono_ns=2516361546852155 initします
host_utc=2026-09-30T08:35:42.357+00:00 host_mono_ns=2516361547642238 boot_end, 2516361547425037
host_utc=2026-09-30T08:35:42.357+00:00 host_mono_ns=2516361547952674 3 stderr
host_utc=2026-09-30T08:35:42.357+00:00 host_mono_ns=2516361548082339 initします
host_utc=2026-09-30T08:35:42.359+00:00 host_mono_ns=2516361549184942 boot_end, 2516361548960919
host_utc=2026-09-30T08:35:42.359+00:00 host_mono_ns=2516361549231059 [02:59:21:790 - 7E115F985840]: Load type section success.
host_utc=2026-09-30T08:35:42.359+00:00 host_mono_ns=2516361549249063 
host_utc=2026-09-30T08:35:42.359+00:00 host_mono_ns=2516361549267688 [02:59:21:813 - 7E115F985840]: Load import section success.
host_utc=2026-09-30T08:35:42.359+00:00 host_mono_ns=2516361549282997 
host_utc=2026-09-30T08:35:42.359+00:00 host_mono_ns=2516361549296202 [02:59:21:586 - 7E115F985840]: Load function section success.
host_utc=2026-09-30T08:35:42.359+00:00 host_mono_ns=2516361549309367 
host_utc=2026-09-30T08:35:42.359+00:00 host_mono_ns=2516361549321690 [02:59:21:587 - 7E115F985840]: Load table section success.
host_utc=2026-09-30T08:35:42.359+00:00 host_mono_ns=2516361549336649 
host_utc=2026-09-30T08:35:42.359+00:00 host_mono_ns=2516361549352849 [02:59:21:588 - 7E115F985840]: Load global section success.
host_utc=2026-09-30T08:35:42.359+00:00 host_mono_ns=2516361549365984 
host_utc=2026-09-30T08:35:42.359+00:00 host_mono_ns=2516361549378237 [02:59:21:590 - 7E115F985840]: Load export section success.
host_utc=2026-09-30T08:35:42.359+00:00 host_mono_ns=2516361549390801 
host_utc=2026-09-30T08:35:42.359+00:00 host_mono_ns=2516361549403064 [02:59:21:590 - 7E115F985840]: Load start section success.
host_utc=2026-09-30T08:35:42.359+00:00 host_mono_ns=2516361549415818 
host_utc=2026-09-30T08:35:42.359+00:00 host_mono_ns=2516361549428081 [02:59:21:593 - 7E115F985840]: Load table segment section success.
host_utc=2026-09-30T08:35:42.359+00:00 host_mono_ns=2516361549440896 
host_utc=2026-09-30T08:35:42.359+00:00 host_mono_ns=2516361549453109 [02:59:21:594 - 7E115F985840]: Load datacount section success.
host_utc=2026-09-30T08:35:42.359+00:00 host_mono_ns=2516361549465943 
host_utc=2026-09-30T08:35:42.359+00:00 host_mono_ns=2516361549478246 [02:59:21:594 - 7E115F985840]: Load code segment section success.
host_utc=2026-09-30T08:35:42.359+00:00 host_mono_ns=2516361549491191 
host_utc=2026-09-30T08:35:42.359+00:00 host_mono_ns=2516361549503454 [02:59:21:595 - 7E115F985840]: Load data segment section success.
host_utc=2026-09-30T08:35:42.359+00:00 host_mono_ns=2516361549516218 
host_utc=2026-09-30T08:35:42.359+00:00 host_mono_ns=2516361549528421 [02:59:21:595 - 7E115F985840]: Ignore custom section [.debug_abbrev].
host_utc=2026-09-30T08:35:42.359+00:00 host_mono_ns=2516361549541446 [02:59:21:595 - 7E115F985840]: Ignore custom section [.debug_info].
host_utc=2026-09-30T08:35:42.359+00:00 host_mono_ns=2516361549554330 [02:59:21:596 - 7E115F985840]: Ignore custom section [.debug_ranges].
host_utc=2026-09-30T08:35:42.359+00:00 host_mono_ns=2516361549567134 [02:59:21:596 - 7E115F985840]: Ignore custom section [.debug_str].
host_utc=2026-09-30T08:35:42.359+00:00 host_mono_ns=2516361549579848 [02:59:21:597 - 7E115F985840]: Ignore custom section [.debug_line].
host_utc=2026-09-30T08:35:42.359+00:00 host_mono_ns=2516361549592452 [02:59:21:597 - 7E115F985840]: Ignore custom section [.debug_loc].
host_utc=2026-09-30T08:35:42.359+00:00 host_mono_ns=2516361549605096 [02:59:21:597 - 7E115F985840]: Ignore custom section [name].
host_utc=2026-09-30T08:35:42.359+00:00 host_mono_ns=2516361549620154 [02:59:21:598 - 7E115F985840]: Ignore custom section [producers].
host_utc=2026-09-30T08:35:42.359+00:00 host_mono_ns=2516361549637227 [02:59:21:598 - 7E115F985840]: Ignore custom section [target_features].
host_utc=2026-09-30T08:35:42.359+00:00 host_mono_ns=2516361549666812 [02:59:21:599 - 7E115F985840]: Found aux __heap_base global, value: 7855056
host_utc=2026-09-30T08:35:42.359+00:00 host_mono_ns=2516361549680608 [02:59:21:599 - 7E115F985840]: Found aux __data_end global, value: 1301444
host_utc=2026-09-30T08:35:42.359+00:00 host_mono_ns=2516361549693613 [02:59:21:600 - 7E115F985840]: Found aux stack top global, value: 7855056, global index: 0, stack size: 6553600
host_utc=2026-09-30T08:35:42.359+00:00 host_mono_ns=2516361549711827 [02:59:21:600 - 7E115F985840]: Found malloc function, name: malloc, index: 3154
host_utc=2026-09-30T08:35:42.359+00:00 host_mono_ns=2516361549727597 [02:59:21:601 - 7E115F985840]: Found free function, name: free, index: 3156
host_utc=2026-09-30T08:35:42.359+00:00 host_mono_ns=2516361549740812 [02:59:21:214 - 7E115F985840]: Load module success.
host_utc=2026-09-30T08:35:42.359+00:00 host_mono_ns=2516361549753636 
host_utc=2026-09-30T08:35:42.359+00:00 host_mono_ns=2516361549766190 [02:59:21:223 - 7E115F985840]: Memory instantiate:
host_utc=2026-09-30T08:35:42.359+00:00 host_mono_ns=2516361549778874 [02:59:21:224 - 7E115F985840]:   page bytes: 65536, init pages: 16384, max pages: 16384
host_utc=2026-09-30T08:35:42.359+00:00 host_mono_ns=2516361549791999 [02:59:21:224 - 7E115F985840]:   heap offset: 1073741824, heap size: 0
host_utc=2026-09-30T08:35:42.359+00:00 host_mono_ns=2516361549805114 
host_utc=2026-09-30T08:35:42.359+00:00 host_mono_ns=2516361549817487 [02:59:21:251 - 7E115F985840]: Memory instantiate success.
host_utc=2026-09-30T08:35:42.359+00:00 host_mono_ns=2516361549830261 [02:59:21:375 - 7E115F985840]: warning: failed to link import function (env, pthread_exit)
host_utc=2026-09-30T08:35:42.359+00:00 host_mono_ns=2516361549843556 Restoring wasm thread 11
host_utc=2026-09-30T08:35:42.359+00:00 host_mono_ns=2516361549856581 [02:59:21:549 - 7E115F985840]: warning: failed to link import function (env, pthread_exit)
host_utc=2026-09-30T08:35:42.359+00:00 host_mono_ns=2516361549869545 thread 11 restore
host_utc=2026-09-30T08:35:42.359+00:00 host_mono_ns=2516361549882229 Restoring wasm thread 10
host_utc=2026-09-30T08:35:42.359+00:00 host_mono_ns=2516361549894813 [2026-09-30 08:35:42.358] [info] wasm_restore_stack
host_utc=2026-09-30T08:35:42.359+00:00 host_mono_ns=2516361549910282 
host_utc=2026-09-30T08:35:42.359+00:00 host_mono_ns=2516361549932044 stack, 161114
host_utc=2026-09-30T08:35:42.359+00:00 host_mono_ns=2516361549943645 global, 12774
host_utc=2026-09-30T08:35:42.359+00:00 host_mono_ns=2516361549954536 program counter, 7183
host_utc=2026-09-30T08:35:42.359+00:00 host_mono_ns=2516361549965326 [02:59:21:048 - 7E115F985840]: warning: failed to link import function (env, pthread_exit)
host_utc=2026-09-30T08:35:42.359+00:00 host_mono_ns=2516361549976197 thread 10 restore
host_utc=2026-09-30T08:35:42.359+00:00 host_mono_ns=2516361549986687 local_cell_num: 2
host_utc=2026-09-30T08:35:42.359+00:00 host_mono_ns=2516361549997237 locals.values.size: 2
host_utc=2026-09-30T08:35:42.359+00:00 host_mono_ns=2516361550026682 [2026-09-30 08:35:42.358] [info] restore label stack
host_utc=2026-09-30T08:35:42.359+00:00 host_mono_ns=2516361550041801 local_cell_num: 8
host_utc=2026-09-30T08:35:42.359+00:00 host_mono_ns=2516361550052321 locals.values.size: 8
host_utc=2026-09-30T08:35:42.359+00:00 host_mono_ns=2516361550062921 [2026-09-30 08:35:42.358] [info] restore label stack
host_utc=2026-09-30T08:35:42.359+00:00 host_mono_ns=2516361550073711 local_cell_num: 14
host_utc=2026-09-30T08:35:42.359+00:00 host_mono_ns=2516361550084271 locals.values.size: 14
host_utc=2026-09-30T08:35:42.359+00:00 host_mono_ns=2516361550094951 [2026-09-30 08:35:42.358] [info] restore label stack
host_utc=2026-09-30T08:35:42.359+00:00 host_mono_ns=2516361550105571 local_cell_num: 45
host_utc=2026-09-30T08:35:42.359+00:00 host_mono_ns=2516361550116091 locals.values.size: 45
host_utc=2026-09-30T08:35:42.359+00:00 host_mono_ns=2516361550126631 [2026-09-30 08:35:42.358] [info] restore label stack
host_utc=2026-09-30T08:35:42.359+00:00 host_mono_ns=2516361550144675 local_cell_num: 19
host_utc=2026-09-30T08:35:42.359+00:00 host_mono_ns=2516361550156067 locals.values.size: 19
host_utc=2026-09-30T08:35:42.359+00:00 host_mono_ns=2516361550166687 [2026-09-30 08:35:42.358] [info] restore label stack
host_utc=2026-09-30T08:35:42.360+00:00 host_mono_ns=2516361550177207 local_cell_num: 63
host_utc=2026-09-30T08:35:42.360+00:00 host_mono_ns=2516361550187606 locals.values.size: 63
host_utc=2026-09-30T08:35:42.360+00:00 host_mono_ns=2516361550197986 [2026-09-30 08:35:42.358] [info] restore label stack
host_utc=2026-09-30T08:35:42.360+00:00 host_mono_ns=2516361550208476 local_cell_num: 9
host_utc=2026-09-30T08:35:42.360+00:00 host_mono_ns=2516361550218915 locals.values.size: 9
host_utc=2026-09-30T08:35:42.360+00:00 host_mono_ns=2516361550229375 [2026-09-30 08:35:42.358] [info] restore label stack
host_utc=2026-09-30T08:35:42.360+00:00 host_mono_ns=2516361550239875 local_cell_num: 9
host_utc=2026-09-30T08:35:42.360+00:00 host_mono_ns=2516361550250245 locals.values.size: 9
host_utc=2026-09-30T08:35:42.360+00:00 host_mono_ns=2516361550260674 [2026-09-30 08:35:42.358] [info] restore label stack
host_utc=2026-09-30T08:35:42.360+00:00 host_mono_ns=2516361550271174 local_cell_num: 6
host_utc=2026-09-30T08:35:42.360+00:00 host_mono_ns=2516361550281614 locals.values.size: 6
host_utc=2026-09-30T08:35:42.360+00:00 host_mono_ns=2516361550291973 [2026-09-30 08:35:42.358] [info] restore label stack
host_utc=2026-09-30T08:35:42.360+00:00 host_mono_ns=2516361550302664 [2026-09-30 08:35:42.358] [info] Finish to restore stack
host_utc=2026-09-30T08:35:42.360+00:00 host_mono_ns=2516361550313614 
host_utc=2026-09-30T08:35:42.360+00:00 host_mono_ns=2516361550324154 initします
host_utc=2026-09-30T08:35:42.361+00:00 host_mono_ns=2516361551457285 boot_end, 2516361551195600
host_utc=2026-09-30T08:35:42.361+00:00 host_mono_ns=2516361551522808 wasm_cluster_increase_checkpointing_counter called 1
host_utc=2026-09-30T08:35:42.361+00:00 host_mono_ns=2516361551538588 Restoring wasm thread 9
host_utc=2026-09-30T08:35:42.361+00:00 host_mono_ns=2516361551551172 wasm_cluster_increase_checkpointing_counter called 2
host_utc=2026-09-30T08:35:42.361+00:00 host_mono_ns=2516361551562974 wasm_cluster_increase_checkpointing_counter called 3
host_utc=2026-09-30T08:35:42.361+00:00 host_mono_ns=2516361551574366 [2026-09-30 08:35:42.361] [info] wasm_restore_stack
host_utc=2026-09-30T08:35:42.361+00:00 host_mono_ns=2516361551586158 
host_utc=2026-09-30T08:35:42.361+00:00 host_mono_ns=2516361551598401 stack, 165953
host_utc=2026-09-30T08:35:42.361+00:00 host_mono_ns=2516361551610164 global, 22652
host_utc=2026-09-30T08:35:42.361+00:00 host_mono_ns=2516361551622537 program counter, 13786
host_utc=2026-09-30T08:35:42.361+00:00 host_mono_ns=2516361551638377 [02:59:21:269 - 7E115F985840]: warning: failed to link import function (env, pthread_exit)
host_utc=2026-09-30T08:35:42.361+00:00 host_mono_ns=2516361551655038 thread 9 restore
host_utc=2026-09-30T08:35:42.361+00:00 host_mono_ns=2516361551671279 local_cell_num: 2
host_utc=2026-09-30T08:35:42.361+00:00 host_mono_ns=2516361551684444 locals.values.size: 2
host_utc=2026-09-30T08:35:42.361+00:00 host_mono_ns=2516361551696096 [2026-09-30 08:35:42.361] [info] restore label stack
host_utc=2026-09-30T08:35:42.361+00:00 host_mono_ns=2516361551707828 local_cell_num: 8
host_utc=2026-09-30T08:35:42.361+00:00 host_mono_ns=2516361551718979 locals.values.size: 8
host_utc=2026-09-30T08:35:42.361+00:00 host_mono_ns=2516361551730230 [2026-09-30 08:35:42.361] [info] restore label stack
host_utc=2026-09-30T08:35:42.361+00:00 host_mono_ns=2516361551741492 local_cell_num: 14
host_utc=2026-09-30T08:35:42.361+00:00 host_mono_ns=2516361551752673 locals.values.size: 14
host_utc=2026-09-30T08:35:42.361+00:00 host_mono_ns=2516361551764044 [2026-09-30 08:35:42.361] [info] restore label stack
host_utc=2026-09-30T08:35:42.361+00:00 host_mono_ns=2516361551775436 local_cell_num: 15
host_utc=2026-09-30T08:35:42.361+00:00 host_mono_ns=2516361551800142 locals.values.size: 15
host_utc=2026-09-30T08:35:42.361+00:00 host_mono_ns=2516361551811524 [2026-09-30 08:35:42.361] [info] restore label stack
host_utc=2026-09-30T08:35:42.361+00:00 host_mono_ns=2516361551822755 local_cell_num: 37
host_utc=2026-09-30T08:35:42.361+00:00 host_mono_ns=2516361551833766 locals.values.size: 37
host_utc=2026-09-30T08:35:42.361+00:00 host_mono_ns=2516361551844847 [2026-09-30 08:35:42.361] [info] restore label stack
host_utc=2026-09-30T08:35:42.361+00:00 host_mono_ns=2516361551856108 local_cell_num: 25
host_utc=2026-09-30T08:35:42.361+00:00 host_mono_ns=2516361551867139 locals.values.size: 25
host_utc=2026-09-30T08:35:42.361+00:00 host_mono_ns=2516361551878220 [2026-09-30 08:35:42.361] [info] restore label stack
host_utc=2026-09-30T08:35:42.361+00:00 host_mono_ns=2516361551889331 local_cell_num: 34
host_utc=2026-09-30T08:35:42.361+00:00 host_mono_ns=2516361551900302 locals.values.size: 34
host_utc=2026-09-30T08:35:42.361+00:00 host_mono_ns=2516361551911403 [2026-09-30 08:35:42.361] [info] restore label stack
host_utc=2026-09-30T08:35:42.361+00:00 host_mono_ns=2516361551922484 local_cell_num: 38
host_utc=2026-09-30T08:35:42.361+00:00 host_mono_ns=2516361551933384 locals.values.size: 38
host_utc=2026-09-30T08:35:42.361+00:00 host_mono_ns=2516361551944395 [2026-09-30 08:35:42.361] [info] restore label stack
host_utc=2026-09-30T08:35:42.361+00:00 host_mono_ns=2516361551955596 local_cell_num: 94
host_utc=2026-09-30T08:35:42.361+00:00 host_mono_ns=2516361551966647 locals.values.size: 94
host_utc=2026-09-30T08:35:42.361+00:00 host_mono_ns=2516361551977608 [2026-09-30 08:35:42.361] [info] restore label stack
host_utc=2026-09-30T08:35:42.361+00:00 host_mono_ns=2516361551988859 local_cell_num: 2
host_utc=2026-09-30T08:35:42.361+00:00 host_mono_ns=2516361551999900 locals.values.size: 2
host_utc=2026-09-30T08:35:42.361+00:00 host_mono_ns=2516361552023575 [2026-09-30 08:35:42.361] [info] restore label stack
host_utc=2026-09-30T08:35:42.361+00:00 host_mono_ns=2516361552034986 local_cell_num: 9
host_utc=2026-09-30T08:35:42.361+00:00 host_mono_ns=2516361552046117 locals.values.size: 9
host_utc=2026-09-30T08:35:42.361+00:00 host_mono_ns=2516361552057228 [2026-09-30 08:35:42.361] [info] restore label stack
host_utc=2026-09-30T08:35:42.361+00:00 host_mono_ns=2516361552068519 local_cell_num: 9
host_utc=2026-09-30T08:35:42.361+00:00 host_mono_ns=2516361552079590 locals.values.size: 9
host_utc=2026-09-30T08:35:42.361+00:00 host_mono_ns=2516361552090701 [2026-09-30 08:35:42.361] [info] restore label stack
host_utc=2026-09-30T08:35:42.361+00:00 host_mono_ns=2516361552101933 local_cell_num: 6
host_utc=2026-09-30T08:35:42.361+00:00 host_mono_ns=2516361552112953 locals.values.size: 6
host_utc=2026-09-30T08:35:42.361+00:00 host_mono_ns=2516361552124024 [2026-09-30 08:35:42.361] [info] restore label stack
host_utc=2026-09-30T08:35:42.361+00:00 host_mono_ns=2516361552135296 [2026-09-30 08:35:42.361] [info] Finish to restore stack
host_utc=2026-09-30T08:35:42.361+00:00 host_mono_ns=2516361552146727 
host_utc=2026-09-30T08:35:42.361+00:00 host_mono_ns=2516361552165583 initします
host_utc=2026-09-30T08:35:42.362+00:00 host_mono_ns=2516361552564967 boot_end, 2516361552365541
host_utc=2026-09-30T08:35:42.362+00:00 host_mono_ns=2516361552597348 wasm_cluster_increase_checkpointing_counter called 1
host_utc=2026-09-30T08:35:42.362+00:00 host_mono_ns=2516361552611886 Restoring wasm thread 8
host_utc=2026-09-30T08:35:42.362+00:00 host_mono_ns=2516361552624049 wasm_cluster_increase_checkpointing_counter called 2
host_utc=2026-09-30T08:35:42.362+00:00 host_mono_ns=2516361552635721 wasm_cluster_increase_checkpointing_counter called 3
host_utc=2026-09-30T08:35:42.362+00:00 host_mono_ns=2516361552646922 [2026-09-30 08:35:42.362] [info] wasm_restore_stack
host_utc=2026-09-30T08:35:42.362+00:00 host_mono_ns=2516361552658614 
host_utc=2026-09-30T08:35:42.362+00:00 host_mono_ns=2516361552670426 local_cell_num: 2
host_utc=2026-09-30T08:35:42.362+00:00 host_mono_ns=2516361552682028 locals.values.size: 2
host_utc=2026-09-30T08:35:42.362+00:00 host_mono_ns=2516361552704851 [2026-09-30 08:35:42.362] [info] restore label stack
host_utc=2026-09-30T08:35:42.362+00:00 host_mono_ns=2516361552716413 local_cell_num: 8
host_utc=2026-09-30T08:35:42.362+00:00 host_mono_ns=2516361552727554 locals.values.size: 8
host_utc=2026-09-30T08:35:42.362+00:00 host_mono_ns=2516361552738645 [2026-09-30 08:35:42.362] [info] restore label stack
host_utc=2026-09-30T08:35:42.362+00:00 host_mono_ns=2516361552749706 local_cell_num: 14
host_utc=2026-09-30T08:35:42.362+00:00 host_mono_ns=2516361552760927 locals.values.size: 14
host_utc=2026-09-30T08:35:42.362+00:00 host_mono_ns=2516361552772249 [2026-09-30 08:35:42.362] [info] restore label stack
host_utc=2026-09-30T08:35:42.362+00:00 host_mono_ns=2516361552783260 local_cell_num: 15
host_utc=2026-09-30T08:35:42.362+00:00 host_mono_ns=2516361552794170 locals.values.size: 15
host_utc=2026-09-30T08:35:42.362+00:00 host_mono_ns=2516361552805141 [2026-09-30 08:35:42.362] [info] restore label stack
host_utc=2026-09-30T08:35:42.362+00:00 host_mono_ns=2516361552816172 local_cell_num: 27
host_utc=2026-09-30T08:35:42.362+00:00 host_mono_ns=2516361552827082 locals.values.size: 27
host_utc=2026-09-30T08:35:42.362+00:00 host_mono_ns=2516361552837953 [2026-09-30 08:35:42.362] [info] restore label stack
host_utc=2026-09-30T08:35:42.362+00:00 host_mono_ns=2516361552848904 local_cell_num: 25
host_utc=2026-09-30T08:35:42.362+00:00 host_mono_ns=2516361552859774 locals.values.size: 25
host_utc=2026-09-30T08:35:42.362+00:00 host_mono_ns=2516361552870635 [2026-09-30 08:35:42.362] [info] restore label stack
host_utc=2026-09-30T08:35:42.362+00:00 host_mono_ns=2516361552881615 local_cell_num: 34
host_utc=2026-09-30T08:35:42.362+00:00 host_mono_ns=2516361552892456 locals.values.size: 34
host_utc=2026-09-30T08:35:42.362+00:00 host_mono_ns=2516361552903336 [2026-09-30 08:35:42.362] [info] restore label stack
host_utc=2026-09-30T08:35:42.362+00:00 host_mono_ns=2516361552914357 local_cell_num: 38
host_utc=2026-09-30T08:35:42.362+00:00 host_mono_ns=2516361552925238 locals.values.size: 38
host_utc=2026-09-30T08:35:42.362+00:00 host_mono_ns=2516361552936098 [2026-09-30 08:35:42.362] [info] restore label stack
host_utc=2026-09-30T08:35:42.362+00:00 host_mono_ns=2516361552952389 local_cell_num: 94
host_utc=2026-09-30T08:35:42.362+00:00 host_mono_ns=2516361552970864 locals.values.size: 94
host_utc=2026-09-30T08:35:42.362+00:00 host_mono_ns=2516361552989980 [2026-09-30 08:35:42.362] [info] restore label stack
host_utc=2026-09-30T08:35:42.362+00:00 host_mono_ns=2516361553018584 local_cell_num: 2
host_utc=2026-09-30T08:35:42.362+00:00 host_mono_ns=2516361553042760 locals.values.size: 2
host_utc=2026-09-30T08:35:42.362+00:00 host_mono_ns=2516361553055584 [2026-09-30 08:35:42.362] [info] restore label stack
host_utc=2026-09-30T08:35:42.362+00:00 host_mono_ns=2516361553068078 local_cell_num: 9
host_utc=2026-09-30T08:35:42.362+00:00 host_mono_ns=2516361553080361 locals.values.size: 9
host_utc=2026-09-30T08:35:42.362+00:00 host_mono_ns=2516361553092654 [2026-09-30 08:35:42.362] [info] restore label stack
host_utc=2026-09-30T08:35:42.362+00:00 host_mono_ns=2516361553117892 local_cell_num: 9
host_utc=2026-09-30T08:35:42.362+00:00 host_mono_ns=2516361553131097 locals.values.size: 9
host_utc=2026-09-30T08:35:42.362+00:00 host_mono_ns=2516361553143710 [2026-09-30 08:35:42.362] [info] restore label stack
host_utc=2026-09-30T08:35:42.362+00:00 host_mono_ns=2516361553156354 local_cell_num: 6
host_utc=2026-09-30T08:35:42.363+00:00 host_mono_ns=2516361553168858 locals.values.size: 6
host_utc=2026-09-30T08:35:42.363+00:00 host_mono_ns=2516361553181422 [2026-09-30 08:35:42.362] [info] restore label stack
host_utc=2026-09-30T08:35:42.363+00:00 host_mono_ns=2516361553194116 [2026-09-30 08:35:42.362] [info] Finish to restore stack
host_utc=2026-09-30T08:35:42.363+00:00 host_mono_ns=2516361553207311 
host_utc=2026-09-30T08:35:42.363+00:00 host_mono_ns=2516361553220045 stack, 85110
host_utc=2026-09-30T08:35:42.363+00:00 host_mono_ns=2516361553232829 global, 10780
host_utc=2026-09-30T08:35:42.363+00:00 host_mono_ns=2516361553254339 program counter, 8325
host_utc=2026-09-30T08:35:42.363+00:00 host_mono_ns=2516361553267184 initします
host_utc=2026-09-30T08:35:42.364+00:00 host_mono_ns=2516361554560547 [02:59:21:461 - 7E115F985840]: warning: failed to link import function (env, pthread_exit)
host_utc=2026-09-30T08:35:42.364+00:00 host_mono_ns=2516361554601354 thread 8 restore
host_utc=2026-09-30T08:35:42.364+00:00 host_mono_ns=2516361554618086 wasm_cluster_increase_checkpointing_counter called 1
host_utc=2026-09-30T08:35:42.364+00:00 host_mono_ns=2516361554632453 Restoring wasm thread 7
host_utc=2026-09-30T08:35:42.364+00:00 host_mono_ns=2516361554645899 wasm_cluster_increase_checkpointing_counter called 2
host_utc=2026-09-30T08:35:42.364+00:00 host_mono_ns=2516361554659003 wasm_cluster_increase_checkpointing_counter called 3
host_utc=2026-09-30T08:35:42.364+00:00 host_mono_ns=2516361554671787 [2026-09-30 08:35:42.364] [info] wasm_restore_stack
host_utc=2026-09-30T08:35:42.364+00:00 host_mono_ns=2516361554684822 
host_utc=2026-09-30T08:35:42.364+00:00 host_mono_ns=2516361554697837 boot_end, 2516361554358015
host_utc=2026-09-30T08:35:42.364+00:00 host_mono_ns=2516361554719047 [02:59:21:432 - 7E115F985840]: warning: failed to link import function (env, pthread_exit)
host_utc=2026-09-30T08:35:42.364+00:00 host_mono_ns=2516361554732893 thread 7 restore
host_utc=2026-09-30T08:35:42.364+00:00 host_mono_ns=2516361554745717 local_cell_num: 2
host_utc=2026-09-30T08:35:42.364+00:00 host_mono_ns=2516361554758471 locals.values.size: 2
host_utc=2026-09-30T08:35:42.364+00:00 host_mono_ns=2516361554771315 [2026-09-30 08:35:42.364] [info] restore label stack
host_utc=2026-09-30T08:35:42.364+00:00 host_mono_ns=2516361554784180 local_cell_num: 8
host_utc=2026-09-30T08:35:42.364+00:00 host_mono_ns=2516361554796583 locals.values.size: 8
host_utc=2026-09-30T08:35:42.364+00:00 host_mono_ns=2516361554809087 [2026-09-30 08:35:42.364] [info] restore label stack
host_utc=2026-09-30T08:35:42.364+00:00 host_mono_ns=2516361554821731 local_cell_num: 25
host_utc=2026-09-30T08:35:42.364+00:00 host_mono_ns=2516361554834164 locals.values.size: 25
host_utc=2026-09-30T08:35:42.364+00:00 host_mono_ns=2516361554846908 [2026-09-30 08:35:42.364] [info] restore label stack
host_utc=2026-09-30T08:35:42.364+00:00 host_mono_ns=2516361554859452 local_cell_num: 10
host_utc=2026-09-30T08:35:42.364+00:00 host_mono_ns=2516361554871845 locals.values.size: 10
host_utc=2026-09-30T08:35:42.364+00:00 host_mono_ns=2516361554884279 [2026-09-30 08:35:42.364] [info] restore label stack
host_utc=2026-09-30T08:35:42.364+00:00 host_mono_ns=2516361554896762 local_cell_num: 22
host_utc=2026-09-30T08:35:42.364+00:00 host_mono_ns=2516361554908925 locals.values.size: 22
host_utc=2026-09-30T08:35:42.364+00:00 host_mono_ns=2516361554921309 [2026-09-30 08:35:42.364] [info] restore label stack
host_utc=2026-09-30T08:35:42.364+00:00 host_mono_ns=2516361554933772 local_cell_num: 62
host_utc=2026-09-30T08:35:42.364+00:00 host_mono_ns=2516361554946005 locals.values.size: 62
host_utc=2026-09-30T08:35:42.364+00:00 host_mono_ns=2516361554958389 [2026-09-30 08:35:42.364] [info] restore label stack
host_utc=2026-09-30T08:35:42.364+00:00 host_mono_ns=2516361554970802 local_cell_num: 18
host_utc=2026-09-30T08:35:42.364+00:00 host_mono_ns=2516361554983055 locals.values.size: 18
host_utc=2026-09-30T08:35:42.364+00:00 host_mono_ns=2516361554995349 [2026-09-30 08:35:42.364] [info] restore label stack
host_utc=2026-09-30T08:35:42.364+00:00 host_mono_ns=2516361555021558 local_cell_num: 21
host_utc=2026-09-30T08:35:42.364+00:00 host_mono_ns=2516361555038059 locals.values.size: 21
host_utc=2026-09-30T08:35:42.364+00:00 host_mono_ns=2516361555050583 [2026-09-30 08:35:42.364] [info] restore label stack
host_utc=2026-09-30T08:35:42.364+00:00 host_mono_ns=2516361555063047 local_cell_num: 10
host_utc=2026-09-30T08:35:42.364+00:00 host_mono_ns=2516361555075320 locals.values.size: 10
host_utc=2026-09-30T08:35:42.364+00:00 host_mono_ns=2516361555087753 [2026-09-30 08:35:42.364] [info] restore label stack
host_utc=2026-09-30T08:35:42.364+00:00 host_mono_ns=2516361555112029 local_cell_num: 2
host_utc=2026-09-30T08:35:42.364+00:00 host_mono_ns=2516361555124633 locals.values.size: 2
host_utc=2026-09-30T08:35:42.364+00:00 host_mono_ns=2516361555137217 [2026-09-30 08:35:42.364] [info] restore label stack
host_utc=2026-09-30T08:35:42.364+00:00 host_mono_ns=2516361555149770 local_cell_num: 9
host_utc=2026-09-30T08:35:42.364+00:00 host_mono_ns=2516361555162164 locals.values.size: 9
host_utc=2026-09-30T08:35:42.365+00:00 host_mono_ns=2516361555174517 [2026-09-30 08:35:42.364] [info] restore label stack
host_utc=2026-09-30T08:35:42.365+00:00 host_mono_ns=2516361555187001 local_cell_num: 9
host_utc=2026-09-30T08:35:42.365+00:00 host_mono_ns=2516361555199304 locals.values.size: 9
host_utc=2026-09-30T08:35:42.365+00:00 host_mono_ns=2516361555211677 [2026-09-30 08:35:42.364] [info] restore label stack
host_utc=2026-09-30T08:35:42.365+00:00 host_mono_ns=2516361555224221 local_cell_num: 6
host_utc=2026-09-30T08:35:42.365+00:00 host_mono_ns=2516361555236534 locals.values.size: 6
host_utc=2026-09-30T08:35:42.365+00:00 host_mono_ns=2516361555249038 [2026-09-30 08:35:42.364] [info] restore label stack
host_utc=2026-09-30T08:35:42.365+00:00 host_mono_ns=2516361555261662 [2026-09-30 08:35:42.364] [info] Finish to restore stack
host_utc=2026-09-30T08:35:42.365+00:00 host_mono_ns=2516361555274486 
host_utc=2026-09-30T08:35:42.365+00:00 host_mono_ns=2516361555286859 stack, 144113
host_utc=2026-09-30T08:35:42.365+00:00 host_mono_ns=2516361555299523 global, 15339
host_utc=2026-09-30T08:35:42.365+00:00 host_mono_ns=2516361555311947 program counter, 10009
host_utc=2026-09-30T08:35:42.365+00:00 host_mono_ns=2516361555332345 initします
host_utc=2026-09-30T08:35:42.366+00:00 host_mono_ns=2516361557054709 wasm_cluster_increase_checkpointing_counter called 1
host_utc=2026-09-30T08:35:42.366+00:00 host_mono_ns=2516361557102199 Restoring wasm thread 6
host_utc=2026-09-30T08:35:42.366+00:00 host_mono_ns=2516361557124932 wasm_cluster_increase_checkpointing_counter called 2
host_utc=2026-09-30T08:35:42.366+00:00 host_mono_ns=2516361557145030 wasm_cluster_increase_checkpointing_counter called 3
host_utc=2026-09-30T08:35:42.366+00:00 host_mono_ns=2516361557163785 [2026-09-30 08:35:42.366] [info] wasm_restore_stack
host_utc=2026-09-30T08:35:42.367+00:00 host_mono_ns=2516361557178122 
host_utc=2026-09-30T08:35:42.367+00:00 host_mono_ns=2516361557191578 boot_end, 2516361556843931
host_utc=2026-09-30T08:35:42.367+00:00 host_mono_ns=2516361557214811 stack, 211700
host_utc=2026-09-30T08:35:42.367+00:00 host_mono_ns=2516361557233958 global, 41008
host_utc=2026-09-30T08:35:42.367+00:00 host_mono_ns=2516361557273913 program counter, 21260
host_utc=2026-09-30T08:35:42.367+00:00 host_mono_ns=2516361557293791 [02:59:21:920 - 7E115F985840]: warning: failed to link import function (env, pthread_exit)
host_utc=2026-09-30T08:35:42.367+00:00 host_mono_ns=2516361557308669 thread 6 restore
host_utc=2026-09-30T08:35:42.367+00:00 host_mono_ns=2516361557322014 local_cell_num: 2
host_utc=2026-09-30T08:35:42.367+00:00 host_mono_ns=2516361557338405 locals.values.size: 2
host_utc=2026-09-30T08:35:42.367+00:00 host_mono_ns=2516361557355808 [2026-09-30 08:35:42.366] [info] restore label stack
host_utc=2026-09-30T08:35:42.367+00:00 host_mono_ns=2516361557370325 local_cell_num: 8
host_utc=2026-09-30T08:35:42.367+00:00 host_mono_ns=2516361557383841 locals.values.size: 8
host_utc=2026-09-30T08:35:42.367+00:00 host_mono_ns=2516361557397396 [2026-09-30 08:35:42.366] [info] restore label stack
host_utc=2026-09-30T08:35:42.367+00:00 host_mono_ns=2516361557410231 local_cell_num: 14
host_utc=2026-09-30T08:35:42.367+00:00 host_mono_ns=2516361557422804 locals.values.size: 14
host_utc=2026-09-30T08:35:42.367+00:00 host_mono_ns=2516361557435649 [2026-09-30 08:35:42.366] [info] restore label stack
host_utc=2026-09-30T08:35:42.367+00:00 host_mono_ns=2516361557448273 local_cell_num: 8
host_utc=2026-09-30T08:35:42.367+00:00 host_mono_ns=2516361557460746 locals.values.size: 8
host_utc=2026-09-30T08:35:42.367+00:00 host_mono_ns=2516361557488118 [2026-09-30 08:35:42.366] [info] restore label stack
host_utc=2026-09-30T08:35:42.367+00:00 host_mono_ns=2516361557501112 local_cell_num: 13
host_utc=2026-09-30T08:35:42.367+00:00 host_mono_ns=2516361557513586 locals.values.size: 13
host_utc=2026-09-30T08:35:42.367+00:00 host_mono_ns=2516361557526230 [2026-09-30 08:35:42.366] [info] restore label stack
host_utc=2026-09-30T08:35:42.367+00:00 host_mono_ns=2516361557538804 local_cell_num: 19
host_utc=2026-09-30T08:35:42.367+00:00 host_mono_ns=2516361557551217 locals.values.size: 19
host_utc=2026-09-30T08:35:42.367+00:00 host_mono_ns=2516361557563641 [2026-09-30 08:35:42.366] [info] restore label stack
host_utc=2026-09-30T08:35:42.367+00:00 host_mono_ns=2516361557576355 local_cell_num: 63
host_utc=2026-09-30T08:35:42.367+00:00 host_mono_ns=2516361557588738 locals.values.size: 63
host_utc=2026-09-30T08:35:42.367+00:00 host_mono_ns=2516361557601131 [2026-09-30 08:35:42.366] [info] restore label stack
host_utc=2026-09-30T08:35:42.367+00:00 host_mono_ns=2516361557613725 local_cell_num: 9
host_utc=2026-09-30T08:35:42.367+00:00 host_mono_ns=2516361557626129 locals.values.size: 9
host_utc=2026-09-30T08:35:42.367+00:00 host_mono_ns=2516361557638562 [2026-09-30 08:35:42.366] [info] restore label stack
host_utc=2026-09-30T08:35:42.367+00:00 host_mono_ns=2516361557651116 local_cell_num: 9
host_utc=2026-09-30T08:35:42.367+00:00 host_mono_ns=2516361557663449 locals.values.size: 9
host_utc=2026-09-30T08:35:42.367+00:00 host_mono_ns=2516361557675853 [2026-09-30 08:35:42.366] [info] restore label stack
host_utc=2026-09-30T08:35:42.367+00:00 host_mono_ns=2516361557688396 local_cell_num: 6
host_utc=2026-09-30T08:35:42.367+00:00 host_mono_ns=2516361557700840 locals.values.size: 6
host_utc=2026-09-30T08:35:42.367+00:00 host_mono_ns=2516361557713243 [2026-09-30 08:35:42.366] [info] restore label stack
host_utc=2026-09-30T08:35:42.367+00:00 host_mono_ns=2516361557725937 [2026-09-30 08:35:42.366] [info] Finish to restore stack
host_utc=2026-09-30T08:35:42.367+00:00 host_mono_ns=2516361557738771 
host_utc=2026-09-30T08:35:42.367+00:00 host_mono_ns=2516361557758519 initします
host_utc=2026-09-30T08:35:42.368+00:00 host_mono_ns=2516361559101425 wasm_cluster_increase_checkpointing_counter called 1
host_utc=2026-09-30T08:35:42.368+00:00 host_mono_ns=2516361559116083 Restoring wasm thread 5
host_utc=2026-09-30T08:35:42.368+00:00 host_mono_ns=2516361559124890 wasm_cluster_increase_checkpointing_counter called 2
host_utc=2026-09-30T08:35:42.368+00:00 host_mono_ns=2516361559133586 wasm_cluster_increase_checkpointing_counter called 3
host_utc=2026-09-30T08:35:42.368+00:00 host_mono_ns=2516361559142212 [2026-09-30 08:35:42.368] [info] wasm_restore_stack
host_utc=2026-09-30T08:35:42.368+00:00 host_mono_ns=2516361559150919 
host_utc=2026-09-30T08:35:42.368+00:00 host_mono_ns=2516361559159595 boot_end, 2516361558994323
host_utc=2026-09-30T08:35:42.369+00:00 host_mono_ns=2516361559199751 [02:59:21:096 - 7E115F985840]: warning: failed to link import function (env, pthread_exit)
host_utc=2026-09-30T08:35:42.369+00:00 host_mono_ns=2516361559209640 local_cell_num: 2
host_utc=2026-09-30T08:35:42.369+00:00 host_mono_ns=2516361559218236 locals.values.size: 2
host_utc=2026-09-30T08:35:42.369+00:00 host_mono_ns=2516361559226682 [2026-09-30 08:35:42.368] [info] restore label stack
host_utc=2026-09-30T08:35:42.369+00:00 host_mono_ns=2516361559235308 local_cell_num: 8
host_utc=2026-09-30T08:35:42.369+00:00 host_mono_ns=2516361559243724 locals.values.size: 8
host_utc=2026-09-30T08:35:42.369+00:00 host_mono_ns=2516361559252120 [2026-09-30 08:35:42.368] [info] restore label stack
host_utc=2026-09-30T08:35:42.369+00:00 host_mono_ns=2516361559260646 local_cell_num: 14
host_utc=2026-09-30T08:35:42.369+00:00 host_mono_ns=2516361559269002 locals.values.size: 14
host_utc=2026-09-30T08:35:42.369+00:00 host_mono_ns=2516361559277358 [2026-09-30 08:35:42.368] [info] restore label stack
host_utc=2026-09-30T08:35:42.369+00:00 host_mono_ns=2516361559285794 local_cell_num: 8
host_utc=2026-09-30T08:35:42.369+00:00 host_mono_ns=2516361559300532 locals.values.size: 8
host_utc=2026-09-30T08:35:42.369+00:00 host_mono_ns=2516361559309028 [2026-09-30 08:35:42.368] [info] restore label stack
host_utc=2026-09-30T08:35:42.369+00:00 host_mono_ns=2516361559317454 local_cell_num: 13
host_utc=2026-09-30T08:35:42.369+00:00 host_mono_ns=2516361559325839 locals.values.size: 13
host_utc=2026-09-30T08:35:42.369+00:00 host_mono_ns=2516361559334225 [2026-09-30 08:35:42.368] [info] restore label stack
host_utc=2026-09-30T08:35:42.369+00:00 host_mono_ns=2516361559342651 thread 5 restore
host_utc=2026-09-30T08:35:42.369+00:00 host_mono_ns=2516361559351137 local_cell_num: 19
host_utc=2026-09-30T08:35:42.369+00:00 host_mono_ns=2516361559359433 locals.values.size: 19
host_utc=2026-09-30T08:35:42.369+00:00 host_mono_ns=2516361559367869 [2026-09-30 08:35:42.368] [info] restore label stack
host_utc=2026-09-30T08:35:42.369+00:00 host_mono_ns=2516361559376315 local_cell_num: 63
host_utc=2026-09-30T08:35:42.369+00:00 host_mono_ns=2516361559384620 locals.values.size: 63
host_utc=2026-09-30T08:35:42.369+00:00 host_mono_ns=2516361559393026 [2026-09-30 08:35:42.368] [info] restore label stack
host_utc=2026-09-30T08:35:42.369+00:00 host_mono_ns=2516361559401502 local_cell_num: 9
host_utc=2026-09-30T08:35:42.369+00:00 host_mono_ns=2516361559409838 locals.values.size: 9
host_utc=2026-09-30T08:35:42.369+00:00 host_mono_ns=2516361559418164 [2026-09-30 08:35:42.368] [info] restore label stack
host_utc=2026-09-30T08:35:42.369+00:00 host_mono_ns=2516361559426590 local_cell_num: 9
host_utc=2026-09-30T08:35:42.369+00:00 host_mono_ns=2516361559434865 locals.values.size: 9
host_utc=2026-09-30T08:35:42.369+00:00 host_mono_ns=2516361559443241 [2026-09-30 08:35:42.368] [info] restore label stack
host_utc=2026-09-30T08:35:42.369+00:00 host_mono_ns=2516361559451557 local_cell_num: 6
host_utc=2026-09-30T08:35:42.369+00:00 host_mono_ns=2516361559462347 locals.values.size: 6
host_utc=2026-09-30T08:35:42.369+00:00 host_mono_ns=2516361559473058 [2026-09-30 08:35:42.368] [info] restore label stack
host_utc=2026-09-30T08:35:42.369+00:00 host_mono_ns=2516361559481684 [2026-09-30 08:35:42.368] [info] Finish to restore stack
host_utc=2026-09-30T08:35:42.369+00:00 host_mono_ns=2516361559490240 
host_utc=2026-09-30T08:35:42.369+00:00 host_mono_ns=2516361559498656 stack, 119726
host_utc=2026-09-30T08:35:42.369+00:00 host_mono_ns=2516361559511290 global, 19236
host_utc=2026-09-30T08:35:42.369+00:00 host_mono_ns=2516361559519906 program counter, 9998
host_utc=2026-09-30T08:35:42.369+00:00 host_mono_ns=2516361559624103 initします
host_utc=2026-09-30T08:35:42.370+00:00 host_mono_ns=2516361560974845 boot_end, 2516361560786229
host_utc=2026-09-30T08:35:42.370+00:00 host_mono_ns=2516361561018878 wasm_cluster_increase_checkpointing_counter called 1
host_utc=2026-09-30T08:35:42.370+00:00 host_mono_ns=2516361561037002 Restoring wasm thread 4
host_utc=2026-09-30T08:35:42.370+00:00 host_mono_ns=2516361561049426 wasm_cluster_increase_checkpointing_counter called 2
host_utc=2026-09-30T08:35:42.370+00:00 host_mono_ns=2516361561061088 wasm_cluster_increase_checkpointing_counter called 3
host_utc=2026-09-30T08:35:42.370+00:00 host_mono_ns=2516361561072389 [2026-09-30 08:35:42.370] [info] wasm_restore_stack
host_utc=2026-09-30T08:35:42.370+00:00 host_mono_ns=2516361561083951 
host_utc=2026-09-30T08:35:42.370+00:00 host_mono_ns=2516361561095713 local_cell_num: 2
host_utc=2026-09-30T08:35:42.370+00:00 host_mono_ns=2516361561107075 locals.values.size: 2
host_utc=2026-09-30T08:35:42.370+00:00 host_mono_ns=2516361561118356 [2026-09-30 08:35:42.370] [info] restore label stack
host_utc=2026-09-30T08:35:42.370+00:00 host_mono_ns=2516361561129778 local_cell_num: 8
host_utc=2026-09-30T08:35:42.370+00:00 host_mono_ns=2516361561140798 locals.values.size: 8
host_utc=2026-09-30T08:35:42.370+00:00 host_mono_ns=2516361561151909 [2026-09-30 08:35:42.370] [info] restore label stack
host_utc=2026-09-30T08:35:42.370+00:00 host_mono_ns=2516361561163050 local_cell_num: 14
host_utc=2026-09-30T08:35:42.371+00:00 host_mono_ns=2516361561230107 locals.values.size: 14
host_utc=2026-09-30T08:35:42.371+00:00 host_mono_ns=2516361561241939 [2026-09-30 08:35:42.370] [info] restore label stack
host_utc=2026-09-30T08:35:42.371+00:00 host_mono_ns=2516361561253151 [02:59:21:869 - 7E115F985840]: warning: failed to link import function (env, pthread_exit)
host_utc=2026-09-30T08:35:42.371+00:00 host_mono_ns=2516361561265804 local_cell_num: 240
host_utc=2026-09-30T08:35:42.371+00:00 host_mono_ns=2516361561277146 locals.values.size: 240
host_utc=2026-09-30T08:35:42.371+00:00 host_mono_ns=2516361561288507 [2026-09-30 08:35:42.370] [info] restore label stack
host_utc=2026-09-30T08:35:42.371+00:00 host_mono_ns=2516361561299608 local_cell_num: 77
host_utc=2026-09-30T08:35:42.371+00:00 host_mono_ns=2516361561310689 locals.values.size: 77
host_utc=2026-09-30T08:35:42.371+00:00 host_mono_ns=2516361561321770 [2026-09-30 08:35:42.370] [info] restore label stack
host_utc=2026-09-30T08:35:42.371+00:00 host_mono_ns=2516361561332971 local_cell_num: 22
host_utc=2026-09-30T08:35:42.371+00:00 host_mono_ns=2516361561343992 locals.values.size: 22
host_utc=2026-09-30T08:35:42.371+00:00 host_mono_ns=2516361561355013 [2026-09-30 08:35:42.370] [info] restore label stack
host_utc=2026-09-30T08:35:42.371+00:00 host_mono_ns=2516361561366124 [2026-09-30 08:35:42.370] [info] Finish to restore stack
host_utc=2026-09-30T08:35:42.371+00:00 host_mono_ns=2516361561377876 
host_utc=2026-09-30T08:35:42.371+00:00 host_mono_ns=2516361561389087 stack, 88498
host_utc=2026-09-30T08:35:42.371+00:00 host_mono_ns=2516361561408654 global, 21380
host_utc=2026-09-30T08:35:42.371+00:00 host_mono_ns=2516361561420827 program counter, 13285
host_utc=2026-09-30T08:35:42.371+00:00 host_mono_ns=2516361561432319 initします
host_utc=2026-09-30T08:35:42.372+00:00 host_mono_ns=2516361562785666 boot_end, 2516361562554950
host_utc=2026-09-30T08:35:42.372+00:00 host_mono_ns=2516361562814270 stack, 103295
host_utc=2026-09-30T08:35:42.372+00:00 host_mono_ns=2516361562832304 thread 4 restore
host_utc=2026-09-30T08:35:42.372+00:00 host_mono_ns=2516361562846521 wasm_cluster_increase_checkpointing_counter called 1
host_utc=2026-09-30T08:35:42.372+00:00 host_mono_ns=2516361562860377 Restoring wasm thread 3
host_utc=2026-09-30T08:35:42.372+00:00 host_mono_ns=2516361562874013 wasm_cluster_increase_checkpointing_counter called 2
host_utc=2026-09-30T08:35:42.372+00:00 host_mono_ns=2516361562887217 wasm_cluster_increase_checkpointing_counter called 3
host_utc=2026-09-30T08:35:42.372+00:00 host_mono_ns=2516361562900252 [2026-09-30 08:35:42.372] [info] wasm_restore_stack
host_utc=2026-09-30T08:35:42.372+00:00 host_mono_ns=2516361562913627 
host_utc=2026-09-30T08:35:42.372+00:00 host_mono_ns=2516361562926892 local_cell_num: 2
host_utc=2026-09-30T08:35:42.372+00:00 host_mono_ns=2516361562940358 locals.values.size: 2
host_utc=2026-09-30T08:35:42.372+00:00 host_mono_ns=2516361562953643 [2026-09-30 08:35:42.372] [info] restore label stack
host_utc=2026-09-30T08:35:42.372+00:00 host_mono_ns=2516361562966758 local_cell_num: 8
host_utc=2026-09-30T08:35:42.372+00:00 host_mono_ns=2516361562979662 locals.values.size: 8
host_utc=2026-09-30T08:35:42.372+00:00 host_mono_ns=2516361562992556 [2026-09-30 08:35:42.372] [info] restore label stack
host_utc=2026-09-30T08:35:42.372+00:00 host_mono_ns=2516361563014057 local_cell_num: 14
host_utc=2026-09-30T08:35:42.372+00:00 host_mono_ns=2516361563033454 locals.values.size: 14
host_utc=2026-09-30T08:35:42.372+00:00 host_mono_ns=2516361563049484 [2026-09-30 08:35:42.372] [info] restore label stack
host_utc=2026-09-30T08:35:42.372+00:00 host_mono_ns=2516361563062308 local_cell_num: 240
host_utc=2026-09-30T08:35:42.372+00:00 host_mono_ns=2516361563075122 locals.values.size: 240
host_utc=2026-09-30T08:35:42.372+00:00 host_mono_ns=2516361563088367 [2026-09-30 08:35:42.372] [info] restore label stack
host_utc=2026-09-30T08:35:42.372+00:00 host_mono_ns=2516361563101222 [02:59:21:639 - 7E115F985840]: local_cell_num: 77
host_utc=2026-09-30T08:35:42.372+00:00 host_mono_ns=2516361563129595 locals.values.size: 77
host_utc=2026-09-30T08:35:42.372+00:00 host_mono_ns=2516361563143401 [2026-09-30 08:35:42.372] [info] restore label stack
host_utc=2026-09-30T08:35:42.372+00:00 host_mono_ns=2516361563156536 local_cell_num: 22
host_utc=2026-09-30T08:35:42.373+00:00 host_mono_ns=2516361563169581 locals.values.size: 22
host_utc=2026-09-30T08:35:42.373+00:00 host_mono_ns=2516361563182796 [2026-09-30 08:35:42.372] [info] restore label stack
host_utc=2026-09-30T08:35:42.373+00:00 host_mono_ns=2516361563196111 warning: failed to link import function (env, pthread_exit)
host_utc=2026-09-30T08:35:42.373+00:00 host_mono_ns=2516361563210017 [2026-09-30 08:35:42.372] [info] Finish to restore stack
host_utc=2026-09-30T08:35:42.373+00:00 host_mono_ns=2516361563223222 
host_utc=2026-09-30T08:35:42.373+00:00 host_mono_ns=2516361563236177 global, 19437
host_utc=2026-09-30T08:35:42.373+00:00 host_mono_ns=2516361563249462 program counter, 11371
host_utc=2026-09-30T08:35:42.373+00:00 host_mono_ns=2516361563272646 initします
host_utc=2026-09-30T08:35:42.374+00:00 host_mono_ns=2516361564544568 boot_end, 2516361564413761
host_utc=2026-09-30T08:35:42.374+00:00 host_mono_ns=2516361564561841 thread 3 restore
host_utc=2026-09-30T08:35:42.374+00:00 host_mono_ns=2516361564573443 wasm_cluster_increase_checkpointing_counter called 1
host_utc=2026-09-30T08:35:42.374+00:00 host_mono_ns=2516361564585165 Restoring wasm thread 2
host_utc=2026-09-30T08:35:42.374+00:00 host_mono_ns=2516361564596637 wasm_cluster_increase_checkpointing_counter called 2
host_utc=2026-09-30T08:35:42.374+00:00 host_mono_ns=2516361564608048 wasm_cluster_increase_checkpointing_counter called 3
host_utc=2026-09-30T08:35:42.374+00:00 host_mono_ns=2516361564619570 [2026-09-30 08:35:42.374] [info] wasm_restore_stack
host_utc=2026-09-30T08:35:42.374+00:00 host_mono_ns=2516361564631052 
host_utc=2026-09-30T08:35:42.374+00:00 host_mono_ns=2516361564647212 local_cell_num: 2
host_utc=2026-09-30T08:35:42.374+00:00 host_mono_ns=2516361564658604 locals.values.size: 2
host_utc=2026-09-30T08:35:42.374+00:00 host_mono_ns=2516361564669855 [2026-09-30 08:35:42.374] [info] restore label stack
host_utc=2026-09-30T08:35:42.374+00:00 host_mono_ns=2516361564681036 local_cell_num: 8
host_utc=2026-09-30T08:35:42.374+00:00 host_mono_ns=2516361564692097 locals.values.size: 8
host_utc=2026-09-30T08:35:42.374+00:00 host_mono_ns=2516361564703268 [2026-09-30 08:35:42.374] [info] restore label stack
host_utc=2026-09-30T08:35:42.374+00:00 host_mono_ns=2516361564714519 local_cell_num: 14
host_utc=2026-09-30T08:35:42.374+00:00 host_mono_ns=2516361564725721 locals.values.size: 14
host_utc=2026-09-30T08:35:42.374+00:00 host_mono_ns=2516361564736952 [2026-09-30 08:35:42.374] [info] restore label stack
host_utc=2026-09-30T08:35:42.374+00:00 host_mono_ns=2516361564748313 [02:59:21:496 - 7E115F985840]: warning: failed to link import function (env, pthread_exit)local_cell_num: 240
host_utc=2026-09-30T08:35:42.374+00:00 host_mono_ns=2516361564760677 
host_utc=2026-09-30T08:35:42.374+00:00 host_mono_ns=2516361564771968 locals.values.size: 240
host_utc=2026-09-30T08:35:42.374+00:00 host_mono_ns=2516361564783319 [2026-09-30 08:35:42.374] [info] restore label stack
host_utc=2026-09-30T08:35:42.374+00:00 host_mono_ns=2516361564794611 local_cell_num: 77
host_utc=2026-09-30T08:35:42.374+00:00 host_mono_ns=2516361564805792 locals.values.size: 77
host_utc=2026-09-30T08:35:42.374+00:00 host_mono_ns=2516361564817093 [2026-09-30 08:35:42.374] [info] restore label stack
host_utc=2026-09-30T08:35:42.374+00:00 host_mono_ns=2516361564828254 local_cell_num: 22
host_utc=2026-09-30T08:35:42.374+00:00 host_mono_ns=2516361564839325 locals.values.size: 22
host_utc=2026-09-30T08:35:42.374+00:00 host_mono_ns=2516361564850446 [2026-09-30 08:35:42.374] [info] restore label stack
host_utc=2026-09-30T08:35:42.374+00:00 host_mono_ns=2516361564861657 [2026-09-30 08:35:42.374] [info] Finish to restore stack
host_utc=2026-09-30T08:35:42.374+00:00 host_mono_ns=2516361564873079 
host_utc=2026-09-30T08:35:42.374+00:00 host_mono_ns=2516361564891995 stack, 86534
host_utc=2026-09-30T08:35:42.374+00:00 host_mono_ns=2516361564903476 global, 17292
host_utc=2026-09-30T08:35:42.374+00:00 host_mono_ns=2516361564914637 program counter, 12513
host_utc=2026-09-30T08:35:42.375+00:00 host_mono_ns=2516361565184217 initします
host_utc=2026-09-30T08:35:42.376+00:00 host_mono_ns=2516361567076010 boot_end, 2516361566900689
host_utc=2026-09-30T08:35:42.376+00:00 host_mono_ns=2516361567097752 thread 2 restore
host_utc=2026-09-30T08:35:42.376+00:00 host_mono_ns=2516361567113381 wasm_cluster_increase_checkpointing_counter called 1
host_utc=2026-09-30T08:35:42.376+00:00 host_mono_ns=2516361567128700 Restoring wasm thread 1
host_utc=2026-09-30T08:35:42.376+00:00 host_mono_ns=2516361567143758 wasm_cluster_increase_checkpointing_counter called 2
host_utc=2026-09-30T08:35:42.376+00:00 host_mono_ns=2516361567159077 wasm_cluster_increase_checkpointing_counter called 3
host_utc=2026-09-30T08:35:42.377+00:00 host_mono_ns=2516361567174527 [2026-09-30 08:35:42.376] [info] wasm_restore_stack
host_utc=2026-09-30T08:35:42.377+00:00 host_mono_ns=2516361567190627 
host_utc=2026-09-30T08:35:42.377+00:00 host_mono_ns=2516361567212679 [02:59:21:976 - 7E115F985840]: warning: failed to link import function (env, pthread_exit)
host_utc=2026-09-30T08:35:42.377+00:00 host_mono_ns=2516361567229110 thread 1 restore
host_utc=2026-09-30T08:35:42.377+00:00 host_mono_ns=2516361567244178 local_cell_num: 2
host_utc=2026-09-30T08:35:42.377+00:00 host_mono_ns=2516361567259026 locals.values.size: 2
host_utc=2026-09-30T08:35:42.377+00:00 host_mono_ns=2516361567273794 [2026-09-30 08:35:42.376] [info] restore label stack
host_utc=2026-09-30T08:35:42.377+00:00 host_mono_ns=2516361567288722 local_cell_num: 8
host_utc=2026-09-30T08:35:42.377+00:00 host_mono_ns=2516361567304412 locals.values.size: 8
host_utc=2026-09-30T08:35:42.377+00:00 host_mono_ns=2516361567316385 [2026-09-30 08:35:42.376] [info] restore label stack
host_utc=2026-09-30T08:35:42.377+00:00 host_mono_ns=2516361567327626 local_cell_num: 14
host_utc=2026-09-30T08:35:42.377+00:00 host_mono_ns=2516361567338737 locals.values.size: 14
host_utc=2026-09-30T08:35:42.377+00:00 host_mono_ns=2516361567349898 [2026-09-30 08:35:42.376] [info] restore label stack
host_utc=2026-09-30T08:35:42.377+00:00 host_mono_ns=2516361567361109 local_cell_num: 240
host_utc=2026-09-30T08:35:42.377+00:00 host_mono_ns=2516361567372330 locals.values.size: 240
host_utc=2026-09-30T08:35:42.377+00:00 host_mono_ns=2516361567383511 [2026-09-30 08:35:42.376] [info] restore label stack
host_utc=2026-09-30T08:35:42.377+00:00 host_mono_ns=2516361567394592 local_cell_num: 77
host_utc=2026-09-30T08:35:42.377+00:00 host_mono_ns=2516361567405603 locals.values.size: 77
host_utc=2026-09-30T08:35:42.377+00:00 host_mono_ns=2516361567416664 [2026-09-30 08:35:42.376] [info] restore label stack
host_utc=2026-09-30T08:35:42.377+00:00 host_mono_ns=2516361567427905 local_cell_num: 22
host_utc=2026-09-30T08:35:42.377+00:00 host_mono_ns=2516361567438926 locals.values.size: 22
host_utc=2026-09-30T08:35:42.377+00:00 host_mono_ns=2516361567450017 [2026-09-30 08:35:42.376] [info] restore label stack
host_utc=2026-09-30T08:35:42.377+00:00 host_mono_ns=2516361567461148 [2026-09-30 08:35:42.376] [info] Finish to restore stack
host_utc=2026-09-30T08:35:42.377+00:00 host_mono_ns=2516361567472710 
host_utc=2026-09-30T08:35:42.377+00:00 host_mono_ns=2516361567484342 stack, 133592
host_utc=2026-09-30T08:35:42.377+00:00 host_mono_ns=2516361567495563 global, 25959
host_utc=2026-09-30T08:35:42.377+00:00 host_mono_ns=2516361567506714 program counter, 13736
host_utc=2026-09-30T08:35:42.377+00:00 host_mono_ns=2516361567524708 initします
host_utc=2026-09-30T08:35:42.377+00:00 host_mono_ns=2516361567541430 wasm_cluster_increase_checkpointing_counter called 1
host_utc=2026-09-30T08:35:42.377+00:00 host_mono_ns=2516361567557771 [2026-09-30 08:35:42.377] [info] wasm_restore_stack
host_utc=2026-09-30T08:35:42.377+00:00 host_mono_ns=2516361567573080 
host_utc=2026-09-30T08:35:42.378+00:00 host_mono_ns=2516361568983755 boot_end, 2516361568746507
host_utc=2026-09-30T08:35:42.378+00:00 host_mono_ns=2516361569021797 stack, 1448577
host_utc=2026-09-30T08:35:42.378+00:00 host_mono_ns=2516361569036605 stack, 109948
host_utc=2026-09-30T08:35:42.378+00:00 host_mono_ns=2516361569054829 wasm_cluster_increase_checkpointing_counter called 2
host_utc=2026-09-30T08:35:42.378+00:00 host_mono_ns=2516361569066541 wasm_cluster_increase_checkpointing_counter called 3
host_utc=2026-09-30T08:35:42.378+00:00 host_mono_ns=2516361569077752 local_cell_num: 1
host_utc=2026-09-30T08:35:42.378+00:00 host_mono_ns=2516361569088743 locals.values.size: 1
host_utc=2026-09-30T08:35:42.378+00:00 host_mono_ns=2516361569099634 [2026-09-30 08:35:42.378] [info] restore label stack
host_utc=2026-09-30T08:35:42.378+00:00 host_mono_ns=2516361569110725 local_cell_num: 3
host_utc=2026-09-30T08:35:42.378+00:00 host_mono_ns=2516361569121625 locals.values.size: 3
host_utc=2026-09-30T08:35:42.378+00:00 host_mono_ns=2516361569132676 [2026-09-30 08:35:42.378] [info] restore label stack
host_utc=2026-09-30T08:35:42.378+00:00 host_mono_ns=2516361569143757 local_cell_num: 147
host_utc=2026-09-30T08:35:42.378+00:00 host_mono_ns=2516361569154948 locals.values.size: 147
host_utc=2026-09-30T08:35:42.378+00:00 host_mono_ns=2516361569166079 [2026-09-30 08:35:42.378] [info] wasm_restore_stack
host_utc=2026-09-30T08:35:42.379+00:00 host_mono_ns=2516361569177320 
host_utc=2026-09-30T08:35:42.379+00:00 host_mono_ns=2516361569188371 [2026-09-30 08:35:42.378] [info] restore label stack
host_utc=2026-09-30T08:35:42.379+00:00 host_mono_ns=2516361569199673 local_cell_num: 19
host_utc=2026-09-30T08:35:42.379+00:00 host_mono_ns=2516361569213238 locals.values.size: 19
host_utc=2026-09-30T08:35:42.379+00:00 host_mono_ns=2516361569227896 [2026-09-30 08:35:42.378] [info] restore label stack
host_utc=2026-09-30T08:35:42.379+00:00 host_mono_ns=2516361569242453 local_cell_num: 63
host_utc=2026-09-30T08:35:42.379+00:00 host_mono_ns=2516361569256821 locals.values.size: 63
host_utc=2026-09-30T08:35:42.379+00:00 host_mono_ns=2516361569271959 [2026-09-30 08:35:42.378] [info] restore label stack
host_utc=2026-09-30T08:35:42.379+00:00 host_mono_ns=2516361569287068 local_cell_num: 9
host_utc=2026-09-30T08:35:42.379+00:00 host_mono_ns=2516361569301295 locals.values.size: 9
host_utc=2026-09-30T08:35:42.379+00:00 host_mono_ns=2516361569315551 [2026-09-30 08:35:42.378] [info] restore label stack
host_utc=2026-09-30T08:35:42.379+00:00 host_mono_ns=2516361569330710 local_cell_num: 9
host_utc=2026-09-30T08:35:42.379+00:00 host_mono_ns=2516361569346480 locals.values.size: 9
host_utc=2026-09-30T08:35:42.379+00:00 host_mono_ns=2516361569358102 [2026-09-30 08:35:42.378] [info] restore label stack
host_utc=2026-09-30T08:35:42.379+00:00 host_mono_ns=2516361569369363 local_cell_num: 6
host_utc=2026-09-30T08:35:42.379+00:00 host_mono_ns=2516361569380394 locals.values.size: 6
host_utc=2026-09-30T08:35:42.379+00:00 host_mono_ns=2516361569391555 [2026-09-30 08:35:42.378] [info] restore label stack
host_utc=2026-09-30T08:35:42.379+00:00 host_mono_ns=2516361569402856 [2026-09-30 08:35:42.378] [info] Finish to restore stack
host_utc=2026-09-30T08:35:42.379+00:00 host_mono_ns=2516361569414218 
host_utc=2026-09-30T08:35:42.379+00:00 host_mono_ns=2516361569425389 local_cell_num: 2
host_utc=2026-09-30T08:35:42.379+00:00 host_mono_ns=2516361569436610 locals.values.size: 2
host_utc=2026-09-30T08:35:42.379+00:00 host_mono_ns=2516361569447731 [2026-09-30 08:35:42.378] [info] restore label stack
host_utc=2026-09-30T08:35:42.379+00:00 host_mono_ns=2516361569458942 local_cell_num: 8
host_utc=2026-09-30T08:35:42.379+00:00 host_mono_ns=2516361569470444 locals.values.size: 8
host_utc=2026-09-30T08:35:42.379+00:00 host_mono_ns=2516361569481816 [2026-09-30 08:35:42.378] [info] restore label stack
host_utc=2026-09-30T08:35:42.379+00:00 host_mono_ns=2516361569492957 local_cell_num: 14
host_utc=2026-09-30T08:35:42.379+00:00 host_mono_ns=2516361569503967 locals.values.size: 14
host_utc=2026-09-30T08:35:42.379+00:00 host_mono_ns=2516361569515068 [2026-09-30 08:35:42.378] [info] restore label stack
host_utc=2026-09-30T08:35:42.379+00:00 host_mono_ns=2516361569534505 local_cell_num: 155
host_utc=2026-09-30T08:35:42.379+00:00 host_mono_ns=2516361569545666 locals.values.size: 155
host_utc=2026-09-30T08:35:42.379+00:00 host_mono_ns=2516361569556847 [2026-09-30 08:35:42.378] [info] restore label stack
host_utc=2026-09-30T08:35:42.379+00:00 host_mono_ns=2516361569568028 local_cell_num: 19
host_utc=2026-09-30T08:35:42.379+00:00 host_mono_ns=2516361569579139 locals.values.size: 19
host_utc=2026-09-30T08:35:42.379+00:00 host_mono_ns=2516361569590230 [2026-09-30 08:35:42.378] [info] restore label stack
host_utc=2026-09-30T08:35:42.379+00:00 host_mono_ns=2516361569601462 local_cell_num: 63
host_utc=2026-09-30T08:35:42.379+00:00 host_mono_ns=2516361569612452 locals.values.size: 63
host_utc=2026-09-30T08:35:42.379+00:00 host_mono_ns=2516361569623633 [2026-09-30 08:35:42.378] [info] restore label stack
host_utc=2026-09-30T08:35:42.379+00:00 host_mono_ns=2516361569634774 local_cell_num: 9
host_utc=2026-09-30T08:35:42.379+00:00 host_mono_ns=2516361569645875 locals.values.size: 9
host_utc=2026-09-30T08:35:42.379+00:00 host_mono_ns=2516361569656936 [2026-09-30 08:35:42.378] [info] restore label stack
host_utc=2026-09-30T08:35:42.379+00:00 host_mono_ns=2516361569668208 local_cell_num: 9
host_utc=2026-09-30T08:35:42.379+00:00 host_mono_ns=2516361569679048 locals.values.size: 9
host_utc=2026-09-30T08:35:42.379+00:00 host_mono_ns=2516361569690219 [2026-09-30 08:35:42.378] [info] restore label stack
host_utc=2026-09-30T08:35:42.379+00:00 host_mono_ns=2516361569701280 local_cell_num: 6
host_utc=2026-09-30T08:35:42.379+00:00 host_mono_ns=2516361569712371 locals.values.size: 6
host_utc=2026-09-30T08:35:42.379+00:00 host_mono_ns=2516361569723462 [2026-09-30 08:35:42.378] [info] restore label stack
host_utc=2026-09-30T08:35:42.379+00:00 host_mono_ns=2516361569734733 [2026-09-30 08:35:42.378] [info] Finish to restore stack
host_utc=2026-09-30T08:35:42.379+00:00 host_mono_ns=2516361569745985 
host_utc=2026-09-30T08:35:42.379+00:00 host_mono_ns=2516361569757005 global, 20819
host_utc=2026-09-30T08:35:42.379+00:00 host_mono_ns=2516361569768066 program counter, 10079
host_utc=2026-09-30T08:35:43.121+00:00 host_mono_ns=2516362312025773 memory, 742869493
host_utc=2026-09-30T08:35:43.121+00:00 host_mono_ns=2516362312094283 Restore: add_membership for fd 6 used destination default interface
host_utc=2026-09-30T08:35:43.121+00:00 host_mono_ns=2516362312110554 Restore: add_membership for fd 4 used destination default interface
host_utc=2026-09-30T08:35:43.121+00:00 host_mono_ns=2516362312136693 global, 11031
host_utc=2026-09-30T08:35:43.121+00:00 host_mono_ns=2516362312151361 program counter, 11402
host_utc=2026-09-30T08:35:45.126+00:00 host_mono_ns=2516364316254859 '
host_utc=2026-09-30T08:35:45.126+00:00 host_mono_ns=2516364316290136 LOG_DEBUG : 00000015.232 : [MROS2LIB] message get [callback_handler] msg_sn_high: 0 msg_sn_low: c
host_utc=2026-09-30T08:35:45.126+00:00 host_mono_ns=2516364316305515 subscribed msg: 'Hello from mros2-posix onto Linux: 15'
host_utc=2026-09-30T08:35:45.126+00:00 host_mono_ns=2516364316327186 LOG_ERROR : 00000019.146 : LOG_ERROR : 00000019.146 : UDP_RECV result=error errno=27 fd=9 recv=-1UDP_RECV result=error errno=27 fd=4 recv=-1
host_utc=2026-09-30T08:35:45.126+00:00 host_mono_ns=2516364316340871 LOG_ERROR : 00000019.147 :
host_utc=2026-09-30T08:35:45.126+00:00 host_mono_ns=2516364316352153 LOG_ERROR : 00000019.146 : LOG_ERROR : 00000019.146 : UDP_RECV result=error errno=27 fd=14 recv=-1UDP_RECV result=error errno=27 fd=6 recv=-1
host_utc=2026-09-30T08:35:45.126+00:00 host_mono_ns=2516364316363835 LOG_ERROR : 00000019.147 :
host_utc=2026-09-30T08:35:45.126+00:00 host_mono_ns=2516364316374515 LOG_ERROR : 00000019.148 : UDP_RECV_RECOVERY action=skip reason=EINTR fd=14UDP_RECV_RECOVERY action=skip reason=EINTR fd=6
host_utc=2026-09-30T08:35:45.126+00:00 host_mono_ns=2516364316386077 LOG_ERROR : 00000019.147 :
host_utc=2026-09-30T08:35:45.126+00:00 host_mono_ns=2516364316396476 UDP_RECV_RECOVERY action=skip reason=EINTR fd=4UDP_RECV_RECOVERY action=skip reason=EINTR fd=9
host_utc=2026-09-30T08:35:45.126+00:00 host_mono_ns=2516364316421744 
host_utc=2026-09-30T08:35:45.126+00:00 host_mono_ns=2516364316433436 netif_wasm: local ip changed to 0x060012ac
host_utc=2026-09-30T08:35:45.126+00:00 host_mono_ns=2516364316444547 publishing msg: 'Hello from mros2-posix onto Linux: 16'
host_utc=2026-09-30T08:35:45.126+00:00 host_mono_ns=2516364316457572 publishing msg: 'Hello from mros2-posix onto Linux: 17'
host_utc=2026-09-30T08:35:45.126+00:00 host_mono_ns=2516364316469975 LOG_DEBUG : 00000021.149 : [MROS2LIB] message get [callback_handler] msg_sn_high: 0 msg_sn_low: e
host_utc=2026-09-30T08:35:50.129+00:00 host_mono_ns=2516369319358332 subscribed msg: 'Hello from mros2-posix onto Linux: 17'
host_utc=2026-09-30T08:35:50.129+00:00 host_mono_ns=2516369319425619 publishing msg: 'Hello from mros2-posix onto Linux: 18'
host_utc=2026-09-30T08:35:50.129+00:00 host_mono_ns=2516369319444324 LOG_DEBUG : 00000022.149 : [MROS2LIB] message get [callback_handler] msg_sn_high: 0 msg_sn_low: f
host_utc=2026-09-30T08:35:50.129+00:00 host_mono_ns=2516369319460385 subscribed msg: 'Hello from mros2-posix onto Linux: 18'
host_utc=2026-09-30T08:35:50.129+00:00 host_mono_ns=2516369319475543 publishing msg: 'Hello from mros2-posix onto Linux: 19'
host_utc=2026-09-30T08:35:50.129+00:00 host_mono_ns=2516369319489780 LOG_DEBUG : 00000023.150 : [MROS2LIB] message get [callback_handler] msg_sn_high: 0 msg_sn_low: 10
host_utc=2026-09-30T08:35:50.129+00:00 host_mono_ns=2516369319503686 subscribed msg: 'Hello from mros2-posix onto Linux: 19'
host_utc=2026-09-30T08:35:50.129+00:00 host_mono_ns=2516369319517883 publishing msg: 'Hello from mros2-posix onto Linux: 20'
host_utc=2026-09-30T08:35:50.129+00:00 host_mono_ns=2516369319531930 LOG_DEBUG : 00000024.150 : [MROS2LIB] message get [callback_handler] msg_sn_high: 0 msg_sn_low: 11
host_utc=2026-09-30T08:35:50.129+00:00 host_mono_ns=2516369319545415 subscribed msg: 'Hello from mros2-posix onto Linux: 20'
host_utc=2026-09-30T08:35:50.129+00:00 host_mono_ns=2516369319559642 publishing msg: 'Hello from mros2-posix onto Linux: 21'
host_utc=2026-09-30T08:35:50.129+00:00 host_mono_ns=2516369319584619 LOG_DEBUG : 00000025.151 : [MROS2LIB] message get [callback_handler] msg_sn_high: 0 msg_sn_low: 12
host_utc=2026-09-30T08:35:50.129+00:00 host_mono_ns=2516369319598445 subscribed msg: 'Hello from mros2-posix onto Linux: 21'
host_utc=2026-09-30T08:35:50.129+00:00 host_mono_ns=2516369319612462 publishing msg: 'Hello from mros2-posix onto Linux: 22'
host_utc=2026-09-30T08:35:50.129+00:00 host_mono_ns=2516369319626919 LOG_DEBUG : 00000026.152 : [MROS2LIB] message get [callback_handler] msg_sn_high: 0 msg_sn_low: 13
host_utc=2026-09-30T08:35:55.131+00:00 host_mono_ns=2516374321904577 subscribed msg: 'Hello from mros2-posix onto Linux: 22'
host_utc=2026-09-30T08:35:55.131+00:00 host_mono_ns=2516374321977855 publishing msg: 'Hello from mros2-posix onto Linux: 23'
host_utc=2026-09-30T08:35:55.131+00:00 host_mono_ns=2516374321996711 LOG_DEBUG : 00000027.152 : [MROS2LIB] message get [callback_handler] msg_sn_high: 0 msg_sn_low: 14
host_utc=2026-09-30T08:35:55.131+00:00 host_mono_ns=2516374322021217 subscribed msg: 'Hello from mros2-posix onto Linux: 23'
host_utc=2026-09-30T08:35:55.131+00:00 host_mono_ns=2516374322038880 publishing msg: 'Hello from mros2-posix onto Linux: 24'
host_utc=2026-09-30T08:35:55.131+00:00 host_mono_ns=2516374322053538 LOG_DEBUG : 00000028.153 : [MROS2LIB] message get [callback_handler] msg_sn_high: 0 msg_sn_low: 15
host_utc=2026-09-30T08:35:55.131+00:00 host_mono_ns=2516374322067324 subscribed msg: 'Hello from mros2-posix onto Linux: 24'
host_utc=2026-09-30T08:35:55.131+00:00 host_mono_ns=2516374322081781 publishing msg: 'Hello from mros2-posix onto Linux: 25'
host_utc=2026-09-30T08:35:55.131+00:00 host_mono_ns=2516374322097230 LOG_DEBUG : 00000029.153 : [MROS2LIB] message get [callback_handler] msg_sn_high: 0 msg_sn_low: 16
host_utc=2026-09-30T08:35:55.131+00:00 host_mono_ns=2516374322111517 subscribed msg: 'Hello from mros2-posix onto Linux: 25'
host_utc=2026-09-30T08:35:55.131+00:00 host_mono_ns=2516374322141464 publishing msg: 'Hello from mros2-posix onto Linux: 26'
host_utc=2026-09-30T08:35:55.131+00:00 host_mono_ns=2516374322153667 LOG_DEBUG : 00000030.154 : [MROS2LIB] message get [callback_handler] msg_sn_high: 0 msg_sn_low: 17
host_utc=2026-09-30T08:35:55.131+00:00 host_mono_ns=2516374322164938 subscribed msg: 'Hello from mros2-posix onto Linux: 26'
host_utc=2026-09-30T08:35:55.132+00:00 host_mono_ns=2516374322176981 publishing msg: 'Hello from mros2-posix onto Linux: 27'
host_utc=2026-09-30T08:35:55.454+00:00 host_mono_ns=2516374644252896 LOG_DEBUG : 00000031.155 : [MROS2LIB] message get [callback_handler] msg_sn_high:
host_utc=2026-09-30T08:35:55.454+00:00 host_mono_ns=2516374644376810 event=collector_process_exit source=restore exit_status=143
