host_utc=2026-10-04T03:34:40.725+00:00 host_mono_ns=2843899915539568 boot_start, 2843899915291349
host_utc=2026-10-04T03:34:40.919+00:00 host_mono_ns=2843900109491326 11 stderr
host_utc=2026-10-04T03:34:40.919+00:00 host_mono_ns=2843900109533555 22 stderr
host_utc=2026-10-04T03:34:40.919+00:00 host_mono_ns=2843900109542031 signal init: 123801769743936
host_utc=2026-10-04T03:34:40.919+00:00 host_mono_ns=2843900109549666 initします
host_utc=2026-10-04T03:34:40.919+00:00 host_mono_ns=2843900109964509 boot_end, 2843900109774130
host_utc=2026-10-04T03:34:40.920+00:00 host_mono_ns=2843900110367460 3 stderr
host_utc=2026-10-04T03:34:40.920+00:00 host_mono_ns=2843900110553151 initします
host_utc=2026-10-04T03:34:40.921+00:00 host_mono_ns=2843900111990546 boot_end, 2843900111773897
host_utc=2026-10-04T03:34:40.921+00:00 host_mono_ns=2843900112126973 [21:58:19:873 - 7098D8A5C840]: Load type section success.
host_utc=2026-10-04T03:34:40.921+00:00 host_mono_ns=2843900112164785 
host_utc=2026-10-04T03:34:40.922+00:00 host_mono_ns=2843900112184632 [21:58:19:899 - 7098D8A5C840]: Load import section success.
host_utc=2026-10-04T03:34:40.922+00:00 host_mono_ns=2843900112200021 
host_utc=2026-10-04T03:34:40.922+00:00 host_mono_ns=2843900112211303 [21:58:19:320 - 7098D8A5C840]: Load function section success.
host_utc=2026-10-04T03:34:40.922+00:00 host_mono_ns=2843900112222344 
host_utc=2026-10-04T03:34:40.922+00:00 host_mono_ns=2843900112232673 [21:58:19:322 - 7098D8A5C840]: Load table section success.
host_utc=2026-10-04T03:34:40.922+00:00 host_mono_ns=2843900112243413 
host_utc=2026-10-04T03:34:40.922+00:00 host_mono_ns=2843900112253723 [21:58:19:323 - 7098D8A5C840]: Load global section success.
host_utc=2026-10-04T03:34:40.922+00:00 host_mono_ns=2843900112264303 
host_utc=2026-10-04T03:34:40.922+00:00 host_mono_ns=2843900112274452 [21:58:19:325 - 7098D8A5C840]: Load export section success.
host_utc=2026-10-04T03:34:40.922+00:00 host_mono_ns=2843900112284952 
host_utc=2026-10-04T03:34:40.922+00:00 host_mono_ns=2843900112295051 [21:58:19:326 - 7098D8A5C840]: Load start section success.
host_utc=2026-10-04T03:34:40.922+00:00 host_mono_ns=2843900112305731 
host_utc=2026-10-04T03:34:40.922+00:00 host_mono_ns=2843900112315900 [21:58:19:332 - 7098D8A5C840]: Load table segment section success.
host_utc=2026-10-04T03:34:40.922+00:00 host_mono_ns=2843900112326841 
host_utc=2026-10-04T03:34:40.922+00:00 host_mono_ns=2843900112336910 [21:58:19:333 - 7098D8A5C840]: Load datacount section success.
host_utc=2026-10-04T03:34:40.922+00:00 host_mono_ns=2843900112347710 
host_utc=2026-10-04T03:34:40.922+00:00 host_mono_ns=2843900112357950 [21:58:19:333 - 7098D8A5C840]: Load code segment section success.
host_utc=2026-10-04T03:34:40.922+00:00 host_mono_ns=2843900112368700 
host_utc=2026-10-04T03:34:40.922+00:00 host_mono_ns=2843900112378829 [21:58:19:334 - 7098D8A5C840]: Load data segment section success.
host_utc=2026-10-04T03:34:40.922+00:00 host_mono_ns=2843900112389409 
host_utc=2026-10-04T03:34:40.922+00:00 host_mono_ns=2843900112399649 [21:58:19:335 - 7098D8A5C840]: Ignore custom section [.debug_abbrev].
host_utc=2026-10-04T03:34:40.922+00:00 host_mono_ns=2843900112410639 [21:58:19:336 - 7098D8A5C840]: Ignore custom section [.debug_info].
host_utc=2026-10-04T03:34:40.922+00:00 host_mono_ns=2843900112421470 [21:58:19:336 - 7098D8A5C840]: Ignore custom section [.debug_ranges].
host_utc=2026-10-04T03:34:40.922+00:00 host_mono_ns=2843900112432130 [21:58:19:337 - 7098D8A5C840]: Ignore custom section [.debug_str].
host_utc=2026-10-04T03:34:40.922+00:00 host_mono_ns=2843900112442780 [21:58:19:338 - 7098D8A5C840]: Ignore custom section [.debug_line].
host_utc=2026-10-04T03:34:40.922+00:00 host_mono_ns=2843900112453400 [21:58:19:338 - 7098D8A5C840]: Ignore custom section [.debug_loc].
host_utc=2026-10-04T03:34:40.922+00:00 host_mono_ns=2843900112463850 [21:58:19:339 - 7098D8A5C840]: Ignore custom section [name].
host_utc=2026-10-04T03:34:40.922+00:00 host_mono_ns=2843900112474821 [21:58:19:339 - 7098D8A5C840]: Ignore custom section [producers].
host_utc=2026-10-04T03:34:40.922+00:00 host_mono_ns=2843900112485681 [21:58:19:340 - 7098D8A5C840]: Ignore custom section [target_features].
host_utc=2026-10-04T03:34:40.922+00:00 host_mono_ns=2843900112510037 [21:58:19:341 - 7098D8A5C840]: Found aux __heap_base global, value: 7855136
host_utc=2026-10-04T03:34:40.922+00:00 host_mono_ns=2843900112521589 [21:58:19:342 - 7098D8A5C840]: Found aux __data_end global, value: 1301524
host_utc=2026-10-04T03:34:40.922+00:00 host_mono_ns=2843900112532600 [21:58:19:342 - 7098D8A5C840]: Found aux stack top global, value: 7855136, global index: 0, stack size: 6553600
host_utc=2026-10-04T03:34:40.922+00:00 host_mono_ns=2843900112544212 [21:58:19:343 - 7098D8A5C840]: Found malloc function, name: malloc, index: 3154
host_utc=2026-10-04T03:34:40.922+00:00 host_mono_ns=2843900112555052 [21:58:19:344 - 7098D8A5C840]: Found free function, name: free, index: 3156
host_utc=2026-10-04T03:34:40.922+00:00 host_mono_ns=2843900112565893 [21:58:20:650 - 7098D8A5C840]: Load module success.
host_utc=2026-10-04T03:34:40.922+00:00 host_mono_ns=2843900112576593 
host_utc=2026-10-04T03:34:40.922+00:00 host_mono_ns=2843900112587213 [21:58:20:660 - 7098D8A5C840]: Memory instantiate:
host_utc=2026-10-04T03:34:40.922+00:00 host_mono_ns=2843900112597893 [21:58:20:660 - 7098D8A5C840]:   page bytes: 65536, init pages: 16384, max pages: 16384
host_utc=2026-10-04T03:34:40.922+00:00 host_mono_ns=2843900112608733 [21:58:20:661 - 7098D8A5C840]:   heap offset: 1073741824, heap size: 0
host_utc=2026-10-04T03:34:40.922+00:00 host_mono_ns=2843900112619674 
host_utc=2026-10-04T03:34:40.922+00:00 host_mono_ns=2843900112630024 [21:58:20:686 - 7098D8A5C840]: Memory instantiate success.
host_utc=2026-10-04T03:34:40.922+00:00 host_mono_ns=2843900112640794 [21:58:20:801 - 7098D8A5C840]: warning: failed to link import function (env, pthread_exit)
host_utc=2026-10-04T03:34:40.922+00:00 host_mono_ns=2843900112651805 Restoring wasm thread 11
host_utc=2026-10-04T03:34:40.922+00:00 host_mono_ns=2843900112662715 [21:58:20:906 - 7098D8A5C840]: warning: failed to link import function (env, pthread_exit)
host_utc=2026-10-04T03:34:40.922+00:00 host_mono_ns=2843900112673315 thread 11 restore
host_utc=2026-10-04T03:34:40.922+00:00 host_mono_ns=2843900112684206 Restoring wasm thread 10
host_utc=2026-10-04T03:34:40.922+00:00 host_mono_ns=2843900112694556 [21:58:20:843 - 7098D8A5C840]: warning: failed to link import function (env, pthread_exit)
host_utc=2026-10-04T03:34:40.922+00:00 host_mono_ns=2843900112705236 thread 10 restore
host_utc=2026-10-04T03:34:40.922+00:00 host_mono_ns=2843900112715796 [2026-10-04 03:34:40.921] [info] wasm_restore_stack
host_utc=2026-10-04T03:34:40.922+00:00 host_mono_ns=2843900112726516 
host_utc=2026-10-04T03:34:40.922+00:00 host_mono_ns=2843900112747395 stack, 279478
host_utc=2026-10-04T03:34:40.922+00:00 host_mono_ns=2843900112758957 global, 30427
host_utc=2026-10-04T03:34:40.922+00:00 host_mono_ns=2843900112769748 program counter, 16902
host_utc=2026-10-04T03:34:40.922+00:00 host_mono_ns=2843900112780458 local_cell_num: 2
host_utc=2026-10-04T03:34:40.922+00:00 host_mono_ns=2843900112791018 locals.values.size: 2
host_utc=2026-10-04T03:34:40.922+00:00 host_mono_ns=2843900112801918 [2026-10-04 03:34:40.921] [info] restore label stack
host_utc=2026-10-04T03:34:40.922+00:00 host_mono_ns=2843900112813109 local_cell_num: 8
host_utc=2026-10-04T03:34:40.922+00:00 host_mono_ns=2843900112823639 locals.values.size: 8
host_utc=2026-10-04T03:34:40.922+00:00 host_mono_ns=2843900112834259 [2026-10-04 03:34:40.921] [info] restore label stack
host_utc=2026-10-04T03:34:40.922+00:00 host_mono_ns=2843900112847114 local_cell_num: 14
host_utc=2026-10-04T03:34:40.922+00:00 host_mono_ns=2843900112863374 locals.values.size: 14
host_utc=2026-10-04T03:34:40.922+00:00 host_mono_ns=2843900112874966 [2026-10-04 03:34:40.921] [info] restore label stack
host_utc=2026-10-04T03:34:40.922+00:00 host_mono_ns=2843900112886107 local_cell_num: 45
host_utc=2026-10-04T03:34:40.922+00:00 host_mono_ns=2843900112897008 locals.values.size: 45
host_utc=2026-10-04T03:34:40.922+00:00 host_mono_ns=2843900112908189 [2026-10-04 03:34:40.921] [info] restore label stack
host_utc=2026-10-04T03:34:40.922+00:00 host_mono_ns=2843900112926383 local_cell_num: 19
host_utc=2026-10-04T03:34:40.922+00:00 host_mono_ns=2843900112937585 locals.values.size: 19
host_utc=2026-10-04T03:34:40.922+00:00 host_mono_ns=2843900112948666 [2026-10-04 03:34:40.921] [info] restore label stack
host_utc=2026-10-04T03:34:40.922+00:00 host_mono_ns=2843900112959726 local_cell_num: 63
host_utc=2026-10-04T03:34:40.922+00:00 host_mono_ns=2843900112970577 locals.values.size: 63
host_utc=2026-10-04T03:34:40.922+00:00 host_mono_ns=2843900112981608 [2026-10-04 03:34:40.921] [info] restore label stack
host_utc=2026-10-04T03:34:40.922+00:00 host_mono_ns=2843900112992599 local_cell_num: 9
host_utc=2026-10-04T03:34:40.922+00:00 host_mono_ns=2843900113013428 locals.values.size: 9
host_utc=2026-10-04T03:34:40.922+00:00 host_mono_ns=2843900113028556 [2026-10-04 03:34:40.921] [info] restore label stack
host_utc=2026-10-04T03:34:40.922+00:00 host_mono_ns=2843900113039768 local_cell_num: 9
host_utc=2026-10-04T03:34:40.922+00:00 host_mono_ns=2843900113050598 locals.values.size: 9
host_utc=2026-10-04T03:34:40.922+00:00 host_mono_ns=2843900113061619 [2026-10-04 03:34:40.921] [info] restore label stack
host_utc=2026-10-04T03:34:40.922+00:00 host_mono_ns=2843900113072670 local_cell_num: 6
host_utc=2026-10-04T03:34:40.922+00:00 host_mono_ns=2843900113083470 locals.values.size: 6
host_utc=2026-10-04T03:34:40.922+00:00 host_mono_ns=2843900113094531 [2026-10-04 03:34:40.921] [info] restore label stack
host_utc=2026-10-04T03:34:40.922+00:00 host_mono_ns=2843900113105872 [2026-10-04 03:34:40.921] [info] Finish to restore stack
host_utc=2026-10-04T03:34:40.922+00:00 host_mono_ns=2843900113117384 
host_utc=2026-10-04T03:34:40.922+00:00 host_mono_ns=2843900113128535 initします
host_utc=2026-10-04T03:34:40.923+00:00 host_mono_ns=2843900113958914 boot_end, 2843900113705285
host_utc=2026-10-04T03:34:40.923+00:00 host_mono_ns=2843900114017795 wasm_cluster_increase_checkpointing_counter called 1
host_utc=2026-10-04T03:34:40.923+00:00 host_mono_ns=2843900114043273 Restoring wasm thread 9
host_utc=2026-10-04T03:34:40.923+00:00 host_mono_ns=2843900114060025 wasm_cluster_increase_checkpointing_counter called 2
host_utc=2026-10-04T03:34:40.923+00:00 host_mono_ns=2843900114073210 wasm_cluster_increase_checkpointing_counter called 3
host_utc=2026-10-04T03:34:40.923+00:00 host_mono_ns=2843900114086184 [2026-10-04 03:34:40.923] [info] wasm_restore_stack
host_utc=2026-10-04T03:34:40.923+00:00 host_mono_ns=2843900114099339 
host_utc=2026-10-04T03:34:40.923+00:00 host_mono_ns=2843900114123545 stack, 154552
host_utc=2026-10-04T03:34:40.923+00:00 host_mono_ns=2843900114137471 global, 23164
host_utc=2026-10-04T03:34:40.923+00:00 host_mono_ns=2843900114149975 program counter, 14126
host_utc=2026-10-04T03:34:40.923+00:00 host_mono_ns=2843900114162749 [21:58:20:778 - 7098D8A5C840]: warning: failed to link import function (env, pthread_exit)
host_utc=2026-10-04T03:34:40.924+00:00 host_mono_ns=2843900114176395 thread 9 restore
host_utc=2026-10-04T03:34:40.924+00:00 host_mono_ns=2843900114189289 local_cell_num: 2
host_utc=2026-10-04T03:34:40.924+00:00 host_mono_ns=2843900114201752 locals.values.size: 2
host_utc=2026-10-04T03:34:40.924+00:00 host_mono_ns=2843900114214306 [2026-10-04 03:34:40.923] [info] restore label stack
host_utc=2026-10-04T03:34:40.924+00:00 host_mono_ns=2843900114227301 local_cell_num: 8
host_utc=2026-10-04T03:34:40.924+00:00 host_mono_ns=2843900114239614 locals.values.size: 8
host_utc=2026-10-04T03:34:40.924+00:00 host_mono_ns=2843900114252057 [2026-10-04 03:34:40.923] [info] restore label stack
host_utc=2026-10-04T03:34:40.924+00:00 host_mono_ns=2843900114264551 local_cell_num: 14
host_utc=2026-10-04T03:34:40.924+00:00 host_mono_ns=2843900114276874 locals.values.size: 14
host_utc=2026-10-04T03:34:40.924+00:00 host_mono_ns=2843900114289318 [2026-10-04 03:34:40.923] [info] restore label stack
host_utc=2026-10-04T03:34:40.924+00:00 host_mono_ns=2843900114301781 local_cell_num: 15
host_utc=2026-10-04T03:34:40.924+00:00 host_mono_ns=2843900114329464 locals.values.size: 15
host_utc=2026-10-04T03:34:40.924+00:00 host_mono_ns=2843900114344031 [2026-10-04 03:34:40.923] [info] restore label stack
host_utc=2026-10-04T03:34:40.924+00:00 host_mono_ns=2843900114361394 local_cell_num: 37
host_utc=2026-10-04T03:34:40.924+00:00 host_mono_ns=2843900114377815 locals.values.size: 37
host_utc=2026-10-04T03:34:40.924+00:00 host_mono_ns=2843900114390509 [2026-10-04 03:34:40.923] [info] restore label stack
host_utc=2026-10-04T03:34:40.924+00:00 host_mono_ns=2843900114403103 local_cell_num: 25
host_utc=2026-10-04T03:34:40.924+00:00 host_mono_ns=2843900114415246 locals.values.size: 25
host_utc=2026-10-04T03:34:40.924+00:00 host_mono_ns=2843900114427489 [2026-10-04 03:34:40.923] [info] restore label stack
host_utc=2026-10-04T03:34:40.924+00:00 host_mono_ns=2843900114439872 local_cell_num: 34
host_utc=2026-10-04T03:34:40.924+00:00 host_mono_ns=2843900114451965 locals.values.size: 34
host_utc=2026-10-04T03:34:40.924+00:00 host_mono_ns=2843900114464328 [2026-10-04 03:34:40.923] [info] restore label stack
host_utc=2026-10-04T03:34:40.924+00:00 host_mono_ns=2843900114476682 local_cell_num: 38
host_utc=2026-10-04T03:34:40.924+00:00 host_mono_ns=2843900114488755 locals.values.size: 38
host_utc=2026-10-04T03:34:40.924+00:00 host_mono_ns=2843900114500968 [2026-10-04 03:34:40.923] [info] restore label stack
host_utc=2026-10-04T03:34:40.924+00:00 host_mono_ns=2843900114513401 local_cell_num: 94
host_utc=2026-10-04T03:34:40.924+00:00 host_mono_ns=2843900114525544 locals.values.size: 94
host_utc=2026-10-04T03:34:40.924+00:00 host_mono_ns=2843900114537807 [2026-10-04 03:34:40.923] [info] restore label stack
host_utc=2026-10-04T03:34:40.924+00:00 host_mono_ns=2843900114550261 local_cell_num: 2
host_utc=2026-10-04T03:34:40.924+00:00 host_mono_ns=2843900114562444 locals.values.size: 2
host_utc=2026-10-04T03:34:40.924+00:00 host_mono_ns=2843900114574987 [2026-10-04 03:34:40.923] [info] restore label stack
host_utc=2026-10-04T03:34:40.924+00:00 host_mono_ns=2843900114587301 local_cell_num: 9
host_utc=2026-10-04T03:34:40.924+00:00 host_mono_ns=2843900114599494 locals.values.size: 9
host_utc=2026-10-04T03:34:40.924+00:00 host_mono_ns=2843900114611807 [2026-10-04 03:34:40.923] [info] restore label stack
host_utc=2026-10-04T03:34:40.924+00:00 host_mono_ns=2843900114624170 local_cell_num: 9
host_utc=2026-10-04T03:34:40.924+00:00 host_mono_ns=2843900114636293 locals.values.size: 9
host_utc=2026-10-04T03:34:40.924+00:00 host_mono_ns=2843900114648596 [2026-10-04 03:34:40.923] [info] restore label stack
host_utc=2026-10-04T03:34:40.924+00:00 host_mono_ns=2843900114661010 local_cell_num: 6
host_utc=2026-10-04T03:34:40.924+00:00 host_mono_ns=2843900114673203 locals.values.size: 6
host_utc=2026-10-04T03:34:40.924+00:00 host_mono_ns=2843900114685556 [2026-10-04 03:34:40.923] [info] restore label stack
host_utc=2026-10-04T03:34:40.924+00:00 host_mono_ns=2843900114698090 [2026-10-04 03:34:40.923] [info] Finish to restore stack
host_utc=2026-10-04T03:34:40.924+00:00 host_mono_ns=2843900114710714 
host_utc=2026-10-04T03:34:40.924+00:00 host_mono_ns=2843900114731794 initします
host_utc=2026-10-04T03:34:40.925+00:00 host_mono_ns=2843900115865916 wasm_cluster_increase_checkpointing_counter called 1
host_utc=2026-10-04T03:34:40.925+00:00 host_mono_ns=2843900115900231 Restoring wasm thread 8
host_utc=2026-10-04T03:34:40.925+00:00 host_mono_ns=2843900115915720 wasm_cluster_increase_checkpointing_counter called 2
host_utc=2026-10-04T03:34:40.925+00:00 host_mono_ns=2843900115928534 wasm_cluster_increase_checkpointing_counter called 3
host_utc=2026-10-04T03:34:40.925+00:00 host_mono_ns=2843900115941448 [2026-10-04 03:34:40.925] [info] wasm_restore_stack
host_utc=2026-10-04T03:34:40.925+00:00 host_mono_ns=2843900115951477 
host_utc=2026-10-04T03:34:40.925+00:00 host_mono_ns=2843900115960665 boot_end, 2843900115710292
host_utc=2026-10-04T03:34:40.925+00:00 host_mono_ns=2843900115975793 [21:58:20:787 - 7098D8A5C840]: warning: failed to link import function (env, pthread_exit)
host_utc=2026-10-04T03:34:40.925+00:00 host_mono_ns=2843900116007243 thread 8 restore
host_utc=2026-10-04T03:34:40.925+00:00 host_mono_ns=2843900116019546 local_cell_num: 2
host_utc=2026-10-04T03:34:40.925+00:00 host_mono_ns=2843900116028192 locals.values.size: 2
host_utc=2026-10-04T03:34:40.925+00:00 host_mono_ns=2843900116036819 [2026-10-04 03:34:40.925] [info] restore label stack
host_utc=2026-10-04T03:34:40.925+00:00 host_mono_ns=2843900116045435 local_cell_num: 8
host_utc=2026-10-04T03:34:40.925+00:00 host_mono_ns=2843900116053710 locals.values.size: 8
host_utc=2026-10-04T03:34:40.925+00:00 host_mono_ns=2843900116062036 [2026-10-04 03:34:40.925] [info] restore label stack
host_utc=2026-10-04T03:34:40.925+00:00 host_mono_ns=2843900116071043 local_cell_num: 14
host_utc=2026-10-04T03:34:40.925+00:00 host_mono_ns=2843900116082455 locals.values.size: 14
host_utc=2026-10-04T03:34:40.925+00:00 host_mono_ns=2843900116093105 [2026-10-04 03:34:40.925] [info] restore label stack
host_utc=2026-10-04T03:34:40.925+00:00 host_mono_ns=2843900116101581 local_cell_num: 15
host_utc=2026-10-04T03:34:40.925+00:00 host_mono_ns=2843900116110718 locals.values.size: 15
host_utc=2026-10-04T03:34:40.925+00:00 host_mono_ns=2843900116120016 [2026-10-04 03:34:40.925] [info] restore label stack
host_utc=2026-10-04T03:34:40.925+00:00 host_mono_ns=2843900116129273 local_cell_num: 27
host_utc=2026-10-04T03:34:40.925+00:00 host_mono_ns=2843900116137529 locals.values.size: 27
host_utc=2026-10-04T03:34:40.925+00:00 host_mono_ns=2843900116145824 [2026-10-04 03:34:40.925] [info] restore label stack
host_utc=2026-10-04T03:34:40.925+00:00 host_mono_ns=2843900116155803 local_cell_num: 25
host_utc=2026-10-04T03:34:40.925+00:00 host_mono_ns=2843900116167145 locals.values.size: 25
host_utc=2026-10-04T03:34:40.926+00:00 host_mono_ns=2843900116175591 [2026-10-04 03:34:40.925] [info] restore label stack
host_utc=2026-10-04T03:34:40.926+00:00 host_mono_ns=2843900116184548 local_cell_num: 34
host_utc=2026-10-04T03:34:40.926+00:00 host_mono_ns=2843900116193545 locals.values.size: 34
host_utc=2026-10-04T03:34:40.926+00:00 host_mono_ns=2843900116201930 [2026-10-04 03:34:40.925] [info] restore label stack
host_utc=2026-10-04T03:34:40.926+00:00 host_mono_ns=2843900116211759 local_cell_num: 38
host_utc=2026-10-04T03:34:40.926+00:00 host_mono_ns=2843900116220556 locals.values.size: 38
host_utc=2026-10-04T03:34:40.926+00:00 host_mono_ns=2843900116228831 [2026-10-04 03:34:40.925] [info] restore label stack
host_utc=2026-10-04T03:34:40.926+00:00 host_mono_ns=2843900116237197 local_cell_num: 94
host_utc=2026-10-04T03:34:40.926+00:00 host_mono_ns=2843900116246234 locals.values.size: 94
host_utc=2026-10-04T03:34:40.926+00:00 host_mono_ns=2843900116254590 [2026-10-04 03:34:40.925] [info] restore label stack
host_utc=2026-10-04T03:34:40.926+00:00 host_mono_ns=2843900116263517 local_cell_num: 2
host_utc=2026-10-04T03:34:40.926+00:00 host_mono_ns=2843900116271862 locals.values.size: 2
host_utc=2026-10-04T03:34:40.926+00:00 host_mono_ns=2843900116280048 [2026-10-04 03:34:40.925] [info] restore label stack
host_utc=2026-10-04T03:34:40.926+00:00 host_mono_ns=2843900116288955 local_cell_num: 9
host_utc=2026-10-04T03:34:40.926+00:00 host_mono_ns=2843900116297952 locals.values.size: 9
host_utc=2026-10-04T03:34:40.926+00:00 host_mono_ns=2843900116306979 [2026-10-04 03:34:40.925] [info] restore label stack
host_utc=2026-10-04T03:34:40.926+00:00 host_mono_ns=2843900116316096 local_cell_num: 9
host_utc=2026-10-04T03:34:40.926+00:00 host_mono_ns=2843900116324352 locals.values.size: 9
host_utc=2026-10-04T03:34:40.926+00:00 host_mono_ns=2843900116332617 [2026-10-04 03:34:40.925] [info] restore label stack
host_utc=2026-10-04T03:34:40.926+00:00 host_mono_ns=2843900116341484 local_cell_num: 6
host_utc=2026-10-04T03:34:40.926+00:00 host_mono_ns=2843900116350361 locals.values.size: 6
host_utc=2026-10-04T03:34:40.926+00:00 host_mono_ns=2843900116358716 [2026-10-04 03:34:40.925] [info] restore label stack
host_utc=2026-10-04T03:34:40.926+00:00 host_mono_ns=2843900116367062 [2026-10-04 03:34:40.925] [info] Finish to restore stack
host_utc=2026-10-04T03:34:40.926+00:00 host_mono_ns=2843900116382040 
host_utc=2026-10-04T03:34:40.926+00:00 host_mono_ns=2843900116391037 stack, 152167
host_utc=2026-10-04T03:34:40.926+00:00 host_mono_ns=2843900116399564 global, 17894
host_utc=2026-10-04T03:34:40.926+00:00 host_mono_ns=2843900116407899 program counter, 12253
host_utc=2026-10-04T03:34:40.926+00:00 host_mono_ns=2843900116423739 initします
host_utc=2026-10-04T03:34:40.926+00:00 host_mono_ns=2843900117027439 wasm_cluster_increase_checkpointing_counter called 1
host_utc=2026-10-04T03:34:40.926+00:00 host_mono_ns=2843900117060722 Restoring wasm thread 7
host_utc=2026-10-04T03:34:40.926+00:00 host_mono_ns=2843900117076211 wasm_cluster_increase_checkpointing_counter called 2
host_utc=2026-10-04T03:34:40.926+00:00 host_mono_ns=2843900117088545 wasm_cluster_increase_checkpointing_counter called 3
host_utc=2026-10-04T03:34:40.926+00:00 host_mono_ns=2843900117099024 [2026-10-04 03:34:40.926] [info] wasm_restore_stack
host_utc=2026-10-04T03:34:40.926+00:00 host_mono_ns=2843900117108082 
host_utc=2026-10-04T03:34:40.926+00:00 host_mono_ns=2843900117117259 boot_end, 2843900116907072
host_utc=2026-10-04T03:34:40.926+00:00 host_mono_ns=2843900117132949 local_cell_num: 2
host_utc=2026-10-04T03:34:40.926+00:00 host_mono_ns=2843900117142296 locals.values.size: 2
host_utc=2026-10-04T03:34:40.926+00:00 host_mono_ns=2843900117151083 [2026-10-04 03:34:40.926] [info] restore label stack
host_utc=2026-10-04T03:34:40.926+00:00 host_mono_ns=2843900117159699 local_cell_num: 8
host_utc=2026-10-04T03:34:40.927+00:00 host_mono_ns=2843900117168175 locals.values.size: 8
host_utc=2026-10-04T03:34:40.927+00:00 host_mono_ns=2843900117176641 [2026-10-04 03:34:40.926] [info] restore label stack
host_utc=2026-10-04T03:34:40.927+00:00 host_mono_ns=2843900117185077 local_cell_num: 25
host_utc=2026-10-04T03:34:40.927+00:00 host_mono_ns=2843900117193423 locals.values.size: 25
host_utc=2026-10-04T03:34:40.927+00:00 host_mono_ns=2843900117202079 [2026-10-04 03:34:40.926] [info] restore label stack
host_utc=2026-10-04T03:34:40.927+00:00 host_mono_ns=2843900117210575 local_cell_num: 10
host_utc=2026-10-04T03:34:40.927+00:00 host_mono_ns=2843900117218811 locals.values.size: 10
host_utc=2026-10-04T03:34:40.927+00:00 host_mono_ns=2843900117227177 [2026-10-04 03:34:40.926] [info] restore label stack
host_utc=2026-10-04T03:34:40.927+00:00 host_mono_ns=2843900117235572 local_cell_num: 22
host_utc=2026-10-04T03:34:40.927+00:00 host_mono_ns=2843900117243838 locals.values.size: 22
host_utc=2026-10-04T03:34:40.927+00:00 host_mono_ns=2843900117252104 [2026-10-04 03:34:40.926] [info] restore label stack
host_utc=2026-10-04T03:34:40.927+00:00 host_mono_ns=2843900117260449 local_cell_num: 62
host_utc=2026-10-04T03:34:40.927+00:00 host_mono_ns=2843900117268635 locals.values.size: 62
host_utc=2026-10-04T03:34:40.927+00:00 host_mono_ns=2843900117276900 [2026-10-04 03:34:40.926] [info] restore label stack
host_utc=2026-10-04T03:34:40.927+00:00 host_mono_ns=2843900117285196 local_cell_num: 18
host_utc=2026-10-04T03:34:40.927+00:00 host_mono_ns=2843900117293432 locals.values.size: 18
host_utc=2026-10-04T03:34:40.927+00:00 host_mono_ns=2843900117301657 [2026-10-04 03:34:40.926] [info] restore label stack
host_utc=2026-10-04T03:34:40.927+00:00 host_mono_ns=2843900117310053 local_cell_num: 21
host_utc=2026-10-04T03:34:40.927+00:00 host_mono_ns=2843900117318198 locals.values.size: 21
host_utc=2026-10-04T03:34:40.927+00:00 host_mono_ns=2843900117326434 [2026-10-04 03:34:40.926] [info] restore label stack
host_utc=2026-10-04T03:34:40.927+00:00 host_mono_ns=2843900117334860 [21:58:20:997 - 7098D8A5C840]: warning: failed to link import function (env, pthread_exit)
host_utc=2026-10-04T03:34:40.927+00:00 host_mono_ns=2843900117344117 local_cell_num: 10
host_utc=2026-10-04T03:34:40.927+00:00 host_mono_ns=2843900117352383 locals.values.size: 10
host_utc=2026-10-04T03:34:40.927+00:00 host_mono_ns=2843900117360669 [2026-10-04 03:34:40.926] [info] restore label stack
host_utc=2026-10-04T03:34:40.927+00:00 host_mono_ns=2843900117424179 local_cell_num: 2
host_utc=2026-10-04T03:34:40.927+00:00 host_mono_ns=2843900117433075 locals.values.size: 2
host_utc=2026-10-04T03:34:40.927+00:00 host_mono_ns=2843900117441461 [2026-10-04 03:34:40.926] [info] restore label stack
host_utc=2026-10-04T03:34:40.927+00:00 host_mono_ns=2843900117450558 local_cell_num: 9
host_utc=2026-10-04T03:34:40.927+00:00 host_mono_ns=2843900117459696 locals.values.size: 9
host_utc=2026-10-04T03:34:40.927+00:00 host_mono_ns=2843900117468072 [2026-10-04 03:34:40.926] [info] restore label stack
host_utc=2026-10-04T03:34:40.927+00:00 host_mono_ns=2843900117476457 local_cell_num: 9
host_utc=2026-10-04T03:34:40.927+00:00 host_mono_ns=2843900117484623 locals.values.size: 9
host_utc=2026-10-04T03:34:40.927+00:00 host_mono_ns=2843900117492798 [2026-10-04 03:34:40.926] [info] restore label stack
host_utc=2026-10-04T03:34:40.927+00:00 host_mono_ns=2843900117501204 local_cell_num: 6
host_utc=2026-10-04T03:34:40.927+00:00 host_mono_ns=2843900117509370 locals.values.size: 6
host_utc=2026-10-04T03:34:40.927+00:00 host_mono_ns=2843900117517595 [2026-10-04 03:34:40.926] [info] restore label stack
host_utc=2026-10-04T03:34:40.927+00:00 host_mono_ns=2843900117525951 [2026-10-04 03:34:40.926] [info] Finish to restore stack
host_utc=2026-10-04T03:34:40.927+00:00 host_mono_ns=2843900117534547 
host_utc=2026-10-04T03:34:40.927+00:00 host_mono_ns=2843900117543534 stack, 104527
host_utc=2026-10-04T03:34:40.927+00:00 host_mono_ns=2843900117551990 global, 15810
host_utc=2026-10-04T03:34:40.927+00:00 host_mono_ns=2843900117560386 program counter, 7824
host_utc=2026-10-04T03:34:40.927+00:00 host_mono_ns=2843900117574192 initします
host_utc=2026-10-04T03:34:40.928+00:00 host_mono_ns=2843900118798565 boot_end, 2843900118617192
host_utc=2026-10-04T03:34:40.928+00:00 host_mono_ns=2843900118831677 thread 7 restore
host_utc=2026-10-04T03:34:40.928+00:00 host_mono_ns=2843900118845333 wasm_cluster_increase_checkpointing_counter called 1
host_utc=2026-10-04T03:34:40.928+00:00 host_mono_ns=2843900118857877 Restoring wasm thread 6
host_utc=2026-10-04T03:34:40.928+00:00 host_mono_ns=2843900118868356 wasm_cluster_increase_checkpointing_counter called 2
host_utc=2026-10-04T03:34:40.928+00:00 host_mono_ns=2843900118878796 wasm_cluster_increase_checkpointing_counter called 3
host_utc=2026-10-04T03:34:40.928+00:00 host_mono_ns=2843900118889066 [2026-10-04 03:34:40.928] [info] wasm_restore_stack
host_utc=2026-10-04T03:34:40.928+00:00 host_mono_ns=2843900118899515 
host_utc=2026-10-04T03:34:40.928+00:00 host_mono_ns=2843900118911117 [21:58:20:702 - 7098D8A5C840]: warning: failed to link import function (env, pthread_exit)
host_utc=2026-10-04T03:34:40.928+00:00 host_mono_ns=2843900118923140 local_cell_num: 2
host_utc=2026-10-04T03:34:40.928+00:00 host_mono_ns=2843900118933289 locals.values.size: 2
host_utc=2026-10-04T03:34:40.928+00:00 host_mono_ns=2843900118943248 [2026-10-04 03:34:40.928] [info] restore label stack
host_utc=2026-10-04T03:34:40.928+00:00 host_mono_ns=2843900118953377 local_cell_num: 8
host_utc=2026-10-04T03:34:40.928+00:00 host_mono_ns=2843900118963226 locals.values.size: 8
host_utc=2026-10-04T03:34:40.928+00:00 host_mono_ns=2843900118973245 [2026-10-04 03:34:40.928] [info] restore label stack
host_utc=2026-10-04T03:34:40.928+00:00 host_mono_ns=2843900118983193 local_cell_num: 14
host_utc=2026-10-04T03:34:40.928+00:00 host_mono_ns=2843900118993002 locals.values.size: 14
host_utc=2026-10-04T03:34:40.928+00:00 host_mono_ns=2843900119010064 [2026-10-04 03:34:40.928] [info] restore label stack
host_utc=2026-10-04T03:34:40.928+00:00 host_mono_ns=2843900119066641 thread 6 restore
host_utc=2026-10-04T03:34:40.928+00:00 host_mono_ns=2843900119079565 local_cell_num: 8
host_utc=2026-10-04T03:34:40.928+00:00 host_mono_ns=2843900119088873 locals.values.size: 8
host_utc=2026-10-04T03:34:40.928+00:00 host_mono_ns=2843900119097479 [2026-10-04 03:34:40.928] [info] restore label stack
host_utc=2026-10-04T03:34:40.928+00:00 host_mono_ns=2843900119106045 local_cell_num: 13
host_utc=2026-10-04T03:34:40.928+00:00 host_mono_ns=2843900119125492 locals.values.size: 13
host_utc=2026-10-04T03:34:40.928+00:00 host_mono_ns=2843900119134128 [2026-10-04 03:34:40.928] [info] restore label stack
host_utc=2026-10-04T03:34:40.928+00:00 host_mono_ns=2843900119142625 local_cell_num: 19
host_utc=2026-10-04T03:34:40.928+00:00 host_mono_ns=2843900119151000 locals.values.size: 19
host_utc=2026-10-04T03:34:40.928+00:00 host_mono_ns=2843900119159156 [2026-10-04 03:34:40.928] [info] restore label stack
host_utc=2026-10-04T03:34:40.929+00:00 host_mono_ns=2843900119167481 local_cell_num: 63
host_utc=2026-10-04T03:34:40.929+00:00 host_mono_ns=2843900119175717 locals.values.size: 63
host_utc=2026-10-04T03:34:40.929+00:00 host_mono_ns=2843900119184083 [2026-10-04 03:34:40.928] [info] restore label stack
host_utc=2026-10-04T03:34:40.929+00:00 host_mono_ns=2843900119192308 local_cell_num: 9
host_utc=2026-10-04T03:34:40.929+00:00 host_mono_ns=2843900119200514 locals.values.size: 9
host_utc=2026-10-04T03:34:40.929+00:00 host_mono_ns=2843900119208579 [2026-10-04 03:34:40.928] [info] restore label stack
host_utc=2026-10-04T03:34:40.929+00:00 host_mono_ns=2843900119217205 local_cell_num: 9
host_utc=2026-10-04T03:34:40.929+00:00 host_mono_ns=2843900119225551 locals.values.size: 9
host_utc=2026-10-04T03:34:40.929+00:00 host_mono_ns=2843900119233787 [2026-10-04 03:34:40.928] [info] restore label stack
host_utc=2026-10-04T03:34:40.929+00:00 host_mono_ns=2843900119242132 local_cell_num: 6
host_utc=2026-10-04T03:34:40.929+00:00 host_mono_ns=2843900119250288 locals.values.size: 6
host_utc=2026-10-04T03:34:40.929+00:00 host_mono_ns=2843900119258664 [2026-10-04 03:34:40.928] [info] restore label stack
host_utc=2026-10-04T03:34:40.929+00:00 host_mono_ns=2843900119266989 [2026-10-04 03:34:40.928] [info] Finish to restore stack
host_utc=2026-10-04T03:34:40.929+00:00 host_mono_ns=2843900119275526 
host_utc=2026-10-04T03:34:40.929+00:00 host_mono_ns=2843900119284002 stack, 120217
host_utc=2026-10-04T03:34:40.929+00:00 host_mono_ns=2843900119299501 global, 26419
host_utc=2026-10-04T03:34:40.929+00:00 host_mono_ns=2843900119308698 program counter, 13585
host_utc=2026-10-04T03:34:40.929+00:00 host_mono_ns=2843900119317505 initします
host_utc=2026-10-04T03:34:40.930+00:00 host_mono_ns=2843900120533161 wasm_cluster_increase_checkpointing_counter called 1
host_utc=2026-10-04T03:34:40.930+00:00 host_mono_ns=2843900120565743 Restoring wasm thread 5
host_utc=2026-10-04T03:34:40.930+00:00 host_mono_ns=2843900120579048 wasm_cluster_increase_checkpointing_counter called 2
host_utc=2026-10-04T03:34:40.930+00:00 host_mono_ns=2843900120590960 wasm_cluster_increase_checkpointing_counter called 3
host_utc=2026-10-04T03:34:40.930+00:00 host_mono_ns=2843900120600288 [2026-10-04 03:34:40.930] [info] wasm_restore_stack
host_utc=2026-10-04T03:34:40.930+00:00 host_mono_ns=2843900120609425 
host_utc=2026-10-04T03:34:40.930+00:00 host_mono_ns=2843900120625395 boot_end, 2843900120354684
host_utc=2026-10-04T03:34:40.930+00:00 host_mono_ns=2843900120635104 stack, 115148
host_utc=2026-10-04T03:34:40.930+00:00 host_mono_ns=2843900120644000 [21:58:20:433 - 7098D8A5C840]: warning: failed to link import function (env, pthread_exit)
host_utc=2026-10-04T03:34:40.930+00:00 host_mono_ns=2843900120653498 local_cell_num: 2
host_utc=2026-10-04T03:34:40.930+00:00 host_mono_ns=2843900120662185 locals.values.size: 2
host_utc=2026-10-04T03:34:40.930+00:00 host_mono_ns=2843900120670861 [2026-10-04 03:34:40.930] [info] restore label stack
host_utc=2026-10-04T03:34:40.930+00:00 host_mono_ns=2843900120679578 local_cell_num: 8
host_utc=2026-10-04T03:34:40.930+00:00 host_mono_ns=2843900120687913 locals.values.size: 8
host_utc=2026-10-04T03:34:40.930+00:00 host_mono_ns=2843900120696239 [2026-10-04 03:34:40.930] [info] restore label stack
host_utc=2026-10-04T03:34:40.930+00:00 host_mono_ns=2843900120704665 local_cell_num: 14
host_utc=2026-10-04T03:34:40.930+00:00 host_mono_ns=2843900120712941 locals.values.size: 14
host_utc=2026-10-04T03:34:40.930+00:00 host_mono_ns=2843900120721487 [2026-10-04 03:34:40.930] [info] restore label stack
host_utc=2026-10-04T03:34:40.930+00:00 host_mono_ns=2843900120739441 local_cell_num: 8
host_utc=2026-10-04T03:34:40.930+00:00 host_mono_ns=2843900120747867 locals.values.size: 8
host_utc=2026-10-04T03:34:40.930+00:00 host_mono_ns=2843900120756122 [2026-10-04 03:34:40.930] [info] restore label stack
host_utc=2026-10-04T03:34:40.930+00:00 host_mono_ns=2843900120764448 thread 5 restore
host_utc=2026-10-04T03:34:40.930+00:00 host_mono_ns=2843900120772854 local_cell_num: 13
host_utc=2026-10-04T03:34:40.930+00:00 host_mono_ns=2843900120781580 locals.values.size: 13
host_utc=2026-10-04T03:34:40.930+00:00 host_mono_ns=2843900120792952 [2026-10-04 03:34:40.930] [info] restore label stack
host_utc=2026-10-04T03:34:40.930+00:00 host_mono_ns=2843900120801959 local_cell_num: 19
host_utc=2026-10-04T03:34:40.930+00:00 host_mono_ns=2843900120810114 locals.values.size: 19
host_utc=2026-10-04T03:34:40.930+00:00 host_mono_ns=2843900120818370 [2026-10-04 03:34:40.930] [info] restore label stack
host_utc=2026-10-04T03:34:40.930+00:00 host_mono_ns=2843900120826635 local_cell_num: 63
host_utc=2026-10-04T03:34:40.930+00:00 host_mono_ns=2843900120834751 locals.values.size: 63
host_utc=2026-10-04T03:34:40.930+00:00 host_mono_ns=2843900120843798 [2026-10-04 03:34:40.930] [info] restore label stack
host_utc=2026-10-04T03:34:40.930+00:00 host_mono_ns=2843900120854979 local_cell_num: 9
host_utc=2026-10-04T03:34:40.930+00:00 host_mono_ns=2843900120865178 locals.values.size: 9
host_utc=2026-10-04T03:34:40.930+00:00 host_mono_ns=2843900120873634 [2026-10-04 03:34:40.930] [info] restore label stack
host_utc=2026-10-04T03:34:40.930+00:00 host_mono_ns=2843900120880768 local_cell_num: 9
host_utc=2026-10-04T03:34:40.930+00:00 host_mono_ns=2843900120886949 locals.values.size: 9
host_utc=2026-10-04T03:34:40.930+00:00 host_mono_ns=2843900120893131 [2026-10-04 03:34:40.930] [info] restore label stack
host_utc=2026-10-04T03:34:40.930+00:00 host_mono_ns=2843900120898752 local_cell_num: 6
host_utc=2026-10-04T03:34:40.930+00:00 host_mono_ns=2843900120904803 locals.values.size: 6
host_utc=2026-10-04T03:34:40.930+00:00 host_mono_ns=2843900120910474 [2026-10-04 03:34:40.930] [info] restore label stack
host_utc=2026-10-04T03:34:40.930+00:00 host_mono_ns=2843900120916175 [2026-10-04 03:34:40.930] [info] Finish to restore stack
host_utc=2026-10-04T03:34:40.930+00:00 host_mono_ns=2843900120921965 
host_utc=2026-10-04T03:34:40.930+00:00 host_mono_ns=2843900120927847 global, 19677
host_utc=2026-10-04T03:34:40.930+00:00 host_mono_ns=2843900120933457 program counter, 13676
host_utc=2026-10-04T03:34:40.930+00:00 host_mono_ns=2843900120942975 initします
host_utc=2026-10-04T03:34:40.932+00:00 host_mono_ns=2843900122293355 boot_end, 2843900122090973
host_utc=2026-10-04T03:34:40.932+00:00 host_mono_ns=2843900122321418 wasm_cluster_increase_checkpointing_counter called 1
host_utc=2026-10-04T03:34:40.932+00:00 host_mono_ns=2843900122334152 Restoring wasm thread 4
host_utc=2026-10-04T03:34:40.932+00:00 host_mono_ns=2843900122344983 wasm_cluster_increase_checkpointing_counter called 2
host_utc=2026-10-04T03:34:40.932+00:00 host_mono_ns=2843900122353850 wasm_cluster_increase_checkpointing_counter called 3
host_utc=2026-10-04T03:34:40.932+00:00 host_mono_ns=2843900122362506 [2026-10-04 03:34:40.931] [info] wasm_restore_stack
host_utc=2026-10-04T03:34:40.932+00:00 host_mono_ns=2843900122372304 
host_utc=2026-10-04T03:34:40.932+00:00 host_mono_ns=2843900122382163 local_cell_num: 2
host_utc=2026-10-04T03:34:40.932+00:00 host_mono_ns=2843900122390990 locals.values.size: 2
host_utc=2026-10-04T03:34:40.932+00:00 host_mono_ns=2843900122399526 [2026-10-04 03:34:40.932] [info] restore label stack
host_utc=2026-10-04T03:34:40.932+00:00 host_mono_ns=2843900122408172 local_cell_num: 8
host_utc=2026-10-04T03:34:40.932+00:00 host_mono_ns=2843900122416378 locals.values.size: 8
host_utc=2026-10-04T03:34:40.932+00:00 host_mono_ns=2843900122424794 [2026-10-04 03:34:40.932] [info] restore label stack
host_utc=2026-10-04T03:34:40.932+00:00 host_mono_ns=2843900122433210 local_cell_num: 14
host_utc=2026-10-04T03:34:40.932+00:00 host_mono_ns=2843900122452306 locals.values.size: 14
host_utc=2026-10-04T03:34:40.932+00:00 host_mono_ns=2843900122461293 [2026-10-04 03:34:40.932] [info] restore label stack
host_utc=2026-10-04T03:34:40.932+00:00 host_mono_ns=2843900122469698 local_cell_num: 215
host_utc=2026-10-04T03:34:40.932+00:00 host_mono_ns=2843900122478054 locals.values.size: 215
host_utc=2026-10-04T03:34:40.932+00:00 host_mono_ns=2843900122486450 [2026-10-04 03:34:40.932] [info] restore label stack
host_utc=2026-10-04T03:34:40.932+00:00 host_mono_ns=2843900122494806 local_cell_num: 77
host_utc=2026-10-04T03:34:40.932+00:00 host_mono_ns=2843900122502981 locals.values.size: 77
host_utc=2026-10-04T03:34:40.932+00:00 host_mono_ns=2843900122511227 [2026-10-04 03:34:40.932] [info] restore label stack
host_utc=2026-10-04T03:34:40.932+00:00 host_mono_ns=2843900122519553 [21:58:20:176 - 7098D8A5C840]: warning: failed to link import function (env, pthread_exit)
host_utc=2026-10-04T03:34:40.932+00:00 host_mono_ns=2843900122528730 local_cell_num: 22
host_utc=2026-10-04T03:34:40.932+00:00 host_mono_ns=2843900122536875 locals.values.size: 22
host_utc=2026-10-04T03:34:40.932+00:00 host_mono_ns=2843900122545231 [2026-10-04 03:34:40.932] [info] restore label stack
host_utc=2026-10-04T03:34:40.932+00:00 host_mono_ns=2843900122556422 [2026-10-04 03:34:40.932] [info] Finish to restore stack
host_utc=2026-10-04T03:34:40.932+00:00 host_mono_ns=2843900122568465 
host_utc=2026-10-04T03:34:40.932+00:00 host_mono_ns=2843900122580528 stack, 93647
host_utc=2026-10-04T03:34:40.932+00:00 host_mono_ns=2843900122595436 global, 21540
host_utc=2026-10-04T03:34:40.932+00:00 host_mono_ns=2843900122604283 program counter, 10330
host_utc=2026-10-04T03:34:40.932+00:00 host_mono_ns=2843900122666821 initします
host_utc=2026-10-04T03:34:40.934+00:00 host_mono_ns=2843900124327898 boot_end, 2843900124235023
host_utc=2026-10-04T03:34:40.934+00:00 host_mono_ns=2843900124411566 thread 4 restore
host_utc=2026-10-04T03:34:40.934+00:00 host_mono_ns=2843900124433187 wasm_cluster_increase_checkpointing_counter called 1
host_utc=2026-10-04T03:34:40.934+00:00 host_mono_ns=2843900124444539 Restoring wasm thread 3
host_utc=2026-10-04T03:34:40.934+00:00 host_mono_ns=2843900124456100 wasm_cluster_increase_checkpointing_counter called 2
host_utc=2026-10-04T03:34:40.934+00:00 host_mono_ns=2843900124467692 wasm_cluster_increase_checkpointing_counter called 3
host_utc=2026-10-04T03:34:40.934+00:00 host_mono_ns=2843900124476399 [2026-10-04 03:34:40.934] [info] wasm_restore_stack
host_utc=2026-10-04T03:34:40.934+00:00 host_mono_ns=2843900124485065 
host_utc=2026-10-04T03:34:40.934+00:00 host_mono_ns=2843900124499412 [21:58:20:318 - 7098D8A5C840]: warning: failed to link import function (env, pthread_exit)
host_utc=2026-10-04T03:34:40.934+00:00 host_mono_ns=2843900124508820 thread 3 restore
host_utc=2026-10-04T03:34:40.934+00:00 host_mono_ns=2843900124518629 local_cell_num: 2
host_utc=2026-10-04T03:34:40.934+00:00 host_mono_ns=2843900124527285 locals.values.size: 2
host_utc=2026-10-04T03:34:40.934+00:00 host_mono_ns=2843900124535621 [2026-10-04 03:34:40.934] [info] restore label stack
host_utc=2026-10-04T03:34:40.934+00:00 host_mono_ns=2843900124544006 local_cell_num: 8
host_utc=2026-10-04T03:34:40.934+00:00 host_mono_ns=2843900124552222 locals.values.size: 8
host_utc=2026-10-04T03:34:40.934+00:00 host_mono_ns=2843900124560488 [2026-10-04 03:34:40.934] [info] restore label stack
host_utc=2026-10-04T03:34:40.934+00:00 host_mono_ns=2843900124568753 local_cell_num: 14
host_utc=2026-10-04T03:34:40.934+00:00 host_mono_ns=2843900124577009 locals.values.size: 14
host_utc=2026-10-04T03:34:40.934+00:00 host_mono_ns=2843900124585244 [2026-10-04 03:34:40.934] [info] restore label stack
host_utc=2026-10-04T03:34:40.934+00:00 host_mono_ns=2843900124593540 local_cell_num: 215
host_utc=2026-10-04T03:34:40.934+00:00 host_mono_ns=2843900124601756 locals.values.size: 215
host_utc=2026-10-04T03:34:40.934+00:00 host_mono_ns=2843900124610212 [2026-10-04 03:34:40.934] [info] restore label stack
host_utc=2026-10-04T03:34:40.934+00:00 host_mono_ns=2843900124627544 local_cell_num: 77
host_utc=2026-10-04T03:34:40.934+00:00 host_mono_ns=2843900124636000 locals.values.size: 77
host_utc=2026-10-04T03:34:40.934+00:00 host_mono_ns=2843900124644236 [2026-10-04 03:34:40.934] [info] restore label stack
host_utc=2026-10-04T03:34:40.934+00:00 host_mono_ns=2843900124652632 local_cell_num: 22
host_utc=2026-10-04T03:34:40.934+00:00 host_mono_ns=2843900124660697 locals.values.size: 22
host_utc=2026-10-04T03:34:40.934+00:00 host_mono_ns=2843900124668973 [2026-10-04 03:34:40.934] [info] restore label stack
host_utc=2026-10-04T03:34:40.934+00:00 host_mono_ns=2843900124677238 [2026-10-04 03:34:40.934] [info] Finish to restore stack
host_utc=2026-10-04T03:34:40.934+00:00 host_mono_ns=2843900124685734 
host_utc=2026-10-04T03:34:40.934+00:00 host_mono_ns=2843900124694270 stack, 123914
host_utc=2026-10-04T03:34:40.934+00:00 host_mono_ns=2843900124702726 global, 26670
host_utc=2026-10-04T03:34:40.934+00:00 host_mono_ns=2843900124710912 program counter, 13625
host_utc=2026-10-04T03:34:40.934+00:00 host_mono_ns=2843900124857228 initします
host_utc=2026-10-04T03:34:40.936+00:00 host_mono_ns=2843900126810507 boot_end, 2843900126675162
host_utc=2026-10-04T03:34:40.936+00:00 host_mono_ns=2843900126845513 wasm_cluster_increase_checkpointing_counter called 1
host_utc=2026-10-04T03:34:40.936+00:00 host_mono_ns=2843900126864018 Restoring wasm thread 2
host_utc=2026-10-04T03:34:40.936+00:00 host_mono_ns=2843900126882623 wasm_cluster_increase_checkpointing_counter called 2
host_utc=2026-10-04T03:34:40.936+00:00 host_mono_ns=2843900126901870 wasm_cluster_increase_checkpointing_counter called 3
host_utc=2026-10-04T03:34:40.936+00:00 host_mono_ns=2843900126918501 [2026-10-04 03:34:40.936] [info] wasm_restore_stack
host_utc=2026-10-04T03:34:40.936+00:00 host_mono_ns=2843900126930684 
host_utc=2026-10-04T03:34:40.936+00:00 host_mono_ns=2843900126947907 [21:58:20:748 - 7098D8A5C840]: warning: failed to link import function (env, pthread_exit)
host_utc=2026-10-04T03:34:40.936+00:00 host_mono_ns=2843900126960020 thread 2 restore
host_utc=2026-10-04T03:34:40.936+00:00 host_mono_ns=2843900126972293 local_cell_num: 2
host_utc=2026-10-04T03:34:40.936+00:00 host_mono_ns=2843900126982702 locals.values.size: 2
host_utc=2026-10-04T03:34:40.936+00:00 host_mono_ns=2843900126991319 [2026-10-04 03:34:40.936] [info] restore label stack
host_utc=2026-10-04T03:34:40.936+00:00 host_mono_ns=2843900126999805 local_cell_num: 8
host_utc=2026-10-04T03:34:40.936+00:00 host_mono_ns=2843900127022878 locals.values.size: 8
host_utc=2026-10-04T03:34:40.936+00:00 host_mono_ns=2843900127031775 [2026-10-04 03:34:40.936] [info] restore label stack
host_utc=2026-10-04T03:34:40.936+00:00 host_mono_ns=2843900127040341 local_cell_num: 14
host_utc=2026-10-04T03:34:40.936+00:00 host_mono_ns=2843900127048677 locals.values.size: 14
host_utc=2026-10-04T03:34:40.936+00:00 host_mono_ns=2843900127057033 [2026-10-04 03:34:40.936] [info] restore label stack
host_utc=2026-10-04T03:34:40.936+00:00 host_mono_ns=2843900127065389 local_cell_num: 215
host_utc=2026-10-04T03:34:40.936+00:00 host_mono_ns=2843900127073674 locals.values.size: 215
host_utc=2026-10-04T03:34:40.936+00:00 host_mono_ns=2843900127082180 [2026-10-04 03:34:40.936] [info] restore label stack
host_utc=2026-10-04T03:34:40.936+00:00 host_mono_ns=2843900127090556 local_cell_num: 77
host_utc=2026-10-04T03:34:40.936+00:00 host_mono_ns=2843900127098681 locals.values.size: 77
host_utc=2026-10-04T03:34:40.936+00:00 host_mono_ns=2843900127106947 [2026-10-04 03:34:40.936] [info] restore label stack
host_utc=2026-10-04T03:34:40.936+00:00 host_mono_ns=2843900127115183 local_cell_num: 22
host_utc=2026-10-04T03:34:40.936+00:00 host_mono_ns=2843900127123298 locals.values.size: 22
host_utc=2026-10-04T03:34:40.936+00:00 host_mono_ns=2843900127131493 [2026-10-04 03:34:40.936] [info] restore label stack
host_utc=2026-10-04T03:34:40.936+00:00 host_mono_ns=2843900127139869 [2026-10-04 03:34:40.936] [info] Finish to restore stack
host_utc=2026-10-04T03:34:40.936+00:00 host_mono_ns=2843900127156050 
host_utc=2026-10-04T03:34:40.936+00:00 host_mono_ns=2843900127164836 stack, 146497
host_utc=2026-10-04T03:34:40.937+00:00 host_mono_ns=2843900127178242 global, 34134
host_utc=2026-10-04T03:34:40.937+00:00 host_mono_ns=2843900127186878 program counter, 20298
host_utc=2026-10-04T03:34:40.937+00:00 host_mono_ns=2843900127336611 initします
host_utc=2026-10-04T03:34:40.939+00:00 host_mono_ns=2843900129369100 boot_end, 2843900129226811
host_utc=2026-10-04T03:34:40.939+00:00 host_mono_ns=2843900129383657 wasm_cluster_increase_checkpointing_counter called 1
host_utc=2026-10-04T03:34:40.939+00:00 host_mono_ns=2843900129392574 Restoring wasm thread 1
host_utc=2026-10-04T03:34:40.939+00:00 host_mono_ns=2843900129401181 wasm_cluster_increase_checkpointing_counter called 2
host_utc=2026-10-04T03:34:40.939+00:00 host_mono_ns=2843900129409757 wasm_cluster_increase_checkpointing_counter called 3
host_utc=2026-10-04T03:34:40.939+00:00 host_mono_ns=2843900129418313 [2026-10-04 03:34:40.939] [info] wasm_restore_stack
host_utc=2026-10-04T03:34:40.939+00:00 host_mono_ns=2843900129426899 
host_utc=2026-10-04T03:34:40.939+00:00 host_mono_ns=2843900129442328 [21:58:20:295 - 7098D8A5C840]: warning: failed to link import function (env, pthread_exit)
host_utc=2026-10-04T03:34:40.939+00:00 host_mono_ns=2843900129453008 thread 1 restore
host_utc=2026-10-04T03:34:40.939+00:00 host_mono_ns=2843900129461464 local_cell_num: 2
host_utc=2026-10-04T03:34:40.939+00:00 host_mono_ns=2843900129469720 locals.values.size: 2
host_utc=2026-10-04T03:34:40.939+00:00 host_mono_ns=2843900129478006 [2026-10-04 03:34:40.939] [info] restore label stack
host_utc=2026-10-04T03:34:40.939+00:00 host_mono_ns=2843900129486381 local_cell_num: 8
host_utc=2026-10-04T03:34:40.939+00:00 host_mono_ns=2843900129494587 locals.values.size: 8
host_utc=2026-10-04T03:34:40.939+00:00 host_mono_ns=2843900129502782 [2026-10-04 03:34:40.939] [info] restore label stack
host_utc=2026-10-04T03:34:40.939+00:00 host_mono_ns=2843900129511118 local_cell_num: 14
host_utc=2026-10-04T03:34:40.939+00:00 host_mono_ns=2843900129519244 locals.values.size: 14
host_utc=2026-10-04T03:34:40.939+00:00 host_mono_ns=2843900129527469 [2026-10-04 03:34:40.939] [info] restore label stack
host_utc=2026-10-04T03:34:40.939+00:00 host_mono_ns=2843900129535695 local_cell_num: 215
host_utc=2026-10-04T03:34:40.939+00:00 host_mono_ns=2843900129543850 locals.values.size: 215
host_utc=2026-10-04T03:34:40.939+00:00 host_mono_ns=2843900129552286 [2026-10-04 03:34:40.939] [info] restore label stack
host_utc=2026-10-04T03:34:40.939+00:00 host_mono_ns=2843900129560501 local_cell_num: 77
host_utc=2026-10-04T03:34:40.939+00:00 host_mono_ns=2843900129568647 locals.values.size: 77
host_utc=2026-10-04T03:34:40.939+00:00 host_mono_ns=2843900129576912 [2026-10-04 03:34:40.939] [info] restore label stack
host_utc=2026-10-04T03:34:40.939+00:00 host_mono_ns=2843900129585228 local_cell_num: 22
host_utc=2026-10-04T03:34:40.939+00:00 host_mono_ns=2843900129593474 locals.values.size: 22
host_utc=2026-10-04T03:34:40.939+00:00 host_mono_ns=2843900129601659 [2026-10-04 03:34:40.939] [info] restore label stack
host_utc=2026-10-04T03:34:40.939+00:00 host_mono_ns=2843900129609905 [2026-10-04 03:34:40.939] [info] Finish to restore stack
host_utc=2026-10-04T03:34:40.939+00:00 host_mono_ns=2843900129618200 
host_utc=2026-10-04T03:34:40.939+00:00 host_mono_ns=2843900129630093 stack, 115398
host_utc=2026-10-04T03:34:40.939+00:00 host_mono_ns=2843900129638559 global, 26781
host_utc=2026-10-04T03:34:40.939+00:00 host_mono_ns=2843900129646804 program counter, 18364
host_utc=2026-10-04T03:34:40.939+00:00 host_mono_ns=2843900129912556 initします
host_utc=2026-10-04T03:34:40.939+00:00 host_mono_ns=2843900129927565 wasm_cluster_increase_checkpointing_counter called 1
host_utc=2026-10-04T03:34:40.939+00:00 host_mono_ns=2843900129941241 [2026-10-04 03:34:40.939] [info] wasm_restore_stack
host_utc=2026-10-04T03:34:40.939+00:00 host_mono_ns=2843900129954085 
host_utc=2026-10-04T03:34:40.939+00:00 host_mono_ns=2843900129966889 wasm_cluster_increase_checkpointing_counter called 2
host_utc=2026-10-04T03:34:40.939+00:00 host_mono_ns=2843900129990343 wasm_cluster_increase_checkpointing_counter called 3
host_utc=2026-10-04T03:34:40.939+00:00 host_mono_ns=2843900130011964 local_cell_num: 1
host_utc=2026-10-04T03:34:40.939+00:00 host_mono_ns=2843900130029087 locals.values.size: 1
host_utc=2026-10-04T03:34:40.939+00:00 host_mono_ns=2843900130041891 [2026-10-04 03:34:40.939] [info] restore label stack
host_utc=2026-10-04T03:34:40.939+00:00 host_mono_ns=2843900130054525 local_cell_num: 3
host_utc=2026-10-04T03:34:40.939+00:00 host_mono_ns=2843900130066958 locals.values.size: 3
host_utc=2026-10-04T03:34:40.939+00:00 host_mono_ns=2843900130079402 [2026-10-04 03:34:40.939] [info] restore label stack
host_utc=2026-10-04T03:34:40.939+00:00 host_mono_ns=2843900130091955 local_cell_num: 170
host_utc=2026-10-04T03:34:40.939+00:00 host_mono_ns=2843900130104409 locals.values.size: 170
host_utc=2026-10-04T03:34:40.939+00:00 host_mono_ns=2843900130117053 [2026-10-04 03:34:40.939] [info] restore label stack
host_utc=2026-10-04T03:34:40.941+00:00 host_mono_ns=2843900131730670 boot_end, 2843900131552323
host_utc=2026-10-04T03:34:40.941+00:00 host_mono_ns=2843900131749606 stack, 1850896
host_utc=2026-10-04T03:34:40.941+00:00 host_mono_ns=2843900131762681 local_cell_num: 19
host_utc=2026-10-04T03:34:40.941+00:00 host_mono_ns=2843900131775004 locals.values.size: 19
host_utc=2026-10-04T03:34:40.941+00:00 host_mono_ns=2843900131791094 [2026-10-04 03:34:40.941] [info] restore label stack
host_utc=2026-10-04T03:34:40.941+00:00 host_mono_ns=2843900131808858 local_cell_num: 63
host_utc=2026-10-04T03:34:40.941+00:00 host_mono_ns=2843900131821572 locals.values.size: 63
host_utc=2026-10-04T03:34:40.941+00:00 host_mono_ns=2843900131833995 [2026-10-04 03:34:40.941] [info] restore label stack
host_utc=2026-10-04T03:34:40.941+00:00 host_mono_ns=2843900131846389 local_cell_num: 9
host_utc=2026-10-04T03:34:40.941+00:00 host_mono_ns=2843900131858772 locals.values.size: 9
host_utc=2026-10-04T03:34:40.941+00:00 host_mono_ns=2843900131870975 [2026-10-04 03:34:40.941] [info] restore label stack
host_utc=2026-10-04T03:34:40.941+00:00 host_mono_ns=2843900131883379 local_cell_num: 9
host_utc=2026-10-04T03:34:40.941+00:00 host_mono_ns=2843900131897265 locals.values.size: 9
host_utc=2026-10-04T03:34:40.941+00:00 host_mono_ns=2843900131910650 [2026-10-04 03:34:40.941] [info] wasm_restore_stack
host_utc=2026-10-04T03:34:40.941+00:00 host_mono_ns=2843900131923835 
host_utc=2026-10-04T03:34:40.941+00:00 host_mono_ns=2843900131936258 [2026-10-04 03:34:40.941] [info] restore label stack
host_utc=2026-10-04T03:34:40.941+00:00 host_mono_ns=2843900131948642 local_cell_num: 6
host_utc=2026-10-04T03:34:40.941+00:00 host_mono_ns=2843900131960945 locals.values.size: 6
host_utc=2026-10-04T03:34:40.941+00:00 host_mono_ns=2843900131973218 [2026-10-04 03:34:40.941] [info] restore label stack
host_utc=2026-10-04T03:34:40.941+00:00 host_mono_ns=2843900131985582 [2026-10-04 03:34:40.941] [info] Finish to restore stack
host_utc=2026-10-04T03:34:40.941+00:00 host_mono_ns=2843900131998055 
host_utc=2026-10-04T03:34:40.941+00:00 host_mono_ns=2843900132028392 local_cell_num: 2
host_utc=2026-10-04T03:34:40.941+00:00 host_mono_ns=2843900132044703 locals.values.size: 2
host_utc=2026-10-04T03:34:40.941+00:00 host_mono_ns=2843900132057227 [2026-10-04 03:34:40.941] [info] restore label stack
host_utc=2026-10-04T03:34:40.941+00:00 host_mono_ns=2843900132069761 local_cell_num: 8
host_utc=2026-10-04T03:34:40.941+00:00 host_mono_ns=2843900132081924 locals.values.size: 8
host_utc=2026-10-04T03:34:40.941+00:00 host_mono_ns=2843900132094257 [2026-10-04 03:34:40.941] [info] restore label stack
host_utc=2026-10-04T03:34:40.941+00:00 host_mono_ns=2843900132106750 local_cell_num: 14
host_utc=2026-10-04T03:34:40.941+00:00 host_mono_ns=2843900132118903 locals.values.size: 14
host_utc=2026-10-04T03:34:40.941+00:00 host_mono_ns=2843900132131247 [2026-10-04 03:34:40.941] [info] restore label stack
host_utc=2026-10-04T03:34:40.941+00:00 host_mono_ns=2843900132152697 local_cell_num: 155
host_utc=2026-10-04T03:34:40.941+00:00 host_mono_ns=2843900132165031 locals.values.size: 155
host_utc=2026-10-04T03:34:40.942+00:00 host_mono_ns=2843900132177314 [2026-10-04 03:34:40.941] [info] restore label stack
host_utc=2026-10-04T03:34:40.942+00:00 host_mono_ns=2843900132189737 local_cell_num: 19
host_utc=2026-10-04T03:34:40.942+00:00 host_mono_ns=2843900132201760 locals.values.size: 19
host_utc=2026-10-04T03:34:40.942+00:00 host_mono_ns=2843900132214193 [2026-10-04 03:34:40.941] [info] restore label stack
host_utc=2026-10-04T03:34:40.942+00:00 host_mono_ns=2843900132226527 local_cell_num: 63
host_utc=2026-10-04T03:34:40.942+00:00 host_mono_ns=2843900132238650 locals.values.size: 63
host_utc=2026-10-04T03:34:40.942+00:00 host_mono_ns=2843900132250803 [2026-10-04 03:34:40.941] [info] restore label stack
host_utc=2026-10-04T03:34:40.942+00:00 host_mono_ns=2843900132263216 local_cell_num: 9
host_utc=2026-10-04T03:34:40.942+00:00 host_mono_ns=2843900132275269 locals.values.size: 9
host_utc=2026-10-04T03:34:40.942+00:00 host_mono_ns=2843900132287532 [2026-10-04 03:34:40.941] [info] restore label stack
host_utc=2026-10-04T03:34:40.942+00:00 host_mono_ns=2843900132299885 local_cell_num: 9
host_utc=2026-10-04T03:34:40.942+00:00 host_mono_ns=2843900132312239 locals.values.size: 9
host_utc=2026-10-04T03:34:40.942+00:00 host_mono_ns=2843900132324492 [2026-10-04 03:34:40.941] [info] restore label stack
host_utc=2026-10-04T03:34:40.942+00:00 host_mono_ns=2843900132337096 local_cell_num: 6
host_utc=2026-10-04T03:34:40.942+00:00 host_mono_ns=2843900132349198 locals.values.size: 6
host_utc=2026-10-04T03:34:40.942+00:00 host_mono_ns=2843900132361492 [2026-10-04 03:34:40.941] [info] restore label stack
host_utc=2026-10-04T03:34:40.942+00:00 host_mono_ns=2843900132373975 [2026-10-04 03:34:40.941] [info] Finish to restore stack
host_utc=2026-10-04T03:34:40.942+00:00 host_mono_ns=2843900132386659 
host_utc=2026-10-04T03:34:40.942+00:00 host_mono_ns=2843900132398912 stack, 138712
host_utc=2026-10-04T03:34:40.942+00:00 host_mono_ns=2843900132411316 global, 28323
host_utc=2026-10-04T03:34:40.942+00:00 host_mono_ns=2843900132423599 program counter, 15920
host_utc=2026-10-04T03:34:42.617+00:00 host_mono_ns=2843901807476768 memory, 1675505374
host_utc=2026-10-04T03:34:42.617+00:00 host_mono_ns=2843901807534768 global, 9708
host_utc=2026-10-04T03:34:42.617+00:00 host_mono_ns=2843901807547372 program counter, 13586
host_utc=2026-10-04T03:34:44.620+00:00 host_mono_ns=2843903810813375 '
host_utc=2026-10-04T03:34:44.620+00:00 host_mono_ns=2843903810906411 LOG_ERROR : 00000018.171 : [CR-STATE] netif_refresh default=0x9bf18 self=0x9bf18 same=1 stored=0x030012ac probed=0x030012ac pending=0
host_utc=2026-10-04T03:34:44.620+00:00 host_mono_ns=2843903810927621 UDP_RECV_RECOVERY action=skip reason=EINTR fd=7LOG_ERROR : 00000018.171 :
host_utc=2026-10-04T03:34:44.620+00:00 host_mono_ns=2843903810943581 UDP_RECV_RECOVERY action=refresh status=0 reason=EINTR fd=8LOG_ERROR : 00000018.171 :
host_utc=2026-10-04T03:34:44.620+00:00 host_mono_ns=2843903810958840 LOG_ERROR : 00000018.171 : UDP_RECV_RECOVERY action=skip reason=EINTR fd=3UDP_RECV_RECOVERY action=skip reason=EINTR fd=4
host_utc=2026-10-04T03:34:44.620+00:00 host_mono_ns=2843903810974008 
host_utc=2026-10-04T03:34:44.620+00:00 host_mono_ns=2843903810988676 [CR-STATE] loop id=15 guest_before=0xa500000e host_before=0x00000000
host_utc=2026-10-04T03:34:44.620+00:00 host_mono_ns=2843903811032809 [CR-STATE] netif_refresh default=0x9bf18 self=0x9bf18 same=1 stored=0x030012ac probed=0x030012ac pending=0
host_utc=2026-10-04T03:34:44.620+00:00 host_mono_ns=2843903811083054 publishing msg: 'Hello from mros2-posix onto Linux: 15'
host_utc=2026-10-04T03:34:44.620+00:00 host_mono_ns=2843903811128801 [CR-STATE] armed id=15 value=0xa500000f
host_utc=2026-10-04T03:34:44.620+00:00 host_mono_ns=2843903811148768 LOG_DEBUG : 00000019.173 : [MROS2LIB] message get [callback_handler] msg_sn_high: 0 msg_sn_low: c
host_utc=2026-10-04T03:34:44.620+00:00 host_mono_ns=2843903811168476 subscribed msg: 'Hello from mros2-posix onto Linux: 15'
host_utc=2026-10-04T03:34:44.621+00:00 host_mono_ns=2843903811214382 [CR-STATE] loop id=16 guest_before=0xa500000f host_before=0xa500000f
host_utc=2026-10-04T03:34:46.623+00:00 host_mono_ns=2843905814138701 [CR-STATE] netif_refresh default=0x9bf18 self=0x9bf18 same=1 stored=0x030012ac probed=0x030012ac pending=0
host_utc=2026-10-04T03:34:46.624+00:00 host_mono_ns=2843905814173968 publishing msg: 'Hello from mros2-posix onto Linux: 16'
host_utc=2026-10-04T03:34:46.624+00:00 host_mono_ns=2843905814191331 [CR-STATE] armed id=16 value=0xa5000010
host_utc=2026-10-04T03:34:46.624+00:00 host_mono_ns=2843905814203684 LOG_DEBUG : 00000020.174 : [MROS2LIB] message get [callback_handler] msg_sn_high: 0 msg_sn_low: d
host_utc=2026-10-04T03:34:46.624+00:00 host_mono_ns=2843905814215777 subscribed msg: 'Hello from mros2-posix onto Linux: 16'
host_utc=2026-10-04T03:34:46.624+00:00 host_mono_ns=2843905814228761 [CR-STATE] loop id=17 guest_before=0xa5000010 host_before=0xa5000010
host_utc=2026-10-04T03:34:46.624+00:00 host_mono_ns=2843905814240664 [CR-STATE] netif_refresh default=0x9bf18 self=0x9bf18 same=1 stored=0x030012ac probed=0x030012ac pending=0
host_utc=2026-10-04T03:34:46.624+00:00 host_mono_ns=2843905814252186 publishing msg: 'Hello from mros2-posix onto Linux: 17'
host_utc=2026-10-04T03:34:46.624+00:00 host_mono_ns=2843905814263858 [CR-STATE] armed id=17 value=0xa5000011
host_utc=2026-10-04T03:34:46.624+00:00 host_mono_ns=2843905814274548 LOG_DEBUG : 00000021.175 : [MROS2LIB] message get [callback_handler] msg_sn_high: 0 msg_sn_low: e
host_utc=2026-10-04T03:34:46.624+00:00 host_mono_ns=2843905814285458 subscribed msg: 'Hello from mros2-posix onto Linux: 17'
host_utc=2026-10-04T03:34:46.624+00:00 host_mono_ns=2843905814297141 [CR-STATE] netif_refresh default=0x9bf18 self=0x9bf18 same=1 stored=0x030012ac probed=0x030012ac pending=0
host_utc=2026-10-04T03:34:46.624+00:00 host_mono_ns=2843905814308151 [CR-STATE] loop id=18 guest_before=0xa5000011 host_before=0xa5000011
host_utc=2026-10-04T03:34:46.624+00:00 host_mono_ns=2843905814319072 publishing msg: 'Hello from mros2-posix onto Linux: 18'
host_utc=2026-10-04T03:34:46.624+00:00 host_mono_ns=2843905814330664 [CR-STATE] armed id=18 value=0xa5000012
host_utc=2026-10-04T03:34:49.624+00:00 host_mono_ns=2843908814998128 LOG_DEBUG : 00000022.176 : [MROS2LIB] message get [callback_handler] msg_sn_high: 0 msg_sn_low: f
host_utc=2026-10-04T03:34:49.624+00:00 host_mono_ns=2843908815082958 subscribed msg: 'Hello from mros2-posix onto Linux: 18'
host_utc=2026-10-04T03:34:49.624+00:00 host_mono_ns=2843908815109228 [CR-STATE] netif_refresh default=0x9bf18 self=0x9bf18 same=1 stored=0x030012ac probed=0x030012ac pending=0
host_utc=2026-10-04T03:34:49.624+00:00 host_mono_ns=2843908815125228 [CR-STATE] loop id=19 guest_before=0xa5000012 host_before=0xa5000012
host_utc=2026-10-04T03:34:49.624+00:00 host_mono_ns=2843908815140356 publishing msg: 'Hello from mros2-posix onto Linux: 19'
host_utc=2026-10-04T03:34:49.624+00:00 host_mono_ns=2843908815156667 [CR-STATE] armed id=19 value=0xa5000013
host_utc=2026-10-04T03:34:49.625+00:00 host_mono_ns=2843908815170533 LOG_DEBUG : 00000023.177 : [MROS2LIB] message get [callback_handler] msg_sn_high: 0 msg_sn_low: 10
host_utc=2026-10-04T03:34:49.625+00:00 host_mono_ns=2843908815184149 subscribed msg: 'Hello from mros2-posix onto Linux: 19'
host_utc=2026-10-04T03:34:49.625+00:00 host_mono_ns=2843908815199959 [CR-STATE] netif_refresh default=0x9bf18 self=0x9bf18 same=1 stored=0x030012ac probed=0x030012ac pending=0
host_utc=2026-10-04T03:34:49.625+00:00 host_mono_ns=2843908815213575 [CR-STATE] loop id=20 guest_before=0xa5000013 host_before=0xa5000013
host_utc=2026-10-04T03:34:49.625+00:00 host_mono_ns=2843908815227681 publishing msg: 'Hello from mros2-posix onto Linux: 20'
host_utc=2026-10-04T03:34:49.625+00:00 host_mono_ns=2843908815241548 [CR-STATE] armed id=20 value=0xa5000014
host_utc=2026-10-04T03:34:49.625+00:00 host_mono_ns=2843908815255905 LOG_DEBUG : 00000024.178 : [MROS2LIB] message get [callback_handler] msg_sn_high: 0 msg_sn_low: 11
host_utc=2026-10-04T03:34:49.625+00:00 host_mono_ns=2843908815294277 subscribed msg: 'Hello from mros2-posix onto Linux: 20'
host_utc=2026-10-04T03:34:51.628+00:00 host_mono_ns=2843910818735503 [CR-STATE] netif_refresh default=0x9bf18 self=0x9bf18 same=1 stored=0x030012ac probed=0x030012ac pending=0
host_utc=2026-10-04T03:34:51.628+00:00 host_mono_ns=2843910818800346 [CR-STATE] loop id=21 guest_before=0xa5000014 host_before=0xa5000014
host_utc=2026-10-04T03:34:51.628+00:00 host_mono_ns=2843910818817989 publishing msg: 'Hello from mros2-posix onto Linux: 21'
host_utc=2026-10-04T03:34:51.628+00:00 host_mono_ns=2843910818840301 [CR-STATE] armed id=21 value=0xa5000015
host_utc=2026-10-04T03:34:51.628+00:00 host_mono_ns=2843910818854378 LOG_DEBUG : 00000025.179 : [MROS2LIB] message get [callback_handler] msg_sn_high: 0 msg_sn_low: 12
host_utc=2026-10-04T03:34:51.628+00:00 host_mono_ns=2843910818868264 subscribed msg: 'Hello from mros2-posix onto Linux: 21'
host_utc=2026-10-04T03:34:51.628+00:00 host_mono_ns=2843910818884685 [CR-STATE] netif_refresh default=0x9bf18 self=0x9bf18 same=1 stored=0x030012ac probed=0x030012ac pending=0
host_utc=2026-10-04T03:34:51.628+00:00 host_mono_ns=2843910818898581 [CR-STATE] loop id=22 guest_before=0xa5000015 host_before=0xa5000015
host_utc=2026-10-04T03:34:51.628+00:00 host_mono_ns=2843910818911716 publishing msg: 'Hello from mros2-posix onto Linux: 22'
host_utc=2026-10-04T03:34:51.628+00:00 host_mono_ns=2843910818925673 [CR-STATE] armed id=22 value=0xa5000016
host_utc=2026-10-04T03:34:51.628+00:00 host_mono_ns=2843910818938337 LOG_DEBUG : 00000026.180 : [MROS2LIB] message get [callback_handler] msg_sn_high: 0 msg_sn_low: 13
host_utc=2026-10-04T03:34:51.628+00:00 host_mono_ns=2843910818951121 subscribed msg: 'Hello from mros2-posix onto Linux: 22'
host_utc=2026-10-04T03:34:51.628+00:00 host_mono_ns=2843910818965107 [CR-STATE] netif_refresh default=0x9bf18 self=0x9bf18 same=1 stored=0x030012ac probed=0x030012ac pending=0
host_utc=2026-10-04T03:34:51.628+00:00 host_mono_ns=2843910818978052 [CR-STATE] loop id=23 guest_before=0xa5000016 host_before=0xa5000016
host_utc=2026-10-04T03:34:51.628+00:00 host_mono_ns=2843910818990655 publishing msg: 'Hello from mros2-posix onto Linux: 23'
host_utc=2026-10-04T03:34:53.632+00:00 host_mono_ns=2843912822198991 [CR-STATE] armed id=23 value=0xa5000017
host_utc=2026-10-04T03:34:53.632+00:00 host_mono_ns=2843912822263723 LOG_DEBUG : 00000027.181 : [MROS2LIB] message get [callback_handler] msg_sn_high: 0 msg_sn_low: 14
host_utc=2026-10-04T03:34:53.632+00:00 host_mono_ns=2843912822281176 subscribed msg: 'Hello from mros2-posix onto Linux: 23'
host_utc=2026-10-04T03:34:53.632+00:00 host_mono_ns=2843912822303879 [CR-STATE] netif_refresh default=0x9bf18 self=0x9bf18 same=1 stored=0x030012ac probed=0x030012ac pending=0
host_utc=2026-10-04T03:34:53.632+00:00 host_mono_ns=2843912822318596 [CR-STATE] loop id=24 guest_before=0xa5000017 host_before=0xa5000017
host_utc=2026-10-04T03:34:53.632+00:00 host_mono_ns=2843912822332533 publishing msg: 'Hello from mros2-posix onto Linux: 24'
host_utc=2026-10-04T03:34:53.632+00:00 host_mono_ns=2843912822347631 [CR-STATE] armed id=24 value=0xa5000018
host_utc=2026-10-04T03:34:53.632+00:00 host_mono_ns=2843912822360516 LOG_DEBUG : 00000028.182 : [MROS2LIB] message get [callback_handler] msg_sn_high: 0 msg_sn_low: 15
host_utc=2026-10-04T03:34:53.632+00:00 host_mono_ns=2843912822373781 subscribed msg: 'Hello from mros2-posix onto Linux: 24'
host_utc=2026-10-04T03:34:53.632+00:00 host_mono_ns=2843912822387717 [CR-STATE] netif_refresh default=0x9bf18 self=0x9bf18 same=1 stored=0x030012ac probed=0x030012ac pending=0
host_utc=2026-10-04T03:34:53.632+00:00 host_mono_ns=2843912822400742 [CR-STATE] loop id=25 guest_before=0xa5000018 host_before=0xa5000018
host_utc=2026-10-04T03:34:53.632+00:00 host_mono_ns=2843912822413546 publishing msg: 'Hello from mros2-posix onto Linux: 25'
host_utc=2026-10-04T03:34:53.632+00:00 host_mono_ns=2843912822426871 [CR-STATE] armed id=25 value=0xa5000019
host_utc=2026-10-04T03:34:53.632+00:00 host_mono_ns=2843912822461496 LOG_DEBUG : 00000029.183 : [MROS2LIB] message get [callback_handler] msg_sn_high: 0 msg_sn_low: 16
host_utc=2026-10-04T03:34:53.974+00:00 host_mono_ns=2843913164389286 subscribed msg: 'Hello from mros2-posix onto Linux: 25
host_utc=2026-10-04T03:34:53.974+00:00 host_mono_ns=2843913164474377 event=collector_process_exit source=restore exit_status=143
