host_utc=2026-09-30T08:03:34.017+00:00 host_mono_ns=2514433207500498 boot_start, 2514433207232491
host_utc=2026-09-30T08:03:34.213+00:00 host_mono_ns=2514433403368088 11 stderr
host_utc=2026-09-30T08:03:34.213+00:00 host_mono_ns=2514433403422381 22 stderr
host_utc=2026-09-30T08:03:34.213+00:00 host_mono_ns=2514433403436698 signal init: 126724829529664
host_utc=2026-09-30T08:03:34.213+00:00 host_mono_ns=2514433403449091 initします
host_utc=2026-09-30T08:03:34.213+00:00 host_mono_ns=2514433404173309 boot_end, 2514433404043394
host_utc=2026-09-30T08:03:34.214+00:00 host_mono_ns=2514433404550401 3 stderr
host_utc=2026-09-30T08:03:34.214+00:00 host_mono_ns=2514433404887147 initします
host_utc=2026-09-30T08:03:34.216+00:00 host_mono_ns=2514433406450601 boot_end, 2514433406238240
host_utc=2026-09-30T08:03:34.216+00:00 host_mono_ns=2514433406496137 [02:27:13:129 - 73416C968840]: Load type section success.
host_utc=2026-09-30T08:03:34.216+00:00 host_mono_ns=2514433406513880 
host_utc=2026-09-30T08:03:34.216+00:00 host_mono_ns=2514433406532856 [02:27:13:147 - 73416C968840]: Load import section success.
host_utc=2026-09-30T08:03:34.216+00:00 host_mono_ns=2514433406551692 
host_utc=2026-09-30T08:03:34.216+00:00 host_mono_ns=2514433406569325 [02:27:13:891 - 73416C968840]: Load function section success.
host_utc=2026-09-30T08:03:34.216+00:00 host_mono_ns=2514433406583762 
host_utc=2026-09-30T08:03:34.216+00:00 host_mono_ns=2514433406596126 [02:27:13:892 - 73416C968840]: Load table section success.
host_utc=2026-09-30T08:03:34.216+00:00 host_mono_ns=2514433406609160 
host_utc=2026-09-30T08:03:34.216+00:00 host_mono_ns=2514433406621914 [02:27:13:895 - 73416C968840]: Load global section success.
host_utc=2026-09-30T08:03:34.216+00:00 host_mono_ns=2514433406634438 
host_utc=2026-09-30T08:03:34.216+00:00 host_mono_ns=2514433406646481 [02:27:13:896 - 73416C968840]: Load export section success.
host_utc=2026-09-30T08:03:34.216+00:00 host_mono_ns=2514433406658904 
host_utc=2026-09-30T08:03:34.216+00:00 host_mono_ns=2514433406670827 [02:27:13:897 - 73416C968840]: Load start section success.
host_utc=2026-09-30T08:03:34.216+00:00 host_mono_ns=2514433406683290 
host_utc=2026-09-30T08:03:34.216+00:00 host_mono_ns=2514433406695263 [02:27:13:899 - 73416C968840]: Load table segment section success.
host_utc=2026-09-30T08:03:34.216+00:00 host_mono_ns=2514433406708258 
host_utc=2026-09-30T08:03:34.216+00:00 host_mono_ns=2514433406720481 [02:27:13:900 - 73416C968840]: Load datacount section success.
host_utc=2026-09-30T08:03:34.216+00:00 host_mono_ns=2514433406733445 
host_utc=2026-09-30T08:03:34.216+00:00 host_mono_ns=2514433406745608 [02:27:13:901 - 73416C968840]: Load code segment section success.
host_utc=2026-09-30T08:03:34.216+00:00 host_mono_ns=2514433406758573 
host_utc=2026-09-30T08:03:34.216+00:00 host_mono_ns=2514433406770515 [02:27:13:901 - 73416C968840]: Load data segment section success.
host_utc=2026-09-30T08:03:34.216+00:00 host_mono_ns=2514433406786105 
host_utc=2026-09-30T08:03:34.216+00:00 host_mono_ns=2514433406801634 [02:27:13:902 - 73416C968840]: Ignore custom section [.debug_abbrev].
host_utc=2026-09-30T08:03:34.216+00:00 host_mono_ns=2514433406814628 [02:27:13:902 - 73416C968840]: Ignore custom section [.debug_info].
host_utc=2026-09-30T08:03:34.216+00:00 host_mono_ns=2514433406827292 [02:27:13:902 - 73416C968840]: Ignore custom section [.debug_ranges].
host_utc=2026-09-30T08:03:34.216+00:00 host_mono_ns=2514433406839806 [02:27:13:903 - 73416C968840]: Ignore custom section [.debug_str].
host_utc=2026-09-30T08:03:34.216+00:00 host_mono_ns=2514433406852330 [02:27:13:903 - 73416C968840]: Ignore custom section [.debug_line].
host_utc=2026-09-30T08:03:34.216+00:00 host_mono_ns=2514433406866957 [02:27:13:903 - 73416C968840]: Ignore custom section [.debug_loc].
host_utc=2026-09-30T08:03:34.216+00:00 host_mono_ns=2514433406884170 [02:27:13:904 - 73416C968840]: Ignore custom section [name].
host_utc=2026-09-30T08:03:34.216+00:00 host_mono_ns=2514433406897445 [02:27:13:904 - 73416C968840]: Ignore custom section [producers].
host_utc=2026-09-30T08:03:34.216+00:00 host_mono_ns=2514433406910329 [02:27:13:905 - 73416C968840]: Ignore custom section [target_features].
host_utc=2026-09-30T08:03:34.216+00:00 host_mono_ns=2514433406939765 [02:27:13:905 - 73416C968840]: Found aux __heap_base global, value: 7855008
host_utc=2026-09-30T08:03:34.216+00:00 host_mono_ns=2514433406953601 [02:27:13:906 - 73416C968840]: Found aux __data_end global, value: 1301396
host_utc=2026-09-30T08:03:34.216+00:00 host_mono_ns=2514433406966545 [02:27:13:906 - 73416C968840]: Found aux stack top global, value: 7855008, global index: 0, stack size: 6553600
host_utc=2026-09-30T08:03:34.216+00:00 host_mono_ns=2514433406979820 [02:27:13:907 - 73416C968840]: Found malloc function, name: malloc, index: 3154
host_utc=2026-09-30T08:03:34.216+00:00 host_mono_ns=2514433406992755 [02:27:13:907 - 73416C968840]: Found free function, name: free, index: 3156
host_utc=2026-09-30T08:03:34.216+00:00 host_mono_ns=2514433407030105 [02:27:13:835 - 73416C968840]: Load module success.
host_utc=2026-09-30T08:03:34.216+00:00 host_mono_ns=2514433407047949 
host_utc=2026-09-30T08:03:34.216+00:00 host_mono_ns=2514433407060683 [02:27:13:847 - 73416C968840]: Memory instantiate:
host_utc=2026-09-30T08:03:34.216+00:00 host_mono_ns=2514433407073437 [02:27:13:848 - 73416C968840]:   page bytes: 65536, init pages: 16384, max pages: 16384
host_utc=2026-09-30T08:03:34.216+00:00 host_mono_ns=2514433407086963 [02:27:13:849 - 73416C968840]:   heap offset: 1073741824, heap size: 0
host_utc=2026-09-30T08:03:34.216+00:00 host_mono_ns=2514433407100028 
host_utc=2026-09-30T08:03:34.216+00:00 host_mono_ns=2514433407112241 [02:27:13:875 - 73416C968840]: Memory instantiate success.
host_utc=2026-09-30T08:03:34.216+00:00 host_mono_ns=2514433407124774 [02:27:13:995 - 73416C968840]: warning: failed to link import function (env, pthread_exit)
host_utc=2026-09-30T08:03:34.216+00:00 host_mono_ns=2514433407138019 Restoring wasm thread 11
host_utc=2026-09-30T08:03:34.216+00:00 host_mono_ns=2514433407151465 [02:27:13:183 - 73416C968840]: warning: failed to link import function (env, pthread_exit)
host_utc=2026-09-30T08:03:34.216+00:00 host_mono_ns=2514433407164690 thread 11 restore
host_utc=2026-09-30T08:03:34.217+00:00 host_mono_ns=2514433407177744 Restoring wasm thread 10
host_utc=2026-09-30T08:03:34.217+00:00 host_mono_ns=2514433407190499 [02:27:13:310 - 73416C968840]: warning: failed to link import function (env, pthread_exit)
host_utc=2026-09-30T08:03:34.217+00:00 host_mono_ns=2514433407203353 [2026-09-30 08:03:34.216] [info] wasm_restore_stack
host_utc=2026-09-30T08:03:34.217+00:00 host_mono_ns=2514433407216187 
host_utc=2026-09-30T08:03:34.217+00:00 host_mono_ns=2514433407239732 stack, 198465
host_utc=2026-09-30T08:03:34.217+00:00 host_mono_ns=2514433407253457 global, 25188
host_utc=2026-09-30T08:03:34.217+00:00 host_mono_ns=2514433407266242 program counter, 13195
host_utc=2026-09-30T08:03:34.217+00:00 host_mono_ns=2514433407279056 thread 10 restore
host_utc=2026-09-30T08:03:34.217+00:00 host_mono_ns=2514433407291469 local_cell_num: 2
host_utc=2026-09-30T08:03:34.217+00:00 host_mono_ns=2514433407304073 locals.values.size: 2
host_utc=2026-09-30T08:03:34.217+00:00 host_mono_ns=2514433407316927 [2026-09-30 08:03:34.216] [info] restore label stack
host_utc=2026-09-30T08:03:34.217+00:00 host_mono_ns=2514433407330062 local_cell_num: 8
host_utc=2026-09-30T08:03:34.217+00:00 host_mono_ns=2514433407342526 locals.values.size: 8
host_utc=2026-09-30T08:03:34.217+00:00 host_mono_ns=2514433407355320 [2026-09-30 08:03:34.216] [info] restore label stack
host_utc=2026-09-30T08:03:34.217+00:00 host_mono_ns=2514433407368114 local_cell_num: 14
host_utc=2026-09-30T08:03:34.217+00:00 host_mono_ns=2514433407380788 locals.values.size: 14
host_utc=2026-09-30T08:03:34.217+00:00 host_mono_ns=2514433407393312 [2026-09-30 08:03:34.216] [info] restore label stack
host_utc=2026-09-30T08:03:34.217+00:00 host_mono_ns=2514433407405986 local_cell_num: 45
host_utc=2026-09-30T08:03:34.217+00:00 host_mono_ns=2514433407418269 locals.values.size: 45
host_utc=2026-09-30T08:03:34.217+00:00 host_mono_ns=2514433407430772 [2026-09-30 08:03:34.216] [info] restore label stack
host_utc=2026-09-30T08:03:34.217+00:00 host_mono_ns=2514433407452143 local_cell_num: 19
host_utc=2026-09-30T08:03:34.217+00:00 host_mono_ns=2514433407464797 locals.values.size: 19
host_utc=2026-09-30T08:03:34.217+00:00 host_mono_ns=2514433407477441 [2026-09-30 08:03:34.216] [info] restore label stack
host_utc=2026-09-30T08:03:34.217+00:00 host_mono_ns=2514433407490105 local_cell_num: 63
host_utc=2026-09-30T08:03:34.217+00:00 host_mono_ns=2514433407502398 locals.values.size: 63
host_utc=2026-09-30T08:03:34.217+00:00 host_mono_ns=2514433407514881 [2026-09-30 08:03:34.216] [info] restore label stack
host_utc=2026-09-30T08:03:34.217+00:00 host_mono_ns=2514433407527435 local_cell_num: 9
host_utc=2026-09-30T08:03:34.217+00:00 host_mono_ns=2514433407539839 locals.values.size: 9
host_utc=2026-09-30T08:03:34.217+00:00 host_mono_ns=2514433407552162 [2026-09-30 08:03:34.216] [info] restore label stack
host_utc=2026-09-30T08:03:34.217+00:00 host_mono_ns=2514433407564966 local_cell_num: 9
host_utc=2026-09-30T08:03:34.217+00:00 host_mono_ns=2514433407577520 locals.values.size: 9
host_utc=2026-09-30T08:03:34.217+00:00 host_mono_ns=2514433407590053 [2026-09-30 08:03:34.216] [info] restore label stack
host_utc=2026-09-30T08:03:34.217+00:00 host_mono_ns=2514433407602627 local_cell_num: 6
host_utc=2026-09-30T08:03:34.217+00:00 host_mono_ns=2514433407614950 locals.values.size: 6
host_utc=2026-09-30T08:03:34.217+00:00 host_mono_ns=2514433407627304 [2026-09-30 08:03:34.216] [info] restore label stack
host_utc=2026-09-30T08:03:34.217+00:00 host_mono_ns=2514433407640088 [2026-09-30 08:03:34.216] [info] Finish to restore stack
host_utc=2026-09-30T08:03:34.217+00:00 host_mono_ns=2514433407653203 
host_utc=2026-09-30T08:03:34.217+00:00 host_mono_ns=2514433407665807 initします
host_utc=2026-09-30T08:03:34.218+00:00 host_mono_ns=2514433408438536 wasm_cluster_increase_checkpointing_counter called 1
host_utc=2026-09-30T08:03:34.218+00:00 host_mono_ns=2514433408474113 Restoring wasm thread 9
host_utc=2026-09-30T08:03:34.218+00:00 host_mono_ns=2514433408495153 wasm_cluster_increase_checkpointing_counter called 2
host_utc=2026-09-30T08:03:34.218+00:00 host_mono_ns=2514433408509340 wasm_cluster_increase_checkpointing_counter called 3
host_utc=2026-09-30T08:03:34.218+00:00 host_mono_ns=2514433408522565 [2026-09-30 08:03:34.218] [info] wasm_restore_stack
host_utc=2026-09-30T08:03:34.218+00:00 host_mono_ns=2514433408535690 
host_utc=2026-09-30T08:03:34.218+00:00 host_mono_ns=2514433408548734 boot_end, 2514433408231445
host_utc=2026-09-30T08:03:34.218+00:00 host_mono_ns=2514433408569844 stack, 171454
host_utc=2026-09-30T08:03:34.218+00:00 host_mono_ns=2514433408583500 global, 22182
host_utc=2026-09-30T08:03:34.218+00:00 host_mono_ns=2514433408595944 program counter, 13586
host_utc=2026-09-30T08:03:34.218+00:00 host_mono_ns=2514433408608628 [02:27:13:305 - 73416C968840]: warning: failed to link import function (env, pthread_exit)
host_utc=2026-09-30T08:03:34.218+00:00 host_mono_ns=2514433408622043 thread 9 restore
host_utc=2026-09-30T08:03:34.218+00:00 host_mono_ns=2514433408634797 local_cell_num: 2
host_utc=2026-09-30T08:03:34.218+00:00 host_mono_ns=2514433408647411 locals.values.size: 2
host_utc=2026-09-30T08:03:34.218+00:00 host_mono_ns=2514433408661207 [2026-09-30 08:03:34.218] [info] restore label stack
host_utc=2026-09-30T08:03:34.218+00:00 host_mono_ns=2514433408678590 local_cell_num: 8
host_utc=2026-09-30T08:03:34.218+00:00 host_mono_ns=2514433408692386 locals.values.size: 8
host_utc=2026-09-30T08:03:34.218+00:00 host_mono_ns=2514433408704769 [2026-09-30 08:03:34.218] [info] restore label stack
host_utc=2026-09-30T08:03:34.218+00:00 host_mono_ns=2514433408717313 local_cell_num: 14
host_utc=2026-09-30T08:03:34.218+00:00 host_mono_ns=2514433408729516 locals.values.size: 14
host_utc=2026-09-30T08:03:34.218+00:00 host_mono_ns=2514433408741969 [2026-09-30 08:03:34.218] [info] restore label stack
host_utc=2026-09-30T08:03:34.218+00:00 host_mono_ns=2514433408758240 local_cell_num: 15
host_utc=2026-09-30T08:03:34.218+00:00 host_mono_ns=2514433408784349 locals.values.size: 15
host_utc=2026-09-30T08:03:34.218+00:00 host_mono_ns=2514433408797334 [2026-09-30 08:03:34.218] [info] restore label stack
host_utc=2026-09-30T08:03:34.218+00:00 host_mono_ns=2514433408809888 local_cell_num: 37
host_utc=2026-09-30T08:03:34.218+00:00 host_mono_ns=2514433408821950 locals.values.size: 37
host_utc=2026-09-30T08:03:34.218+00:00 host_mono_ns=2514433408834123 [2026-09-30 08:03:34.218] [info] restore label stack
host_utc=2026-09-30T08:03:34.218+00:00 host_mono_ns=2514433408846407 local_cell_num: 25
host_utc=2026-09-30T08:03:34.218+00:00 host_mono_ns=2514433408858459 locals.values.size: 25
host_utc=2026-09-30T08:03:34.218+00:00 host_mono_ns=2514433408870512 [2026-09-30 08:03:34.218] [info] restore label stack
host_utc=2026-09-30T08:03:34.218+00:00 host_mono_ns=2514433408882855 local_cell_num: 34
host_utc=2026-09-30T08:03:34.218+00:00 host_mono_ns=2514433408894828 locals.values.size: 34
host_utc=2026-09-30T08:03:34.218+00:00 host_mono_ns=2514433408906981 [2026-09-30 08:03:34.218] [info] restore label stack
host_utc=2026-09-30T08:03:34.218+00:00 host_mono_ns=2514433408919234 local_cell_num: 38
host_utc=2026-09-30T08:03:34.218+00:00 host_mono_ns=2514433408931337 locals.values.size: 38
host_utc=2026-09-30T08:03:34.218+00:00 host_mono_ns=2514433408943400 [2026-09-30 08:03:34.218] [info] restore label stack
host_utc=2026-09-30T08:03:34.218+00:00 host_mono_ns=2514433408955683 local_cell_num: 94
host_utc=2026-09-30T08:03:34.218+00:00 host_mono_ns=2514433408967686 locals.values.size: 94
host_utc=2026-09-30T08:03:34.218+00:00 host_mono_ns=2514433408979698 [2026-09-30 08:03:34.218] [info] restore label stack
host_utc=2026-09-30T08:03:34.218+00:00 host_mono_ns=2514433408992002 local_cell_num: 2
host_utc=2026-09-30T08:03:34.218+00:00 host_mono_ns=2514433409015065 locals.values.size: 2
host_utc=2026-09-30T08:03:34.218+00:00 host_mono_ns=2514433409032007 [2026-09-30 08:03:34.218] [info] restore label stack
host_utc=2026-09-30T08:03:34.218+00:00 host_mono_ns=2514433409044441 local_cell_num: 9
host_utc=2026-09-30T08:03:34.218+00:00 host_mono_ns=2514433409056544 locals.values.size: 9
host_utc=2026-09-30T08:03:34.218+00:00 host_mono_ns=2514433409068656 [2026-09-30 08:03:34.218] [info] restore label stack
host_utc=2026-09-30T08:03:34.218+00:00 host_mono_ns=2514433409080970 local_cell_num: 9
host_utc=2026-09-30T08:03:34.218+00:00 host_mono_ns=2514433409093012 locals.values.size: 9
host_utc=2026-09-30T08:03:34.218+00:00 host_mono_ns=2514433409105145 [2026-09-30 08:03:34.218] [info] restore label stack
host_utc=2026-09-30T08:03:34.218+00:00 host_mono_ns=2514433409117409 local_cell_num: 6
host_utc=2026-09-30T08:03:34.218+00:00 host_mono_ns=2514433409129471 locals.values.size: 6
host_utc=2026-09-30T08:03:34.218+00:00 host_mono_ns=2514433409141694 [2026-09-30 08:03:34.218] [info] restore label stack
host_utc=2026-09-30T08:03:34.218+00:00 host_mono_ns=2514433409154158 [2026-09-30 08:03:34.218] [info] Finish to restore stack
host_utc=2026-09-30T08:03:34.218+00:00 host_mono_ns=2514433409166852 
host_utc=2026-09-30T08:03:34.219+00:00 host_mono_ns=2514433409187200 initします
host_utc=2026-09-30T08:03:34.219+00:00 host_mono_ns=2514433410035763 boot_end, 2514433409890809
host_utc=2026-09-30T08:03:34.219+00:00 host_mono_ns=2514433410075298 wasm_cluster_increase_checkpointing_counter called 1
host_utc=2026-09-30T08:03:34.219+00:00 host_mono_ns=2514433410096989 Restoring wasm thread 8
host_utc=2026-09-30T08:03:34.219+00:00 host_mono_ns=2514433410115233 wasm_cluster_increase_checkpointing_counter called 2
host_utc=2026-09-30T08:03:34.219+00:00 host_mono_ns=2514433410132606 wasm_cluster_increase_checkpointing_counter called 3
host_utc=2026-09-30T08:03:34.219+00:00 host_mono_ns=2514433410148717 [2026-09-30 08:03:34.219] [info] wasm_restore_stack
host_utc=2026-09-30T08:03:34.219+00:00 host_mono_ns=2514433410163274 
host_utc=2026-09-30T08:03:34.220+00:00 host_mono_ns=2514433410184113 [02:27:13:972 - 73416C968840]: warning: failed to link import function (env, pthread_exit)
host_utc=2026-09-30T08:03:34.220+00:00 host_mono_ns=2514433410211525 local_cell_num: 2
host_utc=2026-09-30T08:03:34.220+00:00 host_mono_ns=2514433410223568 locals.values.size: 2
host_utc=2026-09-30T08:03:34.220+00:00 host_mono_ns=2514433410235210 [2026-09-30 08:03:34.219] [info] restore label stack
host_utc=2026-09-30T08:03:34.220+00:00 host_mono_ns=2514433410246682 local_cell_num: 8
host_utc=2026-09-30T08:03:34.220+00:00 host_mono_ns=2514433410257682 locals.values.size: 8
host_utc=2026-09-30T08:03:34.220+00:00 host_mono_ns=2514433410268753 [2026-09-30 08:03:34.219] [info] restore label stack
host_utc=2026-09-30T08:03:34.220+00:00 host_mono_ns=2514433410280145 local_cell_num: 14
host_utc=2026-09-30T08:03:34.220+00:00 host_mono_ns=2514433410291146 locals.values.size: 14
host_utc=2026-09-30T08:03:34.220+00:00 host_mono_ns=2514433410302597 [2026-09-30 08:03:34.219] [info] restore label stack
host_utc=2026-09-30T08:03:34.220+00:00 host_mono_ns=2514433410313808 local_cell_num: 15
host_utc=2026-09-30T08:03:34.220+00:00 host_mono_ns=2514433410324669 locals.values.size: 15
host_utc=2026-09-30T08:03:34.220+00:00 host_mono_ns=2514433410335720 [2026-09-30 08:03:34.219] [info] restore label stack
host_utc=2026-09-30T08:03:34.220+00:00 host_mono_ns=2514433410346831 thread 8 restore
host_utc=2026-09-30T08:03:34.220+00:00 host_mono_ns=2514433410358162 local_cell_num: 27
host_utc=2026-09-30T08:03:34.220+00:00 host_mono_ns=2514433410368993 locals.values.size: 27
host_utc=2026-09-30T08:03:34.220+00:00 host_mono_ns=2514433410379923 [2026-09-30 08:03:34.219] [info] restore label stack
host_utc=2026-09-30T08:03:34.220+00:00 host_mono_ns=2514433410390934 local_cell_num: 25
host_utc=2026-09-30T08:03:34.220+00:00 host_mono_ns=2514433410401785 locals.values.size: 25
host_utc=2026-09-30T08:03:34.220+00:00 host_mono_ns=2514433410412625 [2026-09-30 08:03:34.219] [info] restore label stack
host_utc=2026-09-30T08:03:34.220+00:00 host_mono_ns=2514433410423596 local_cell_num: 34
host_utc=2026-09-30T08:03:34.220+00:00 host_mono_ns=2514433410434376 locals.values.size: 34
host_utc=2026-09-30T08:03:34.220+00:00 host_mono_ns=2514433410445127 [2026-09-30 08:03:34.219] [info] restore label stack
host_utc=2026-09-30T08:03:34.220+00:00 host_mono_ns=2514433410456117 local_cell_num: 38
host_utc=2026-09-30T08:03:34.220+00:00 host_mono_ns=2514433410466938 locals.values.size: 38
host_utc=2026-09-30T08:03:34.220+00:00 host_mono_ns=2514433410477788 [2026-09-30 08:03:34.219] [info] restore label stack
host_utc=2026-09-30T08:03:34.220+00:00 host_mono_ns=2514433410488749 local_cell_num: 94
host_utc=2026-09-30T08:03:34.220+00:00 host_mono_ns=2514433410499509 locals.values.size: 94
host_utc=2026-09-30T08:03:34.220+00:00 host_mono_ns=2514433410510330 [2026-09-30 08:03:34.219] [info] restore label stack
host_utc=2026-09-30T08:03:34.220+00:00 host_mono_ns=2514433410521391 local_cell_num: 2
host_utc=2026-09-30T08:03:34.220+00:00 host_mono_ns=2514433410532331 locals.values.size: 2
host_utc=2026-09-30T08:03:34.220+00:00 host_mono_ns=2514433410543222 [2026-09-30 08:03:34.219] [info] restore label stack
host_utc=2026-09-30T08:03:34.220+00:00 host_mono_ns=2514433410554273 local_cell_num: 9
host_utc=2026-09-30T08:03:34.220+00:00 host_mono_ns=2514433410565133 locals.values.size: 9
host_utc=2026-09-30T08:03:34.220+00:00 host_mono_ns=2514433410575924 [2026-09-30 08:03:34.219] [info] restore label stack
host_utc=2026-09-30T08:03:34.220+00:00 host_mono_ns=2514433410586924 local_cell_num: 9
host_utc=2026-09-30T08:03:34.220+00:00 host_mono_ns=2514433410597815 locals.values.size: 9
host_utc=2026-09-30T08:03:34.220+00:00 host_mono_ns=2514433410608666 [2026-09-30 08:03:34.219] [info] restore label stack
host_utc=2026-09-30T08:03:34.220+00:00 host_mono_ns=2514433410619556 local_cell_num: 6
host_utc=2026-09-30T08:03:34.220+00:00 host_mono_ns=2514433410630336 locals.values.size: 6
host_utc=2026-09-30T08:03:34.220+00:00 host_mono_ns=2514433410641157 [2026-09-30 08:03:34.219] [info] restore label stack
host_utc=2026-09-30T08:03:34.220+00:00 host_mono_ns=2514433410652228 [2026-09-30 08:03:34.219] [info] Finish to restore stack
host_utc=2026-09-30T08:03:34.220+00:00 host_mono_ns=2514433410670342 
host_utc=2026-09-30T08:03:34.220+00:00 host_mono_ns=2514433410681553 stack, 115829
host_utc=2026-09-30T08:03:34.220+00:00 host_mono_ns=2514433410692654 global, 12403
host_utc=2026-09-30T08:03:34.220+00:00 host_mono_ns=2514433410703595 program counter, 7304
host_utc=2026-09-30T08:03:34.220+00:00 host_mono_ns=2514433410720918 initします
host_utc=2026-09-30T08:03:34.221+00:00 host_mono_ns=2514433411686722 wasm_cluster_increase_checkpointing_counter called 1
host_utc=2026-09-30T08:03:34.221+00:00 host_mono_ns=2514433411721458 Restoring wasm thread 7
host_utc=2026-09-30T08:03:34.221+00:00 host_mono_ns=2514433411737548 wasm_cluster_increase_checkpointing_counter called 2
host_utc=2026-09-30T08:03:34.221+00:00 host_mono_ns=2514433411751424 wasm_cluster_increase_checkpointing_counter called 3
host_utc=2026-09-30T08:03:34.221+00:00 host_mono_ns=2514433411764569 [2026-09-30 08:03:34.221] [info] wasm_restore_stack
host_utc=2026-09-30T08:03:34.221+00:00 host_mono_ns=2514433411774959 
host_utc=2026-09-30T08:03:34.221+00:00 host_mono_ns=2514433411784116 boot_end, 2514433411548791
host_utc=2026-09-30T08:03:34.221+00:00 host_mono_ns=2514433411799335 [02:27:13:633 - 73416C968840]: warning: failed to link import function (env, pthread_exit)
host_utc=2026-09-30T08:03:34.221+00:00 host_mono_ns=2514433411809354 thread 7 restore
host_utc=2026-09-30T08:03:34.221+00:00 host_mono_ns=2514433411818160 local_cell_num: 2
host_utc=2026-09-30T08:03:34.221+00:00 host_mono_ns=2514433411826716 locals.values.size: 2
host_utc=2026-09-30T08:03:34.221+00:00 host_mono_ns=2514433411835363 [2026-09-30 08:03:34.221] [info] restore label stack
host_utc=2026-09-30T08:03:34.221+00:00 host_mono_ns=2514433411844129 local_cell_num: 8
host_utc=2026-09-30T08:03:34.221+00:00 host_mono_ns=2514433411852365 locals.values.size: 8
host_utc=2026-09-30T08:03:34.221+00:00 host_mono_ns=2514433411860570 [2026-09-30 08:03:34.221] [info] restore label stack
host_utc=2026-09-30T08:03:34.221+00:00 host_mono_ns=2514433411868896 local_cell_num: 25
host_utc=2026-09-30T08:03:34.221+00:00 host_mono_ns=2514433411877092 locals.values.size: 25
host_utc=2026-09-30T08:03:34.221+00:00 host_mono_ns=2514433411885507 [2026-09-30 08:03:34.221] [info] restore label stack
host_utc=2026-09-30T08:03:34.221+00:00 host_mono_ns=2514433411893873 local_cell_num: 10
host_utc=2026-09-30T08:03:34.221+00:00 host_mono_ns=2514433411902019 locals.values.size: 10
host_utc=2026-09-30T08:03:34.221+00:00 host_mono_ns=2514433411910314 [2026-09-30 08:03:34.221] [info] restore label stack
host_utc=2026-09-30T08:03:34.221+00:00 host_mono_ns=2514433411918640 local_cell_num: 22
host_utc=2026-09-30T08:03:34.221+00:00 host_mono_ns=2514433411926755 locals.values.size: 22
host_utc=2026-09-30T08:03:34.221+00:00 host_mono_ns=2514433411934891 [2026-09-30 08:03:34.221] [info] restore label stack
host_utc=2026-09-30T08:03:34.221+00:00 host_mono_ns=2514433411943146 local_cell_num: 62
host_utc=2026-09-30T08:03:34.221+00:00 host_mono_ns=2514433411951252 locals.values.size: 62
host_utc=2026-09-30T08:03:34.221+00:00 host_mono_ns=2514433411959347 [2026-09-30 08:03:34.221] [info] restore label stack
host_utc=2026-09-30T08:03:34.221+00:00 host_mono_ns=2514433411967603 local_cell_num: 18
host_utc=2026-09-30T08:03:34.221+00:00 host_mono_ns=2514433411975728 locals.values.size: 18
host_utc=2026-09-30T08:03:34.221+00:00 host_mono_ns=2514433411983863 [2026-09-30 08:03:34.221] [info] restore label stack
host_utc=2026-09-30T08:03:34.221+00:00 host_mono_ns=2514433411992109 local_cell_num: 21
host_utc=2026-09-30T08:03:34.221+00:00 host_mono_ns=2514433412011495 locals.values.size: 21
host_utc=2026-09-30T08:03:34.221+00:00 host_mono_ns=2514433412024991 [2026-09-30 08:03:34.221] [info] restore label stack
host_utc=2026-09-30T08:03:34.221+00:00 host_mono_ns=2514433412033778 local_cell_num: 10
host_utc=2026-09-30T08:03:34.221+00:00 host_mono_ns=2514433412042033 locals.values.size: 10
host_utc=2026-09-30T08:03:34.221+00:00 host_mono_ns=2514433412050179 [2026-09-30 08:03:34.221] [info] restore label stack
host_utc=2026-09-30T08:03:34.221+00:00 host_mono_ns=2514433412069144 local_cell_num: 2
host_utc=2026-09-30T08:03:34.221+00:00 host_mono_ns=2514433412077660 locals.values.size: 2
host_utc=2026-09-30T08:03:34.221+00:00 host_mono_ns=2514433412085906 [2026-09-30 08:03:34.221] [info] restore label stack
host_utc=2026-09-30T08:03:34.221+00:00 host_mono_ns=2514433412096606 local_cell_num: 9
host_utc=2026-09-30T08:03:34.221+00:00 host_mono_ns=2514433412107497 locals.values.size: 9
host_utc=2026-09-30T08:03:34.221+00:00 host_mono_ns=2514433412117836 [2026-09-30 08:03:34.221] [info] restore label stack
host_utc=2026-09-30T08:03:34.221+00:00 host_mono_ns=2514433412126393 local_cell_num: 9
host_utc=2026-09-30T08:03:34.221+00:00 host_mono_ns=2514433412134658 locals.values.size: 9
host_utc=2026-09-30T08:03:34.221+00:00 host_mono_ns=2514433412142844 [2026-09-30 08:03:34.221] [info] restore label stack
host_utc=2026-09-30T08:03:34.221+00:00 host_mono_ns=2514433412151580 local_cell_num: 6
host_utc=2026-09-30T08:03:34.221+00:00 host_mono_ns=2514433412160106 locals.values.size: 6
host_utc=2026-09-30T08:03:34.222+00:00 host_mono_ns=2514433412168322 [2026-09-30 08:03:34.221] [info] restore label stack
host_utc=2026-09-30T08:03:34.222+00:00 host_mono_ns=2514433412176647 [2026-09-30 08:03:34.221] [info] Finish to restore stack
host_utc=2026-09-30T08:03:34.222+00:00 host_mono_ns=2514433412185294 
host_utc=2026-09-30T08:03:34.222+00:00 host_mono_ns=2514433412193650 stack, 146607
host_utc=2026-09-30T08:03:34.222+00:00 host_mono_ns=2514433412207025 global, 24877
host_utc=2026-09-30T08:03:34.222+00:00 host_mono_ns=2514433412216332 program counter, 14708
host_utc=2026-09-30T08:03:34.222+00:00 host_mono_ns=2514433412228696 initします
host_utc=2026-09-30T08:03:34.223+00:00 host_mono_ns=2514433413798091 boot_end, 2514433413603814
host_utc=2026-09-30T08:03:34.223+00:00 host_mono_ns=2514433413847534 wasm_cluster_increase_checkpointing_counter called 1
host_utc=2026-09-30T08:03:34.223+00:00 host_mono_ns=2514433413859867 Restoring wasm thread 6
host_utc=2026-09-30T08:03:34.223+00:00 host_mono_ns=2514433413869285 wasm_cluster_increase_checkpointing_counter called 2
host_utc=2026-09-30T08:03:34.223+00:00 host_mono_ns=2514433413878312 wasm_cluster_increase_checkpointing_counter called 3
host_utc=2026-09-30T08:03:34.223+00:00 host_mono_ns=2514433413889363 [2026-09-30 08:03:34.223] [info] wasm_restore_stack
host_utc=2026-09-30T08:03:34.223+00:00 host_mono_ns=2514433413899131 
host_utc=2026-09-30T08:03:34.223+00:00 host_mono_ns=2514433413918087 [02:27:13:678 - 73416C968840]: warning: failed to link import function (env, pthread_exit)
host_utc=2026-09-30T08:03:34.223+00:00 host_mono_ns=2514433413928337 thread 6 restore
host_utc=2026-09-30T08:03:34.223+00:00 host_mono_ns=2514433413937063 local_cell_num: 2
host_utc=2026-09-30T08:03:34.223+00:00 host_mono_ns=2514433413945499 locals.values.size: 2
host_utc=2026-09-30T08:03:34.223+00:00 host_mono_ns=2514433413954105 [2026-09-30 08:03:34.223] [info] restore label stack
host_utc=2026-09-30T08:03:34.223+00:00 host_mono_ns=2514433413962782 local_cell_num: 8
host_utc=2026-09-30T08:03:34.223+00:00 host_mono_ns=2514433413971137 locals.values.size: 8
host_utc=2026-09-30T08:03:34.223+00:00 host_mono_ns=2514433413979423 [2026-09-30 08:03:34.223] [info] restore label stack
host_utc=2026-09-30T08:03:34.223+00:00 host_mono_ns=2514433413987789 local_cell_num: 14
host_utc=2026-09-30T08:03:34.223+00:00 host_mono_ns=2514433413996125 locals.values.size: 14
host_utc=2026-09-30T08:03:34.223+00:00 host_mono_ns=2514433414014299 [2026-09-30 08:03:34.223] [info] restore label stack
host_utc=2026-09-30T08:03:34.223+00:00 host_mono_ns=2514433414026412 local_cell_num: 8
host_utc=2026-09-30T08:03:34.223+00:00 host_mono_ns=2514433414034637 locals.values.size: 8
host_utc=2026-09-30T08:03:34.223+00:00 host_mono_ns=2514433414042913 [2026-09-30 08:03:34.223] [info] restore label stack
host_utc=2026-09-30T08:03:34.223+00:00 host_mono_ns=2514433414051289 local_cell_num: 13
host_utc=2026-09-30T08:03:34.223+00:00 host_mono_ns=2514433414072749 locals.values.size: 13
host_utc=2026-09-30T08:03:34.223+00:00 host_mono_ns=2514433414081315 [2026-09-30 08:03:34.223] [info] restore label stack
host_utc=2026-09-30T08:03:34.223+00:00 host_mono_ns=2514433414089761 local_cell_num: 19
host_utc=2026-09-30T08:03:34.223+00:00 host_mono_ns=2514433414100221 locals.values.size: 19
host_utc=2026-09-30T08:03:34.223+00:00 host_mono_ns=2514433414111472 [2026-09-30 08:03:34.223] [info] restore label stack
host_utc=2026-09-30T08:03:34.223+00:00 host_mono_ns=2514433414121952 local_cell_num: 63
host_utc=2026-09-30T08:03:34.223+00:00 host_mono_ns=2514433414130368 locals.values.size: 63
host_utc=2026-09-30T08:03:34.223+00:00 host_mono_ns=2514433414138614 [2026-09-30 08:03:34.223] [info] restore label stack
host_utc=2026-09-30T08:03:34.223+00:00 host_mono_ns=2514433414146949 local_cell_num: 9
host_utc=2026-09-30T08:03:34.223+00:00 host_mono_ns=2514433414155105 locals.values.size: 9
host_utc=2026-09-30T08:03:34.223+00:00 host_mono_ns=2514433414163300 [2026-09-30 08:03:34.223] [info] restore label stack
host_utc=2026-09-30T08:03:34.224+00:00 host_mono_ns=2514433414171586 local_cell_num: 9
host_utc=2026-09-30T08:03:34.224+00:00 host_mono_ns=2514433414179701 locals.values.size: 9
host_utc=2026-09-30T08:03:34.224+00:00 host_mono_ns=2514433414187887 [2026-09-30 08:03:34.223] [info] restore label stack
host_utc=2026-09-30T08:03:34.224+00:00 host_mono_ns=2514433414196172 local_cell_num: 6
host_utc=2026-09-30T08:03:34.224+00:00 host_mono_ns=2514433414204238 locals.values.size: 6
host_utc=2026-09-30T08:03:34.224+00:00 host_mono_ns=2514433414212333 [2026-09-30 08:03:34.223] [info] restore label stack
host_utc=2026-09-30T08:03:34.224+00:00 host_mono_ns=2514433414220669 [2026-09-30 08:03:34.223] [info] Finish to restore stack
host_utc=2026-09-30T08:03:34.224+00:00 host_mono_ns=2514433414229365 
host_utc=2026-09-30T08:03:34.224+00:00 host_mono_ns=2514433414237741 stack, 113204
host_utc=2026-09-30T08:03:34.224+00:00 host_mono_ns=2514433414246107 global, 23966
host_utc=2026-09-30T08:03:34.224+00:00 host_mono_ns=2514433414254332 program counter, 16100
host_utc=2026-09-30T08:03:34.224+00:00 host_mono_ns=2514433414269190 initします
host_utc=2026-09-30T08:03:34.225+00:00 host_mono_ns=2514433415908096 boot_end, 2514433415793841
host_utc=2026-09-30T08:03:34.225+00:00 host_mono_ns=2514433415940438 wasm_cluster_increase_checkpointing_counter called 1
host_utc=2026-09-30T08:03:34.225+00:00 host_mono_ns=2514433415955606 Restoring wasm thread 5
host_utc=2026-09-30T08:03:34.225+00:00 host_mono_ns=2514433415971767 wasm_cluster_increase_checkpointing_counter called 2
host_utc=2026-09-30T08:03:34.225+00:00 host_mono_ns=2514433415988138 wasm_cluster_increase_checkpointing_counter called 3
host_utc=2026-09-30T08:03:34.225+00:00 host_mono_ns=2514433416015930 [2026-09-30 08:03:34.225] [info] wasm_restore_stack
host_utc=2026-09-30T08:03:34.225+00:00 host_mono_ns=2514433416092795 
host_utc=2026-09-30T08:03:34.225+00:00 host_mono_ns=2514433416116420 stack, 137560
host_utc=2026-09-30T08:03:34.225+00:00 host_mono_ns=2514433416128964 [02:27:13:869 - 73416C968840]: warning: failed to link import function (env, pthread_exit)
host_utc=2026-09-30T08:03:34.225+00:00 host_mono_ns=2514433416141347 thread 5 restore
host_utc=2026-09-30T08:03:34.225+00:00 host_mono_ns=2514433416152528 local_cell_num: 2
host_utc=2026-09-30T08:03:34.225+00:00 host_mono_ns=2514433416163459 locals.values.size: 2
host_utc=2026-09-30T08:03:34.226+00:00 host_mono_ns=2514433416174450 [2026-09-30 08:03:34.225] [info] restore label stack
host_utc=2026-09-30T08:03:34.226+00:00 host_mono_ns=2514433416185601 local_cell_num: 8
host_utc=2026-09-30T08:03:34.226+00:00 host_mono_ns=2514433416196471 locals.values.size: 8
host_utc=2026-09-30T08:03:34.226+00:00 host_mono_ns=2514433416207362 [2026-09-30 08:03:34.225] [info] restore label stack
host_utc=2026-09-30T08:03:34.226+00:00 host_mono_ns=2514433416218403 local_cell_num: 14
host_utc=2026-09-30T08:03:34.226+00:00 host_mono_ns=2514433416229183 locals.values.size: 14
host_utc=2026-09-30T08:03:34.226+00:00 host_mono_ns=2514433416249511 [2026-09-30 08:03:34.225] [info] restore label stack
host_utc=2026-09-30T08:03:34.226+00:00 host_mono_ns=2514433416260712 local_cell_num: 8
host_utc=2026-09-30T08:03:34.226+00:00 host_mono_ns=2514433416271553 locals.values.size: 8
host_utc=2026-09-30T08:03:34.226+00:00 host_mono_ns=2514433416282434 [2026-09-30 08:03:34.225] [info] restore label stack
host_utc=2026-09-30T08:03:34.226+00:00 host_mono_ns=2514433416296220 local_cell_num: 13
host_utc=2026-09-30T08:03:34.226+00:00 host_mono_ns=2514433416311849 locals.values.size: 13
host_utc=2026-09-30T08:03:34.226+00:00 host_mono_ns=2514433416324693 [2026-09-30 08:03:34.225] [info] restore label stack
host_utc=2026-09-30T08:03:34.226+00:00 host_mono_ns=2514433416335955 local_cell_num: 19
host_utc=2026-09-30T08:03:34.226+00:00 host_mono_ns=2514433416346885 locals.values.size: 19
host_utc=2026-09-30T08:03:34.226+00:00 host_mono_ns=2514433416357736 [2026-09-30 08:03:34.225] [info] restore label stack
host_utc=2026-09-30T08:03:34.226+00:00 host_mono_ns=2514433416368747 local_cell_num: 63
host_utc=2026-09-30T08:03:34.226+00:00 host_mono_ns=2514433416379667 locals.values.size: 63
host_utc=2026-09-30T08:03:34.226+00:00 host_mono_ns=2514433416390558 [2026-09-30 08:03:34.225] [info] restore label stack
host_utc=2026-09-30T08:03:34.226+00:00 host_mono_ns=2514433416401659 local_cell_num: 9
host_utc=2026-09-30T08:03:34.226+00:00 host_mono_ns=2514433416412519 locals.values.size: 9
host_utc=2026-09-30T08:03:34.226+00:00 host_mono_ns=2514433416423270 [2026-09-30 08:03:34.225] [info] restore label stack
host_utc=2026-09-30T08:03:34.226+00:00 host_mono_ns=2514433416434250 local_cell_num: 9
host_utc=2026-09-30T08:03:34.226+00:00 host_mono_ns=2514433416445011 locals.values.size: 9
host_utc=2026-09-30T08:03:34.226+00:00 host_mono_ns=2514433416455881 [2026-09-30 08:03:34.225] [info] restore label stack
host_utc=2026-09-30T08:03:34.226+00:00 host_mono_ns=2514433416466892 local_cell_num: 6
host_utc=2026-09-30T08:03:34.226+00:00 host_mono_ns=2514433416477712 locals.values.size: 6
host_utc=2026-09-30T08:03:34.226+00:00 host_mono_ns=2514433416488673 [2026-09-30 08:03:34.225] [info] restore label stack
host_utc=2026-09-30T08:03:34.226+00:00 host_mono_ns=2514433416499784 [2026-09-30 08:03:34.225] [info] Finish to restore stack
host_utc=2026-09-30T08:03:34.226+00:00 host_mono_ns=2514433416511216 
host_utc=2026-09-30T08:03:34.226+00:00 host_mono_ns=2514433416522226 global, 21039
host_utc=2026-09-30T08:03:34.226+00:00 host_mono_ns=2514433416533077 program counter, 17112
host_utc=2026-09-30T08:03:34.226+00:00 host_mono_ns=2514433416550510 initします
host_utc=2026-09-30T08:03:34.227+00:00 host_mono_ns=2514433417651129 boot_end, 2514433417509361
host_utc=2026-09-30T08:03:34.227+00:00 host_mono_ns=2514433417687788 wasm_cluster_increase_checkpointing_counter called 1
host_utc=2026-09-30T08:03:34.227+00:00 host_mono_ns=2514433417699280 Restoring wasm thread 4
host_utc=2026-09-30T08:03:34.227+00:00 host_mono_ns=2514433417708538 wasm_cluster_increase_checkpointing_counter called 2
host_utc=2026-09-30T08:03:34.227+00:00 host_mono_ns=2514433417717364 wasm_cluster_increase_checkpointing_counter called 3
host_utc=2026-09-30T08:03:34.227+00:00 host_mono_ns=2514433417726401 [2026-09-30 08:03:34.227] [info] wasm_restore_stack
host_utc=2026-09-30T08:03:34.227+00:00 host_mono_ns=2514433417735108 
host_utc=2026-09-30T08:03:34.227+00:00 host_mono_ns=2514433417743724 local_cell_num: 2
host_utc=2026-09-30T08:03:34.227+00:00 host_mono_ns=2514433417752070 locals.values.size: 2
host_utc=2026-09-30T08:03:34.227+00:00 host_mono_ns=2514433417760385 [2026-09-30 08:03:34.227] [info] restore label stack
host_utc=2026-09-30T08:03:34.227+00:00 host_mono_ns=2514433417768721 local_cell_num: 8
host_utc=2026-09-30T08:03:34.227+00:00 host_mono_ns=2514433417776827 locals.values.size: 8
host_utc=2026-09-30T08:03:34.227+00:00 host_mono_ns=2514433417784972 [2026-09-30 08:03:34.227] [info] restore label stack
host_utc=2026-09-30T08:03:34.227+00:00 host_mono_ns=2514433417793278 local_cell_num: 14
host_utc=2026-09-30T08:03:34.227+00:00 host_mono_ns=2514433417811121 locals.values.size: 14
host_utc=2026-09-30T08:03:34.227+00:00 host_mono_ns=2514433417819567 [2026-09-30 08:03:34.227] [info] restore label stack
host_utc=2026-09-30T08:03:34.227+00:00 host_mono_ns=2514433417827853 local_cell_num: 215
host_utc=2026-09-30T08:03:34.227+00:00 host_mono_ns=2514433417836129 locals.values.size: 215
host_utc=2026-09-30T08:03:34.227+00:00 host_mono_ns=2514433417844514 [2026-09-30 08:03:34.227] [info] restore label stack
host_utc=2026-09-30T08:03:34.227+00:00 host_mono_ns=2514433417852860 [02:27:13:591 - 73416C968840]: warning: failed to link import function (env, pthread_exit)
host_utc=2026-09-30T08:03:34.227+00:00 host_mono_ns=2514433417862278 local_cell_num: 77
host_utc=2026-09-30T08:03:34.227+00:00 host_mono_ns=2514433417870494 locals.values.size: 77
host_utc=2026-09-30T08:03:34.227+00:00 host_mono_ns=2514433417878809 [2026-09-30 08:03:34.227] [info] restore label stack
host_utc=2026-09-30T08:03:34.227+00:00 host_mono_ns=2514433417887115 local_cell_num: 22
host_utc=2026-09-30T08:03:34.227+00:00 host_mono_ns=2514433417895190 locals.values.size: 22
host_utc=2026-09-30T08:03:34.227+00:00 host_mono_ns=2514433417903386 [2026-09-30 08:03:34.227] [info] restore label stack
host_utc=2026-09-30T08:03:34.227+00:00 host_mono_ns=2514433417911721 [2026-09-30 08:03:34.227] [info] Finish to restore stack
host_utc=2026-09-30T08:03:34.227+00:00 host_mono_ns=2514433417920278 
host_utc=2026-09-30T08:03:34.227+00:00 host_mono_ns=2514433417928463 stack, 84129
host_utc=2026-09-30T08:03:34.227+00:00 host_mono_ns=2514433417940556 global, 19747
host_utc=2026-09-30T08:03:34.227+00:00 host_mono_ns=2514433417948922 program counter, 12844
host_utc=2026-09-30T08:03:34.227+00:00 host_mono_ns=2514433418042458 initします
host_utc=2026-09-30T08:03:34.229+00:00 host_mono_ns=2514433419418127 boot_end, 2514433419276730
host_utc=2026-09-30T08:03:34.229+00:00 host_mono_ns=2514433419455057 thread 4 restore
host_utc=2026-09-30T08:03:34.229+00:00 host_mono_ns=2514433419469274 wasm_cluster_increase_checkpointing_counter called 1
host_utc=2026-09-30T08:03:34.229+00:00 host_mono_ns=2514433419482849 Restoring wasm thread 3
host_utc=2026-09-30T08:03:34.229+00:00 host_mono_ns=2514433419493299 wasm_cluster_increase_checkpointing_counter called 2
host_utc=2026-09-30T08:03:34.229+00:00 host_mono_ns=2514433419502306 wasm_cluster_increase_checkpointing_counter called 3
host_utc=2026-09-30T08:03:34.229+00:00 host_mono_ns=2514433419511363 [2026-09-30 08:03:34.229] [info] wasm_restore_stack
host_utc=2026-09-30T08:03:34.229+00:00 host_mono_ns=2514433419520070 
host_utc=2026-09-30T08:03:34.229+00:00 host_mono_ns=2514433419531571 local_cell_num: 2
host_utc=2026-09-30T08:03:34.229+00:00 host_mono_ns=2514433419541230 locals.values.size: 2
host_utc=2026-09-30T08:03:34.229+00:00 host_mono_ns=2514433419549886 [2026-09-30 08:03:34.229] [info] restore label stack
host_utc=2026-09-30T08:03:34.229+00:00 host_mono_ns=2514433419558362 local_cell_num: 8
host_utc=2026-09-30T08:03:34.229+00:00 host_mono_ns=2514433419566598 locals.values.size: 8
host_utc=2026-09-30T08:03:34.229+00:00 host_mono_ns=2514433419574863 [2026-09-30 08:03:34.229] [info] restore label stack
host_utc=2026-09-30T08:03:34.229+00:00 host_mono_ns=2514433419583379 local_cell_num: 14
host_utc=2026-09-30T08:03:34.229+00:00 host_mono_ns=2514433419591915 locals.values.size: 14
host_utc=2026-09-30T08:03:34.229+00:00 host_mono_ns=2514433419600251 [2026-09-30 08:03:34.229] [info] restore label stack
host_utc=2026-09-30T08:03:34.229+00:00 host_mono_ns=2514433419608587 local_cell_num: 215
host_utc=2026-09-30T08:03:34.229+00:00 host_mono_ns=2514433419616832 locals.values.size: 215
host_utc=2026-09-30T08:03:34.229+00:00 host_mono_ns=2514433419625258 [02:27:13:362 - 73416C968840]: warning: failed to link import function (env, pthread_exit)
host_utc=2026-09-30T08:03:34.229+00:00 host_mono_ns=2514433419634506 [2026-09-30 08:03:34.229] [info] restore label stack
host_utc=2026-09-30T08:03:34.229+00:00 host_mono_ns=2514433419642942 local_cell_num: 77
host_utc=2026-09-30T08:03:34.229+00:00 host_mono_ns=2514433419661587 locals.values.size: 77
host_utc=2026-09-30T08:03:34.229+00:00 host_mono_ns=2514433419670213 [2026-09-30 08:03:34.229] [info] restore label stack
host_utc=2026-09-30T08:03:34.229+00:00 host_mono_ns=2514433419678589 local_cell_num: 22
host_utc=2026-09-30T08:03:34.229+00:00 host_mono_ns=2514433419686925 locals.values.size: 22
host_utc=2026-09-30T08:03:34.229+00:00 host_mono_ns=2514433419695211 [2026-09-30 08:03:34.229] [info] restore label stack
host_utc=2026-09-30T08:03:34.229+00:00 host_mono_ns=2514433419703636 [2026-09-30 08:03:34.229] [info] Finish to restore stack
host_utc=2026-09-30T08:03:34.229+00:00 host_mono_ns=2514433419712363 
host_utc=2026-09-30T08:03:34.229+00:00 host_mono_ns=2514433419724907 stack, 89549
host_utc=2026-09-30T08:03:34.229+00:00 host_mono_ns=2514433419733623 global, 25518
host_utc=2026-09-30T08:03:34.229+00:00 host_mono_ns=2514433419741949 program counter, 14037
host_utc=2026-09-30T08:03:34.229+00:00 host_mono_ns=2514433419851376 initします
host_utc=2026-09-30T08:03:34.231+00:00 host_mono_ns=2514433421651285 boot_end, 2514433421537330
host_utc=2026-09-30T08:03:34.231+00:00 host_mono_ns=2514433421684328 thread 3 restore
host_utc=2026-09-30T08:03:34.231+00:00 host_mono_ns=2514433421699667 wasm_cluster_increase_checkpointing_counter called 1
host_utc=2026-09-30T08:03:34.231+00:00 host_mono_ns=2514433421713343 Restoring wasm thread 2
host_utc=2026-09-30T08:03:34.231+00:00 host_mono_ns=2514433421726027 wasm_cluster_increase_checkpointing_counter called 2
host_utc=2026-09-30T08:03:34.231+00:00 host_mono_ns=2514433421737869 wasm_cluster_increase_checkpointing_counter called 3
host_utc=2026-09-30T08:03:34.231+00:00 host_mono_ns=2514433421748770 [2026-09-30 08:03:34.231] [info] wasm_restore_stack
host_utc=2026-09-30T08:03:34.231+00:00 host_mono_ns=2514433421760622 
host_utc=2026-09-30T08:03:34.231+00:00 host_mono_ns=2514433421777394 [02:27:13:616 - 73416C968840]: warning: failed to link import function (env, pthread_exit)
host_utc=2026-09-30T08:03:34.231+00:00 host_mono_ns=2514433421787984 thread 2 restore
host_utc=2026-09-30T08:03:34.231+00:00 host_mono_ns=2514433421796580 local_cell_num: 2
host_utc=2026-09-30T08:03:34.231+00:00 host_mono_ns=2514433421805016 locals.values.size: 2
host_utc=2026-09-30T08:03:34.231+00:00 host_mono_ns=2514433421813642 [2026-09-30 08:03:34.231] [info] restore label stack
host_utc=2026-09-30T08:03:34.231+00:00 host_mono_ns=2514433421822298 local_cell_num: 8
host_utc=2026-09-30T08:03:34.231+00:00 host_mono_ns=2514433421830644 locals.values.size: 8
host_utc=2026-09-30T08:03:34.231+00:00 host_mono_ns=2514433421838940 [2026-09-30 08:03:34.231] [info] restore label stack
host_utc=2026-09-30T08:03:34.231+00:00 host_mono_ns=2514433421847366 local_cell_num: 14
host_utc=2026-09-30T08:03:34.231+00:00 host_mono_ns=2514433421855681 locals.values.size: 14
host_utc=2026-09-30T08:03:34.231+00:00 host_mono_ns=2514433421864238 [2026-09-30 08:03:34.231] [info] restore label stack
host_utc=2026-09-30T08:03:34.231+00:00 host_mono_ns=2514433421872543 local_cell_num: 215
host_utc=2026-09-30T08:03:34.231+00:00 host_mono_ns=2514433421880839 locals.values.size: 215
host_utc=2026-09-30T08:03:34.231+00:00 host_mono_ns=2514433421889525 [2026-09-30 08:03:34.231] [info] restore label stack
host_utc=2026-09-30T08:03:34.231+00:00 host_mono_ns=2514433421897831 local_cell_num: 77
host_utc=2026-09-30T08:03:34.231+00:00 host_mono_ns=2514433421906067 locals.values.size: 77
host_utc=2026-09-30T08:03:34.231+00:00 host_mono_ns=2514433421914392 [2026-09-30 08:03:34.231] [info] restore label stack
host_utc=2026-09-30T08:03:34.231+00:00 host_mono_ns=2514433421922658 local_cell_num: 22
host_utc=2026-09-30T08:03:34.231+00:00 host_mono_ns=2514433421930753 locals.values.size: 22
host_utc=2026-09-30T08:03:34.231+00:00 host_mono_ns=2514433421938849 [2026-09-30 08:03:34.231] [info] restore label stack
host_utc=2026-09-30T08:03:34.231+00:00 host_mono_ns=2514433421947204 [2026-09-30 08:03:34.231] [info] Finish to restore stack
host_utc=2026-09-30T08:03:34.231+00:00 host_mono_ns=2514433421965549 
host_utc=2026-09-30T08:03:34.231+00:00 host_mono_ns=2514433421974125 stack, 108354
host_utc=2026-09-30T08:03:34.231+00:00 host_mono_ns=2514433421982561 global, 21180
host_utc=2026-09-30T08:03:34.231+00:00 host_mono_ns=2514433421994714 program counter, 15409
host_utc=2026-09-30T08:03:34.232+00:00 host_mono_ns=2514433422192398 initします
host_utc=2026-09-30T08:03:34.234+00:00 host_mono_ns=2514433424201062 boot_end, 2514433424089872
host_utc=2026-09-30T08:03:34.234+00:00 host_mono_ns=2514433424224416 wasm_cluster_increase_checkpointing_counter called 1
host_utc=2026-09-30T08:03:34.234+00:00 host_mono_ns=2514433424238813 Restoring wasm thread 1
host_utc=2026-09-30T08:03:34.234+00:00 host_mono_ns=2514433424251307 wasm_cluster_increase_checkpointing_counter called 2
host_utc=2026-09-30T08:03:34.234+00:00 host_mono_ns=2514433424263300 wasm_cluster_increase_checkpointing_counter called 3
host_utc=2026-09-30T08:03:34.234+00:00 host_mono_ns=2514433424275813 [2026-09-30 08:03:34.233] [info] wasm_restore_stack
host_utc=2026-09-30T08:03:34.234+00:00 host_mono_ns=2514433424287004 
host_utc=2026-09-30T08:03:34.234+00:00 host_mono_ns=2514433424305429 [02:27:13:159 - 73416C968840]: warning: failed to link import function (env, pthread_exit)
host_utc=2026-09-30T08:03:34.234+00:00 host_mono_ns=2514433424319396 thread 1 restore
host_utc=2026-09-30T08:03:34.234+00:00 host_mono_ns=2514433424331909 local_cell_num: 2
host_utc=2026-09-30T08:03:34.234+00:00 host_mono_ns=2514433424340816 locals.values.size: 2
host_utc=2026-09-30T08:03:34.234+00:00 host_mono_ns=2514433424349272 [2026-09-30 08:03:34.234] [info] restore label stack
host_utc=2026-09-30T08:03:34.234+00:00 host_mono_ns=2514433424357818 local_cell_num: 8
host_utc=2026-09-30T08:03:34.234+00:00 host_mono_ns=2514433424366104 locals.values.size: 8
host_utc=2026-09-30T08:03:34.234+00:00 host_mono_ns=2514433424374430 [2026-09-30 08:03:34.234] [info] restore label stack
host_utc=2026-09-30T08:03:34.234+00:00 host_mono_ns=2514433424382805 local_cell_num: 14
host_utc=2026-09-30T08:03:34.234+00:00 host_mono_ns=2514433424390941 locals.values.size: 14
host_utc=2026-09-30T08:03:34.234+00:00 host_mono_ns=2514433424399216 [2026-09-30 08:03:34.234] [info] restore label stack
host_utc=2026-09-30T08:03:34.234+00:00 host_mono_ns=2514433424407582 local_cell_num: 215
host_utc=2026-09-30T08:03:34.234+00:00 host_mono_ns=2514433424415878 locals.values.size: 215
host_utc=2026-09-30T08:03:34.234+00:00 host_mono_ns=2514433424424204 [2026-09-30 08:03:34.234] [info] restore label stack
host_utc=2026-09-30T08:03:34.234+00:00 host_mono_ns=2514433424432519 local_cell_num: 77
host_utc=2026-09-30T08:03:34.234+00:00 host_mono_ns=2514433424440645 locals.values.size: 77
host_utc=2026-09-30T08:03:34.234+00:00 host_mono_ns=2514433424448970 [2026-09-30 08:03:34.234] [info] restore label stack
host_utc=2026-09-30T08:03:34.234+00:00 host_mono_ns=2514433424457316 local_cell_num: 22
host_utc=2026-09-30T08:03:34.234+00:00 host_mono_ns=2514433424465462 locals.values.size: 22
host_utc=2026-09-30T08:03:34.234+00:00 host_mono_ns=2514433424473667 [2026-09-30 08:03:34.234] [info] restore label stack
host_utc=2026-09-30T08:03:34.234+00:00 host_mono_ns=2514433424482033 [2026-09-30 08:03:34.234] [info] Finish to restore stack
host_utc=2026-09-30T08:03:34.234+00:00 host_mono_ns=2514433424490699 
host_utc=2026-09-30T08:03:34.234+00:00 host_mono_ns=2514433424498835 stack, 124395
host_utc=2026-09-30T08:03:34.234+00:00 host_mono_ns=2514433424511158 global, 24576
host_utc=2026-09-30T08:03:34.234+00:00 host_mono_ns=2514433424519564 program counter, 18154
host_utc=2026-09-30T08:03:34.234+00:00 host_mono_ns=2514433424642296 initします
host_utc=2026-09-30T08:03:34.234+00:00 host_mono_ns=2514433424661201 wasm_cluster_increase_checkpointing_counter called 1
host_utc=2026-09-30T08:03:34.234+00:00 host_mono_ns=2514433424670890 wasm_cluster_increase_checkpointing_counter called 2
host_utc=2026-09-30T08:03:34.234+00:00 host_mono_ns=2514433424679837 wasm_cluster_increase_checkpointing_counter called 3
host_utc=2026-09-30T08:03:34.234+00:00 host_mono_ns=2514433424698402 [2026-09-30 08:03:34.234] [info] wasm_restore_stack
host_utc=2026-09-30T08:03:34.234+00:00 host_mono_ns=2514433424707078 
host_utc=2026-09-30T08:03:34.235+00:00 host_mono_ns=2514433426080242 boot_end, 2514433425892527
host_utc=2026-09-30T08:03:34.235+00:00 host_mono_ns=2514433426131118 stack, 1434129
host_utc=2026-09-30T08:03:34.235+00:00 host_mono_ns=2514433426144293 local_cell_num: 1
host_utc=2026-09-30T08:03:34.235+00:00 host_mono_ns=2514433426153240 locals.values.size: 1
host_utc=2026-09-30T08:03:34.235+00:00 host_mono_ns=2514433426162227 [2026-09-30 08:03:34.235] [info] restore label stack
host_utc=2026-09-30T08:03:34.236+00:00 host_mono_ns=2514433426171264 local_cell_num: 3
host_utc=2026-09-30T08:03:34.236+00:00 host_mono_ns=2514433426179700 locals.values.size: 3
host_utc=2026-09-30T08:03:34.236+00:00 host_mono_ns=2514433426188066 [2026-09-30 08:03:34.235] [info] restore label stack
host_utc=2026-09-30T08:03:34.236+00:00 host_mono_ns=2514433426196491 local_cell_num: 147
host_utc=2026-09-30T08:03:34.236+00:00 host_mono_ns=2514433426204907 locals.values.size: 147
host_utc=2026-09-30T08:03:34.236+00:00 host_mono_ns=2514433426213564 [2026-09-30 08:03:34.235] [info] wasm_restore_stack
host_utc=2026-09-30T08:03:34.236+00:00 host_mono_ns=2514433426222070 
host_utc=2026-09-30T08:03:34.236+00:00 host_mono_ns=2514433426230586 [2026-09-30 08:03:34.235] [info] restore label stack
host_utc=2026-09-30T08:03:34.236+00:00 host_mono_ns=2514433426239002 local_cell_num: 19
host_utc=2026-09-30T08:03:34.236+00:00 host_mono_ns=2514433426247287 locals.values.size: 19
host_utc=2026-09-30T08:03:34.236+00:00 host_mono_ns=2514433426255663 [2026-09-30 08:03:34.235] [info] restore label stack
host_utc=2026-09-30T08:03:34.236+00:00 host_mono_ns=2514433426263999 local_cell_num: 63
host_utc=2026-09-30T08:03:34.236+00:00 host_mono_ns=2514433426272215 locals.values.size: 63
host_utc=2026-09-30T08:03:34.236+00:00 host_mono_ns=2514433426280420 [2026-09-30 08:03:34.235] [info] restore label stack
host_utc=2026-09-30T08:03:34.236+00:00 host_mono_ns=2514433426288686 local_cell_num: 9
host_utc=2026-09-30T08:03:34.236+00:00 host_mono_ns=2514433426296931 locals.values.size: 9
host_utc=2026-09-30T08:03:34.236+00:00 host_mono_ns=2514433426305207 [2026-09-30 08:03:34.235] [info] restore label stack
host_utc=2026-09-30T08:03:34.236+00:00 host_mono_ns=2514433426313502 local_cell_num: 9
host_utc=2026-09-30T08:03:34.236+00:00 host_mono_ns=2514433426321698 locals.values.size: 9
host_utc=2026-09-30T08:03:34.236+00:00 host_mono_ns=2514433426329903 [2026-09-30 08:03:34.235] [info] restore label stack
host_utc=2026-09-30T08:03:34.236+00:00 host_mono_ns=2514433426338229 local_cell_num: 6
host_utc=2026-09-30T08:03:34.236+00:00 host_mono_ns=2514433426346345 locals.values.size: 6
host_utc=2026-09-30T08:03:34.236+00:00 host_mono_ns=2514433426354590 [2026-09-30 08:03:34.235] [info] restore label stack
host_utc=2026-09-30T08:03:34.236+00:00 host_mono_ns=2514433426362856 [2026-09-30 08:03:34.235] [info] Finish to restore stack
host_utc=2026-09-30T08:03:34.236+00:00 host_mono_ns=2514433426371783 
host_utc=2026-09-30T08:03:34.236+00:00 host_mono_ns=2514433426385919 local_cell_num: 2
host_utc=2026-09-30T08:03:34.236+00:00 host_mono_ns=2514433426394495 locals.values.size: 2
host_utc=2026-09-30T08:03:34.236+00:00 host_mono_ns=2514433426402741 [2026-09-30 08:03:34.235] [info] restore label stack
host_utc=2026-09-30T08:03:34.236+00:00 host_mono_ns=2514433426411067 local_cell_num: 8
host_utc=2026-09-30T08:03:34.236+00:00 host_mono_ns=2514433426419192 locals.values.size: 8
host_utc=2026-09-30T08:03:34.236+00:00 host_mono_ns=2514433426427408 [2026-09-30 08:03:34.235] [info] restore label stack
host_utc=2026-09-30T08:03:34.236+00:00 host_mono_ns=2514433426435773 local_cell_num: 14
host_utc=2026-09-30T08:03:34.236+00:00 host_mono_ns=2514433426443909 locals.values.size: 14
host_utc=2026-09-30T08:03:34.236+00:00 host_mono_ns=2514433426452104 [2026-09-30 08:03:34.235] [info] restore label stack
host_utc=2026-09-30T08:03:34.236+00:00 host_mono_ns=2514433426468325 local_cell_num: 155
host_utc=2026-09-30T08:03:34.236+00:00 host_mono_ns=2514433426476801 locals.values.size: 155
host_utc=2026-09-30T08:03:34.236+00:00 host_mono_ns=2514433426485217 [2026-09-30 08:03:34.235] [info] restore label stack
host_utc=2026-09-30T08:03:34.236+00:00 host_mono_ns=2514433426493563 local_cell_num: 19
host_utc=2026-09-30T08:03:34.236+00:00 host_mono_ns=2514433426501708 locals.values.size: 19
host_utc=2026-09-30T08:03:34.236+00:00 host_mono_ns=2514433426509853 [2026-09-30 08:03:34.235] [info] restore label stack
host_utc=2026-09-30T08:03:34.236+00:00 host_mono_ns=2514433426518149 local_cell_num: 63
host_utc=2026-09-30T08:03:34.236+00:00 host_mono_ns=2514433426526284 locals.values.size: 63
host_utc=2026-09-30T08:03:34.236+00:00 host_mono_ns=2514433426534480 [2026-09-30 08:03:34.235] [info] restore label stack
host_utc=2026-09-30T08:03:34.236+00:00 host_mono_ns=2514433426542756 local_cell_num: 9
host_utc=2026-09-30T08:03:34.236+00:00 host_mono_ns=2514433426550921 locals.values.size: 9
host_utc=2026-09-30T08:03:34.236+00:00 host_mono_ns=2514433426559136 [2026-09-30 08:03:34.235] [info] restore label stack
host_utc=2026-09-30T08:03:34.236+00:00 host_mono_ns=2514433426567432 local_cell_num: 9
host_utc=2026-09-30T08:03:34.236+00:00 host_mono_ns=2514433426575537 locals.values.size: 9
host_utc=2026-09-30T08:03:34.236+00:00 host_mono_ns=2514433426583723 [2026-09-30 08:03:34.235] [info] restore label stack
host_utc=2026-09-30T08:03:34.236+00:00 host_mono_ns=2514433426592009 local_cell_num: 6
host_utc=2026-09-30T08:03:34.236+00:00 host_mono_ns=2514433426600184 locals.values.size: 6
host_utc=2026-09-30T08:03:34.236+00:00 host_mono_ns=2514433426608440 [2026-09-30 08:03:34.235] [info] restore label stack
host_utc=2026-09-30T08:03:34.236+00:00 host_mono_ns=2514433426616785 [2026-09-30 08:03:34.235] [info] Finish to restore stack
host_utc=2026-09-30T08:03:34.236+00:00 host_mono_ns=2514433426625271 
host_utc=2026-09-30T08:03:34.236+00:00 host_mono_ns=2514433426633447 stack, 127180
host_utc=2026-09-30T08:03:34.236+00:00 host_mono_ns=2514433426641702 global, 26140
host_utc=2026-09-30T08:03:34.236+00:00 host_mono_ns=2514433426649938 program counter, 12965
host_utc=2026-09-30T08:03:36.282+00:00 host_mono_ns=2514435472930259 memory, 2046687720
host_utc=2026-09-30T08:03:36.282+00:00 host_mono_ns=2514435473171915 global, 9488
host_utc=2026-09-30T08:03:36.283+00:00 host_mono_ns=2514435473227490 program counter, 12514
host_utc=2026-09-30T08:03:36.287+00:00 host_mono_ns=2514435477345900 '
host_utc=2026-09-30T08:03:36.287+00:00 host_mono_ns=2514435477378171 LOG_DEBUG : 00000015.234 : [MROS2LIB] message get [callback_handler] msg_sn_high: 0 msg_sn_low: c
host_utc=2026-09-30T08:03:36.287+00:00 host_mono_ns=2514435477393921 subscribed msg: 'Hello from mros2-posix onto Linux: 15'
host_utc=2026-09-30T08:03:36.287+00:00 host_mono_ns=2514435477415231 LOG_ERROR : 00000019.585 : LOG_ERROR : 00000019.585 : UDP_RECV result=error errno=27 fd=11 recv=-1UDP_RECV result=error errno=27 fd=7 recv=-1
host_utc=2026-09-30T08:03:36.287+00:00 host_mono_ns=2514435477429328 LOG_ERROR : 00000019.586 :
host_utc=2026-09-30T08:03:36.287+00:00 host_mono_ns=2514435477440318 LOG_ERROR : 00000019.585 : UDP_RECV_RECOVERY action=start fd=11UDP_RECV result=error errno=27 fd=13 recv=-1
host_utc=2026-09-30T08:03:36.287+00:00 host_mono_ns=2514435477452101 LOG_ERROR : 00000019.586 :
host_utc=2026-09-30T08:03:36.287+00:00 host_mono_ns=2514435477462711 LOG_ERROR : 00000019.586 : UDP_RECV_RECOVERY action=start fd=7UDP_RECV_RECOVERY action=start fd=13
host_utc=2026-09-30T08:03:36.287+00:00 host_mono_ns=2514435477473601 set TTL: ttl=255, optlen=4
host_utc=2026-09-30T08:03:36.287+00:00 host_mono_ns=2514435477484221 
host_utc=2026-09-30T08:03:36.287+00:00 host_mono_ns=2514435477495302 set TTL: ttl=255, optlen=4
host_utc=2026-09-30T08:03:36.287+00:00 host_mono_ns=2514435477505992 LOG_ERROR : 00000019.587 : LOG_ERROR : 00000019.587 : UDP_RECV_RECOVERY result=ok rc=0 old_fd=11 new_fd=12UDP_RECV_RECOVERY result=ok rc=0 old_fd=7 new_fd=15
host_utc=2026-09-30T08:03:36.287+00:00 host_mono_ns=2514435477537221 LOG_ERROR : 00000019.587 :
host_utc=2026-09-30T08:03:36.287+00:00 host_mono_ns=2514435477548192 LOG_ERROR : 00000019.585 : UDP_RECV_RECOVERY result=ok rc=0 old_fd=13 new_fd=14UDP_RECV result=error errno=27 fd=6 recv=-1
host_utc=2026-09-30T08:03:36.287+00:00 host_mono_ns=2514435477559493 
host_utc=2026-09-30T08:03:36.287+00:00 host_mono_ns=2514435477569993 LOG_ERROR : 00000019.588 : UDP_RECV_RECOVERY action=start fd=6
host_utc=2026-09-30T08:03:41.288+00:00 host_mono_ns=2514440478553834 LOG_ERROR : 00000019.588 : UDP_RECV_RECOVERY result=ok rc=0 old_fd=6 new_fd=9
host_utc=2026-09-30T08:03:41.288+00:00 host_mono_ns=2514440478620410 publishing msg: 'Hello from mros2-posix onto Linux: 16'
host_utc=2026-09-30T08:03:41.288+00:00 host_mono_ns=2514440478648243 LOG_DEBUG : 00000020.590 : [MROS2LIB] message get [callback_handler] msg_sn_high: 0 msg_sn_low: d
host_utc=2026-09-30T08:03:41.288+00:00 host_mono_ns=2514440478664634 subscribed msg: 'Hello from mros2-posix onto Linux: 16'
host_utc=2026-09-30T08:03:41.288+00:00 host_mono_ns=2514440478680654 publishing msg: 'Hello from mros2-posix onto Linux: 17'
host_utc=2026-09-30T08:03:41.288+00:00 host_mono_ns=2514440478695742 LOG_DEBUG : 00000021.587 : [MROS2LIB] message get [callback_handler] msg_sn_high: 0 msg_sn_low: e
host_utc=2026-09-30T08:03:41.288+00:00 host_mono_ns=2514440478709558 subscribed msg: 'Hello from mros2-posix onto Linux: 17'
host_utc=2026-09-30T08:03:41.288+00:00 host_mono_ns=2514440478724356 publishing msg: 'Hello from mros2-posix onto Linux: 18'
host_utc=2026-09-30T08:03:41.288+00:00 host_mono_ns=2514440478738683 LOG_DEBUG : 00000022.588 : [MROS2LIB] message get [callback_handler] msg_sn_high: 0 msg_sn_low: f
host_utc=2026-09-30T08:03:41.288+00:00 host_mono_ns=2514440478752429 subscribed msg: 'Hello from mros2-posix onto Linux: 18'
host_utc=2026-09-30T08:03:41.288+00:00 host_mono_ns=2514440478766526 publishing msg: 'Hello from mros2-posix onto Linux: 19'
host_utc=2026-09-30T08:03:41.288+00:00 host_mono_ns=2514440478780482 LOG_DEBUG : 00000023.589 : [MROS2LIB] message get [callback_handler] msg_sn_high: 0 msg_sn_low: 10
host_utc=2026-09-30T08:03:41.288+00:00 host_mono_ns=2514440478794419 subscribed msg: 'Hello from mros2-posix onto Linux: 19'
host_utc=2026-09-30T08:03:41.288+00:00 host_mono_ns=2514440478808786 publishing msg: 'Hello from mros2-posix onto Linux: 20'
host_utc=2026-09-30T08:03:46.291+00:00 host_mono_ns=2514445481621442 LOG_DEBUG : 00000024.589 : [MROS2LIB] message get [callback_handler] msg_sn_high: 0 msg_sn_low: 11
host_utc=2026-09-30T08:03:46.291+00:00 host_mono_ns=2514445481683800 subscribed msg: 'Hello from mros2-posix onto Linux: 20'
host_utc=2026-09-30T08:03:46.291+00:00 host_mono_ns=2514445481708958 publishing msg: 'Hello from mros2-posix onto Linux: 21'
host_utc=2026-09-30T08:03:46.291+00:00 host_mono_ns=2514445481725208 LOG_DEBUG : 00000025.590 : [MROS2LIB] message get [callback_handler] msg_sn_high: 0 msg_sn_low: 12
host_utc=2026-09-30T08:03:46.291+00:00 host_mono_ns=2514445481739545 subscribed msg: 'Hello from mros2-posix onto Linux: 21'
host_utc=2026-09-30T08:03:46.291+00:00 host_mono_ns=2514445481754053 publishing msg: 'Hello from mros2-posix onto Linux: 22'
host_utc=2026-09-30T08:03:46.291+00:00 host_mono_ns=2514445481768089 LOG_DEBUG : 00000026.590 : [MROS2LIB] message get [callback_handler] msg_sn_high: 0 msg_sn_low: 13
host_utc=2026-09-30T08:03:46.291+00:00 host_mono_ns=2514445481781605 subscribed msg: 'Hello from mros2-posix onto Linux: 22'
host_utc=2026-09-30T08:03:46.291+00:00 host_mono_ns=2514445481795601 publishing msg: 'Hello from mros2-posix onto Linux: 23'
host_utc=2026-09-30T08:03:46.291+00:00 host_mono_ns=2514445481809337 LOG_DEBUG : 00000027.591 : [MROS2LIB] message get [callback_handler] msg_sn_high: 0 msg_sn_low: 14
host_utc=2026-09-30T08:03:46.291+00:00 host_mono_ns=2514445481822292 subscribed msg: 'Hello from mros2-posix onto Linux: 23'
host_utc=2026-09-30T08:03:46.291+00:00 host_mono_ns=2514445481836288 publishing msg: 'Hello from mros2-posix onto Linux: 24'
host_utc=2026-09-30T08:03:46.291+00:00 host_mono_ns=2514445481866455 LOG_DEBUG : 00000028.592 : [MROS2LIB] message get [callback_handler] msg_sn_high: 0 msg_sn_low: 15
host_utc=2026-09-30T08:03:46.291+00:00 host_mono_ns=2514445481877807 subscribed msg: 'Hello from mros2-posix onto Linux: 24'
host_utc=2026-09-30T08:03:46.291+00:00 host_mono_ns=2514445481889499 publishing msg: 'Hello from mros2-posix onto Linux: 25'
host_utc=2026-09-30T08:03:51.294+00:00 host_mono_ns=2514450484537013 LOG_DEBUG : 00000029.592 : [MROS2LIB] message get [callback_handler] msg_sn_high: 0 msg_sn_low: 16
host_utc=2026-09-30T08:03:51.294+00:00 host_mono_ns=2514450484601214 subscribed msg: 'Hello from mros2-posix onto Linux: 25'
host_utc=2026-09-30T08:03:51.294+00:00 host_mono_ns=2514450484626953 publishing msg: 'Hello from mros2-posix onto Linux: 26'
host_utc=2026-09-30T08:03:51.294+00:00 host_mono_ns=2514450484645889 LOG_DEBUG : 00000030.593 : [MROS2LIB] message get [callback_handler] msg_sn_high: 0 msg_sn_low: 17
host_utc=2026-09-30T08:03:51.294+00:00 host_mono_ns=2514450484660256 subscribed msg: 'Hello from mros2-posix onto Linux: 26'
host_utc=2026-09-30T08:03:51.294+00:00 host_mono_ns=2514450484674963 publishing msg: 'Hello from mros2-posix onto Linux: 27'
host_utc=2026-09-30T08:03:51.294+00:00 host_mono_ns=2514450484689331 LOG_DEBUG : 00000031.593 : [MROS2LIB] message get [callback_handler] msg_sn_high: 0 msg_sn_low: 18
host_utc=2026-09-30T08:03:51.294+00:00 host_mono_ns=2514450484702796 subscribed msg: 'Hello from mros2-posix onto Linux: 27'
host_utc=2026-09-30T08:03:51.294+00:00 host_mono_ns=2514450484716702 publishing msg: 'Hello from mros2-posix onto Linux: 28'
host_utc=2026-09-30T08:03:51.294+00:00 host_mono_ns=2514450484730558 LOG_DEBUG : 00000032.594 : [MROS2LIB] message get [callback_handler] msg_sn_high: 0 msg_sn_low: 19
host_utc=2026-09-30T08:03:51.294+00:00 host_mono_ns=2514450484743824 subscribed msg: 'Hello from mros2-posix onto Linux: 28'
host_utc=2026-09-30T08:03:51.294+00:00 host_mono_ns=2514450484757780 publishing msg: 'Hello from mros2-posix onto Linux: 29'
host_utc=2026-09-30T08:03:51.294+00:00 host_mono_ns=2514450484771346 LOG_DEBUG : 00000033.595 : [MROS2LIB] message get [callback_handler] msg_sn_high: 0 msg_sn_low: 1a
host_utc=2026-09-30T08:03:51.294+00:00 host_mono_ns=2514450484784440 subscribed msg: 'Hello from mros2-posix onto Linux: 29'
host_utc=2026-09-30T08:03:51.294+00:00 host_mono_ns=2514450484798918 publishing msg: 'Hello from mros2-posix onto Linux: 30'
host_utc=2026-09-30T08:03:51.696+00:00 host_mono_ns=2514450886562342 LOG_DEBUG : 00000034.595 : [MROS2LIB] message get [callback_handler] msg_sn_high:
host_utc=2026-09-30T08:03:51.696+00:00 host_mono_ns=2514450886680034 event=collector_process_exit source=restore exit_status=143
