host_utc=2026-09-30T08:04:44.470+00:00 host_mono_ns=2514503660279250 boot_start, 2514503660062510
host_utc=2026-09-30T08:04:44.667+00:00 host_mono_ns=2514503857382504 11 stderr
host_utc=2026-09-30T08:04:44.667+00:00 host_mono_ns=2514503857429242 22 stderr
host_utc=2026-09-30T08:04:44.667+00:00 host_mono_ns=2514503857438149 signal init: 130668023891520
host_utc=2026-09-30T08:04:44.667+00:00 host_mono_ns=2514503857446655 initします
host_utc=2026-09-30T08:04:44.668+00:00 host_mono_ns=2514503858185571 boot_end, 2514503858026450
host_utc=2026-09-30T08:04:44.668+00:00 host_mono_ns=2514503858445572 3 stderr
host_utc=2026-09-30T08:04:44.668+00:00 host_mono_ns=2514503858896754 initします
host_utc=2026-09-30T08:04:44.670+00:00 host_mono_ns=2514503860310224 boot_end, 2514503860059781
host_utc=2026-09-30T08:04:44.670+00:00 host_mono_ns=2514503860364467 [02:28:23:241 - 76D785498840]: Load type section success.
host_utc=2026-09-30T08:04:44.670+00:00 host_mono_ns=2514503860388943 
host_utc=2026-09-30T08:04:44.670+00:00 host_mono_ns=2514503860408771 [02:28:23:261 - 76D785498840]: Load import section success.
host_utc=2026-09-30T08:04:44.670+00:00 host_mono_ns=2514503860423338 
host_utc=2026-09-30T08:04:44.670+00:00 host_mono_ns=2514503860436202 [02:28:23:012 - 76D785498840]: Load function section success.
host_utc=2026-09-30T08:04:44.670+00:00 host_mono_ns=2514503860449327 
host_utc=2026-09-30T08:04:44.670+00:00 host_mono_ns=2514503860461731 [02:28:23:014 - 76D785498840]: Load table section success.
host_utc=2026-09-30T08:04:44.670+00:00 host_mono_ns=2514503860474635 
host_utc=2026-09-30T08:04:44.670+00:00 host_mono_ns=2514503860487038 [02:28:23:017 - 76D785498840]: Load global section success.
host_utc=2026-09-30T08:04:44.670+00:00 host_mono_ns=2514503860499742 
host_utc=2026-09-30T08:04:44.670+00:00 host_mono_ns=2514503860511865 [02:28:23:019 - 76D785498840]: Load export section success.
host_utc=2026-09-30T08:04:44.670+00:00 host_mono_ns=2514503860524529 
host_utc=2026-09-30T08:04:44.670+00:00 host_mono_ns=2514503860536762 [02:28:23:019 - 76D785498840]: Load start section success.
host_utc=2026-09-30T08:04:44.670+00:00 host_mono_ns=2514503860549416 
host_utc=2026-09-30T08:04:44.670+00:00 host_mono_ns=2514503860561519 [02:28:23:022 - 76D785498840]: Load table segment section success.
host_utc=2026-09-30T08:04:44.670+00:00 host_mono_ns=2514503860574403 
host_utc=2026-09-30T08:04:44.670+00:00 host_mono_ns=2514503860586516 [02:28:23:022 - 76D785498840]: Load datacount section success.
host_utc=2026-09-30T08:04:44.670+00:00 host_mono_ns=2514503860599431 
host_utc=2026-09-30T08:04:44.670+00:00 host_mono_ns=2514503860611584 [02:28:23:023 - 76D785498840]: Load code segment section success.
host_utc=2026-09-30T08:04:44.670+00:00 host_mono_ns=2514503860624578 
host_utc=2026-09-30T08:04:44.670+00:00 host_mono_ns=2514503860636701 [02:28:23:023 - 76D785498840]: Load data segment section success.
host_utc=2026-09-30T08:04:44.670+00:00 host_mono_ns=2514503860649205 
host_utc=2026-09-30T08:04:44.670+00:00 host_mono_ns=2514503860661368 [02:28:23:024 - 76D785498840]: Ignore custom section [.debug_abbrev].
host_utc=2026-09-30T08:04:44.670+00:00 host_mono_ns=2514503860674312 [02:28:23:024 - 76D785498840]: Ignore custom section [.debug_info].
host_utc=2026-09-30T08:04:44.670+00:00 host_mono_ns=2514503860687156 [02:28:23:025 - 76D785498840]: Ignore custom section [.debug_ranges].
host_utc=2026-09-30T08:04:44.670+00:00 host_mono_ns=2514503860699941 [02:28:23:025 - 76D785498840]: Ignore custom section [.debug_str].
host_utc=2026-09-30T08:04:44.670+00:00 host_mono_ns=2514503860712845 [02:28:23:026 - 76D785498840]: Ignore custom section [.debug_line].
host_utc=2026-09-30T08:04:44.670+00:00 host_mono_ns=2514503860725489 [02:28:23:026 - 76D785498840]: Ignore custom section [.debug_loc].
host_utc=2026-09-30T08:04:44.670+00:00 host_mono_ns=2514503860738042 [02:28:23:026 - 76D785498840]: Ignore custom section [name].
host_utc=2026-09-30T08:04:44.670+00:00 host_mono_ns=2514503860750977 [02:28:23:027 - 76D785498840]: Ignore custom section [producers].
host_utc=2026-09-30T08:04:44.670+00:00 host_mono_ns=2514503860763941 [02:28:23:027 - 76D785498840]: Ignore custom section [target_features].
host_utc=2026-09-30T08:04:44.670+00:00 host_mono_ns=2514503860793487 [02:28:23:028 - 76D785498840]: Found aux __heap_base global, value: 7855008
host_utc=2026-09-30T08:04:44.670+00:00 host_mono_ns=2514503860807504 [02:28:23:028 - 76D785498840]: Found aux __data_end global, value: 1301396
host_utc=2026-09-30T08:04:44.670+00:00 host_mono_ns=2514503860820879 [02:28:23:029 - 76D785498840]: Found aux stack top global, value: 7855008, global index: 0, stack size: 6553600
host_utc=2026-09-30T08:04:44.670+00:00 host_mono_ns=2514503860834615 [02:28:23:030 - 76D785498840]: Found malloc function, name: malloc, index: 3154
host_utc=2026-09-30T08:04:44.670+00:00 host_mono_ns=2514503860847740 [02:28:23:030 - 76D785498840]: Found free function, name: free, index: 3156
host_utc=2026-09-30T08:04:44.670+00:00 host_mono_ns=2514503860860644 [02:28:23:800 - 76D785498840]: Load module success.
host_utc=2026-09-30T08:04:44.670+00:00 host_mono_ns=2514503860873729 
host_utc=2026-09-30T08:04:44.670+00:00 host_mono_ns=2514503860886293 [02:28:23:810 - 76D785498840]: Memory instantiate:
host_utc=2026-09-30T08:04:44.670+00:00 host_mono_ns=2514503860899117 [02:28:23:811 - 76D785498840]:   page bytes: 65536, init pages: 16384, max pages: 16384
host_utc=2026-09-30T08:04:44.670+00:00 host_mono_ns=2514503860912252 [02:28:23:811 - 76D785498840]:   heap offset: 1073741824, heap size: 0
host_utc=2026-09-30T08:04:44.670+00:00 host_mono_ns=2514503860925246 
host_utc=2026-09-30T08:04:44.670+00:00 host_mono_ns=2514503860937449 [02:28:23:838 - 76D785498840]: Memory instantiate success.
host_utc=2026-09-30T08:04:44.670+00:00 host_mono_ns=2514503860950273 [02:28:23:958 - 76D785498840]: warning: failed to link import function (env, pthread_exit)
host_utc=2026-09-30T08:04:44.670+00:00 host_mono_ns=2514503860963538 Restoring wasm thread 11
host_utc=2026-09-30T08:04:44.670+00:00 host_mono_ns=2514503860976493 [02:28:23:160 - 76D785498840]: warning: failed to link import function (env, pthread_exit)
host_utc=2026-09-30T08:04:44.670+00:00 host_mono_ns=2514503860989357 thread 11 restore
host_utc=2026-09-30T08:04:44.670+00:00 host_mono_ns=2514503861022991 Restoring wasm thread 10
host_utc=2026-09-30T08:04:44.670+00:00 host_mono_ns=2514503861040684 [02:28:23:139 - 76D785498840]: warning: failed to link import function (env, pthread_exit)
host_utc=2026-09-30T08:04:44.670+00:00 host_mono_ns=2514503861053909 [2026-09-30 08:04:44.669] [info] wasm_restore_stack
host_utc=2026-09-30T08:04:44.670+00:00 host_mono_ns=2514503861066884 
host_utc=2026-09-30T08:04:44.670+00:00 host_mono_ns=2514503861090258 stack, 218032
host_utc=2026-09-30T08:04:44.670+00:00 host_mono_ns=2514503861103964 global, 24927
host_utc=2026-09-30T08:04:44.670+00:00 host_mono_ns=2514503861116738 program counter, 13476
host_utc=2026-09-30T08:04:44.670+00:00 host_mono_ns=2514503861129672 thread 10 restore
host_utc=2026-09-30T08:04:44.670+00:00 host_mono_ns=2514503861142176 local_cell_num: 2
host_utc=2026-09-30T08:04:44.670+00:00 host_mono_ns=2514503861154840 locals.values.size: 2
host_utc=2026-09-30T08:04:44.670+00:00 host_mono_ns=2514503861168085 [2026-09-30 08:04:44.670] [info] restore label stack
host_utc=2026-09-30T08:04:44.671+00:00 host_mono_ns=2514503861181330 local_cell_num: 8
host_utc=2026-09-30T08:04:44.671+00:00 host_mono_ns=2514503861194024 locals.values.size: 8
host_utc=2026-09-30T08:04:44.671+00:00 host_mono_ns=2514503861206768 [2026-09-30 08:04:44.670] [info] restore label stack
host_utc=2026-09-30T08:04:44.671+00:00 host_mono_ns=2514503861219793 local_cell_num: 14
host_utc=2026-09-30T08:04:44.671+00:00 host_mono_ns=2514503861232507 locals.values.size: 14
host_utc=2026-09-30T08:04:44.671+00:00 host_mono_ns=2514503861245241 [2026-09-30 08:04:44.670] [info] restore label stack
host_utc=2026-09-30T08:04:44.671+00:00 host_mono_ns=2514503861257945 local_cell_num: 45
host_utc=2026-09-30T08:04:44.671+00:00 host_mono_ns=2514503861270528 locals.values.size: 45
host_utc=2026-09-30T08:04:44.671+00:00 host_mono_ns=2514503861283172 [2026-09-30 08:04:44.670] [info] restore label stack
host_utc=2026-09-30T08:04:44.671+00:00 host_mono_ns=2514503861304513 local_cell_num: 19
host_utc=2026-09-30T08:04:44.671+00:00 host_mono_ns=2514503861317126 locals.values.size: 19
host_utc=2026-09-30T08:04:44.671+00:00 host_mono_ns=2514503861329710 [2026-09-30 08:04:44.670] [info] restore label stack
host_utc=2026-09-30T08:04:44.671+00:00 host_mono_ns=2514503861342224 local_cell_num: 63
host_utc=2026-09-30T08:04:44.671+00:00 host_mono_ns=2514503861354647 locals.values.size: 63
host_utc=2026-09-30T08:04:44.671+00:00 host_mono_ns=2514503861367231 [2026-09-30 08:04:44.670] [info] restore label stack
host_utc=2026-09-30T08:04:44.671+00:00 host_mono_ns=2514503861379815 local_cell_num: 9
host_utc=2026-09-30T08:04:44.671+00:00 host_mono_ns=2514503861392379 locals.values.size: 9
host_utc=2026-09-30T08:04:44.671+00:00 host_mono_ns=2514503861404822 [2026-09-30 08:04:44.670] [info] restore label stack
host_utc=2026-09-30T08:04:44.671+00:00 host_mono_ns=2514503861417476 local_cell_num: 9
host_utc=2026-09-30T08:04:44.671+00:00 host_mono_ns=2514503861429739 locals.values.size: 9
host_utc=2026-09-30T08:04:44.671+00:00 host_mono_ns=2514503861442373 [2026-09-30 08:04:44.670] [info] restore label stack
host_utc=2026-09-30T08:04:44.671+00:00 host_mono_ns=2514503861454937 local_cell_num: 6
host_utc=2026-09-30T08:04:44.671+00:00 host_mono_ns=2514503861467330 locals.values.size: 6
host_utc=2026-09-30T08:04:44.671+00:00 host_mono_ns=2514503861479954 [2026-09-30 08:04:44.670] [info] restore label stack
host_utc=2026-09-30T08:04:44.671+00:00 host_mono_ns=2514503861492868 [2026-09-30 08:04:44.670] [info] Finish to restore stack
host_utc=2026-09-30T08:04:44.671+00:00 host_mono_ns=2514503861506174 
host_utc=2026-09-30T08:04:44.671+00:00 host_mono_ns=2514503861518978 initします
host_utc=2026-09-30T08:04:44.672+00:00 host_mono_ns=2514503862240821 boot_end, 2514503862032197
host_utc=2026-09-30T08:04:44.672+00:00 host_mono_ns=2514503862294543 wasm_cluster_increase_checkpointing_counter called 1
host_utc=2026-09-30T08:04:44.672+00:00 host_mono_ns=2514503862307668 Restoring wasm thread 9
host_utc=2026-09-30T08:04:44.672+00:00 host_mono_ns=2514503862317466 wasm_cluster_increase_checkpointing_counter called 2
host_utc=2026-09-30T08:04:44.672+00:00 host_mono_ns=2514503862326694 wasm_cluster_increase_checkpointing_counter called 3
host_utc=2026-09-30T08:04:44.672+00:00 host_mono_ns=2514503862336192 [2026-09-30 08:04:44.671] [info] wasm_restore_stack
host_utc=2026-09-30T08:04:44.672+00:00 host_mono_ns=2514503862345289 
host_utc=2026-09-30T08:04:44.672+00:00 host_mono_ns=2514503862354967 stack, 155734
host_utc=2026-09-30T08:04:44.672+00:00 host_mono_ns=2514503862363834 global, 20970
host_utc=2026-09-30T08:04:44.672+00:00 host_mono_ns=2514503862372240 program counter, 12774
host_utc=2026-09-30T08:04:44.672+00:00 host_mono_ns=2514503862386186 [02:28:23:109 - 76D785498840]: warning: failed to link import function (env, pthread_exit)
host_utc=2026-09-30T08:04:44.672+00:00 host_mono_ns=2514503862396265 thread 9 restore
host_utc=2026-09-30T08:04:44.672+00:00 host_mono_ns=2514503862405042 local_cell_num: 2
host_utc=2026-09-30T08:04:44.672+00:00 host_mono_ns=2514503862413528 locals.values.size: 2
host_utc=2026-09-30T08:04:44.672+00:00 host_mono_ns=2514503862422004 [2026-09-30 08:04:44.671] [info] restore label stack
host_utc=2026-09-30T08:04:44.672+00:00 host_mono_ns=2514503862430770 local_cell_num: 8
host_utc=2026-09-30T08:04:44.672+00:00 host_mono_ns=2514503862439146 locals.values.size: 8
host_utc=2026-09-30T08:04:44.672+00:00 host_mono_ns=2514503862447582 [2026-09-30 08:04:44.671] [info] restore label stack
host_utc=2026-09-30T08:04:44.672+00:00 host_mono_ns=2514503862456108 local_cell_num: 14
host_utc=2026-09-30T08:04:44.672+00:00 host_mono_ns=2514503862466147 locals.values.size: 14
host_utc=2026-09-30T08:04:44.672+00:00 host_mono_ns=2514503862477739 [2026-09-30 08:04:44.671] [info] restore label stack
host_utc=2026-09-30T08:04:44.672+00:00 host_mono_ns=2514503862489792 local_cell_num: 15
host_utc=2026-09-30T08:04:44.672+00:00 host_mono_ns=2514503862508427 locals.values.size: 15
host_utc=2026-09-30T08:04:44.672+00:00 host_mono_ns=2514503862517103 [2026-09-30 08:04:44.672] [info] restore label stack
host_utc=2026-09-30T08:04:44.672+00:00 host_mono_ns=2514503862525700 local_cell_num: 37
host_utc=2026-09-30T08:04:44.672+00:00 host_mono_ns=2514503862533955 locals.values.size: 37
host_utc=2026-09-30T08:04:44.672+00:00 host_mono_ns=2514503862542341 [2026-09-30 08:04:44.672] [info] restore label stack
host_utc=2026-09-30T08:04:44.672+00:00 host_mono_ns=2514503862550767 local_cell_num: 25
host_utc=2026-09-30T08:04:44.672+00:00 host_mono_ns=2514503862559012 locals.values.size: 25
host_utc=2026-09-30T08:04:44.672+00:00 host_mono_ns=2514503862567318 [2026-09-30 08:04:44.672] [info] restore label stack
host_utc=2026-09-30T08:04:44.672+00:00 host_mono_ns=2514503862575674 local_cell_num: 34
host_utc=2026-09-30T08:04:44.672+00:00 host_mono_ns=2514503862583889 locals.values.size: 34
host_utc=2026-09-30T08:04:44.672+00:00 host_mono_ns=2514503862592135 [2026-09-30 08:04:44.672] [info] restore label stack
host_utc=2026-09-30T08:04:44.672+00:00 host_mono_ns=2514503862600521 local_cell_num: 38
host_utc=2026-09-30T08:04:44.672+00:00 host_mono_ns=2514503862608766 locals.values.size: 38
host_utc=2026-09-30T08:04:44.672+00:00 host_mono_ns=2514503862616992 [2026-09-30 08:04:44.672] [info] restore label stack
host_utc=2026-09-30T08:04:44.672+00:00 host_mono_ns=2514503862625378 local_cell_num: 94
host_utc=2026-09-30T08:04:44.672+00:00 host_mono_ns=2514503862633603 locals.values.size: 94
host_utc=2026-09-30T08:04:44.672+00:00 host_mono_ns=2514503862641839 [2026-09-30 08:04:44.672] [info] restore label stack
host_utc=2026-09-30T08:04:44.672+00:00 host_mono_ns=2514503862650285 local_cell_num: 2
host_utc=2026-09-30T08:04:44.672+00:00 host_mono_ns=2514503862658631 locals.values.size: 2
host_utc=2026-09-30T08:04:44.672+00:00 host_mono_ns=2514503862667287 [2026-09-30 08:04:44.672] [info] restore label stack
host_utc=2026-09-30T08:04:44.672+00:00 host_mono_ns=2514503862675773 local_cell_num: 9
host_utc=2026-09-30T08:04:44.672+00:00 host_mono_ns=2514503862684069 locals.values.size: 9
host_utc=2026-09-30T08:04:44.672+00:00 host_mono_ns=2514503862692445 [2026-09-30 08:04:44.672] [info] restore label stack
host_utc=2026-09-30T08:04:44.672+00:00 host_mono_ns=2514503862700770 local_cell_num: 9
host_utc=2026-09-30T08:04:44.672+00:00 host_mono_ns=2514503862708926 locals.values.size: 9
host_utc=2026-09-30T08:04:44.672+00:00 host_mono_ns=2514503862717231 [2026-09-30 08:04:44.672] [info] restore label stack
host_utc=2026-09-30T08:04:44.672+00:00 host_mono_ns=2514503862725557 local_cell_num: 6
host_utc=2026-09-30T08:04:44.672+00:00 host_mono_ns=2514503862733753 locals.values.size: 6
host_utc=2026-09-30T08:04:44.672+00:00 host_mono_ns=2514503862741988 [2026-09-30 08:04:44.672] [info] restore label stack
host_utc=2026-09-30T08:04:44.672+00:00 host_mono_ns=2514503862750374 [2026-09-30 08:04:44.672] [info] Finish to restore stack
host_utc=2026-09-30T08:04:44.672+00:00 host_mono_ns=2514503862759080 
host_utc=2026-09-30T08:04:44.672+00:00 host_mono_ns=2514503862774189 initします
host_utc=2026-09-30T08:04:44.673+00:00 host_mono_ns=2514503863852266 boot_end, 2514503863708163
host_utc=2026-09-30T08:04:44.673+00:00 host_mono_ns=2514503863940542 wasm_cluster_increase_checkpointing_counter called 1
host_utc=2026-09-30T08:04:44.673+00:00 host_mono_ns=2514503863966972 Restoring wasm thread 8
host_utc=2026-09-30T08:04:44.673+00:00 host_mono_ns=2514503863981620 wasm_cluster_increase_checkpointing_counter called 2
host_utc=2026-09-30T08:04:44.673+00:00 host_mono_ns=2514503863994474 wasm_cluster_increase_checkpointing_counter called 3
host_utc=2026-09-30T08:04:44.673+00:00 host_mono_ns=2514503864014993 [2026-09-30 08:04:44.673] [info] wasm_restore_stack
host_utc=2026-09-30T08:04:44.673+00:00 host_mono_ns=2514503864033979 
host_utc=2026-09-30T08:04:44.673+00:00 host_mono_ns=2514503864046262 stack, 125808
host_utc=2026-09-30T08:04:44.673+00:00 host_mono_ns=2514503864058295 [02:28:23:796 - 76D785498840]: warning: failed to link import function (env, pthread_exit)
host_utc=2026-09-30T08:04:44.673+00:00 host_mono_ns=2514503864084224 local_cell_num: 2
host_utc=2026-09-30T08:04:44.673+00:00 host_mono_ns=2514503864096146 locals.values.size: 2
host_utc=2026-09-30T08:04:44.673+00:00 host_mono_ns=2514503864107748 [2026-09-30 08:04:44.673] [info] restore label stack
host_utc=2026-09-30T08:04:44.673+00:00 host_mono_ns=2514503864119330 local_cell_num: 8
host_utc=2026-09-30T08:04:44.673+00:00 host_mono_ns=2514503864130581 locals.values.size: 8
host_utc=2026-09-30T08:04:44.673+00:00 host_mono_ns=2514503864141913 [2026-09-30 08:04:44.673] [info] restore label stack
host_utc=2026-09-30T08:04:44.673+00:00 host_mono_ns=2514503864153294 local_cell_num: 14
host_utc=2026-09-30T08:04:44.673+00:00 host_mono_ns=2514503864164546 locals.values.size: 14
host_utc=2026-09-30T08:04:44.674+00:00 host_mono_ns=2514503864176027 [2026-09-30 08:04:44.673] [info] restore label stack
host_utc=2026-09-30T08:04:44.674+00:00 host_mono_ns=2514503864187379 local_cell_num: 15
host_utc=2026-09-30T08:04:44.674+00:00 host_mono_ns=2514503864198500 locals.values.size: 15
host_utc=2026-09-30T08:04:44.674+00:00 host_mono_ns=2514503864209711 [2026-09-30 08:04:44.673] [info] restore label stack
host_utc=2026-09-30T08:04:44.674+00:00 host_mono_ns=2514503864221062 local_cell_num: 27
host_utc=2026-09-30T08:04:44.674+00:00 host_mono_ns=2514503864232133 locals.values.size: 27
host_utc=2026-09-30T08:04:44.674+00:00 host_mono_ns=2514503864243194 [2026-09-30 08:04:44.673] [info] restore label stack
host_utc=2026-09-30T08:04:44.674+00:00 host_mono_ns=2514503864254375 thread 8 restore
host_utc=2026-09-30T08:04:44.674+00:00 host_mono_ns=2514503864265636 local_cell_num: 25
host_utc=2026-09-30T08:04:44.674+00:00 host_mono_ns=2514503864276537 locals.values.size: 25
host_utc=2026-09-30T08:04:44.674+00:00 host_mono_ns=2514503864287618 [2026-09-30 08:04:44.673] [info] restore label stack
host_utc=2026-09-30T08:04:44.674+00:00 host_mono_ns=2514503864298909 local_cell_num: 34
host_utc=2026-09-30T08:04:44.674+00:00 host_mono_ns=2514503864309940 locals.values.size: 34
host_utc=2026-09-30T08:04:44.674+00:00 host_mono_ns=2514503864321051 [2026-09-30 08:04:44.673] [info] restore label stack
host_utc=2026-09-30T08:04:44.674+00:00 host_mono_ns=2514503864332212 local_cell_num: 38
host_utc=2026-09-30T08:04:44.674+00:00 host_mono_ns=2514503864343273 locals.values.size: 38
host_utc=2026-09-30T08:04:44.674+00:00 host_mono_ns=2514503864354304 [2026-09-30 08:04:44.673] [info] restore label stack
host_utc=2026-09-30T08:04:44.674+00:00 host_mono_ns=2514503864365435 local_cell_num: 94
host_utc=2026-09-30T08:04:44.674+00:00 host_mono_ns=2514503864376386 locals.values.size: 94
host_utc=2026-09-30T08:04:44.674+00:00 host_mono_ns=2514503864387417 [2026-09-30 08:04:44.673] [info] restore label stack
host_utc=2026-09-30T08:04:44.674+00:00 host_mono_ns=2514503864398598 local_cell_num: 2
host_utc=2026-09-30T08:04:44.674+00:00 host_mono_ns=2514503864409709 locals.values.size: 2
host_utc=2026-09-30T08:04:44.674+00:00 host_mono_ns=2514503864420890 [2026-09-30 08:04:44.673] [info] restore label stack
host_utc=2026-09-30T08:04:44.674+00:00 host_mono_ns=2514503864432101 local_cell_num: 9
host_utc=2026-09-30T08:04:44.674+00:00 host_mono_ns=2514503864443182 locals.values.size: 9
host_utc=2026-09-30T08:04:44.674+00:00 host_mono_ns=2514503864454253 [2026-09-30 08:04:44.673] [info] restore label stack
host_utc=2026-09-30T08:04:44.674+00:00 host_mono_ns=2514503864465304 local_cell_num: 9
host_utc=2026-09-30T08:04:44.674+00:00 host_mono_ns=2514503864476365 locals.values.size: 9
host_utc=2026-09-30T08:04:44.674+00:00 host_mono_ns=2514503864487325 [2026-09-30 08:04:44.673] [info] restore label stack
host_utc=2026-09-30T08:04:44.674+00:00 host_mono_ns=2514503864498486 local_cell_num: 6
host_utc=2026-09-30T08:04:44.674+00:00 host_mono_ns=2514503864509567 locals.values.size: 6
host_utc=2026-09-30T08:04:44.674+00:00 host_mono_ns=2514503864520748 [2026-09-30 08:04:44.673] [info] restore label stack
host_utc=2026-09-30T08:04:44.674+00:00 host_mono_ns=2514503864538883 [2026-09-30 08:04:44.673] [info] Finish to restore stack
host_utc=2026-09-30T08:04:44.674+00:00 host_mono_ns=2514503864550905 
host_utc=2026-09-30T08:04:44.674+00:00 host_mono_ns=2514503864571845 global, 14778
host_utc=2026-09-30T08:04:44.674+00:00 host_mono_ns=2514503864584238 program counter, 9708
host_utc=2026-09-30T08:04:44.674+00:00 host_mono_ns=2514503864596081 initします
host_utc=2026-09-30T08:04:44.675+00:00 host_mono_ns=2514503865613202 wasm_cluster_increase_checkpointing_counter called 1
host_utc=2026-09-30T08:04:44.675+00:00 host_mono_ns=2514503865647286 Restoring wasm thread 7
host_utc=2026-09-30T08:04:44.675+00:00 host_mono_ns=2514503865660571 wasm_cluster_increase_checkpointing_counter called 2
host_utc=2026-09-30T08:04:44.675+00:00 host_mono_ns=2514503865670530 wasm_cluster_increase_checkpointing_counter called 3
host_utc=2026-09-30T08:04:44.675+00:00 host_mono_ns=2514503865679788 [2026-09-30 08:04:44.675] [info] wasm_restore_stack
host_utc=2026-09-30T08:04:44.675+00:00 host_mono_ns=2514503865688985 
host_utc=2026-09-30T08:04:44.675+00:00 host_mono_ns=2514503865708131 boot_end, 2514503865429014
host_utc=2026-09-30T08:04:44.675+00:00 host_mono_ns=2514503865718150 [02:28:23:512 - 76D785498840]: warning: failed to link import function (env, pthread_exit)
host_utc=2026-09-30T08:04:44.675+00:00 host_mono_ns=2514503865727598 thread 7 restore
host_utc=2026-09-30T08:04:44.675+00:00 host_mono_ns=2514503865736385 local_cell_num: 2
host_utc=2026-09-30T08:04:44.675+00:00 host_mono_ns=2514503865744901 locals.values.size: 2
host_utc=2026-09-30T08:04:44.675+00:00 host_mono_ns=2514503865753617 [2026-09-30 08:04:44.675] [info] restore label stack
host_utc=2026-09-30T08:04:44.675+00:00 host_mono_ns=2514503865762434 local_cell_num: 8
host_utc=2026-09-30T08:04:44.675+00:00 host_mono_ns=2514503865770880 locals.values.size: 8
host_utc=2026-09-30T08:04:44.675+00:00 host_mono_ns=2514503865779386 [2026-09-30 08:04:44.675] [info] restore label stack
host_utc=2026-09-30T08:04:44.675+00:00 host_mono_ns=2514503865787912 local_cell_num: 25
host_utc=2026-09-30T08:04:44.675+00:00 host_mono_ns=2514503865796208 locals.values.size: 25
host_utc=2026-09-30T08:04:44.675+00:00 host_mono_ns=2514503865804784 [2026-09-30 08:04:44.675] [info] restore label stack
host_utc=2026-09-30T08:04:44.675+00:00 host_mono_ns=2514503865813290 local_cell_num: 10
host_utc=2026-09-30T08:04:44.675+00:00 host_mono_ns=2514503865821535 locals.values.size: 10
host_utc=2026-09-30T08:04:44.675+00:00 host_mono_ns=2514503865829891 [2026-09-30 08:04:44.675] [info] restore label stack
host_utc=2026-09-30T08:04:44.675+00:00 host_mono_ns=2514503865838347 local_cell_num: 22
host_utc=2026-09-30T08:04:44.675+00:00 host_mono_ns=2514503865846563 locals.values.size: 22
host_utc=2026-09-30T08:04:44.675+00:00 host_mono_ns=2514503865854868 [2026-09-30 08:04:44.675] [info] restore label stack
host_utc=2026-09-30T08:04:44.675+00:00 host_mono_ns=2514503865863204 local_cell_num: 62
host_utc=2026-09-30T08:04:44.675+00:00 host_mono_ns=2514503865871390 locals.values.size: 62
host_utc=2026-09-30T08:04:44.675+00:00 host_mono_ns=2514503865879635 [2026-09-30 08:04:44.675] [info] restore label stack
host_utc=2026-09-30T08:04:44.675+00:00 host_mono_ns=2514503865888051 local_cell_num: 18
host_utc=2026-09-30T08:04:44.675+00:00 host_mono_ns=2514503865896337 locals.values.size: 18
host_utc=2026-09-30T08:04:44.675+00:00 host_mono_ns=2514503865904562 [2026-09-30 08:04:44.675] [info] restore label stack
host_utc=2026-09-30T08:04:44.675+00:00 host_mono_ns=2514503865912858 local_cell_num: 21
host_utc=2026-09-30T08:04:44.675+00:00 host_mono_ns=2514503865921103 locals.values.size: 21
host_utc=2026-09-30T08:04:44.675+00:00 host_mono_ns=2514503865929349 [2026-09-30 08:04:44.675] [info] restore label stack
host_utc=2026-09-30T08:04:44.675+00:00 host_mono_ns=2514503865937705 local_cell_num: 10
host_utc=2026-09-30T08:04:44.675+00:00 host_mono_ns=2514503865945980 locals.values.size: 10
host_utc=2026-09-30T08:04:44.675+00:00 host_mono_ns=2514503865954206 [2026-09-30 08:04:44.675] [info] restore label stack
host_utc=2026-09-30T08:04:44.675+00:00 host_mono_ns=2514503865973052 local_cell_num: 2
host_utc=2026-09-30T08:04:44.675+00:00 host_mono_ns=2514503865981638 locals.values.size: 2
host_utc=2026-09-30T08:04:44.675+00:00 host_mono_ns=2514503865989994 [2026-09-30 08:04:44.675] [info] restore label stack
host_utc=2026-09-30T08:04:44.675+00:00 host_mono_ns=2514503865998389 local_cell_num: 9
host_utc=2026-09-30T08:04:44.675+00:00 host_mono_ns=2514503866015071 locals.values.size: 9
host_utc=2026-09-30T08:04:44.675+00:00 host_mono_ns=2514503866026713 [2026-09-30 08:04:44.675] [info] restore label stack
host_utc=2026-09-30T08:04:44.675+00:00 host_mono_ns=2514503866035369 local_cell_num: 9
host_utc=2026-09-30T08:04:44.675+00:00 host_mono_ns=2514503866043705 locals.values.size: 9
host_utc=2026-09-30T08:04:44.675+00:00 host_mono_ns=2514503866052021 [2026-09-30 08:04:44.675] [info] restore label stack
host_utc=2026-09-30T08:04:44.675+00:00 host_mono_ns=2514503866060417 local_cell_num: 6
host_utc=2026-09-30T08:04:44.675+00:00 host_mono_ns=2514503866068652 locals.values.size: 6
host_utc=2026-09-30T08:04:44.675+00:00 host_mono_ns=2514503866077048 [2026-09-30 08:04:44.675] [info] restore label stack
host_utc=2026-09-30T08:04:44.675+00:00 host_mono_ns=2514503866085544 [2026-09-30 08:04:44.675] [info] Finish to restore stack
host_utc=2026-09-30T08:04:44.675+00:00 host_mono_ns=2514503866094361 
host_utc=2026-09-30T08:04:44.675+00:00 host_mono_ns=2514503866105442 stack, 134223
host_utc=2026-09-30T08:04:44.675+00:00 host_mono_ns=2514503866117084 global, 21510
host_utc=2026-09-30T08:04:44.675+00:00 host_mono_ns=2514503866126782 program counter, 13806
host_utc=2026-09-30T08:04:44.676+00:00 host_mono_ns=2514503866244134 initします
host_utc=2026-09-30T08:04:44.677+00:00 host_mono_ns=2514503868060675 boot_end, 2514503867884422
host_utc=2026-09-30T08:04:44.677+00:00 host_mono_ns=2514503868084751 wasm_cluster_increase_checkpointing_counter called 1
host_utc=2026-09-30T08:04:44.677+00:00 host_mono_ns=2514503868095160 Restoring wasm thread 6
host_utc=2026-09-30T08:04:44.677+00:00 host_mono_ns=2514503868104217 wasm_cluster_increase_checkpointing_counter called 2
host_utc=2026-09-30T08:04:44.677+00:00 host_mono_ns=2514503868112974 wasm_cluster_increase_checkpointing_counter called 3
host_utc=2026-09-30T08:04:44.677+00:00 host_mono_ns=2514503868121981 [2026-09-30 08:04:44.677] [info] wasm_restore_stack
host_utc=2026-09-30T08:04:44.677+00:00 host_mono_ns=2514503868130888 
host_utc=2026-09-30T08:04:44.677+00:00 host_mono_ns=2514503868148882 [02:28:23:961 - 76D785498840]: warning: failed to link import function (env, pthread_exit)
host_utc=2026-09-30T08:04:44.677+00:00 host_mono_ns=2514503868159001 local_cell_num: 2
host_utc=2026-09-30T08:04:44.678+00:00 host_mono_ns=2514503868167657 locals.values.size: 2
host_utc=2026-09-30T08:04:44.678+00:00 host_mono_ns=2514503868176214 [2026-09-30 08:04:44.677] [info] restore label stack
host_utc=2026-09-30T08:04:44.678+00:00 host_mono_ns=2514503868184850 local_cell_num: 8
host_utc=2026-09-30T08:04:44.678+00:00 host_mono_ns=2514503868193166 locals.values.size: 8
host_utc=2026-09-30T08:04:44.678+00:00 host_mono_ns=2514503868201672 [2026-09-30 08:04:44.677] [info] restore label stack
host_utc=2026-09-30T08:04:44.678+00:00 host_mono_ns=2514503868210138 local_cell_num: 14
host_utc=2026-09-30T08:04:44.678+00:00 host_mono_ns=2514503868218584 thread 6 restore
host_utc=2026-09-30T08:04:44.678+00:00 host_mono_ns=2514503868227110 locals.values.size: 14
host_utc=2026-09-30T08:04:44.678+00:00 host_mono_ns=2514503868235556 [2026-09-30 08:04:44.677] [info] restore label stack
host_utc=2026-09-30T08:04:44.678+00:00 host_mono_ns=2514503868244132 local_cell_num: 8
host_utc=2026-09-30T08:04:44.678+00:00 host_mono_ns=2514503868252468 locals.values.size: 8
host_utc=2026-09-30T08:04:44.678+00:00 host_mono_ns=2514503868260753 [2026-09-30 08:04:44.677] [info] restore label stack
host_utc=2026-09-30T08:04:44.678+00:00 host_mono_ns=2514503868269139 local_cell_num: 13
host_utc=2026-09-30T08:04:44.678+00:00 host_mono_ns=2514503868287684 locals.values.size: 13
host_utc=2026-09-30T08:04:44.678+00:00 host_mono_ns=2514503868296260 [2026-09-30 08:04:44.677] [info] restore label stack
host_utc=2026-09-30T08:04:44.678+00:00 host_mono_ns=2514503868304736 local_cell_num: 19
host_utc=2026-09-30T08:04:44.678+00:00 host_mono_ns=2514503868313042 locals.values.size: 19
host_utc=2026-09-30T08:04:44.678+00:00 host_mono_ns=2514503868321388 [2026-09-30 08:04:44.677] [info] restore label stack
host_utc=2026-09-30T08:04:44.678+00:00 host_mono_ns=2514503868329754 local_cell_num: 63
host_utc=2026-09-30T08:04:44.678+00:00 host_mono_ns=2514503868338049 locals.values.size: 63
host_utc=2026-09-30T08:04:44.678+00:00 host_mono_ns=2514503868346726 [2026-09-30 08:04:44.677] [info] restore label stack
host_utc=2026-09-30T08:04:44.678+00:00 host_mono_ns=2514503868355262 local_cell_num: 9
host_utc=2026-09-30T08:04:44.678+00:00 host_mono_ns=2514503868363467 locals.values.size: 9
host_utc=2026-09-30T08:04:44.678+00:00 host_mono_ns=2514503868371813 [2026-09-30 08:04:44.677] [info] restore label stack
host_utc=2026-09-30T08:04:44.678+00:00 host_mono_ns=2514503868380219 local_cell_num: 9
host_utc=2026-09-30T08:04:44.678+00:00 host_mono_ns=2514503868388424 locals.values.size: 9
host_utc=2026-09-30T08:04:44.678+00:00 host_mono_ns=2514503868396740 [2026-09-30 08:04:44.677] [info] restore label stack
host_utc=2026-09-30T08:04:44.678+00:00 host_mono_ns=2514503868405046 local_cell_num: 6
host_utc=2026-09-30T08:04:44.678+00:00 host_mono_ns=2514503868413251 locals.values.size: 6
host_utc=2026-09-30T08:04:44.678+00:00 host_mono_ns=2514503868421457 [2026-09-30 08:04:44.677] [info] restore label stack
host_utc=2026-09-30T08:04:44.678+00:00 host_mono_ns=2514503868429893 [2026-09-30 08:04:44.677] [info] Finish to restore stack
host_utc=2026-09-30T08:04:44.678+00:00 host_mono_ns=2514503868438559 
host_utc=2026-09-30T08:04:44.678+00:00 host_mono_ns=2514503868447366 stack, 113534
host_utc=2026-09-30T08:04:44.678+00:00 host_mono_ns=2514503868455772 global, 21651
host_utc=2026-09-30T08:04:44.678+00:00 host_mono_ns=2514503868464158 program counter, 13326
host_utc=2026-09-30T08:04:44.678+00:00 host_mono_ns=2514503868477062 initします
host_utc=2026-09-30T08:04:44.679+00:00 host_mono_ns=2514503869274328 boot_end, 2514503869130436
host_utc=2026-09-30T08:04:44.679+00:00 host_mono_ns=2514503869309975 wasm_cluster_increase_checkpointing_counter called 1
host_utc=2026-09-30T08:04:44.679+00:00 host_mono_ns=2514503869329903 Restoring wasm thread 5
host_utc=2026-09-30T08:04:44.679+00:00 host_mono_ns=2514503869346003 wasm_cluster_increase_checkpointing_counter called 2
host_utc=2026-09-30T08:04:44.679+00:00 host_mono_ns=2514503869358627 wasm_cluster_increase_checkpointing_counter called 3
host_utc=2026-09-30T08:04:44.679+00:00 host_mono_ns=2514503869370700 [2026-09-30 08:04:44.678] [info] wasm_restore_stack
host_utc=2026-09-30T08:04:44.679+00:00 host_mono_ns=2514503869383023 
host_utc=2026-09-30T08:04:44.679+00:00 host_mono_ns=2514503869395056 local_cell_num: 2
host_utc=2026-09-30T08:04:44.679+00:00 host_mono_ns=2514503869406728 locals.values.size: 2
host_utc=2026-09-30T08:04:44.679+00:00 host_mono_ns=2514503869418320 [2026-09-30 08:04:44.679] [info] restore label stack
host_utc=2026-09-30T08:04:44.679+00:00 host_mono_ns=2514503869430022 local_cell_num: 8
host_utc=2026-09-30T08:04:44.679+00:00 host_mono_ns=2514503869441273 locals.values.size: 8
host_utc=2026-09-30T08:04:44.679+00:00 host_mono_ns=2514503869452575 [2026-09-30 08:04:44.679] [info] restore label stack
host_utc=2026-09-30T08:04:44.679+00:00 host_mono_ns=2514503869464187 local_cell_num: 14
host_utc=2026-09-30T08:04:44.679+00:00 host_mono_ns=2514503869475598 locals.values.size: 14
host_utc=2026-09-30T08:04:44.679+00:00 host_mono_ns=2514503869487020 [2026-09-30 08:04:44.679] [info] restore label stack
host_utc=2026-09-30T08:04:44.679+00:00 host_mono_ns=2514503869498411 local_cell_num: 8
host_utc=2026-09-30T08:04:44.679+00:00 host_mono_ns=2514503869509522 locals.values.size: 8
host_utc=2026-09-30T08:04:44.679+00:00 host_mono_ns=2514503869520774 [2026-09-30 08:04:44.679] [info] restore label stack
host_utc=2026-09-30T08:04:44.679+00:00 host_mono_ns=2514503869545470 local_cell_num: 13
host_utc=2026-09-30T08:04:44.679+00:00 host_mono_ns=2514503869557042 locals.values.size: 13
host_utc=2026-09-30T08:04:44.679+00:00 host_mono_ns=2514503869568373 [2026-09-30 08:04:44.679] [info] restore label stack
host_utc=2026-09-30T08:04:44.679+00:00 host_mono_ns=2514503869579755 local_cell_num: 19
host_utc=2026-09-30T08:04:44.679+00:00 host_mono_ns=2514503869590756 locals.values.size: 19
host_utc=2026-09-30T08:04:44.679+00:00 host_mono_ns=2514503869601907 [2026-09-30 08:04:44.679] [info] restore label stack
host_utc=2026-09-30T08:04:44.679+00:00 host_mono_ns=2514503869617015 local_cell_num: 63
host_utc=2026-09-30T08:04:44.679+00:00 host_mono_ns=2514503869632685 locals.values.size: 63
host_utc=2026-09-30T08:04:44.679+00:00 host_mono_ns=2514503869644046 [2026-09-30 08:04:44.679] [info] restore label stack
host_utc=2026-09-30T08:04:44.679+00:00 host_mono_ns=2514503869655308 local_cell_num: 9
host_utc=2026-09-30T08:04:44.679+00:00 host_mono_ns=2514503869666429 locals.values.size: 9
host_utc=2026-09-30T08:04:44.679+00:00 host_mono_ns=2514503869677550 [2026-09-30 08:04:44.679] [info] restore label stack
host_utc=2026-09-30T08:04:44.679+00:00 host_mono_ns=2514503869688741 local_cell_num: 9
host_utc=2026-09-30T08:04:44.679+00:00 host_mono_ns=2514503869699842 locals.values.size: 9
host_utc=2026-09-30T08:04:44.679+00:00 host_mono_ns=2514503869710883 [2026-09-30 08:04:44.679] [info] restore label stack
host_utc=2026-09-30T08:04:44.679+00:00 host_mono_ns=2514503869722244 local_cell_num: 6
host_utc=2026-09-30T08:04:44.679+00:00 host_mono_ns=2514503869733185 locals.values.size: 6
host_utc=2026-09-30T08:04:44.679+00:00 host_mono_ns=2514503869744256 [2026-09-30 08:04:44.679] [info] restore label stack
host_utc=2026-09-30T08:04:44.679+00:00 host_mono_ns=2514503869755557 [2026-09-30 08:04:44.679] [info] Finish to restore stack
host_utc=2026-09-30T08:04:44.679+00:00 host_mono_ns=2514503869767359 
host_utc=2026-09-30T08:04:44.679+00:00 host_mono_ns=2514503869778961 stack, 79109
host_utc=2026-09-30T08:04:44.679+00:00 host_mono_ns=2514503869790303 global, 17844
host_utc=2026-09-30T08:04:44.679+00:00 host_mono_ns=2514503869801414 program counter, 7945
host_utc=2026-09-30T08:04:44.679+00:00 host_mono_ns=2514503869819628 initします
host_utc=2026-09-30T08:04:44.680+00:00 host_mono_ns=2514503871018733 [02:28:23:216 - 76D785498840]: warning: failed to link import function (env, pthread_exit)
host_utc=2026-09-30T08:04:44.680+00:00 host_mono_ns=2514503871052296 thread 5 restore
host_utc=2026-09-30T08:04:44.680+00:00 host_mono_ns=2514503871068357 wasm_cluster_increase_checkpointing_counter called 1
host_utc=2026-09-30T08:04:44.680+00:00 host_mono_ns=2514503871079047 Restoring wasm thread 4
host_utc=2026-09-30T08:04:44.680+00:00 host_mono_ns=2514503871088134 wasm_cluster_increase_checkpointing_counter called 2
host_utc=2026-09-30T08:04:44.680+00:00 host_mono_ns=2514503871096971 wasm_cluster_increase_checkpointing_counter called 3
host_utc=2026-09-30T08:04:44.680+00:00 host_mono_ns=2514503871105677 [2026-09-30 08:04:44.680] [info] wasm_restore_stack
host_utc=2026-09-30T08:04:44.680+00:00 host_mono_ns=2514503871114634 
host_utc=2026-09-30T08:04:44.680+00:00 host_mono_ns=2514503871123651 boot_end, 2514503870892585
host_utc=2026-09-30T08:04:44.680+00:00 host_mono_ns=2514503871139090 local_cell_num: 2
host_utc=2026-09-30T08:04:44.680+00:00 host_mono_ns=2514503871148729 locals.values.size: 2
host_utc=2026-09-30T08:04:44.680+00:00 host_mono_ns=2514503871157655 [2026-09-30 08:04:44.680] [info] restore label stack
host_utc=2026-09-30T08:04:44.680+00:00 host_mono_ns=2514503871166442 local_cell_num: 8
host_utc=2026-09-30T08:04:44.681+00:00 host_mono_ns=2514503871174628 locals.values.size: 8
host_utc=2026-09-30T08:04:44.681+00:00 host_mono_ns=2514503871182953 [2026-09-30 08:04:44.680] [info] restore label stack
host_utc=2026-09-30T08:04:44.681+00:00 host_mono_ns=2514503871191399 local_cell_num: 14
host_utc=2026-09-30T08:04:44.681+00:00 host_mono_ns=2514503871208191 locals.values.size: 14
host_utc=2026-09-30T08:04:44.681+00:00 host_mono_ns=2514503871216978 [02:28:23:976 - 76D785498840]: local_cell_num: 215
host_utc=2026-09-30T08:04:44.681+00:00 host_mono_ns=2514503871225474 locals.values.size: 215
host_utc=2026-09-30T08:04:44.681+00:00 host_mono_ns=2514503871233950 [2026-09-30 08:04:44.680] [info] restore label stack
host_utc=2026-09-30T08:04:44.681+00:00 host_mono_ns=2514503871242305 warning: failed to link import function (env, pthread_exit)
host_utc=2026-09-30T08:04:44.681+00:00 host_mono_ns=2514503871251282 local_cell_num: 77
host_utc=2026-09-30T08:04:44.681+00:00 host_mono_ns=2514503871259668 locals.values.size: 77
host_utc=2026-09-30T08:04:44.681+00:00 host_mono_ns=2514503871268064 [2026-09-30 08:04:44.680] [info] restore label stack
host_utc=2026-09-30T08:04:44.681+00:00 host_mono_ns=2514503871276430 local_cell_num: 22
host_utc=2026-09-30T08:04:44.681+00:00 host_mono_ns=2514503871284675 locals.values.size: 22
host_utc=2026-09-30T08:04:44.681+00:00 host_mono_ns=2514503871292941 [2026-09-30 08:04:44.680] [info] restore label stack
host_utc=2026-09-30T08:04:44.681+00:00 host_mono_ns=2514503871301317 [2026-09-30 08:04:44.680] [info] Finish to restore stack
host_utc=2026-09-30T08:04:44.681+00:00 host_mono_ns=2514503871310113 
host_utc=2026-09-30T08:04:44.681+00:00 host_mono_ns=2514503871319070 stack, 114015
host_utc=2026-09-30T08:04:44.681+00:00 host_mono_ns=2514503871327597 global, 22452
host_utc=2026-09-30T08:04:44.681+00:00 host_mono_ns=2514503871335882 program counter, 13185
host_utc=2026-09-30T08:04:44.681+00:00 host_mono_ns=2514503871410543 initします
host_utc=2026-09-30T08:04:44.682+00:00 host_mono_ns=2514503872289173 boot_end, 2514503872190507
host_utc=2026-09-30T08:04:44.682+00:00 host_mono_ns=2514503872315763 thread 4 restore
host_utc=2026-09-30T08:04:44.682+00:00 host_mono_ns=2514503872329088 wasm_cluster_increase_checkpointing_counter called 1
host_utc=2026-09-30T08:04:44.682+00:00 host_mono_ns=2514503872341993 Restoring wasm thread 3
host_utc=2026-09-30T08:04:44.682+00:00 host_mono_ns=2514503872351200 wasm_cluster_increase_checkpointing_counter called 2
host_utc=2026-09-30T08:04:44.682+00:00 host_mono_ns=2514503872360047 wasm_cluster_increase_checkpointing_counter called 3
host_utc=2026-09-30T08:04:44.682+00:00 host_mono_ns=2514503872369294 [2026-09-30 08:04:44.682] [info] wasm_restore_stack
host_utc=2026-09-30T08:04:44.682+00:00 host_mono_ns=2514503872378011 
host_utc=2026-09-30T08:04:44.682+00:00 host_mono_ns=2514503872391166 local_cell_num: 2
host_utc=2026-09-30T08:04:44.682+00:00 host_mono_ns=2514503872399882 locals.values.size: 2
host_utc=2026-09-30T08:04:44.682+00:00 host_mono_ns=2514503872408569 [2026-09-30 08:04:44.682] [info] restore label stack
host_utc=2026-09-30T08:04:44.682+00:00 host_mono_ns=2514503872417886 local_cell_num: 8
host_utc=2026-09-30T08:04:44.682+00:00 host_mono_ns=2514503872426322 locals.values.size: 8
host_utc=2026-09-30T08:04:44.682+00:00 host_mono_ns=2514503872434728 [2026-09-30 08:04:44.682] [info] restore label stack
host_utc=2026-09-30T08:04:44.682+00:00 host_mono_ns=2514503872443344 local_cell_num: 14
host_utc=2026-09-30T08:04:44.682+00:00 host_mono_ns=2514503872451600 locals.values.size: 14
host_utc=2026-09-30T08:04:44.682+00:00 host_mono_ns=2514503872460036 [2026-09-30 08:04:44.682] [info] restore label stack
host_utc=2026-09-30T08:04:44.682+00:00 host_mono_ns=2514503872468472 local_cell_num: 215
host_utc=2026-09-30T08:04:44.682+00:00 host_mono_ns=2514503872476928 locals.values.size: 215
host_utc=2026-09-30T08:04:44.682+00:00 host_mono_ns=2514503872485444 [2026-09-30 08:04:44.682] [info] restore label stack
host_utc=2026-09-30T08:04:44.682+00:00 host_mono_ns=2514503872493920 local_cell_num: 77
host_utc=2026-09-30T08:04:44.682+00:00 host_mono_ns=2514503872502205 locals.values.size: 77
host_utc=2026-09-30T08:04:44.682+00:00 host_mono_ns=2514503872510561 [2026-09-30 08:04:44.682] [info] restore label stack
host_utc=2026-09-30T08:04:44.682+00:00 host_mono_ns=2514503872518937 local_cell_num: 22
host_utc=2026-09-30T08:04:44.682+00:00 host_mono_ns=2514503872536951 locals.values.size: 22
host_utc=2026-09-30T08:04:44.682+00:00 host_mono_ns=2514503872545728 [2026-09-30 08:04:44.682] [info] restore label stack
host_utc=2026-09-30T08:04:44.682+00:00 host_mono_ns=2514503872554324 [2026-09-30 08:04:44.682] [info] Finish to restore stack
host_utc=2026-09-30T08:04:44.682+00:00 host_mono_ns=2514503872563070 
host_utc=2026-09-30T08:04:44.682+00:00 host_mono_ns=2514503872571657 stack, 59762
host_utc=2026-09-30T08:04:44.682+00:00 host_mono_ns=2514503872580063 global, 13545
host_utc=2026-09-30T08:04:44.682+00:00 host_mono_ns=2514503872588488 program counter, 7163
host_utc=2026-09-30T08:04:44.682+00:00 host_mono_ns=2514503872749503 initします
host_utc=2026-09-30T08:04:44.684+00:00 host_mono_ns=2514503874185946 boot_end, 2514503873959388
host_utc=2026-09-30T08:04:44.684+00:00 host_mono_ns=2514503874205824 stack, 106051
host_utc=2026-09-30T08:04:44.684+00:00 host_mono_ns=2514503874220051 wasm_cluster_increase_checkpointing_counter called 1
host_utc=2026-09-30T08:04:44.684+00:00 host_mono_ns=2514503874229659 wasm_cluster_increase_checkpointing_counter called 2
host_utc=2026-09-30T08:04:44.684+00:00 host_mono_ns=2514503874237934 wasm_cluster_increase_checkpointing_counter called 3
host_utc=2026-09-30T08:04:44.684+00:00 host_mono_ns=2514503874245879 [02:28:23:286 - 76D785498840]: warning: failed to link import function (env, pthread_exit)
host_utc=2026-09-30T08:04:44.684+00:00 host_mono_ns=2514503874254636 thread 3 restore
host_utc=2026-09-30T08:04:44.684+00:00 host_mono_ns=2514503874262571 Restoring wasm thread 2
host_utc=2026-09-30T08:04:44.684+00:00 host_mono_ns=2514503874270506 [2026-09-30 08:04:44.683] [info] wasm_restore_stack
host_utc=2026-09-30T08:04:44.684+00:00 host_mono_ns=2514503874278421 
host_utc=2026-09-30T08:04:44.684+00:00 host_mono_ns=2514503874286226 local_cell_num: 2
host_utc=2026-09-30T08:04:44.684+00:00 host_mono_ns=2514503874293920 locals.values.size: 2
host_utc=2026-09-30T08:04:44.684+00:00 host_mono_ns=2514503874301925 [02:28:23:047 - 76D785498840]: warning: failed to link import function (env, pthread_exit)[2026-09-30 08:04:44.683] [info] restore label stack
host_utc=2026-09-30T08:04:44.684+00:00 host_mono_ns=2514503874311523 
host_utc=2026-09-30T08:04:44.684+00:00 host_mono_ns=2514503874319238 local_cell_num: 8
host_utc=2026-09-30T08:04:44.684+00:00 host_mono_ns=2514503874327053 locals.values.size: 8
host_utc=2026-09-30T08:04:44.684+00:00 host_mono_ns=2514503874334717 [2026-09-30 08:04:44.683] [info] restore label stack
host_utc=2026-09-30T08:04:44.684+00:00 host_mono_ns=2514503874342793 local_cell_num: 14
host_utc=2026-09-30T08:04:44.684+00:00 host_mono_ns=2514503874350247 locals.values.size: 14
host_utc=2026-09-30T08:04:44.684+00:00 host_mono_ns=2514503874358352 [2026-09-30 08:04:44.683] [info] restore label stack
host_utc=2026-09-30T08:04:44.684+00:00 host_mono_ns=2514503874366337 local_cell_num: 215
host_utc=2026-09-30T08:04:44.684+00:00 host_mono_ns=2514503874373420 locals.values.size: 215
host_utc=2026-09-30T08:04:44.684+00:00 host_mono_ns=2514503874380874 [2026-09-30 08:04:44.683] [info] restore label stack
host_utc=2026-09-30T08:04:44.684+00:00 host_mono_ns=2514503874388038 thread 2 restore
host_utc=2026-09-30T08:04:44.684+00:00 host_mono_ns=2514503874395232 local_cell_num: 77
host_utc=2026-09-30T08:04:44.684+00:00 host_mono_ns=2514503874402265 locals.values.size: 77
host_utc=2026-09-30T08:04:44.684+00:00 host_mono_ns=2514503874409328 [2026-09-30 08:04:44.683] [info] restore label stack
host_utc=2026-09-30T08:04:44.684+00:00 host_mono_ns=2514503874416632 local_cell_num: 22
host_utc=2026-09-30T08:04:44.684+00:00 host_mono_ns=2514503874423755 locals.values.size: 22
host_utc=2026-09-30T08:04:44.684+00:00 host_mono_ns=2514503874430999 [2026-09-30 08:04:44.683] [info] restore label stack
host_utc=2026-09-30T08:04:44.684+00:00 host_mono_ns=2514503874438293 [2026-09-30 08:04:44.683] [info] Finish to restore stack
host_utc=2026-09-30T08:04:44.684+00:00 host_mono_ns=2514503874445747 
host_utc=2026-09-30T08:04:44.684+00:00 host_mono_ns=2514503874463961 global, 21911
host_utc=2026-09-30T08:04:44.684+00:00 host_mono_ns=2514503874471315 program counter, 13385
host_utc=2026-09-30T08:04:44.684+00:00 host_mono_ns=2514503874483198 initします
host_utc=2026-09-30T08:04:44.685+00:00 host_mono_ns=2514503875492234 wasm_cluster_increase_checkpointing_counter called 1
host_utc=2026-09-30T08:04:44.685+00:00 host_mono_ns=2514503875517962 Restoring wasm thread 1
host_utc=2026-09-30T08:04:44.685+00:00 host_mono_ns=2514503875529113 wasm_cluster_increase_checkpointing_counter called 2
host_utc=2026-09-30T08:04:44.685+00:00 host_mono_ns=2514503875538621 wasm_cluster_increase_checkpointing_counter called 3
host_utc=2026-09-30T08:04:44.685+00:00 host_mono_ns=2514503875547839 [2026-09-30 08:04:44.685] [info] wasm_restore_stack
host_utc=2026-09-30T08:04:44.685+00:00 host_mono_ns=2514503875556906 
host_utc=2026-09-30T08:04:44.685+00:00 host_mono_ns=2514503875566073 local_cell_num: 2
host_utc=2026-09-30T08:04:44.685+00:00 host_mono_ns=2514503875574930 locals.values.size: 2
host_utc=2026-09-30T08:04:44.685+00:00 host_mono_ns=2514503875583787 [2026-09-30 08:04:44.685] [info] restore label stack
host_utc=2026-09-30T08:04:44.685+00:00 host_mono_ns=2514503875592613 local_cell_num: 8
host_utc=2026-09-30T08:04:44.685+00:00 host_mono_ns=2514503875601189 locals.values.size: 8
host_utc=2026-09-30T08:04:44.685+00:00 host_mono_ns=2514503875609685 [2026-09-30 08:04:44.685] [info] restore label stack
host_utc=2026-09-30T08:04:44.685+00:00 host_mono_ns=2514503875618342 local_cell_num: 14
host_utc=2026-09-30T08:04:44.685+00:00 host_mono_ns=2514503875626998 locals.values.size: 14
host_utc=2026-09-30T08:04:44.685+00:00 host_mono_ns=2514503875635735 [2026-09-30 08:04:44.685] [info] restore label stack
host_utc=2026-09-30T08:04:44.685+00:00 host_mono_ns=2514503875644281 local_cell_num: 215
host_utc=2026-09-30T08:04:44.685+00:00 host_mono_ns=2514503875652767 locals.values.size: 215
host_utc=2026-09-30T08:04:44.685+00:00 host_mono_ns=2514503875661393 [2026-09-30 08:04:44.685] [info] restore label stack
host_utc=2026-09-30T08:04:44.685+00:00 host_mono_ns=2514503875669899 local_cell_num: 77
host_utc=2026-09-30T08:04:44.685+00:00 host_mono_ns=2514503875680419 locals.values.size: 77
host_utc=2026-09-30T08:04:44.685+00:00 host_mono_ns=2514503875691951 [2026-09-30 08:04:44.685] [info] restore label stack
host_utc=2026-09-30T08:04:44.685+00:00 host_mono_ns=2514503875703322 local_cell_num: 22
host_utc=2026-09-30T08:04:44.685+00:00 host_mono_ns=2514503875714503 locals.values.size: 22
host_utc=2026-09-30T08:04:44.685+00:00 host_mono_ns=2514503875725795 [2026-09-30 08:04:44.685] [info] restore label stack
host_utc=2026-09-30T08:04:44.685+00:00 host_mono_ns=2514503875737186 [2026-09-30 08:04:44.685] [info] Finish to restore stack
host_utc=2026-09-30T08:04:44.685+00:00 host_mono_ns=2514503875749069 
host_utc=2026-09-30T08:04:44.685+00:00 host_mono_ns=2514503875766702 boot_end, 2514503875333424
host_utc=2026-09-30T08:04:44.685+00:00 host_mono_ns=2514503875778645 stack, 56146
host_utc=2026-09-30T08:04:44.685+00:00 host_mono_ns=2514503875789986 global, 14047
host_utc=2026-09-30T08:04:44.685+00:00 host_mono_ns=2514503875801247 program counter, 7304
host_utc=2026-09-30T08:04:44.685+00:00 host_mono_ns=2514503875923889 initします
host_utc=2026-09-30T08:04:44.685+00:00 host_mono_ns=2514503875937905 [02:28:23:418 - 76D785498840]: warning: failed to link import function (env, pthread_exit)
host_utc=2026-09-30T08:04:44.685+00:00 host_mono_ns=2514503875945850 wasm_cluster_increase_checkpointing_counter called 1
host_utc=2026-09-30T08:04:44.685+00:00 host_mono_ns=2514503875952643 wasm_cluster_increase_checkpointing_counter called 2
host_utc=2026-09-30T08:04:44.685+00:00 host_mono_ns=2514503875958595 wasm_cluster_increase_checkpointing_counter called 3
host_utc=2026-09-30T08:04:44.685+00:00 host_mono_ns=2514503875964556 thread 1 restore
host_utc=2026-09-30T08:04:44.685+00:00 host_mono_ns=2514503875970427 [2026-09-30 08:04:44.685] [info] wasm_restore_stack
host_utc=2026-09-30T08:04:44.685+00:00 host_mono_ns=2514503875981718 
host_utc=2026-09-30T08:04:44.687+00:00 host_mono_ns=2514503877183619 [2026-09-30 08:04:44.686] [info] wasm_restore_stack
host_utc=2026-09-30T08:04:44.687+00:00 host_mono_ns=2514503877220559 
host_utc=2026-09-30T08:04:44.687+00:00 host_mono_ns=2514503877235767 local_cell_num: 1
host_utc=2026-09-30T08:04:44.687+00:00 host_mono_ns=2514503877247860 locals.values.size: 1
host_utc=2026-09-30T08:04:44.687+00:00 host_mono_ns=2514503877259743 [2026-09-30 08:04:44.686] [info] restore label stack
host_utc=2026-09-30T08:04:44.687+00:00 host_mono_ns=2514503877271615 local_cell_num: 3
host_utc=2026-09-30T08:04:44.687+00:00 host_mono_ns=2514503877282987 locals.values.size: 3
host_utc=2026-09-30T08:04:44.687+00:00 host_mono_ns=2514503877294388 [2026-09-30 08:04:44.686] [info] restore label stack
host_utc=2026-09-30T08:04:44.687+00:00 host_mono_ns=2514503877305649 local_cell_num: 147
host_utc=2026-09-30T08:04:44.687+00:00 host_mono_ns=2514503877317081 locals.values.size: 147
host_utc=2026-09-30T08:04:44.687+00:00 host_mono_ns=2514503877328663 [2026-09-30 08:04:44.686] [info] restore label stack
host_utc=2026-09-30T08:04:44.687+00:00 host_mono_ns=2514503877339974 local_cell_num: 19
host_utc=2026-09-30T08:04:44.687+00:00 host_mono_ns=2514503877351195 locals.values.size: 19
host_utc=2026-09-30T08:04:44.687+00:00 host_mono_ns=2514503877362687 [2026-09-30 08:04:44.686] [info] restore label stack
host_utc=2026-09-30T08:04:44.687+00:00 host_mono_ns=2514503877373858 local_cell_num: 63
host_utc=2026-09-30T08:04:44.687+00:00 host_mono_ns=2514503877384929 locals.values.size: 63
host_utc=2026-09-30T08:04:44.687+00:00 host_mono_ns=2514503877396010 [2026-09-30 08:04:44.686] [info] restore label stack
host_utc=2026-09-30T08:04:44.687+00:00 host_mono_ns=2514503877407311 local_cell_num: 9
host_utc=2026-09-30T08:04:44.687+00:00 host_mono_ns=2514503877418573 locals.values.size: 9
host_utc=2026-09-30T08:04:44.687+00:00 host_mono_ns=2514503877429704 [2026-09-30 08:04:44.686] [info] restore label stack
host_utc=2026-09-30T08:04:44.687+00:00 host_mono_ns=2514503877440815 local_cell_num: 9
host_utc=2026-09-30T08:04:44.687+00:00 host_mono_ns=2514503877451845 locals.values.size: 9
host_utc=2026-09-30T08:04:44.687+00:00 host_mono_ns=2514503877462886 [2026-09-30 08:04:44.686] [info] restore label stack
host_utc=2026-09-30T08:04:44.687+00:00 host_mono_ns=2514503877473957 local_cell_num: 6
host_utc=2026-09-30T08:04:44.687+00:00 host_mono_ns=2514503877484868 locals.values.size: 6
host_utc=2026-09-30T08:04:44.687+00:00 host_mono_ns=2514503877495839 [2026-09-30 08:04:44.686] [info] restore label stack
host_utc=2026-09-30T08:04:44.687+00:00 host_mono_ns=2514503877506970 [2026-09-30 08:04:44.686] [info] Finish to restore stack
host_utc=2026-09-30T08:04:44.687+00:00 host_mono_ns=2514503877519183 
host_utc=2026-09-30T08:04:44.687+00:00 host_mono_ns=2514503877530384 boot_end, 2514503877014920
host_utc=2026-09-30T08:04:44.687+00:00 host_mono_ns=2514503877542076 stack, 1301058
host_utc=2026-09-30T08:04:44.687+00:00 host_mono_ns=2514503877553648 local_cell_num: 2
host_utc=2026-09-30T08:04:44.687+00:00 host_mono_ns=2514503877564659 locals.values.size: 2
host_utc=2026-09-30T08:04:44.687+00:00 host_mono_ns=2514503877575740 [2026-09-30 08:04:44.686] [info] restore label stack
host_utc=2026-09-30T08:04:44.687+00:00 host_mono_ns=2514503877586921 local_cell_num: 8
host_utc=2026-09-30T08:04:44.687+00:00 host_mono_ns=2514503877597961 locals.values.size: 8
host_utc=2026-09-30T08:04:44.687+00:00 host_mono_ns=2514503877608972 [2026-09-30 08:04:44.686] [info] restore label stack
host_utc=2026-09-30T08:04:44.687+00:00 host_mono_ns=2514503877620153 local_cell_num: 14
host_utc=2026-09-30T08:04:44.687+00:00 host_mono_ns=2514503877631064 locals.values.size: 14
host_utc=2026-09-30T08:04:44.687+00:00 host_mono_ns=2514503877642195 [2026-09-30 08:04:44.686] [info] restore label stack
host_utc=2026-09-30T08:04:44.687+00:00 host_mono_ns=2514503877653316 local_cell_num: 155
host_utc=2026-09-30T08:04:44.687+00:00 host_mono_ns=2514503877664267 locals.values.size: 155
host_utc=2026-09-30T08:04:44.687+00:00 host_mono_ns=2514503877686869 [2026-09-30 08:04:44.686] [info] restore label stack
host_utc=2026-09-30T08:04:44.687+00:00 host_mono_ns=2514503877695586 local_cell_num: 19
host_utc=2026-09-30T08:04:44.687+00:00 host_mono_ns=2514503877705164 locals.values.size: 19
host_utc=2026-09-30T08:04:44.687+00:00 host_mono_ns=2514503877713971 [2026-09-30 08:04:44.686] [info] restore label stack
host_utc=2026-09-30T08:04:44.687+00:00 host_mono_ns=2514503877723739 local_cell_num: 63
host_utc=2026-09-30T08:04:44.687+00:00 host_mono_ns=2514503877732365 locals.values.size: 63
host_utc=2026-09-30T08:04:44.687+00:00 host_mono_ns=2514503877740581 [2026-09-30 08:04:44.686] [info] restore label stack
host_utc=2026-09-30T08:04:44.687+00:00 host_mono_ns=2514503877748967 local_cell_num: 9
host_utc=2026-09-30T08:04:44.687+00:00 host_mono_ns=2514503877757122 locals.values.size: 9
host_utc=2026-09-30T08:04:44.687+00:00 host_mono_ns=2514503877765398 [2026-09-30 08:04:44.686] [info] restore label stack
host_utc=2026-09-30T08:04:44.687+00:00 host_mono_ns=2514503877773723 local_cell_num: 9
host_utc=2026-09-30T08:04:44.687+00:00 host_mono_ns=2514503877781919 locals.values.size: 9
host_utc=2026-09-30T08:04:44.687+00:00 host_mono_ns=2514503877790134 [2026-09-30 08:04:44.686] [info] restore label stack
host_utc=2026-09-30T08:04:44.687+00:00 host_mono_ns=2514503877798440 local_cell_num: 6
host_utc=2026-09-30T08:04:44.687+00:00 host_mono_ns=2514503877806616 locals.values.size: 6
host_utc=2026-09-30T08:04:44.687+00:00 host_mono_ns=2514503877814971 [2026-09-30 08:04:44.686] [info] restore label stack
host_utc=2026-09-30T08:04:44.687+00:00 host_mono_ns=2514503877823397 [2026-09-30 08:04:44.686] [info] Finish to restore stack
host_utc=2026-09-30T08:04:44.687+00:00 host_mono_ns=2514503877831933 
host_utc=2026-09-30T08:04:44.687+00:00 host_mono_ns=2514503877846010 stack, 83317
host_utc=2026-09-30T08:04:44.687+00:00 host_mono_ns=2514503877855067 global, 17403
host_utc=2026-09-30T08:04:44.687+00:00 host_mono_ns=2514503877863603 program counter, 8676
host_utc=2026-09-30T08:04:45.645+00:00 host_mono_ns=2514504835456007 memory, 957788944
host_utc=2026-09-30T08:04:45.645+00:00 host_mono_ns=2514504835500160 global, 12143
host_utc=2026-09-30T08:04:45.645+00:00 host_mono_ns=2514504835507234 program counter, 12874
host_utc=2026-09-30T08:04:45.649+00:00 host_mono_ns=2514504840054113 '
host_utc=2026-09-30T08:04:45.649+00:00 host_mono_ns=2514504840093828 LOG_DEBUG : 00000015.232 : [MROS2LIB] message get [callback_handler] msg_sn_high: 0 msg_sn_low: c
host_utc=2026-09-30T08:04:45.649+00:00 host_mono_ns=2514504840111832 subscribed msg: 'Hello from mros2-posix onto Linux: 15'
host_utc=2026-09-30T08:04:45.649+00:00 host_mono_ns=2514504840135627 LOG_ERROR : 00000018.611 : LOG_ERROR : 00000018.611 : UDP_RECV result=error errno=27 fd=12 recv=-1UDP_RECV result=error errno=27 fd=4 recv=-1
host_utc=2026-09-30T08:04:45.649+00:00 host_mono_ns=2514504840151807 LOG_ERROR : 00000018.611 :
host_utc=2026-09-30T08:04:45.649+00:00 host_mono_ns=2514504840165093 LOG_ERROR : 00000018.611 : LOG_ERROR : 00000018.611 : UDP_RECV_RECOVERY action=start fd=4UDP_RECV result=error errno=27 fd=11 recv=-1
host_utc=2026-09-30T08:04:45.650+00:00 host_mono_ns=2514504840178949 UDP_RECV_RECOVERY action=start fd=12
host_utc=2026-09-30T08:04:45.650+00:00 host_mono_ns=2514504840191873 LOG_ERROR : 00000018.612 : LOG_ERROR : 00000018.611 : UDP_RECV_RECOVERY action=start fd=11UDP_RECV result=error errno=27 fd=15 recv=-1
host_utc=2026-09-30T08:04:45.650+00:00 host_mono_ns=2514504840205008 
host_utc=2026-09-30T08:04:45.650+00:00 host_mono_ns=2514504840218012 set TTL: ttl=255, optlen=4
host_utc=2026-09-30T08:04:45.650+00:00 host_mono_ns=2514504840230696 LOG_ERROR : 00000018.613 : LOG_ERROR : 00000018.613 : UDP_RECV_RECOVERY action=start fd=15UDP_RECV_RECOVERY result=ok rc=0 old_fd=4 new_fd=14
host_utc=2026-09-30T08:04:45.650+00:00 host_mono_ns=2514504840243821 LOG_ERROR : 00000018.613 :
host_utc=2026-09-30T08:04:45.650+00:00 host_mono_ns=2514504840256355 
host_utc=2026-09-30T08:04:45.650+00:00 host_mono_ns=2514504840302131 UDP_RECV_RECOVERY result=ok rc=0 old_fd=11 new_fd=11set TTL: ttl=255, optlen=4
host_utc=2026-09-30T08:04:50.650+00:00 host_mono_ns=2514509840648296 LOG_ERROR : 00000018.614 : LOG_ERROR : 00000018.614 : UDP_RECV_RECOVERY result=ok rc=0 old_fd=12 new_fd=10UDP_RECV_RECOVERY result=ok rc=0 old_fd=15 new_fd=7
host_utc=2026-09-30T08:04:50.650+00:00 host_mono_ns=2514509840719060 
host_utc=2026-09-30T08:04:50.650+00:00 host_mono_ns=2514509840735551 
host_utc=2026-09-30T08:04:50.650+00:00 host_mono_ns=2514509840748846 publishing msg: 'Hello from mros2-posix onto Linux: 16'
host_utc=2026-09-30T08:04:50.650+00:00 host_mono_ns=2514509840772170 LOG_DEBUG : 00000019.615 : [MROS2LIB] message get [callback_handler] msg_sn_high: 0 msg_sn_low: d
host_utc=2026-09-30T08:04:50.650+00:00 host_mono_ns=2514509840787549 subscribed msg: 'Hello from mros2-posix onto Linux: 16'
host_utc=2026-09-30T08:04:50.650+00:00 host_mono_ns=2514509840803309 publishing msg: 'Hello from mros2-posix onto Linux: 17'
host_utc=2026-09-30T08:04:50.650+00:00 host_mono_ns=2514509840817746 LOG_DEBUG : 00000020.613 : [MROS2LIB] message get [callback_handler] msg_sn_high: 0 msg_sn_low: e
host_utc=2026-09-30T08:04:50.650+00:00 host_mono_ns=2514509840831352 subscribed msg: 'Hello from mros2-posix onto Linux: 17'
host_utc=2026-09-30T08:04:50.650+00:00 host_mono_ns=2514509840846280 publishing msg: 'Hello from mros2-posix onto Linux: 18'
host_utc=2026-09-30T08:04:50.650+00:00 host_mono_ns=2514509840860537 LOG_DEBUG : 00000021.613 : [MROS2LIB] message get [callback_handler] msg_sn_high: 0 msg_sn_low: f
host_utc=2026-09-30T08:04:50.650+00:00 host_mono_ns=2514509840874022 subscribed msg: 'Hello from mros2-posix onto Linux: 18'
host_utc=2026-09-30T08:04:50.650+00:00 host_mono_ns=2514509840887939 publishing msg: 'Hello from mros2-posix onto Linux: 19'
host_utc=2026-09-30T08:04:50.650+00:00 host_mono_ns=2514509840901805 LOG_DEBUG : 00000022.614 : [MROS2LIB] message get [callback_handler] msg_sn_high: 0 msg_sn_low: 10
host_utc=2026-09-30T08:04:50.650+00:00 host_mono_ns=2514509840915571 subscribed msg: 'Hello from mros2-posix onto Linux: 19'
host_utc=2026-09-30T08:04:50.650+00:00 host_mono_ns=2514509840929778 publishing msg: 'Hello from mros2-posix onto Linux: 20'
host_utc=2026-09-30T08:04:55.653+00:00 host_mono_ns=2514514843936388 LOG_DEBUG : 00000023.614 : [MROS2LIB] message get [callback_handler] msg_sn_high: 0 msg_sn_low: 11
host_utc=2026-09-30T08:04:55.653+00:00 host_mono_ns=2514514844014566 subscribed msg: 'Hello from mros2-posix onto Linux: 20'
host_utc=2026-09-30T08:04:55.653+00:00 host_mono_ns=2514514844043160 publishing msg: 'Hello from mros2-posix onto Linux: 21'
host_utc=2026-09-30T08:04:55.653+00:00 host_mono_ns=2514514844059982 LOG_DEBUG : 00000024.615 : [MROS2LIB] message get [callback_handler] msg_sn_high: 0 msg_sn_low: 12
host_utc=2026-09-30T08:04:55.653+00:00 host_mono_ns=2514514844074209 subscribed msg: 'Hello from mros2-posix onto Linux: 21'
host_utc=2026-09-30T08:04:55.653+00:00 host_mono_ns=2514514844088736 publishing msg: 'Hello from mros2-posix onto Linux: 22'
host_utc=2026-09-30T08:04:55.653+00:00 host_mono_ns=2514514844102722 LOG_DEBUG : 00000025.616 : [MROS2LIB] message get [callback_handler] msg_sn_high: 0 msg_sn_low: 13
host_utc=2026-09-30T08:04:55.653+00:00 host_mono_ns=2514514844115927 subscribed msg: 'Hello from mros2-posix onto Linux: 22'
host_utc=2026-09-30T08:04:55.653+00:00 host_mono_ns=2514514844130014 publishing msg: 'Hello from mros2-posix onto Linux: 23'
host_utc=2026-09-30T08:04:55.653+00:00 host_mono_ns=2514514844143890 LOG_DEBUG : 00000026.616 : [MROS2LIB] message get [callback_handler] msg_sn_high: 0 msg_sn_low: 14
host_utc=2026-09-30T08:04:55.653+00:00 host_mono_ns=2514514844157105 subscribed msg: 'Hello from mros2-posix onto Linux: 23'
host_utc=2026-09-30T08:04:55.654+00:00 host_mono_ns=2514514844171021 publishing msg: 'Hello from mros2-posix onto Linux: 24'
host_utc=2026-09-30T08:04:55.654+00:00 host_mono_ns=2514514844184858 LOG_DEBUG : 00000027.617 : [MROS2LIB] message get [callback_handler] msg_sn_high: 0 msg_sn_low: 15
host_utc=2026-09-30T08:04:55.654+00:00 host_mono_ns=2514514844214614 subscribed msg: 'Hello from mros2-posix onto Linux: 24'
host_utc=2026-09-30T08:04:55.654+00:00 host_mono_ns=2514514844226897 publishing msg: 'Hello from mros2-posix onto Linux: 25'
host_utc=2026-09-30T08:05:00.656+00:00 host_mono_ns=2514519847185607 LOG_DEBUG : 00000028.618 : [MROS2LIB] message get [callback_handler] msg_sn_high: 0 msg_sn_low: 16
host_utc=2026-09-30T08:05:00.657+00:00 host_mono_ns=2514519847252032 subscribed msg: 'Hello from mros2-posix onto Linux: 25'
host_utc=2026-09-30T08:05:00.657+00:00 host_mono_ns=2514519847279925 publishing msg: 'Hello from mros2-posix onto Linux: 26'
host_utc=2026-09-30T08:05:00.657+00:00 host_mono_ns=2514519847296075 LOG_DEBUG : 00000029.618 : [MROS2LIB] message get [callback_handler] msg_sn_high: 0 msg_sn_low: 17
host_utc=2026-09-30T08:05:00.657+00:00 host_mono_ns=2514519847310593 subscribed msg: 'Hello from mros2-posix onto Linux: 26'
host_utc=2026-09-30T08:05:00.657+00:00 host_mono_ns=2514519847325190 publishing msg: 'Hello from mros2-posix onto Linux: 27'
host_utc=2026-09-30T08:05:00.657+00:00 host_mono_ns=2514519847339417 LOG_DEBUG : 00000030.619 : [MROS2LIB] message get [callback_handler] msg_sn_high: 0 msg_sn_low: 18
host_utc=2026-09-30T08:05:00.657+00:00 host_mono_ns=2514519847352883 subscribed msg: 'Hello from mros2-posix onto Linux: 27'
host_utc=2026-09-30T08:05:00.657+00:00 host_mono_ns=2514519847367220 publishing msg: 'Hello from mros2-posix onto Linux: 28'
host_utc=2026-09-30T08:05:00.657+00:00 host_mono_ns=2514519847381356 LOG_DEBUG : 00000031.620 : [MROS2LIB] message get [callback_handler] msg_sn_high: 0 msg_sn_low: 19
host_utc=2026-09-30T08:05:00.657+00:00 host_mono_ns=2514519847394662 subscribed msg: 'Hello from mros2-posix onto Linux: 28'
host_utc=2026-09-30T08:05:00.657+00:00 host_mono_ns=2514519847408728 publishing msg: 'Hello from mros2-posix onto Linux: 29'
host_utc=2026-09-30T08:05:00.657+00:00 host_mono_ns=2514519847422574 LOG_DEBUG : 00000032.620 : [MROS2LIB] message get [callback_handler] msg_sn_high: 0 msg_sn_low: 1a
host_utc=2026-09-30T08:05:00.657+00:00 host_mono_ns=2514519847435709 subscribed msg: 'Hello from mros2-posix onto Linux: 29'
host_utc=2026-09-30T08:05:00.657+00:00 host_mono_ns=2514519847450267 publishing msg: 'Hello from mros2-posix onto Linux: 30'
host_utc=2026-09-30T08:05:00.993+00:00 host_mono_ns=2514520183432498 LOG_DEBUG : 00000033.621 : [MROS2LIB] message get [callback_handler] msg_sn_high:
host_utc=2026-09-30T08:05:00.993+00:00 host_mono_ns=2514520183528439 event=collector_process_exit source=restore exit_status=143
