+ /opt/wasi-sdk-21/bin/clang --target=wasm32-wasi-threads --sysroot=/home/osslab/wasi-sysroot -pthread -std=c11 -O0 -g -Ithird_party/wamr/core/iwasm/libraries/lib-socket/inc experiments/eintr-ip-refresh-phase0/gate-review/atomic-owner/probe.c lwip-wasm/public/libsocket_wasi_ext.a -Wl,--import-memory,--export-memory,--shared-memory,--initial-memory=1073741824,--max-memory=1073741824,-zstack-size=6553600 -o experiments/eintr-ip-refresh-phase0/gate-review/atomic-owner/probe.wasm
+ /opt/wasi-sdk-21/bin/clang --target=wasm32-wasi-threads --sysroot=/home/osslab/wasi-sysroot -pthread -std=c11 -O0 -Ithird_party/wamr/core/iwasm/libraries/lib-socket/inc -c experiments/eintr-ip-refresh-phase0/gate-review/atomic-owner/probe.c -o experiments/eintr-ip-refresh-phase0/gate-review/atomic-owner/probe.o
+ /opt/wasi-sdk-21/bin/llvm-nm -u experiments/eintr-ip-refresh-phase0/gate-review/atomic-owner/probe.o
         U __stack_pointer
         U __tls_base
         U bind
         U close
         U errno
         U exit
         U htons
         U printf
         U pthread_create
         U pthread_join
         U pthread_self
         U recvfrom
         U setbuf
         U snprintf
         U socket
         U stdout
         U write
+ wasm-objdump -x experiments/eintr-ip-refresh-phase0/gate-review/atomic-owner/probe.wasm

probe.wasm:	file format wasm 0x1

Section Details:

Type[18]:
 - type[0] (i32, i32, i32) -> i32
 - type[1] (i32, i64, i32) -> i64
 - type[2] (i32) -> i32
 - type[3] (i32) -> nil
 - type[4] (i32, i32) -> i32
 - type[5] (i32, i32, i32, i32, i32, i32) -> i32
 - type[6] (i32, i32, i32, i32) -> i32
 - type[7] (i32, i64, i32) -> i32
 - type[8] (i32, i64, i32, i32) -> i32
 - type[9] () -> i32
 - type[10] () -> nil
 - type[11] (i32, i32, i32, i32) -> nil
 - type[12] (i32, i32) -> nil
 - type[13] (f64, i32) -> f64
 - type[14] (i32, i32, i32, i32, i32) -> i32
 - type[15] (i32, i32, i32) -> nil
 - type[16] (i32, i32, i32, i32, i32) -> nil
 - type[17] (i32, i32, i32, i64) -> i32
Import[15]:
 - memory[0] pages: initial=16384 max=16384 shared <- env.memory
 - func[0] sig=4 <__imported_wasi_snapshot_preview1_sock_bind> <- wasi_snapshot_preview1.sock_bind
 - func[1] sig=5 <__imported_wasi_snapshot_preview1_sock_recv_from> <- wasi_snapshot_preview1.sock_recv_from
 - func[2] sig=6 <__imported_wasi_snapshot_preview1_sock_open> <- wasi_snapshot_preview1.sock_open
 - func[3] sig=4 <__imported_wasi_snapshot_preview1_args_get> <- wasi_snapshot_preview1.args_get
 - func[4] sig=4 <__imported_wasi_snapshot_preview1_args_sizes_get> <- wasi_snapshot_preview1.args_sizes_get
 - func[5] sig=7 <__imported_wasi_snapshot_preview1_clock_time_get> <- wasi_snapshot_preview1.clock_time_get
 - func[6] sig=2 <__imported_wasi_snapshot_preview1_fd_close> <- wasi_snapshot_preview1.fd_close
 - func[7] sig=4 <__imported_wasi_snapshot_preview1_fd_fdstat_get> <- wasi_snapshot_preview1.fd_fdstat_get
 - func[8] sig=8 <__imported_wasi_snapshot_preview1_fd_seek> <- wasi_snapshot_preview1.fd_seek
 - func[9] sig=6 <__imported_wasi_snapshot_preview1_fd_write> <- wasi_snapshot_preview1.fd_write
 - func[10] sig=3 <__imported_wasi_snapshot_preview1_proc_exit> <- wasi_snapshot_preview1.proc_exit
 - func[11] sig=9 <__imported_wasi_snapshot_preview1_sched_yield> <- wasi_snapshot_preview1.sched_yield
 - func[12] sig=5 <__imported_wasi_snapshot_preview1_sock_recv> <- wasi_snapshot_preview1.sock_recv
 - func[13] sig=2 <__imported_wasi_thread_spawn> <- wasi.thread-spawn
Function[104]:
 - func[14] sig=10 <__wasm_call_ctors>
 - func[15] sig=3 <__wasm_init_tls>
 - func[16] sig=10 <__wasm_init_memory>
 - func[17] sig=10 <_start>
 - func[18] sig=4 <main>
 - func[19] sig=2 <stress>
 - func[20] sig=3 <emit>
 - func[21] sig=2 <contender>
 - func[22] sig=0 <wasi_addr_to_sockaddr>
 - func[23] sig=0 <bind>
 - func[24] sig=0 <sockaddr_to_wasi_addr>
 - func[25] sig=5 <recvfrom>
 - func[26] sig=0 <socket>
 - func[27] sig=2 <malloc>
 - func[28] sig=2 <dlmalloc>
 - func[29] sig=3 <free>
 - func[30] sig=3 <dlfree>
 - func[31] sig=4 <calloc>
 - func[32] sig=9 <sched_yield>
 - func[33] sig=6 <recv>
 - func[34] sig=0 <write>
 - func[35] sig=3 <_Exit>
 - func[36] sig=9 <__main_void>
 - func[37] sig=10 <__wasilibc_populate_preopens>
 - func[38] sig=2 <close>
 - func[39] sig=4 <__wasi_args_get>
 - func[40] sig=4 <__wasi_args_sizes_get>
 - func[41] sig=7 <__wasi_clock_time_get>
 - func[42] sig=2 <__wasi_fd_close>
 - func[43] sig=4 <__wasi_fd_fdstat_get>
 - func[44] sig=8 <__wasi_fd_seek>
 - func[45] sig=6 <__wasi_fd_write>
 - func[46] sig=3 <__wasi_proc_exit>
 - func[47] sig=9 <__wasi_sched_yield>
 - func[48] sig=5 <__wasi_sock_recv>
 - func[49] sig=2 <__wasi_thread_spawn>
 - func[50] sig=10 <abort>
 - func[51] sig=2 <sbrk>
 - func[52] sig=10 <__wasi_init_tp>
 - func[53] sig=2 <__copy_tls>
 - func[54] sig=11 <__assert_fail>
 - func[55] sig=10 <dummy>
 - func[56] sig=10 <__wasm_call_dtors>
 - func[57] sig=3 <exit>
 - func[58] sig=2 <htonl>
 - func[59] sig=2 <htons>
 - func[60] sig=2 <ntohl>
 - func[61] sig=2 <ntohs>
 - func[62] sig=0 <fprintf>
 - func[63] sig=4 <printf>
 - func[64] sig=12 <setbuf>
 - func[65] sig=6 <setvbuf>
 - func[66] sig=6 <snprintf>
 - func[67] sig=2 <dummy>
 - func[68] sig=2 <__stdio_close>
 - func[69] sig=0 <writev>
 - func[70] sig=0 <__stdio_write>
 - func[71] sig=1 <__lseek>
 - func[72] sig=1 <__stdio_seek>
 - func[73] sig=2 <__isatty>
 - func[74] sig=0 <__stdout_write>
 - func[75] sig=2 <__lockfile>
 - func[76] sig=3 <__unlockfile>
 - func[77] sig=9 <__ofl_lock>
 - func[78] sig=10 <__ofl_unlock>
 - func[79] sig=10 <__stdio_exit>
 - func[80] sig=2 <__towrite>
 - func[81] sig=0 <__fwritex>
 - func[82] sig=6 <fwrite>
 - func[83] sig=4 <dummy>
 - func[84] sig=4 <__lctrans>
 - func[85] sig=2 <strerror>
 - func[86] sig=0 <wcrtomb>
 - func[87] sig=4 <wctomb>
 - func[88] sig=13 <frexp>
 - func[89] sig=4 <fputs>
 - func[90] sig=0 <vfprintf>
 - func[91] sig=14 <printf_core>
 - func[92] sig=15 <pop_arg>
 - func[93] sig=16 <pad>
 - func[94] sig=10 <long_double_not_supported>
 - func[95] sig=6 <vsnprintf>
 - func[96] sig=0 <sn_write>
 - func[97] sig=2 <strlen>
 - func[98] sig=0 <memchr>
 - func[99] sig=4 <strnlen>
 - func[100] sig=3 <__lock>
 - func[101] sig=3 <__unlock>
 - func[102] sig=17 <__wasilibc_futex_wait>
 - func[103] sig=11 <__wait>
 - func[104] sig=10 <dummy_0>
 - func[105] sig=10 <__tl_unlock>
 - func[106] sig=3 <__tl_sync>
 - func[107] sig=12 <__wasi_thread_start_C>
 - func[108] sig=6 <__pthread_create>
 - func[109] sig=4 <__clock_gettime>
 - func[110] sig=14 <__timedwait_cp>
 - func[111] sig=4 <__pthread_join>
 - func[112] sig=0 <__pthread_timedjoin_np>
 - func[113] sig=9 <__pthread_self_internal>
 - func[114] sig=4 <__pthread_setcancelstate>
 - func[115] sig=10 <__pthread_testcancel>
 - func[116] sig=10 <__testcancel>
 - func[117] sig=12 <wasi_thread_start>
Table[1]:
 - table[0] type=funcref initial=8 max=8
Global[5]:
 - global[0] i32 mutable=1 <__stack_pointer> - init i32=6559648
 - global[1] i32 mutable=1 <__tls_base> - init i32=0
 - global[2] i32 mutable=0 <__tls_size> - init i32=112
 - global[3] i32 mutable=0 <__tls_align> - init i32=4
 - global[4] i32 mutable=0 <GOT.data.internal.__memory_base> - init i32=0
Export[3]:
 - memory[0] -> "memory"
 - func[17] <_start> -> "_start"
 - func[117] <wasi_thread_start> -> "wasi_thread_start"
Start:
 - start function: 16 <__wasm_init_memory>
Elem[1]:
 - segment[0] flags=0 table=0 count=7 - init i32=1
  - elem[1] = func[19] <stress>
  - elem[2] = func[21] <contender>
  - elem[3] = func[68] <__stdio_close>
  - elem[4] = func[70] <__stdio_write>
  - elem[5] = func[72] <__stdio_seek>
  - elem[6] = func[74] <__stdout_write>
  - elem[7] = func[96] <sn_write>
DataCount:
 - data count: 3
Code[104]:
 - func[14] size=2 <__wasm_call_ctors>
 - func[15] size=17 <__wasm_init_tls>
 - func[16] size=118 <__wasm_init_memory>
 - func[17] size=75 <_start>
 - func[18] size=2534 <main>
 - func[19] size=1040 <stress>
 - func[20] size=405 <emit>
 - func[21] size=709 <contender>
 - func[22] size=364 <wasi_addr_to_sockaddr>
 - func[23] size=163 <bind>
 - func[24] size=391 <sockaddr_to_wasi_addr>
 - func[25] size=233 <recvfrom>
 - func[26] size=150 <socket>
 - func[27] size=10 <malloc>
 - func[28] size=7290 <dlmalloc>
 - func[29] size=10 <free>
 - func[30] size=1844 <dlfree>
 - func[31] size=103 <calloc>
 - func[32] size=40 <sched_yield>
 - func[33] size=156 <recv>
 - func[34] size=119 <write>
 - func[35] size=11 <_Exit>
 - func[36] size=213 <__main_void>
 - func[37] size=2 <__wasilibc_populate_preopens>
 - func[38] size=46 <close>
 - func[39] size=17 <__wasi_args_get>
 - func[40] size=17 <__wasi_args_sizes_get>
 - func[41] size=19 <__wasi_clock_time_get>
 - func[42] size=15 <__wasi_fd_close>
 - func[43] size=17 <__wasi_fd_fdstat_get>
 - func[44] size=21 <__wasi_fd_seek>
 - func[45] size=21 <__wasi_fd_write>
 - func[46] size=11 <__wasi_proc_exit>
 - func[47] size=13 <__wasi_sched_yield>
 - func[48] size=25 <__wasi_sock_recv>
 - func[49] size=10 <__wasi_thread_spawn>
 - func[50] size=4 <abort>
 - func[51] size=85 <sbrk>
 - func[52] size=188 <__wasi_init_tp>
 - func[53] size=49 <__copy_tls>
 - func[54] size=77 <__assert_fail>
 - func[55] size=2 <dummy>
 - func[56] size=14 <__wasm_call_dtors>
 - func[57] size=23 <exit>
 - func[58] size=35 <htonl>
 - func[59] size=18 <htons>
 - func[60] size=35 <ntohl>
 - func[61] size=18 <ntohs>
 - func[62] size=55 <fprintf>
 - func[63] size=59 <printf>
 - func[64] size=22 <setbuf>
 - func[65] size=124 <setvbuf>
 - func[66] size=57 <snprintf>
 - func[67] size=4 <dummy>
 - func[68] size=19 <__stdio_close>
 - func[69] size=127 <writev>
 - func[70] size=315 <__stdio_write>
 - func[71] size=107 <__lseek>
 - func[72] size=17 <__stdio_seek>
 - func[73] size=109 <__isatty>
 - func[74] size=59 <__stdout_write>
 - func[75] size=171 <__lockfile>
 - func[76] size=59 <__unlockfile>
 - func[77] size=20 <__ofl_lock>
 - func[78] size=14 <__ofl_unlock>
 - func[79] size=475 <__stdio_exit>
 - func[80] size=92 <__towrite>
 - func[81] size=229 <__fwritex>
 - func[82] size=322 <fwrite>
 - func[83] size=4 <dummy>
 - func[84] size=12 <__lctrans>
 - func[85] size=58 <strerror>
 - func[86] size=334 <wcrtomb>
 - func[87] size=24 <wctomb>
 - func[88] size=143 <frexp>
 - func[89] size=36 <fputs>
 - func[90] size=433 <vfprintf>
 - func[91] size=9004 <printf_core>
 - func[92] size=563 <pop_arg>
 - func[93] size=153 <pad>
 - func[94] size=28 <long_double_not_supported>
 - func[95] size=191 <vsnprintf>
 - func[96] size=176 <sn_write>
 - func[97] size=204 <strlen>
 - func[98] size=370 <memchr>
 - func[99] size=26 <strnlen>
 - func[100] size=572 <__lock>
 - func[101] size=67 <__unlock>
 - func[102] size=51 <__wasilibc_futex_wait>
 - func[103] size=248 <__wait>
 - func[104] size=2 <dummy_0>
 - func[105] size=95 <__tl_unlock>
 - func[106] size=114 <__tl_sync>
 - func[107] size=626 <__wasi_thread_start_C>
 - func[108] size=1544 <__pthread_create>
 - func[109] size=131 <__clock_gettime>
 - func[110] size=242 <__timedwait_cp>
 - func[111] size=14 <__pthread_join>
 - func[112] size=261 <__pthread_timedjoin_np>
 - func[113] size=15 <__pthread_self_internal>
 - func[114] size=64 <__pthread_setcancelstate>
 - func[115] size=8 <__pthread_testcancel>
 - func[116] size=2 <__testcancel>
 - func[117] size=59 <wasi_thread_start>
Data[3]:
 - segment[0] <.tdata> passive size=112
  - 0000000: 0000 0000 0000 0000 0000 0000 0000 0000  ................
  - 0000010: 0000 0000 0000 0000 0000 0000 0000 0000  ................
  - 0000020: 0000 0000 0000 0000 0000 0000 0000 0000  ................
  - 0000030: 0000 0000 0000 0000 0000 0000 0000 0000  ................
  - 0000040: 0000 0000 0000 0000 0000 0000 0000 0000  ................
  - 0000050: 0000 0000 0000 0000 0000 0000 0000 0000  ................
  - 0000060: 0000 0000 0000 0000 0000 0000 0000 0000  ................
 - segment[1] <.rodata> passive size=2964
  - 0000000: 2d2b 2020 2030 5830 7800 2d30 582b 3058  -+   0X0x.-0X+0X
  - 0000010: 2030 582d 3078 2b30 7820 3078 0073 6f63   0X-0x+0x 0x.soc
  - 0000020: 6b61 6464 725f 746f 5f77 6173 695f 6164  kaddr_to_wasi_ad
  - 0000030: 6472 0073 697a 656f 6628 7374 7275 6374  dr.sizeof(struct
  - 0000040: 2073 6f63 6b61 6464 725f 696e 2920 3c3d   sockaddr_in) <=
  - 0000050: 2061 6464 726c 656e 0073 697a 656f 6628   addrlen.sizeof(
  - 0000060: 7374 7275 6374 2073 6f63 6b61 6464 725f  struct sockaddr_
  - 0000070: 696e 3629 203c 3d20 6164 6472 6c65 6e00  in6) <= addrlen.
  - 0000080: 6e61 6e00 696e 6600 2f68 6f6d 652f 6f73  nan.inf./home/os
  - 0000090: 736c 6162 2f32 3032 3631 3030 312d 6d72  slab/20261001-mr
  - 00000a0: 6f73 322d 7761 736d 2d65 696e 7472 2d69  os2-wasm-eintr-i
  - 00000b0: 702d 7265 6672 6573 682f 7468 6972 645f  p-refresh/third_
  - 00000c0: 7061 7274 792f 7761 6d72 2f63 6f72 652f  party/wamr/core/
  - 00000d0: 6977 6173 6d2f 6c69 6272 6172 6965 732f  iwasm/libraries/
  - 00000e0: 6c69 622d 736f 636b 6574 2f73 7263 2f77  lib-socket/src/w
  - 00000f0: 6173 692f 7761 7369 5f73 6f63 6b65 745f  asi/wasi_socket_
  - 0000100: 6578 742e 6300 434f 4e54 494e 5541 5449  ext.c.CONTINUATI
  - 0000110: 4f4e 5f42 5553 5900 5052 4f42 455f 5355  ON_BUSY.PROBE_SU
  - 0000120: 4343 4553 5300 5041 5353 0050 524f 4245  CCESS.PASS.PROBE
  - 0000130: 5f45 5252 4f52 004f 574e 4552 5f43 4f4e  _ERROR.OWNER_CON
  - 0000140: 5449 4e55 4154 494f 4e00 5355 4253 4551  TINUATION.SUBSEQ
  - 0000150: 5545 4e54 5f57 494e 0042 4144 5f49 4e49  UENT_WIN.BAD_INI
  - 0000160: 5449 414c 5f57 494e 0042 4144 5f52 4553  TIAL_WIN.BAD_RES
  - 0000170: 544f 5245 445f 5749 4e00 4e41 4e00 494e  TORED_WIN.NAN.IN
  - 0000180: 4600 4845 4c44 0052 454c 4541 5345 4400  F.HELD.RELEASED.
  - 0000190: 2e00 286e 756c 6c29 0043 4f4e 5445 4e54  ..(null).CONTENT
  - 00001a0: 494f 4e20 6d6f 6465 3d25 7520 7769 6e73  ION mode=%u wins
  - 00001b0: 3d25 7520 636f 756e 743d 2575 2062 6164  =%u count=%u bad
  - 00001c0: 3d25 750a 006c 6f63 6b66 7265 6520 626f  =%u..lockfree bo
  - 00001d0: 6f6c 3d25 6420 666c 6167 3d25 6420 696e  ol=%d flag=%d in
  - 00001e0: 7465 6765 723d 2564 2061 6c69 676e 3d25  teger=%d align=%
  - 00001f0: 752c 2575 2c25 750a 0065 7665 6e74 3d25  u,%u,%u..event=%
  - 0000200: 7320 6f77 6e65 723d 256c 7520 6775 6172  s owner=%lu guar
  - 0000210: 643d 2575 2063 616e 6172 793d 2530 3878  d=%u canary=%08x
  - 0000220: 2067 7561 7264 5f61 6464 723d 2575 2063   guard_addr=%u c
  - 0000230: 616e 6172 795f 6164 6472 3d25 7520 6572  anary_addr=%u er
  - 0000240: 726e 6f3d 2564 0a00 5375 7070 6f72 7420  rno=%d..Support 
  - 0000250: 666f 7220 666f 726d 6174 7469 6e67 206c  for formatting l
  - 0000260: 6f6e 6720 646f 7562 6c65 2076 616c 7565  ong double value
  - 0000270: 7320 6973 2063 7572 7265 6e74 6c79 2064  s is currently d
  - 0000280: 6973 6162 6c65 642e 0a54 6f20 656e 6162  isabled..To enab
  - 0000290: 6c65 2069 742c 2061 6464 202d 6c63 2d70  le it, add -lc-p
  - 00002a0: 7269 6e74 7363 616e 2d6c 6f6e 672d 646f  rintscan-long-do
  - 00002b0: 7562 6c65 2074 6f20 7468 6520 6c69 6e6b  uble to the link
  - 00002c0: 2063 6f6d 6d61 6e64 2e0a 0041 7373 6572   command...Asser
  - 00002d0: 7469 6f6e 2066 6169 6c65 643a 2025 7320  tion failed: %s 
  - 00002e0: 2825 733a 2025 733a 2025 6429 0a00 0000  (%s: %s: %d)....
  - 00002f0: 9010 0000 5375 6363 6573 7300 496c 6c65  ....Success.Ille
  - 0000300: 6761 6c20 6279 7465 2073 6571 7565 6e63  gal byte sequenc
  - 0000310: 6500 446f 6d61 696e 2065 7272 6f72 0052  e.Domain error.R
  - 0000320: 6573 756c 7420 6e6f 7420 7265 7072 6573  esult not repres
  - 0000330: 656e 7461 626c 6500 4e6f 7420 6120 7474  entable.Not a tt
  - 0000340: 7900 5065 726d 6973 7369 6f6e 2064 656e  y.Permission den
  - 0000350: 6965 6400 4f70 6572 6174 696f 6e20 6e6f  ied.Operation no
  - 0000360: 7420 7065 726d 6974 7465 6400 4e6f 2073  t permitted.No s
  - 0000370: 7563 6820 6669 6c65 206f 7220 6469 7265  uch file or dire
  - 0000380: 6374 6f72 7900 4e6f 2073 7563 6820 7072  ctory.No such pr
  - 0000390: 6f63 6573 7300 4669 6c65 2065 7869 7374  ocess.File exist
  - 00003a0: 7300 5661 6c75 6520 746f 6f20 6c61 7267  s.Value too larg
  - 00003b0: 6520 666f 7220 6461 7461 2074 7970 6500  e for data type.
  - 00003c0: 4e6f 2073 7061 6365 206c 6566 7420 6f6e  No space left on
  - 00003d0: 2064 6576 6963 6500 4f75 7420 6f66 206d   device.Out of m
  - 00003e0: 656d 6f72 7900 5265 736f 7572 6365 2062  emory.Resource b
  - 00003f0: 7573 7900 496e 7465 7272 7570 7465 6420  usy.Interrupted 
  - 0000400: 7379 7374 656d 2063 616c 6c00 5265 736f  system call.Reso
  - 0000410: 7572 6365 2074 656d 706f 7261 7269 6c79  urce temporarily
  - 0000420: 2075 6e61 7661 696c 6162 6c65 0049 6e76   unavailable.Inv
  - 0000430: 616c 6964 2073 6565 6b00 4372 6f73 732d  alid seek.Cross-
  - 0000440: 6465 7669 6365 206c 696e 6b00 5265 6164  device link.Read
  - 0000450: 2d6f 6e6c 7920 6669 6c65 2073 7973 7465  -only file syste
  - 0000460: 6d00 4469 7265 6374 6f72 7920 6e6f 7420  m.Directory not 
  - 0000470: 656d 7074 7900 436f 6e6e 6563 7469 6f6e  empty.Connection
  - 0000480: 2072 6573 6574 2062 7920 7065 6572 004f   reset by peer.O
  - 0000490: 7065 7261 7469 6f6e 2074 696d 6564 206f  peration timed o
  - 00004a0: 7574 0043 6f6e 6e65 6374 696f 6e20 7265  ut.Connection re
  - 00004b0: 6675 7365 6400 486f 7374 2069 7320 756e  fused.Host is un
  - 00004c0: 7265 6163 6861 626c 6500 4164 6472 6573  reachable.Addres
  - 00004d0: 7320 696e 2075 7365 0042 726f 6b65 6e20  s in use.Broken 
  - 00004e0: 7069 7065 0049 2f4f 2065 7272 6f72 004e  pipe.I/O error.N
  - 00004f0: 6f20 7375 6368 2064 6576 6963 6520 6f72  o such device or
  - 0000500: 2061 6464 7265 7373 004e 6f20 7375 6368   address.No such
  - 0000510: 2064 6576 6963 6500 4e6f 7420 6120 6469   device.Not a di
  - 0000520: 7265 6374 6f72 7900 4973 2061 2064 6972  rectory.Is a dir
  - 0000530: 6563 746f 7279 0054 6578 7420 6669 6c65  ectory.Text file
  - 0000540: 2062 7573 7900 4578 6563 2066 6f72 6d61   busy.Exec forma
  - 0000550: 7420 6572 726f 7200 496e 7661 6c69 6420  t error.Invalid 
  - 0000560: 6172 6775 6d65 6e74 0041 7267 756d 656e  argument.Argumen
  - 0000570: 7420 6c69 7374 2074 6f6f 206c 6f6e 6700  t list too long.
  - 0000580: 5379 6d62 6f6c 6963 206c 696e 6b20 6c6f  Symbolic link lo
  - 0000590: 6f70 0046 696c 656e 616d 6520 746f 6f20  op.Filename too 
  - 00005a0: 6c6f 6e67 0054 6f6f 206d 616e 7920 6f70  long.Too many op
  - 00005b0: 656e 2066 696c 6573 2069 6e20 7379 7374  en files in syst
  - 00005c0: 656d 004e 6f20 6669 6c65 2064 6573 6372  em.No file descr
  - 00005d0: 6970 746f 7273 2061 7661 696c 6162 6c65  iptors available
  - 00005e0: 0042 6164 2066 696c 6520 6465 7363 7269  .Bad file descri
  - 00005f0: 7074 6f72 004e 6f20 6368 696c 6420 7072  ptor.No child pr
  - 0000600: 6f63 6573 7300 4261 6420 6164 6472 6573  ocess.Bad addres
  - 0000610: 7300 4669 6c65 2074 6f6f 206c 6172 6765  s.File too large
  - 0000620: 0054 6f6f 206d 616e 7920 6c69 6e6b 7300  .Too many links.
  - 0000630: 4e6f 206c 6f63 6b73 2061 7661 696c 6162  No locks availab
  - 0000640: 6c65 0052 6573 6f75 7263 6520 6465 6164  le.Resource dead
  - 0000650: 6c6f 636b 2077 6f75 6c64 206f 6363 7572  lock would occur
  - 0000660: 0053 7461 7465 206e 6f74 2072 6563 6f76  .State not recov
  - 0000670: 6572 6162 6c65 0050 7265 7669 6f75 7320  erable.Previous 
  - 0000680: 6f77 6e65 7220 6469 6564 004f 7065 7261  owner died.Opera
  - 0000690: 7469 6f6e 2063 616e 6365 6c65 6400 4675  tion canceled.Fu
  - 00006a0: 6e63 7469 6f6e 206e 6f74 2069 6d70 6c65  nction not imple
  - 00006b0: 6d65 6e74 6564 004e 6f20 6d65 7373 6167  mented.No messag
  - 00006c0: 6520 6f66 2064 6573 6972 6564 2074 7970  e of desired typ
  - 00006d0: 6500 4964 656e 7469 6669 6572 2072 656d  e.Identifier rem
  - 00006e0: 6f76 6564 004c 696e 6b20 6861 7320 6265  oved.Link has be
  - 00006f0: 656e 2073 6576 6572 6564 0050 726f 746f  en severed.Proto
  - 0000700: 636f 6c20 6572 726f 7200 4261 6420 6d65  col error.Bad me
  - 0000710: 7373 6167 6500 4e6f 7420 6120 736f 636b  ssage.Not a sock
  - 0000720: 6574 0044 6573 7469 6e61 7469 6f6e 2061  et.Destination a
  - 0000730: 6464 7265 7373 2072 6571 7569 7265 6400  ddress required.
  - 0000740: 4d65 7373 6167 6520 746f 6f20 6c61 7267  Message too larg
  - 0000750: 6500 5072 6f74 6f63 6f6c 2077 726f 6e67  e.Protocol wrong
  - 0000760: 2074 7970 6520 666f 7220 736f 636b 6574   type for socket
  - 0000770: 0050 726f 746f 636f 6c20 6e6f 7420 6176  .Protocol not av
  - 0000780: 6169 6c61 626c 6500 5072 6f74 6f63 6f6c  ailable.Protocol
  - 0000790: 206e 6f74 2073 7570 706f 7274 6564 004e   not supported.N
  - 00007a0: 6f74 2073 7570 706f 7274 6564 0041 6464  ot supported.Add
  - 00007b0: 7265 7373 2066 616d 696c 7920 6e6f 7420  ress family not 
  - 00007c0: 7375 7070 6f72 7465 6420 6279 2070 726f  supported by pro
  - 00007d0: 746f 636f 6c00 4164 6472 6573 7320 6e6f  tocol.Address no
  - 00007e0: 7420 6176 6169 6c61 626c 6500 4e65 7477  t available.Netw
  - 00007f0: 6f72 6b20 6973 2064 6f77 6e00 4e65 7477  ork is down.Netw
  - 0000800: 6f72 6b20 756e 7265 6163 6861 626c 6500  ork unreachable.
  - 0000810: 436f 6e6e 6563 7469 6f6e 2072 6573 6574  Connection reset
  - 0000820: 2062 7920 6e65 7477 6f72 6b00 436f 6e6e   by network.Conn
  - 0000830: 6563 7469 6f6e 2061 626f 7274 6564 004e  ection aborted.N
  - 0000840: 6f20 6275 6666 6572 2073 7061 6365 2061  o buffer space a
  - 0000850: 7661 696c 6162 6c65 0053 6f63 6b65 7420  vailable.Socket 
  - 0000860: 6973 2063 6f6e 6e65 6374 6564 0053 6f63  is connected.Soc
  - 0000870: 6b65 7420 6e6f 7420 636f 6e6e 6563 7465  ket not connecte
  - 0000880: 6400 4f70 6572 6174 696f 6e20 616c 7265  d.Operation alre
  - 0000890: 6164 7920 696e 2070 726f 6772 6573 7300  ady in progress.
  - 00008a0: 4f70 6572 6174 696f 6e20 696e 2070 726f  Operation in pro
  - 00008b0: 6772 6573 7300 5374 616c 6520 6669 6c65  gress.Stale file
  - 00008c0: 2068 616e 646c 6500 5175 6f74 6120 6578   handle.Quota ex
  - 00008d0: 6365 6564 6564 004d 756c 7469 686f 7020  ceeded.Multihop 
  - 00008e0: 6174 7465 6d70 7465 6400 4361 7061 6269  attempted.Capabi
  - 00008f0: 6c69 7469 6573 2069 6e73 7566 6669 6369  lities insuffici
  - 0000900: 656e 7400 0000 0000 0000 0000 0000 0000  ent.............
  - 0000910: 0000 7502 4e00 d601 e204 b904 1801 8e05  ..u.N...........
  - 0000920: ed02 1604 f200 9703 0103 3805 af01 8201  ..........8.....
  - 0000930: 4f03 2f04 1e00 d405 a200 1203 1e03 c201  O./.............
  - 0000940: de03 0800 ac05 0001 6402 f101 6505 3402  ........d...e.4.
  - 0000950: 8c02 cf02 2d03 4c04 e305 9f02 f804 1c05  ....-.L.........
  - 0000960: 0805 b102 4b05 1502 7800 5202 3c03 f103  ....K...x.R.<...
  - 0000970: e400 c303 7d04 cc00 aa03 7905 2402 6e01  ....}.....y.$.n.
  - 0000980: 6d03 2204 ab04 4400 fb01 ae00 8303 6000  m."...D.......`.
  - 0000990: e501 0704 9404 5e04 2b00 5801 3901 9200  ......^.+.X.9...
  - 00009a0: c205 9b01 4302 4601 f605 0000 0000 0000  ....C.F.........
  - 00009b0: 1900 0a00 1919 1900 0000 0005 0000 0000  ................
  - 00009c0: 0000 0900 0000 000b 0000 0000 0000 0000  ................
  - 00009d0: 1900 110a 1919 1903 0a07 0001 1b09 0b18  ................
  - 00009e0: 0000 0906 0b00 000b 0006 1900 0000 1919  ................
  - 00009f0: 1900 0000 0000 0000 0000 0000 0000 0000  ................
  - 0000a00: 000e 0000 0000 0000 0000 1900 0a0d 1919  ................
  - 0000a10: 1900 0d00 0002 0009 0e00 0000 0900 0e00  ................
  - 0000a20: 000e 0000 0000 0000 0000 0000 0000 0000  ................
  - 0000a30: 0000 0000 0000 0000 0000 000c 0000 0000  ................
  - 0000a40: 0000 0000 0000 0013 0000 0000 1300 0000  ................
  - 0000a50: 0009 0c00 0000 0000 0c00 000c 0000 0000  ................
  - 0000a60: 0000 0000 0000 0000 0000 0000 0000 0000  ................
  - 0000a70: 0000 0000 0010 0000 0000 0000 0000 0000  ................
  - 0000a80: 000f 0000 0004 0f00 0000 0009 1000 0000  ................
  - 0000a90: 0000 1000 0010 0000 0000 0000 0000 0000  ................
  - 0000aa0: 0000 0000 0000 0000 0000 0000 0000 0012  ................
  - 0000ab0: 0000 0000 0000 0000 0000 0011 0000 0000  ................
  - 0000ac0: 1100 0000 0009 1200 0000 0000 1200 0012  ................
  - 0000ad0: 0000 1a00 0000 1a1a 1a00 0000 0000 0000  ................
  - 0000ae0: 0000 0000 0000 0000 0000 0000 0000 0000  ................
  - 0000af0: 0000 1a00 0000 1a1a 1a00 0000 0000 0009  ................
  - 0000b00: 0000 0000 0000 0000 0000 0000 0000 0000  ................
  - 0000b10: 0000 0000 0000 0000 0000 0000 0000 0000  ................
  - 0000b20: 0000 0014 0000 0000 0000 0000 0000 0017  ................
  - 0000b30: 0000 0000 1700 0000 0009 1400 0000 0000  ................
  - 0000b40: 1400 0014 0000 0000 0000 0000 0000 0000  ................
  - 0000b50: 0000 0000 0000 0000 0000 0000 0016 0000  ................
  - 0000b60: 0000 0000 0000 0000 0015 0000 0000 1500  ................
  - 0000b70: 0000 0009 1600 0000 0000 1600 0016 0000  ................
  - 0000b80: 3031 3233 3435 3637 3839 4142 4344 4546  0123456789ABCDEF
  - 0000b90: 0000 0000                                ....
 - segment[2] <.data> passive size=272
  - 0000000: 0500 0000 0000 0000 0000 0000 0300 0000  ................
  - 0000010: 0000 0000 0000 0000 0000 0000 0000 0000  ................
  - 0000020: 0400 0000 0500 0000 7013 0000 0000 0000  ........p.......
  - 0000030: 0000 0000 0000 0000 0200 0000 0000 0000  ................
  - 0000040: 0000 0000 ffff ffff ffff ffff 0000 0000  ................
  - 0000050: 0000 0000 0000 0000 0000 0000 0000 0000  ................
  - 0000060: 0000 0000 0000 0000 0000 0000 0000 0000  ................
  - 0000070: 0000 0000 0000 0000 0000 0000 0000 0000  ................
  - 0000080: 0810 0000 0000 0000 0500 0000 0000 0000  ................
  - 0000090: 0000 0000 0300 0000 0000 0000 0000 0000  ................
  - 00000a0: 0000 0000 0000 0000 0600 0000 0500 0000  ................
  - 00000b0: 7813 0000 0004 0000 0000 0000 0000 0000  x...............
  - 00000c0: 0100 0000 0000 0000 0000 0000 ffff ffff  ................
  - 00000d0: 0a00 0000 0000 0000 0000 0000 0000 0000  ................
  - 00000e0: 0000 0000 0000 0000 0000 0000 0000 0000  ................
  - 00000f0: 0000 0000 0000 0000 0000 0000 0000 0000  ................
  - 0000100: 0000 0000 0000 0000 9010 0000 0000 0200  ................
Custom:
 - name: ".debug_abbrev"
Custom:
 - name: ".debug_info"
Custom:
 - name: ".debug_ranges"
Custom:
 - name: ".debug_str"
Custom:
 - name: ".debug_line"
Custom:
 - name: "name"
 - func[0] <__imported_wasi_snapshot_preview1_sock_bind>
 - func[1] <__imported_wasi_snapshot_preview1_sock_recv_from>
 - func[2] <__imported_wasi_snapshot_preview1_sock_open>
 - func[3] <__imported_wasi_snapshot_preview1_args_get>
 - func[4] <__imported_wasi_snapshot_preview1_args_sizes_get>
 - func[5] <__imported_wasi_snapshot_preview1_clock_time_get>
 - func[6] <__imported_wasi_snapshot_preview1_fd_close>
 - func[7] <__imported_wasi_snapshot_preview1_fd_fdstat_get>
 - func[8] <__imported_wasi_snapshot_preview1_fd_seek>
 - func[9] <__imported_wasi_snapshot_preview1_fd_write>
 - func[10] <__imported_wasi_snapshot_preview1_proc_exit>
 - func[11] <__imported_wasi_snapshot_preview1_sched_yield>
 - func[12] <__imported_wasi_snapshot_preview1_sock_recv>
 - func[13] <__imported_wasi_thread_spawn>
 - func[14] <__wasm_call_ctors>
 - func[15] <__wasm_init_tls>
 - func[16] <__wasm_init_memory>
 - func[17] <_start>
 - func[18] <main>
 - func[19] <stress>
 - func[20] <emit>
 - func[21] <contender>
 - func[22] <wasi_addr_to_sockaddr>
 - func[23] <bind>
 - func[24] <sockaddr_to_wasi_addr>
 - func[25] <recvfrom>
 - func[26] <socket>
 - func[27] <malloc>
 - func[28] <dlmalloc>
 - func[29] <free>
 - func[30] <dlfree>
 - func[31] <calloc>
 - func[32] <sched_yield>
 - func[33] <recv>
 - func[34] <write>
 - func[35] <_Exit>
 - func[36] <__main_void>
 - func[37] <__wasilibc_populate_preopens>
 - func[38] <close>
 - func[39] <__wasi_args_get>
 - func[40] <__wasi_args_sizes_get>
 - func[41] <__wasi_clock_time_get>
 - func[42] <__wasi_fd_close>
 - func[43] <__wasi_fd_fdstat_get>
 - func[44] <__wasi_fd_seek>
 - func[45] <__wasi_fd_write>
 - func[46] <__wasi_proc_exit>
 - func[47] <__wasi_sched_yield>
 - func[48] <__wasi_sock_recv>
 - func[49] <__wasi_thread_spawn>
 - func[50] <abort>
 - func[51] <sbrk>
 - func[52] <__wasi_init_tp>
 - func[53] <__copy_tls>
 - func[54] <__assert_fail>
 - func[55] <dummy>
 - func[56] <__wasm_call_dtors>
 - func[57] <exit>
 - func[58] <htonl>
 - func[59] <htons>
 - func[60] <ntohl>
 - func[61] <ntohs>
 - func[62] <fprintf>
 - func[63] <printf>
 - func[64] <setbuf>
 - func[65] <setvbuf>
 - func[66] <snprintf>
 - func[67] <dummy>
 - func[68] <__stdio_close>
 - func[69] <writev>
 - func[70] <__stdio_write>
 - func[71] <__lseek>
 - func[72] <__stdio_seek>
 - func[73] <__isatty>
 - func[74] <__stdout_write>
 - func[75] <__lockfile>
 - func[76] <__unlockfile>
 - func[77] <__ofl_lock>
 - func[78] <__ofl_unlock>
 - func[79] <__stdio_exit>
 - func[80] <__towrite>
 - func[81] <__fwritex>
 - func[82] <fwrite>
 - func[83] <dummy>
 - func[84] <__lctrans>
 - func[85] <strerror>
 - func[86] <wcrtomb>
 - func[87] <wctomb>
 - func[88] <frexp>
 - func[89] <fputs>
 - func[90] <vfprintf>
 - func[91] <printf_core>
 - func[92] <pop_arg>
 - func[93] <pad>
 - func[94] <long_double_not_supported>
 - func[95] <vsnprintf>
 - func[96] <sn_write>
 - func[97] <strlen>
 - func[98] <memchr>
 - func[99] <strnlen>
 - func[100] <__lock>
 - func[101] <__unlock>
 - func[102] <__wasilibc_futex_wait>
 - func[103] <__wait>
 - func[104] <dummy_0>
 - func[105] <__tl_unlock>
 - func[106] <__tl_sync>
 - func[107] <__wasi_thread_start_C>
 - func[108] <__pthread_create>
 - func[109] <__clock_gettime>
 - func[110] <__timedwait_cp>
 - func[111] <__pthread_join>
 - func[112] <__pthread_timedjoin_np>
 - func[113] <__pthread_self_internal>
 - func[114] <__pthread_setcancelstate>
 - func[115] <__pthread_testcancel>
 - func[116] <__testcancel>
 - func[117] <wasi_thread_start>
 - global[0] <__stack_pointer>
 - global[1] <__tls_base>
 - global[2] <__tls_size>
 - global[3] <__tls_align>
 - global[4] <GOT.data.internal.__memory_base>
 - dataseg[0] <.tdata>
 - dataseg[1] <.rodata>
 - dataseg[2] <.data>
Custom:
 - name: "producers"
Custom:
 - name: "target_features"
  - [+] atomics
  - [+] bulk-memory
  - [+] mutable-globals
  - [+] sign-ext
+ wasm-objdump -d experiments/eintr-ip-refresh-phase0/gate-review/atomic-owner/probe.wasm
+ sha256sum experiments/eintr-ip-refresh-phase0/gate-review/atomic-owner/probe.wasm
c863fe3827fcee8ec51731bd4d184d3996b55b240006b645786063abcba76d4c  experiments/eintr-ip-refresh-phase0/gate-review/atomic-owner/probe.wasm
