+ git rev-parse HEAD
c88b569a567529c5c49cb64e698c8cbdea987206
+ git -C lwip-wasm rev-parse HEAD
fbac6d22cd08d12fccfc27c4efa383a8be32335f
+ git diff --binary
+ sha256sum
64c36e3ff6f2a761a994ec1e04127c0fe4635b7b8c21204d0a660812d0b06e92  -
+ sha256sum experiments/eintr-ip-refresh-phase0/gate-review/pre-retry-root.patch
64c36e3ff6f2a761a994ec1e04127c0fe4635b7b8c21204d0a660812d0b06e92  experiments/eintr-ip-refresh-phase0/gate-review/pre-retry-root.patch
+ git -C lwip-wasm diff --binary
+ sha256sum
82aab469b7a5ddfbc6e1bebd34a44465615ddb93ddd35bb28a7e9920e6634438  -
+ sha256sum experiments/eintr-ip-refresh-phase0/gate-review/pre-retry-lwip.patch
82aab469b7a5ddfbc6e1bebd34a44465615ddb93ddd35bb28a7e9920e6634438  experiments/eintr-ip-refresh-phase0/gate-review/pre-retry-lwip.patch
+ git diff --cached --name-only
+ git -C lwip-wasm diff --cached --name-only
+ rtk proxy docker ps -a --filter label=io.mros2-cr.atomic-owner=20261001
CONTAINER ID   IMAGE     COMMAND   CREATED   STATUS    PORTS     NAMES
+ df -B1 .
Filesystem        1B-blocks         Used  Available Use% Mounted on
/dev/nvme0n1p5 225339990016 209048834048 4769927168  98% /
+ sha256sum experiments/eintr-ip-refresh-phase0/gate-review/atomic-owner/probe.c experiments/eintr-ip-refresh-phase0/gate-review/atomic-owner/run.py experiments/eintr-ip-refresh-phase0/gate-review/atomic-owner/probe.wasm
cf10b61606a0ffbdb3729306a3073076b9ac78bdcd449bf28b5777accb0fd538  experiments/eintr-ip-refresh-phase0/gate-review/atomic-owner/probe.c
a3d51d9768cafd5d5403767461f42f2e3d38a5e0c7da911857b09a7aff459072  experiments/eintr-ip-refresh-phase0/gate-review/atomic-owner/run.py
c863fe3827fcee8ec51731bd4d184d3996b55b240006b645786063abcba76d4c  experiments/eintr-ip-refresh-phase0/gate-review/atomic-owner/probe.wasm
