+ cat experiments/eintr-ip-refresh-phase0/build-provenance/runtime/flags.make
# CMAKE generated file: DO NOT EDIT!
# Generated by "Unix Makefiles" Generator, CMake Version 3.31

# compile C with /usr/bin/cc
C_DEFINES = -DBH_FREE=wasm_runtime_free -DBH_MALLOC=wasm_runtime_malloc -DBH_PLATFORM_LINUX -DBUILD_TARGET_X86_64 -DWASM_DISABLE_HW_BOUND_CHECK=0 -DWASM_DISABLE_STACK_HW_BOUND_CHECK=0 -DWASM_DISABLE_WAKEUP_BLOCKING_OP=0 -DWASM_ENABLE_BULK_MEMORY=1 -DWASM_ENABLE_FAST_INTERP=0 -DWASM_ENABLE_HEAP_AUX_STACK_ALLOCATION=1 -DWASM_ENABLE_INTERP=1 -DWASM_ENABLE_LIBC_BUILTIN=1 -DWASM_ENABLE_LIBC_WASI=1 -DWASM_ENABLE_LIB_WASI_THREADS=1 -DWASM_ENABLE_MIGRATION=1 -DWASM_ENABLE_MINI_LOADER=0 -DWASM_ENABLE_MODULE_INST_CONTEXT=1 -DWASM_ENABLE_MULTI_MODULE=0 -DWASM_ENABLE_QUICK_AOT_ENTRY=1 -DWASM_ENABLE_REF_TYPES=1 -DWASM_ENABLE_SHARED_MEMORY=1 -DWASM_ENABLE_SIMD=1 -DWASM_ENABLE_THREAD_MGR=1 -DWASM_GLOBAL_HEAP_SIZE=10485760

C_INCLUDES = -I/home/osslab/20260930-mros2-wasm-no-udp-recover-experiment/third_party/wamr/core/iwasm/interpreter -I/home/osslab/20260930-mros2-wasm-no-udp-recover-experiment/third_party/wamr/core/iwasm/libraries/libc-builtin -I/home/osslab/20260930-mros2-wasm-no-udp-recover-experiment/third_party/wamr/core/iwasm/libraries/libc-wasi/sandboxed-system-primitives/include -I/home/osslab/20260930-mros2-wasm-no-udp-recover-experiment/third_party/wamr/core/iwasm/libraries/libc-wasi/sandboxed-system-primitives/src -I/home/osslab/20260930-mros2-wasm-no-udp-recover-experiment/third_party/wamr/core/iwasm/libraries/lib-wasi-threads -I/home/osslab/20260930-mros2-wasm-no-udp-recover-experiment/third_party/wamr/core/iwasm/migration -I/tmp/mros2-wasm-no-udp-recover-experiment-build-03/wasmig-src/include -I/home/osslab/20260930-mros2-wasm-no-udp-recover-experiment/third_party/wamr/core/iwasm/libraries/thread-mgr -I/home/osslab/20260930-mros2-wasm-no-udp-recover-experiment/third_party/wamr/product-mini/platforms/linux/../../../core/iwasm/include -I/home/osslab/20260930-mros2-wasm-no-udp-recover-experiment/third_party/wamr/core/shared/platform/linux -I/home/osslab/20260930-mros2-wasm-no-udp-recover-experiment/third_party/wamr/core/shared/platform/linux/../include -I/home/osslab/20260930-mros2-wasm-no-udp-recover-experiment/third_party/wamr/core/shared/platform/common/libc-util -I/home/osslab/20260930-mros2-wasm-no-udp-recover-experiment/third_party/wamr/core/shared/mem-alloc -I/home/osslab/20260930-mros2-wasm-no-udp-recover-experiment/third_party/wamr/core/iwasm/common -I/home/osslab/20260930-mros2-wasm-no-udp-recover-experiment/third_party/wamr/core/shared/utils -I/home/osslab/20260930-mros2-wasm-no-udp-recover-experiment/third_party/wamr/core/shared/utils/uncommon -I/tmp/mros2-wasm-no-udp-recover-experiment-build-03/wasmig-src/proto/include

C_FLAGS =  -std=gnu99 -ffunction-sections -fdata-sections                                          -Wall -Wno-unused-parameter -Wno-pedantic -fPIC -Wall -Wextra -Wformat -Wformat-security -Wshadow -mindirect-branch-register -O3 -DNDEBUG -std=gnu99 -fPIE

+ grep -E 'WAMR_BUILD_(INTERP|FAST_INTERP|SHARED_MEMORY|THREAD_MGR|LIBC_WASI|LIB_WASI_THREADS)|WASM_ENABLE' experiments/eintr-ip-refresh-phase0/build-provenance/runtime/CMakeCache.txt
WAMR_BUILD_FAST_INTERP:UNINITIALIZED=0
WAMR_BUILD_INTERP:UNINITIALIZED=1
WAMR_BUILD_LIBC_WASI:UNINITIALIZED=1
WAMR_BUILD_LIB_WASI_THREADS:UNINITIALIZED=1
WAMR_BUILD_SHARED_MEMORY:UNINITIALIZED=1
WAMR_BUILD_THREAD_MGR:UNINITIALIZED=1
+ sed -n 1,170p lwip-wasm/src/netif/netif_wasm.c
#include "netif_wasm_add.h"
#include "netif_wasm_get.h"
#include <arpa/inet.h>
#include <errno.h>
#include <stdio.h>
#include <pthread.h>
#include <sys/socket.h>
#include <unistd.h>
#include <wasi_socket_ext.h>

#define DISCOVERY_MULTICAST_IP "239.255.0.1"
#define DISCOVERY_MULTICAST_PORT 7400
#define DEFAULT_NETMASK "255.255.255.0"

static struct netif netif_wasm;
struct netif* netif_default = NULL;
static int ip_changed_pending = 0;
/* Temporary Phase 0 guest-memory observations; never initiates a probe. */
static unsigned phase0_canary = 0;
static unsigned phase0_fallback_entries = 0;

void
netif_wasm_phase0_snapshot(const char *event, void *thread, int fd,
                           unsigned eintr_count)
{
  int saved_errno = errno;
  char line[384];
  int length = snprintf(line, sizeof(line),
         "PHASE0 event=%s thread=%p fd=%d eintr_count=%u default=%p object=%p ip=0x%08x canary=0x%08x fallback_entries=%u canary_addr=%p default_addr=%p ip_addr=%p\n",
         event, thread ? thread : (void *)pthread_self(), fd, eintr_count,
         (void *)netif_default, (void *)&netif_wasm,
         netif_wasm.ip_addr.addr, phase0_canary, phase0_fallback_entries,
         (void *)&phase0_canary, (void *)&netif_default,
         (void *)&netif_wasm.ip_addr.addr);
  if (length > 0 && (size_t)length < sizeof(line)) {
    /* One bounded write avoids interleaving WAMR's character-wise printf. */
    (void)write(STDERR_FILENO, line, (size_t)length);
  }
  errno = saved_errno;
}

static int
probe_local_ip(in_addr_t *local_ip)
{
  int socket_fd = -1;
  struct sockaddr_in discovery = {0};
  struct sockaddr_in local = {0};
  socklen_t local_length = sizeof(local);

  socket_fd = socket(AF_INET, SOCK_DGRAM, 0);
  if (socket_fd < 0) {
    fprintf(stderr, "netif_wasm: socket() failed: errno=%d\n", errno);
    return -1;
  }

  discovery.sin_family = AF_INET;
  discovery.sin_port = htons(DISCOVERY_MULTICAST_PORT);
  if (inet_pton(AF_INET, DISCOVERY_MULTICAST_IP, &discovery.sin_addr) != 1) {
    fprintf(stderr, "netif_wasm: invalid discovery multicast address\n");
    close(socket_fd);
    return -1;
  }

  /* UDP connect selects the outgoing route but does not send a packet. */
  if (connect(socket_fd, (const struct sockaddr *)&discovery,
              sizeof(discovery)) != 0) {
    fprintf(stderr, "netif_wasm: connect() failed: errno=%d\n", errno);
    close(socket_fd);
    return -1;
  }

  if (getsockname(socket_fd, (struct sockaddr *)&local, &local_length) != 0 ||
      local.sin_family != AF_INET || local.sin_addr.s_addr == INADDR_ANY) {
    fprintf(stderr,
            "netif_wasm: getsockname() did not return a local IPv4 address\n");
    close(socket_fd);
    return -1;
  }

  *local_ip = local.sin_addr.s_addr;
  close(socket_fd);
  return 0;
}

int
netif_wasm_add(const char* ipaddr, const char* netmask)
{
  in_addr_t addr;
  in_addr_t mask;
  (void)ipaddr; /* Kept only for compatibility with existing applications. */

  if (netmask == NULL || inet_pton(AF_INET, netmask, &mask) != 1) {
    fprintf(stderr, "netif_wasm: invalid netmask\n");
    return -1;
  }
  if (probe_local_ip(&addr) != 0) {
    return -1;
  }

  netif_wasm.ip_addr.addr = addr;
  netif_wasm.netmask.addr = mask;
  netif_default = &netif_wasm;
  ip_changed_pending = 0;
  phase0_canary = addr ^ 0x5a17c0deU;
  netif_wasm_phase0_snapshot("add-mutated", NULL, -1, 0);
  printf("netif_wasm: dynamic ip=0x%08x mask=0x%08x\n", addr, mask);
  return 0;
}

int
netif_wasm_refresh(void)
{
  in_addr_t addr;
  in_addr_t mask;
  int changed;

  netif_wasm_phase0_snapshot("refresh-entry", NULL, -1, 0);
  if (probe_local_ip(&addr) != 0) {
    return -1;
  }

  /* Native globals are recreated from scratch by WAMR restore. Recreate the
   * netif object before refreshing its address in that case. */
  if (netif_default == NULL) {
    ++phase0_fallback_entries;
    netif_wasm_phase0_snapshot("fallback-entry", NULL, -1, 0);
    if (inet_pton(AF_INET, DEFAULT_NETMASK, &mask) != 1) {
      return -1;
    }
    netif_wasm.netmask.addr = mask;
    netif_wasm.ip_addr.addr = addr;
    netif_default = &netif_wasm;
    ip_changed_pending = 1;
    printf("netif_wasm: local ip initialized after restore to 0x%08x\n",
           addr);
    return 1;
  }

  changed = netif_wasm.ip_addr.addr != addr;
  netif_wasm.ip_addr.addr = addr;
  if (changed) {
    ip_changed_pending = 1;
    printf("netif_wasm: local ip changed to 0x%08x\n", addr);
  }
  netif_wasm_phase0_snapshot("refresh-exit", NULL, -1, 0);
  return changed ? 1 : 0;
}

int
netif_wasm_take_ip_changed(void)
{
  int changed = ip_changed_pending;
  ip_changed_pending = 0;
  return changed;
}

struct netif* netif_wasm_get(uint32_t ipaddr)
{
  return netif_default;
}
+ grep -n -E 'checkpoint_safe|CHECK_ATOMIC_MEMORY_ACCESS|cmpxchg|NATIVE' third_party/wamr/core/iwasm/interpreter/wasm_interp_classic.c
+ head -60
89:#define CHECK_ATOMIC_MEMORY_ACCESS()                                 \
719:            CHECK_ATOMIC_MEMORY_ACCESS();                            \
728:            CHECK_ATOMIC_MEMORY_ACCESS();                            \
737:            CHECK_ATOMIC_MEMORY_ACCESS();                            \
759:            CHECK_ATOMIC_MEMORY_ACCESS();                            \
768:            CHECK_ATOMIC_MEMORY_ACCESS();                            \
777:            CHECK_ATOMIC_MEMORY_ACCESS();                            \
787:            CHECK_ATOMIC_MEMORY_ACCESS();                            \
4012:                        CHECK_ATOMIC_MEMORY_ACCESS();
4032:                        CHECK_ATOMIC_MEMORY_ACCESS();
4071:                        CHECK_ATOMIC_MEMORY_ACCESS();
4112:                            CHECK_ATOMIC_MEMORY_ACCESS();
4119:                            CHECK_ATOMIC_MEMORY_ACCESS();
4126:                            CHECK_ATOMIC_MEMORY_ACCESS();
4147:                            CHECK_ATOMIC_MEMORY_ACCESS();
4154:                            CHECK_ATOMIC_MEMORY_ACCESS();
4161:                            CHECK_ATOMIC_MEMORY_ACCESS();
4168:                            CHECK_ATOMIC_MEMORY_ACCESS();
4189:                            CHECK_ATOMIC_MEMORY_ACCESS();
4196:                            CHECK_ATOMIC_MEMORY_ACCESS();
4203:                            CHECK_ATOMIC_MEMORY_ACCESS();
4223:                            CHECK_ATOMIC_MEMORY_ACCESS();
4230:                            CHECK_ATOMIC_MEMORY_ACCESS();
4237:                            CHECK_ATOMIC_MEMORY_ACCESS();
4244:                            CHECK_ATOMIC_MEMORY_ACCESS();
4264:                            CHECK_ATOMIC_MEMORY_ACCESS();
4275:                            CHECK_ATOMIC_MEMORY_ACCESS();
4286:                            CHECK_ATOMIC_MEMORY_ACCESS();
4310:                            CHECK_ATOMIC_MEMORY_ACCESS();
4321:                            CHECK_ATOMIC_MEMORY_ACCESS();
4332:                            CHECK_ATOMIC_MEMORY_ACCESS();
4343:                            CHECK_ATOMIC_MEMORY_ACCESS();
+ grep -R -n checkpoint_safe third_party/wamr/core/iwasm
+ head -50
+ grep -R -n -E 'journal|checkpoint_safe' third_party/wamr/core/iwasm/libraries/libc-wasi
+ head -70
third_party/wamr/core/iwasm/libraries/libc-wasi/sandboxed-system-primitives/src/posix.c:3372:     * socket whose close was not journalled), release the stale descriptor
third_party/wamr/core/iwasm/libraries/libc-wasi/libc_wasi_wrapper.c:11:#include "wasm_socket_journal.h"
third_party/wamr/core/iwasm/libraries/libc-wasi/libc_wasi_wrapper.c:343:    /* Only journal the close of fds we actually opened as sockets, so file
third_party/wamr/core/iwasm/libraries/libc-wasi/libc_wasi_wrapper.c:344:     * closes don't bloat the journal or shadow a reused fd number. */
third_party/wamr/core/iwasm/libraries/libc-wasi/libc_wasi_wrapper.c:345:    if (ret == __WASI_ESUCCESS && socket_journal_has_open(fd)) {
third_party/wamr/core/iwasm/libraries/libc-wasi/libc_wasi_wrapper.c:350:        socket_journal_record(&op);
third_party/wamr/core/iwasm/libraries/libc-wasi/libc_wasi_wrapper.c:1248:        socket_journal_record(&op);
third_party/wamr/core/iwasm/libraries/libc-wasi/libc_wasi_wrapper.c:1660:        socket_journal_record(&op);
third_party/wamr/core/iwasm/libraries/libc-wasi/libc_wasi_wrapper.c:1685:        socket_journal_record(&op);
third_party/wamr/core/iwasm/libraries/libc-wasi/libc_wasi_wrapper.c:1775:        socket_journal_record(&op);
third_party/wamr/core/iwasm/libraries/libc-wasi/libc_wasi_wrapper.c:1931:        socket_journal_record(&op);
third_party/wamr/core/iwasm/libraries/libc-wasi/libc_wasi_wrapper.c:1965:        socket_journal_record(&op);
third_party/wamr/core/iwasm/libraries/libc-wasi/libc_wasi_wrapper.c:1999:        socket_journal_record(&op);
third_party/wamr/core/iwasm/libraries/libc-wasi/libc_wasi_wrapper.c:2024:        socket_journal_record(&op);
third_party/wamr/core/iwasm/libraries/libc-wasi/libc_wasi_wrapper.c:2050:        socket_journal_record(&op);
+ sed -n 940,1005p third_party/wamr/core/iwasm/common/wasm_thread_mgr.c
+ git diff --cached --name-only
+ git -C lwip-wasm diff --cached --name-only
+ rtk proxy docker network inspect mros2-cr-net
[
    {
        "Name": "mros2-cr-net",
        "Id": "609362e37c7a945ba44d7f2416fe24159ed9d9adb36207f8eb844b95b3c37408",
        "Created": "2026-09-17T22:17:05.917007055+09:00",
        "Scope": "local",
        "Driver": "bridge",
        "EnableIPv4": true,
        "EnableIPv6": false,
        "IPAM": {
            "Driver": "default",
            "Options": {},
            "Config": [
                {
                    "Subnet": "172.18.0.0/16",
                    "Gateway": "172.18.0.1"
                }
            ]
        },
        "Internal": false,
        "Attachable": false,
        "Ingress": false,
        "ConfigFrom": {
            "Network": ""
        },
        "ConfigOnly": false,
        "Options": {},
        "Labels": {},
        "Containers": {},
        "Status": {
            "IPAM": {
                "Subnets": {
                    "172.18.0.0/16": {
                        "IPsInUse": 3,
                        "DynamicIPsAvailable": 65533
                    }
                }
            }
        }
    }
]
