host_utc=2026-10-04T03:38:33.347+00:00 host_mono_ns=2844132537339586 boot_start, 2844132537112868
host_utc=2026-10-04T03:38:33.538+00:00 host_mono_ns=2844132728716551 11 stderr
host_utc=2026-10-04T03:38:33.538+00:00 host_mono_ns=2844132728770353 22 stderr
host_utc=2026-10-04T03:38:33.538+00:00 host_mono_ns=2844132728784239 signal init: 129152697607744
host_utc=2026-10-04T03:38:33.538+00:00 host_mono_ns=2844132728796622 initします
host_utc=2026-10-04T03:38:33.539+00:00 host_mono_ns=2844132729196628 boot_end, 2844132729051323
host_utc=2026-10-04T03:38:33.539+00:00 host_mono_ns=2844132729593217 3 stderr
host_utc=2026-10-04T03:38:33.539+00:00 host_mono_ns=2844132729830856 initします
host_utc=2026-10-04T03:38:33.540+00:00 host_mono_ns=2844132731054517 boot_end, 2844132730853266
host_utc=2026-10-04T03:38:33.541+00:00 host_mono_ns=2844132731226622 [22:02:12:635 - 7576B4CD5840]: Load type section success.
host_utc=2026-10-04T03:38:33.541+00:00 host_mono_ns=2844132731239195 
host_utc=2026-10-04T03:38:33.541+00:00 host_mono_ns=2844132731248473 [22:02:12:659 - 7576B4CD5840]: Load import section success.
host_utc=2026-10-04T03:38:33.541+00:00 host_mono_ns=2844132731257851 
host_utc=2026-10-04T03:38:33.541+00:00 host_mono_ns=2844132731266377 [22:02:12:548 - 7576B4CD5840]: Load function section success.
host_utc=2026-10-04T03:38:33.541+00:00 host_mono_ns=2844132731275133 
host_utc=2026-10-04T03:38:33.541+00:00 host_mono_ns=2844132731283309 [22:02:12:550 - 7576B4CD5840]: Load table section success.
host_utc=2026-10-04T03:38:33.541+00:00 host_mono_ns=2844132731291915 
host_utc=2026-10-04T03:38:33.541+00:00 host_mono_ns=2844132731300100 [22:02:12:551 - 7576B4CD5840]: Load global section success.
host_utc=2026-10-04T03:38:33.541+00:00 host_mono_ns=2844132731309348 
host_utc=2026-10-04T03:38:33.541+00:00 host_mono_ns=2844132731320459 [22:02:12:553 - 7576B4CD5840]: Load export section success.
host_utc=2026-10-04T03:38:33.541+00:00 host_mono_ns=2844132731329817 
host_utc=2026-10-04T03:38:33.541+00:00 host_mono_ns=2844132731337982 [22:02:12:553 - 7576B4CD5840]: Load start section success.
host_utc=2026-10-04T03:38:33.541+00:00 host_mono_ns=2844132731346398 
host_utc=2026-10-04T03:38:33.541+00:00 host_mono_ns=2844132731354623 [22:02:12:557 - 7576B4CD5840]: Load table segment section success.
host_utc=2026-10-04T03:38:33.541+00:00 host_mono_ns=2844132731363390 
host_utc=2026-10-04T03:38:33.541+00:00 host_mono_ns=2844132731371445 [22:02:12:558 - 7576B4CD5840]: Load datacount section success.
host_utc=2026-10-04T03:38:33.541+00:00 host_mono_ns=2844132731380122 
host_utc=2026-10-04T03:38:33.541+00:00 host_mono_ns=2844132731389700 [22:02:12:558 - 7576B4CD5840]: Load code segment section success.
host_utc=2026-10-04T03:38:33.541+00:00 host_mono_ns=2844132731401522 
host_utc=2026-10-04T03:38:33.541+00:00 host_mono_ns=2844132731409968 [22:02:12:559 - 7576B4CD5840]: Load data segment section success.
host_utc=2026-10-04T03:38:33.541+00:00 host_mono_ns=2844132731418304 
host_utc=2026-10-04T03:38:33.541+00:00 host_mono_ns=2844132731426429 [22:02:12:559 - 7576B4CD5840]: Ignore custom section [.debug_abbrev].
host_utc=2026-10-04T03:38:33.541+00:00 host_mono_ns=2844132731435166 [22:02:12:560 - 7576B4CD5840]: Ignore custom section [.debug_info].
host_utc=2026-10-04T03:38:33.541+00:00 host_mono_ns=2844132731443601 [22:02:12:560 - 7576B4CD5840]: Ignore custom section [.debug_ranges].
host_utc=2026-10-04T03:38:33.541+00:00 host_mono_ns=2844132731452047 [22:02:12:560 - 7576B4CD5840]: Ignore custom section [.debug_str].
host_utc=2026-10-04T03:38:33.541+00:00 host_mono_ns=2844132731460594 [22:02:12:561 - 7576B4CD5840]: Ignore custom section [.debug_line].
host_utc=2026-10-04T03:38:33.541+00:00 host_mono_ns=2844132731468879 [22:02:12:561 - 7576B4CD5840]: Ignore custom section [.debug_loc].
host_utc=2026-10-04T03:38:33.541+00:00 host_mono_ns=2844132731477185 [22:02:12:562 - 7576B4CD5840]: Ignore custom section [name].
host_utc=2026-10-04T03:38:33.541+00:00 host_mono_ns=2844132731485891 [22:02:12:562 - 7576B4CD5840]: Ignore custom section [producers].
host_utc=2026-10-04T03:38:33.541+00:00 host_mono_ns=2844132731494548 [22:02:12:562 - 7576B4CD5840]: Ignore custom section [target_features].
host_utc=2026-10-04T03:38:33.541+00:00 host_mono_ns=2844132731518533 [22:02:12:563 - 7576B4CD5840]: Found aux __heap_base global, value: 7855136
host_utc=2026-10-04T03:38:33.541+00:00 host_mono_ns=2844132731527690 [22:02:12:564 - 7576B4CD5840]: Found aux __data_end global, value: 1301524
host_utc=2026-10-04T03:38:33.541+00:00 host_mono_ns=2844132731537108 [22:02:12:564 - 7576B4CD5840]: Found aux stack top global, value: 7855136, global index: 0, stack size: 6553600
host_utc=2026-10-04T03:38:33.541+00:00 host_mono_ns=2844132731550594 [22:02:12:565 - 7576B4CD5840]: Found malloc function, name: malloc, index: 3154
host_utc=2026-10-04T03:38:33.541+00:00 host_mono_ns=2844132731561574 [22:02:12:565 - 7576B4CD5840]: Found free function, name: free, index: 3156
host_utc=2026-10-04T03:38:33.541+00:00 host_mono_ns=2844132731572685 [22:02:12:842 - 7576B4CD5840]: Load module success.
host_utc=2026-10-04T03:38:33.541+00:00 host_mono_ns=2844132731584157 
host_utc=2026-10-04T03:38:33.541+00:00 host_mono_ns=2844132731594697 [22:02:12:853 - 7576B4CD5840]: Memory instantiate:
host_utc=2026-10-04T03:38:33.541+00:00 host_mono_ns=2844132731605537 [22:02:12:854 - 7576B4CD5840]:   page bytes: 65536, init pages: 16384, max pages: 16384
host_utc=2026-10-04T03:38:33.541+00:00 host_mono_ns=2844132731616698 [22:02:12:854 - 7576B4CD5840]:   heap offset: 1073741824, heap size: 0
host_utc=2026-10-04T03:38:33.541+00:00 host_mono_ns=2844132731627759 
host_utc=2026-10-04T03:38:33.541+00:00 host_mono_ns=2844132731638359 [22:02:12:880 - 7576B4CD5840]: Memory instantiate success.
host_utc=2026-10-04T03:38:33.541+00:00 host_mono_ns=2844132731649280 [22:02:12:012 - 7576B4CD5840]: warning: failed to link import function (env, pthread_exit)
host_utc=2026-10-04T03:38:33.541+00:00 host_mono_ns=2844132731660311 Restoring wasm thread 11
host_utc=2026-10-04T03:38:33.541+00:00 host_mono_ns=2844132731671312 [22:02:12:183 - 7576B4CD5840]: warning: failed to link import function (env, pthread_exit)
host_utc=2026-10-04T03:38:33.541+00:00 host_mono_ns=2844132731682062 thread 11 restore
host_utc=2026-10-04T03:38:33.541+00:00 host_mono_ns=2844132731692852 Restoring wasm thread 10
host_utc=2026-10-04T03:38:33.541+00:00 host_mono_ns=2844132731703462 [22:02:12:930 - 7576B4CD5840]: warning: failed to link import function (env, pthread_exit)
host_utc=2026-10-04T03:38:33.541+00:00 host_mono_ns=2844132731714353 thread 10 restore
host_utc=2026-10-04T03:38:33.541+00:00 host_mono_ns=2844132731725093 [2026-10-04 03:38:33.540] [info] wasm_restore_stack
host_utc=2026-10-04T03:38:33.541+00:00 host_mono_ns=2844132731736034 
host_utc=2026-10-04T03:38:33.541+00:00 host_mono_ns=2844132731746744 stack, 206220
host_utc=2026-10-04T03:38:33.541+00:00 host_mono_ns=2844132731758426 global, 17693
host_utc=2026-10-04T03:38:33.541+00:00 host_mono_ns=2844132731769237 program counter, 9799
host_utc=2026-10-04T03:38:33.541+00:00 host_mono_ns=2844132731788673 local_cell_num: 2
host_utc=2026-10-04T03:38:33.541+00:00 host_mono_ns=2844132731800095 locals.values.size: 2
host_utc=2026-10-04T03:38:33.541+00:00 host_mono_ns=2844132731811146 [2026-10-04 03:38:33.540] [info] restore label stack
host_utc=2026-10-04T03:38:33.541+00:00 host_mono_ns=2844132731822377 local_cell_num: 8
host_utc=2026-10-04T03:38:33.541+00:00 host_mono_ns=2844132731833237 locals.values.size: 8
host_utc=2026-10-04T03:38:33.541+00:00 host_mono_ns=2844132731844158 [2026-10-04 03:38:33.540] [info] restore label stack
host_utc=2026-10-04T03:38:33.541+00:00 host_mono_ns=2844132731855059 local_cell_num: 14
host_utc=2026-10-04T03:38:33.541+00:00 host_mono_ns=2844132731865809 locals.values.size: 14
host_utc=2026-10-04T03:38:33.541+00:00 host_mono_ns=2844132731876810 [2026-10-04 03:38:33.540] [info] restore label stack
host_utc=2026-10-04T03:38:33.541+00:00 host_mono_ns=2844132731887660 local_cell_num: 45
host_utc=2026-10-04T03:38:33.541+00:00 host_mono_ns=2844132731898230 locals.values.size: 45
host_utc=2026-10-04T03:38:33.541+00:00 host_mono_ns=2844132731909151 [2026-10-04 03:38:33.540] [info] restore label stack
host_utc=2026-10-04T03:38:33.541+00:00 host_mono_ns=2844132731926914 local_cell_num: 19
host_utc=2026-10-04T03:38:33.541+00:00 host_mono_ns=2844132731937705 locals.values.size: 19
host_utc=2026-10-04T03:38:33.541+00:00 host_mono_ns=2844132731948365 [2026-10-04 03:38:33.540] [info] restore label stack
host_utc=2026-10-04T03:38:33.541+00:00 host_mono_ns=2844132731959155 local_cell_num: 63
host_utc=2026-10-04T03:38:33.541+00:00 host_mono_ns=2844132731969765 locals.values.size: 63
host_utc=2026-10-04T03:38:33.541+00:00 host_mono_ns=2844132731980506 [2026-10-04 03:38:33.540] [info] restore label stack
host_utc=2026-10-04T03:38:33.541+00:00 host_mono_ns=2844132731991346 local_cell_num: 9
host_utc=2026-10-04T03:38:33.541+00:00 host_mono_ns=2844132732015051 locals.values.size: 9
host_utc=2026-10-04T03:38:33.541+00:00 host_mono_ns=2844132732030199 [2026-10-04 03:38:33.540] [info] restore label stack
host_utc=2026-10-04T03:38:33.541+00:00 host_mono_ns=2844132732041130 local_cell_num: 9
host_utc=2026-10-04T03:38:33.541+00:00 host_mono_ns=2844132732051820 locals.values.size: 9
host_utc=2026-10-04T03:38:33.541+00:00 host_mono_ns=2844132732062561 [2026-10-04 03:38:33.540] [info] restore label stack
host_utc=2026-10-04T03:38:33.541+00:00 host_mono_ns=2844132732073421 local_cell_num: 6
host_utc=2026-10-04T03:38:33.541+00:00 host_mono_ns=2844132732084111 locals.values.size: 6
host_utc=2026-10-04T03:38:33.541+00:00 host_mono_ns=2844132732094761 [2026-10-04 03:38:33.540] [info] restore label stack
host_utc=2026-10-04T03:38:33.541+00:00 host_mono_ns=2844132732105662 [2026-10-04 03:38:33.540] [info] Finish to restore stack
host_utc=2026-10-04T03:38:33.541+00:00 host_mono_ns=2844132732117043 
host_utc=2026-10-04T03:38:33.541+00:00 host_mono_ns=2844132732127934 initします
host_utc=2026-10-04T03:38:33.542+00:00 host_mono_ns=2844132732736253 boot_end, 2844132732479398
host_utc=2026-10-04T03:38:33.542+00:00 host_mono_ns=2844132732776239 stack, 148871
host_utc=2026-10-04T03:38:33.542+00:00 host_mono_ns=2844132732788141 global, 15951
host_utc=2026-10-04T03:38:33.542+00:00 host_mono_ns=2844132732796988 program counter, 12213
host_utc=2026-10-04T03:38:33.542+00:00 host_mono_ns=2844132732806305 wasm_cluster_increase_checkpointing_counter called 1
host_utc=2026-10-04T03:38:33.542+00:00 host_mono_ns=2844132732815803 Restoring wasm thread 9
host_utc=2026-10-04T03:38:33.542+00:00 host_mono_ns=2844132732824640 wasm_cluster_increase_checkpointing_counter called 2
host_utc=2026-10-04T03:38:33.542+00:00 host_mono_ns=2844132732833467 wasm_cluster_increase_checkpointing_counter called 3
host_utc=2026-10-04T03:38:33.542+00:00 host_mono_ns=2844132732842143 [2026-10-04 03:38:33.542] [info] wasm_restore_stack
host_utc=2026-10-04T03:38:33.542+00:00 host_mono_ns=2844132732850900 
host_utc=2026-10-04T03:38:33.542+00:00 host_mono_ns=2844132732859947 [22:02:12:562 - 7576B4CD5840]: warning: failed to link import function (env, pthread_exit)
host_utc=2026-10-04T03:38:33.542+00:00 host_mono_ns=2844132732869685 thread 9 restore
host_utc=2026-10-04T03:38:33.542+00:00 host_mono_ns=2844132732878361 local_cell_num: 2
host_utc=2026-10-04T03:38:33.542+00:00 host_mono_ns=2844132732886868 locals.values.size: 2
host_utc=2026-10-04T03:38:33.542+00:00 host_mono_ns=2844132732895364 [2026-10-04 03:38:33.542] [info] restore label stack
host_utc=2026-10-04T03:38:33.542+00:00 host_mono_ns=2844132732903890 local_cell_num: 8
host_utc=2026-10-04T03:38:33.542+00:00 host_mono_ns=2844132732912185 locals.values.size: 8
host_utc=2026-10-04T03:38:33.542+00:00 host_mono_ns=2844132732920651 [2026-10-04 03:38:33.542] [info] restore label stack
host_utc=2026-10-04T03:38:33.542+00:00 host_mono_ns=2844132732929047 local_cell_num: 14
host_utc=2026-10-04T03:38:33.542+00:00 host_mono_ns=2844132732937503 locals.values.size: 14
host_utc=2026-10-04T03:38:33.542+00:00 host_mono_ns=2844132732945859 [2026-10-04 03:38:33.542] [info] restore label stack
host_utc=2026-10-04T03:38:33.542+00:00 host_mono_ns=2844132732954235 local_cell_num: 15
host_utc=2026-10-04T03:38:33.542+00:00 host_mono_ns=2844132732973040 locals.values.size: 15
host_utc=2026-10-04T03:38:33.542+00:00 host_mono_ns=2844132732981637 [2026-10-04 03:38:33.542] [info] restore label stack
host_utc=2026-10-04T03:38:33.542+00:00 host_mono_ns=2844132732992377 local_cell_num: 37
host_utc=2026-10-04T03:38:33.542+00:00 host_mono_ns=2844132733029166 locals.values.size: 37
host_utc=2026-10-04T03:38:33.542+00:00 host_mono_ns=2844132733046559 [2026-10-04 03:38:33.542] [info] restore label stack
host_utc=2026-10-04T03:38:33.542+00:00 host_mono_ns=2844132733055366 local_cell_num: 25
host_utc=2026-10-04T03:38:33.542+00:00 host_mono_ns=2844132733063621 locals.values.size: 25
host_utc=2026-10-04T03:38:33.542+00:00 host_mono_ns=2844132733071927 [2026-10-04 03:38:33.542] [info] restore label stack
host_utc=2026-10-04T03:38:33.542+00:00 host_mono_ns=2844132733080353 local_cell_num: 34
host_utc=2026-10-04T03:38:33.542+00:00 host_mono_ns=2844132733088559 locals.values.size: 34
host_utc=2026-10-04T03:38:33.542+00:00 host_mono_ns=2844132733096824 [2026-10-04 03:38:33.542] [info] restore label stack
host_utc=2026-10-04T03:38:33.542+00:00 host_mono_ns=2844132733105220 local_cell_num: 38
host_utc=2026-10-04T03:38:33.542+00:00 host_mono_ns=2844132733115239 locals.values.size: 38
host_utc=2026-10-04T03:38:33.542+00:00 host_mono_ns=2844132733126620 [2026-10-04 03:38:33.542] [info] restore label stack
host_utc=2026-10-04T03:38:33.542+00:00 host_mono_ns=2844132733135968 local_cell_num: 94
host_utc=2026-10-04T03:38:33.542+00:00 host_mono_ns=2844132733144294 locals.values.size: 94
host_utc=2026-10-04T03:38:33.542+00:00 host_mono_ns=2844132733152499 [2026-10-04 03:38:33.542] [info] restore label stack
host_utc=2026-10-04T03:38:33.542+00:00 host_mono_ns=2844132733160975 local_cell_num: 2
host_utc=2026-10-04T03:38:33.543+00:00 host_mono_ns=2844132733169241 locals.values.size: 2
host_utc=2026-10-04T03:38:33.543+00:00 host_mono_ns=2844132733177517 [2026-10-04 03:38:33.542] [info] restore label stack
host_utc=2026-10-04T03:38:33.543+00:00 host_mono_ns=2844132733185772 local_cell_num: 9
host_utc=2026-10-04T03:38:33.543+00:00 host_mono_ns=2844132733194038 locals.values.size: 9
host_utc=2026-10-04T03:38:33.543+00:00 host_mono_ns=2844132733202213 [2026-10-04 03:38:33.542] [info] restore label stack
host_utc=2026-10-04T03:38:33.543+00:00 host_mono_ns=2844132733210549 local_cell_num: 9
host_utc=2026-10-04T03:38:33.543+00:00 host_mono_ns=2844132733218805 locals.values.size: 9
host_utc=2026-10-04T03:38:33.543+00:00 host_mono_ns=2844132733227010 [2026-10-04 03:38:33.542] [info] restore label stack
host_utc=2026-10-04T03:38:33.543+00:00 host_mono_ns=2844132733235356 local_cell_num: 6
host_utc=2026-10-04T03:38:33.543+00:00 host_mono_ns=2844132733243571 locals.values.size: 6
host_utc=2026-10-04T03:38:33.543+00:00 host_mono_ns=2844132733251837 [2026-10-04 03:38:33.542] [info] restore label stack
host_utc=2026-10-04T03:38:33.543+00:00 host_mono_ns=2844132733260253 [2026-10-04 03:38:33.542] [info] Finish to restore stack
host_utc=2026-10-04T03:38:33.543+00:00 host_mono_ns=2844132733268789 
host_utc=2026-10-04T03:38:33.543+00:00 host_mono_ns=2844132733283627 initします
host_utc=2026-10-04T03:38:33.544+00:00 host_mono_ns=2844132734503521 boot_end, 2844132734354169
host_utc=2026-10-04T03:38:33.544+00:00 host_mono_ns=2844132734532376 wasm_cluster_increase_checkpointing_counter called 1
host_utc=2026-10-04T03:38:33.544+00:00 host_mono_ns=2844132734541894 Restoring wasm thread 8
host_utc=2026-10-04T03:38:33.544+00:00 host_mono_ns=2844132734550650 wasm_cluster_increase_checkpointing_counter called 2
host_utc=2026-10-04T03:38:33.544+00:00 host_mono_ns=2844132734559387 wasm_cluster_increase_checkpointing_counter called 3
host_utc=2026-10-04T03:38:33.544+00:00 host_mono_ns=2844132734567933 [2026-10-04 03:38:33.544] [info] wasm_restore_stack
host_utc=2026-10-04T03:38:33.544+00:00 host_mono_ns=2844132734576459 
host_utc=2026-10-04T03:38:33.544+00:00 host_mono_ns=2844132734675777 [22:02:12:420 - 7576B4CD5840]: warning: failed to link import function (env, pthread_exit)
host_utc=2026-10-04T03:38:33.544+00:00 host_mono_ns=2844132734705923 thread 8 restore
host_utc=2026-10-04T03:38:33.544+00:00 host_mono_ns=2844132734715802 local_cell_num: 2
host_utc=2026-10-04T03:38:33.544+00:00 host_mono_ns=2844132734724328 locals.values.size: 2
host_utc=2026-10-04T03:38:33.544+00:00 host_mono_ns=2844132734733415 [2026-10-04 03:38:33.544] [info] restore label stack
host_utc=2026-10-04T03:38:33.544+00:00 host_mono_ns=2844132734742773 local_cell_num: 8
host_utc=2026-10-04T03:38:33.544+00:00 host_mono_ns=2844132734751089 locals.values.size: 8
host_utc=2026-10-04T03:38:33.544+00:00 host_mono_ns=2844132734762200 [2026-10-04 03:38:33.544] [info] restore label stack
host_utc=2026-10-04T03:38:33.544+00:00 host_mono_ns=2844132734773321 local_cell_num: 14
host_utc=2026-10-04T03:38:33.544+00:00 host_mono_ns=2844132734781837 locals.values.size: 14
host_utc=2026-10-04T03:38:33.544+00:00 host_mono_ns=2844132734790343 [2026-10-04 03:38:33.544] [info] restore label stack
host_utc=2026-10-04T03:38:33.544+00:00 host_mono_ns=2844132734798659 local_cell_num: 15
host_utc=2026-10-04T03:38:33.544+00:00 host_mono_ns=2844132734806854 locals.values.size: 15
host_utc=2026-10-04T03:38:33.544+00:00 host_mono_ns=2844132734815000 [2026-10-04 03:38:33.544] [info] restore label stack
host_utc=2026-10-04T03:38:33.544+00:00 host_mono_ns=2844132734823355 local_cell_num: 27
host_utc=2026-10-04T03:38:33.544+00:00 host_mono_ns=2844132734831441 locals.values.size: 27
host_utc=2026-10-04T03:38:33.544+00:00 host_mono_ns=2844132734839536 [2026-10-04 03:38:33.544] [info] restore label stack
host_utc=2026-10-04T03:38:33.544+00:00 host_mono_ns=2844132734847932 local_cell_num: 25
host_utc=2026-10-04T03:38:33.544+00:00 host_mono_ns=2844132734856177 locals.values.size: 25
host_utc=2026-10-04T03:38:33.544+00:00 host_mono_ns=2844132734864283 [2026-10-04 03:38:33.544] [info] restore label stack
host_utc=2026-10-04T03:38:33.544+00:00 host_mono_ns=2844132734872508 local_cell_num: 34
host_utc=2026-10-04T03:38:33.544+00:00 host_mono_ns=2844132734880593 locals.values.size: 34
host_utc=2026-10-04T03:38:33.544+00:00 host_mono_ns=2844132734888759 [2026-10-04 03:38:33.544] [info] restore label stack
host_utc=2026-10-04T03:38:33.544+00:00 host_mono_ns=2844132734897075 local_cell_num: 38
host_utc=2026-10-04T03:38:33.544+00:00 host_mono_ns=2844132734905230 locals.values.size: 38
host_utc=2026-10-04T03:38:33.544+00:00 host_mono_ns=2844132734913566 [2026-10-04 03:38:33.544] [info] restore label stack
host_utc=2026-10-04T03:38:33.544+00:00 host_mono_ns=2844132734921811 local_cell_num: 94
host_utc=2026-10-04T03:38:33.544+00:00 host_mono_ns=2844132734930017 locals.values.size: 94
host_utc=2026-10-04T03:38:33.544+00:00 host_mono_ns=2844132734938162 [2026-10-04 03:38:33.544] [info] restore label stack
host_utc=2026-10-04T03:38:33.544+00:00 host_mono_ns=2844132734946368 local_cell_num: 2
host_utc=2026-10-04T03:38:33.544+00:00 host_mono_ns=2844132734954543 locals.values.size: 2
host_utc=2026-10-04T03:38:33.544+00:00 host_mono_ns=2844132734962789 [2026-10-04 03:38:33.544] [info] restore label stack
host_utc=2026-10-04T03:38:33.544+00:00 host_mono_ns=2844132734970964 local_cell_num: 9
host_utc=2026-10-04T03:38:33.544+00:00 host_mono_ns=2844132734979180 locals.values.size: 9
host_utc=2026-10-04T03:38:33.544+00:00 host_mono_ns=2844132734987475 [2026-10-04 03:38:33.544] [info] restore label stack
host_utc=2026-10-04T03:38:33.544+00:00 host_mono_ns=2844132734995821 local_cell_num: 9
host_utc=2026-10-04T03:38:33.544+00:00 host_mono_ns=2844132735018524 locals.values.size: 9
host_utc=2026-10-04T03:38:33.544+00:00 host_mono_ns=2844132735031819 [2026-10-04 03:38:33.544] [info] restore label stack
host_utc=2026-10-04T03:38:33.544+00:00 host_mono_ns=2844132735040335 local_cell_num: 6
host_utc=2026-10-04T03:38:33.544+00:00 host_mono_ns=2844132735048551 locals.values.size: 6
host_utc=2026-10-04T03:38:33.544+00:00 host_mono_ns=2844132735056866 [2026-10-04 03:38:33.544] [info] restore label stack
host_utc=2026-10-04T03:38:33.544+00:00 host_mono_ns=2844132735065252 [2026-10-04 03:38:33.544] [info] Finish to restore stack
host_utc=2026-10-04T03:38:33.544+00:00 host_mono_ns=2844132735079930 
host_utc=2026-10-04T03:38:33.544+00:00 host_mono_ns=2844132735089067 stack, 178206
host_utc=2026-10-04T03:38:33.544+00:00 host_mono_ns=2844132735098054 global, 26480
host_utc=2026-10-04T03:38:33.544+00:00 host_mono_ns=2844132735106540 program counter, 13486
host_utc=2026-10-04T03:38:33.544+00:00 host_mono_ns=2844132735122260 initします
host_utc=2026-10-04T03:38:33.545+00:00 host_mono_ns=2844132736068517 boot_end, 2844132735872657
host_utc=2026-10-04T03:38:33.545+00:00 host_mono_ns=2844132736086871 stack, 82465
host_utc=2026-10-04T03:38:33.545+00:00 host_mono_ns=2844132736101088 wasm_cluster_increase_checkpointing_counter called 1
host_utc=2026-10-04T03:38:33.545+00:00 host_mono_ns=2844132736110716 Restoring wasm thread 7
host_utc=2026-10-04T03:38:33.545+00:00 host_mono_ns=2844132736119343 wasm_cluster_increase_checkpointing_counter called 2
host_utc=2026-10-04T03:38:33.545+00:00 host_mono_ns=2844132736127929 wasm_cluster_increase_checkpointing_counter called 3
host_utc=2026-10-04T03:38:33.545+00:00 host_mono_ns=2844132736136575 [2026-10-04 03:38:33.545] [info] wasm_restore_stack
host_utc=2026-10-04T03:38:33.545+00:00 host_mono_ns=2844132736145312 
host_utc=2026-10-04T03:38:33.545+00:00 host_mono_ns=2844132736153758 local_cell_num: 2
host_utc=2026-10-04T03:38:33.545+00:00 host_mono_ns=2844132736162184 locals.values.size: 2
host_utc=2026-10-04T03:38:33.546+00:00 host_mono_ns=2844132736170720 [2026-10-04 03:38:33.545] [info] restore label stack
host_utc=2026-10-04T03:38:33.546+00:00 host_mono_ns=2844132736179286 local_cell_num: 8
host_utc=2026-10-04T03:38:33.546+00:00 host_mono_ns=2844132736187562 locals.values.size: 8
host_utc=2026-10-04T03:38:33.546+00:00 host_mono_ns=2844132736195837 [2026-10-04 03:38:33.545] [info] restore label stack
host_utc=2026-10-04T03:38:33.546+00:00 host_mono_ns=2844132736204203 local_cell_num: 25
host_utc=2026-10-04T03:38:33.546+00:00 host_mono_ns=2844132736212679 locals.values.size: 25
host_utc=2026-10-04T03:38:33.546+00:00 host_mono_ns=2844132736220955 [2026-10-04 03:38:33.545] [info] restore label stack
host_utc=2026-10-04T03:38:33.546+00:00 host_mono_ns=2844132736229331 local_cell_num: 10
host_utc=2026-10-04T03:38:33.546+00:00 host_mono_ns=2844132736237606 locals.values.size: 10
host_utc=2026-10-04T03:38:33.546+00:00 host_mono_ns=2844132736245982 [2026-10-04 03:38:33.545] [info] restore label stack
host_utc=2026-10-04T03:38:33.546+00:00 host_mono_ns=2844132736254308 local_cell_num: 22
host_utc=2026-10-04T03:38:33.546+00:00 host_mono_ns=2844132736262573 locals.values.size: 22
host_utc=2026-10-04T03:38:33.546+00:00 host_mono_ns=2844132736270819 [2026-10-04 03:38:33.545] [info] restore label stack
host_utc=2026-10-04T03:38:33.546+00:00 host_mono_ns=2844132736279185 local_cell_num: 62
host_utc=2026-10-04T03:38:33.546+00:00 host_mono_ns=2844132736287450 locals.values.size: 62
host_utc=2026-10-04T03:38:33.546+00:00 host_mono_ns=2844132736295686 [2026-10-04 03:38:33.545] [info] restore label stack
host_utc=2026-10-04T03:38:33.546+00:00 host_mono_ns=2844132736304012 local_cell_num: 18
host_utc=2026-10-04T03:38:33.546+00:00 host_mono_ns=2844132736312257 locals.values.size: 18
host_utc=2026-10-04T03:38:33.546+00:00 host_mono_ns=2844132736320463 [2026-10-04 03:38:33.545] [info] restore label stack
host_utc=2026-10-04T03:38:33.546+00:00 host_mono_ns=2844132736328879 local_cell_num: 21
host_utc=2026-10-04T03:38:33.546+00:00 host_mono_ns=2844132736337084 locals.values.size: 21
host_utc=2026-10-04T03:38:33.546+00:00 host_mono_ns=2844132736345290 [2026-10-04 03:38:33.545] [info] restore label stack
host_utc=2026-10-04T03:38:33.546+00:00 host_mono_ns=2844132736353615 local_cell_num: 10
host_utc=2026-10-04T03:38:33.546+00:00 host_mono_ns=2844132736361941 locals.values.size: 10
host_utc=2026-10-04T03:38:33.546+00:00 host_mono_ns=2844132736370217 [2026-10-04 03:38:33.545] [info] restore label stack
host_utc=2026-10-04T03:38:33.546+00:00 host_mono_ns=2844132736378582 local_cell_num: 2
host_utc=2026-10-04T03:38:33.546+00:00 host_mono_ns=2844132736403650 locals.values.size: 2
host_utc=2026-10-04T03:38:33.546+00:00 host_mono_ns=2844132736412226 [2026-10-04 03:38:33.545] [info] restore label stack
host_utc=2026-10-04T03:38:33.546+00:00 host_mono_ns=2844132736420672 local_cell_num: 9
host_utc=2026-10-04T03:38:33.546+00:00 host_mono_ns=2844132736428948 locals.values.size: 9
host_utc=2026-10-04T03:38:33.546+00:00 host_mono_ns=2844132736437253 [2026-10-04 03:38:33.545] [info] restore label stack
host_utc=2026-10-04T03:38:33.546+00:00 host_mono_ns=2844132736445559 local_cell_num: 9
host_utc=2026-10-04T03:38:33.546+00:00 host_mono_ns=2844132736453885 locals.values.size: 9
host_utc=2026-10-04T03:38:33.546+00:00 host_mono_ns=2844132736462190 [2026-10-04 03:38:33.545] [info] restore label stack
host_utc=2026-10-04T03:38:33.546+00:00 host_mono_ns=2844132736470606 local_cell_num: 6
host_utc=2026-10-04T03:38:33.546+00:00 host_mono_ns=2844132736478912 locals.values.size: 6
host_utc=2026-10-04T03:38:33.546+00:00 host_mono_ns=2844132736487268 [2026-10-04 03:38:33.545] [info] restore label stack
host_utc=2026-10-04T03:38:33.546+00:00 host_mono_ns=2844132736495864 [2026-10-04 03:38:33.545] [info] Finish to restore stack
host_utc=2026-10-04T03:38:33.546+00:00 host_mono_ns=2844132736504560 
host_utc=2026-10-04T03:38:33.546+00:00 host_mono_ns=2844132736512846 global, 12604
host_utc=2026-10-04T03:38:33.546+00:00 host_mono_ns=2844132736522695 program counter, 10279
host_utc=2026-10-04T03:38:33.546+00:00 host_mono_ns=2844132736538585 initします
host_utc=2026-10-04T03:38:33.547+00:00 host_mono_ns=2844132737412686 boot_end, 2844132737257803
host_utc=2026-10-04T03:38:33.547+00:00 host_mono_ns=2844132737436801 stack, 85411
host_utc=2026-10-04T03:38:33.547+00:00 host_mono_ns=2844132737446119 [22:02:12:964 - 7576B4CD5840]: warning: failed to link import function (env, pthread_exit)
host_utc=2026-10-04T03:38:33.547+00:00 host_mono_ns=2844132737455547 thread 7 restore
host_utc=2026-10-04T03:38:33.547+00:00 host_mono_ns=2844132737463963 wasm_cluster_increase_checkpointing_counter called 1
host_utc=2026-10-04T03:38:33.547+00:00 host_mono_ns=2844132737472589 Restoring wasm thread 6
host_utc=2026-10-04T03:38:33.547+00:00 host_mono_ns=2844132737481015 wasm_cluster_increase_checkpointing_counter called 2
host_utc=2026-10-04T03:38:33.547+00:00 host_mono_ns=2844132737489611 wasm_cluster_increase_checkpointing_counter called 3
host_utc=2026-10-04T03:38:33.547+00:00 host_mono_ns=2844132737498037 local_cell_num: 2
host_utc=2026-10-04T03:38:33.547+00:00 host_mono_ns=2844132737506323 locals.values.size: 2
host_utc=2026-10-04T03:38:33.547+00:00 host_mono_ns=2844132737514688 [2026-10-04 03:38:33.547] [info] restore label stack
host_utc=2026-10-04T03:38:33.547+00:00 host_mono_ns=2844132737523054 local_cell_num: 8
host_utc=2026-10-04T03:38:33.547+00:00 host_mono_ns=2844132737531260 locals.values.size: 8
host_utc=2026-10-04T03:38:33.547+00:00 host_mono_ns=2844132737539515 [2026-10-04 03:38:33.547] [info] restore label stack
host_utc=2026-10-04T03:38:33.547+00:00 host_mono_ns=2844132737547811 local_cell_num: 14
host_utc=2026-10-04T03:38:33.547+00:00 host_mono_ns=2844132737556077 locals.values.size: 14
host_utc=2026-10-04T03:38:33.547+00:00 host_mono_ns=2844132737564312 [2026-10-04 03:38:33.547] [info] restore label stack
host_utc=2026-10-04T03:38:33.547+00:00 host_mono_ns=2844132737572628 local_cell_num: 8
host_utc=2026-10-04T03:38:33.547+00:00 host_mono_ns=2844132737580713 locals.values.size: 8
host_utc=2026-10-04T03:38:33.547+00:00 host_mono_ns=2844132737588969 [2026-10-04 03:38:33.547] [info] restore label stack
host_utc=2026-10-04T03:38:33.547+00:00 host_mono_ns=2844132737597274 local_cell_num: 13
host_utc=2026-10-04T03:38:33.547+00:00 host_mono_ns=2844132737605450 locals.values.size: 13
host_utc=2026-10-04T03:38:33.547+00:00 host_mono_ns=2844132737613625 [2026-10-04 03:38:33.547] [info] restore label stack
host_utc=2026-10-04T03:38:33.547+00:00 host_mono_ns=2844132737621931 local_cell_num: 19
host_utc=2026-10-04T03:38:33.547+00:00 host_mono_ns=2844132737630156 locals.values.size: 19
host_utc=2026-10-04T03:38:33.547+00:00 host_mono_ns=2844132737644964 [2026-10-04 03:38:33.547] [info] restore label stack
host_utc=2026-10-04T03:38:33.547+00:00 host_mono_ns=2844132737653450 local_cell_num: 63
host_utc=2026-10-04T03:38:33.547+00:00 host_mono_ns=2844132737661656 locals.values.size: 63
host_utc=2026-10-04T03:38:33.547+00:00 host_mono_ns=2844132737669881 [2026-10-04 03:38:33.547] [info] restore label stack
host_utc=2026-10-04T03:38:33.547+00:00 host_mono_ns=2844132737678227 local_cell_num: 9
host_utc=2026-10-04T03:38:33.547+00:00 host_mono_ns=2844132737686373 locals.values.size: 9
host_utc=2026-10-04T03:38:33.547+00:00 host_mono_ns=2844132737694598 [2026-10-04 03:38:33.547] [info] restore label stack
host_utc=2026-10-04T03:38:33.547+00:00 host_mono_ns=2844132737702884 local_cell_num: 9
host_utc=2026-10-04T03:38:33.547+00:00 host_mono_ns=2844132737711019 locals.values.size: 9
host_utc=2026-10-04T03:38:33.547+00:00 host_mono_ns=2844132737721749 [2026-10-04 03:38:33.547] [info] restore label stack
host_utc=2026-10-04T03:38:33.547+00:00 host_mono_ns=2844132737732039 local_cell_num: 6
host_utc=2026-10-04T03:38:33.547+00:00 host_mono_ns=2844132737740475 locals.values.size: 6
host_utc=2026-10-04T03:38:33.547+00:00 host_mono_ns=2844132737748831 [2026-10-04 03:38:33.547] [info] restore label stack
host_utc=2026-10-04T03:38:33.547+00:00 host_mono_ns=2844132737757216 [2026-10-04 03:38:33.547] [info] Finish to restore stack
host_utc=2026-10-04T03:38:33.547+00:00 host_mono_ns=2844132737765773 
host_utc=2026-10-04T03:38:33.547+00:00 host_mono_ns=2844132737774028 global, 17623
host_utc=2026-10-04T03:38:33.547+00:00 host_mono_ns=2844132737782394 program counter, 7755
host_utc=2026-10-04T03:38:33.547+00:00 host_mono_ns=2844132737795338 initします
host_utc=2026-10-04T03:38:33.548+00:00 host_mono_ns=2844132738607152 boot_end, 2844132738475413
host_utc=2026-10-04T03:38:33.548+00:00 host_mono_ns=2844132738628963 stack, 87105
host_utc=2026-10-04T03:38:33.548+00:00 host_mono_ns=2844132738662346 global, 18335
host_utc=2026-10-04T03:38:33.548+00:00 host_mono_ns=2844132738672004 program counter, 9758
host_utc=2026-10-04T03:38:33.548+00:00 host_mono_ns=2844132738753198 [22:02:12:349 - 7576B4CD5840]: warning: failed to link import function (env, pthread_exit)
host_utc=2026-10-04T03:38:33.548+00:00 host_mono_ns=2844132738771001 thread 6 restore
host_utc=2026-10-04T03:38:33.548+00:00 host_mono_ns=2844132738780579 wasm_cluster_increase_checkpointing_counter called 1
host_utc=2026-10-04T03:38:33.548+00:00 host_mono_ns=2844132738790137 Restoring wasm thread 5
host_utc=2026-10-04T03:38:33.548+00:00 host_mono_ns=2844132738799044 wasm_cluster_increase_checkpointing_counter called 2
host_utc=2026-10-04T03:38:33.548+00:00 host_mono_ns=2844132738807781 wasm_cluster_increase_checkpointing_counter called 3
host_utc=2026-10-04T03:38:33.548+00:00 host_mono_ns=2844132738816537 local_cell_num: 2
host_utc=2026-10-04T03:38:33.548+00:00 host_mono_ns=2844132738824873 locals.values.size: 2
host_utc=2026-10-04T03:38:33.548+00:00 host_mono_ns=2844132738833249 [2026-10-04 03:38:33.548] [info] restore label stack
host_utc=2026-10-04T03:38:33.548+00:00 host_mono_ns=2844132738841875 local_cell_num: 8
host_utc=2026-10-04T03:38:33.548+00:00 host_mono_ns=2844132738850071 locals.values.size: 8
host_utc=2026-10-04T03:38:33.548+00:00 host_mono_ns=2844132738858356 [2026-10-04 03:38:33.548] [info] restore label stack
host_utc=2026-10-04T03:38:33.548+00:00 host_mono_ns=2844132738866802 local_cell_num: 14
host_utc=2026-10-04T03:38:33.548+00:00 host_mono_ns=2844132738875158 locals.values.size: 14
host_utc=2026-10-04T03:38:33.548+00:00 host_mono_ns=2844132738883504 [2026-10-04 03:38:33.548] [info] restore label stack
host_utc=2026-10-04T03:38:33.548+00:00 host_mono_ns=2844132738891870 local_cell_num: 8
host_utc=2026-10-04T03:38:33.548+00:00 host_mono_ns=2844132738900005 locals.values.size: 8
host_utc=2026-10-04T03:38:33.548+00:00 host_mono_ns=2844132738908331 [2026-10-04 03:38:33.548] [info] restore label stack
host_utc=2026-10-04T03:38:33.548+00:00 host_mono_ns=2844132738916626 local_cell_num: 13
host_utc=2026-10-04T03:38:33.548+00:00 host_mono_ns=2844132738932005 locals.values.size: 13
host_utc=2026-10-04T03:38:33.548+00:00 host_mono_ns=2844132738940491 [2026-10-04 03:38:33.548] [info] restore label stack
host_utc=2026-10-04T03:38:33.548+00:00 host_mono_ns=2844132738948857 local_cell_num: 19
host_utc=2026-10-04T03:38:33.548+00:00 host_mono_ns=2844132738957073 locals.values.size: 19
host_utc=2026-10-04T03:38:33.548+00:00 host_mono_ns=2844132738965328 [2026-10-04 03:38:33.548] [info] restore label stack
host_utc=2026-10-04T03:38:33.548+00:00 host_mono_ns=2844132738973564 local_cell_num: 63
host_utc=2026-10-04T03:38:33.548+00:00 host_mono_ns=2844132738981769 locals.values.size: 63
host_utc=2026-10-04T03:38:33.548+00:00 host_mono_ns=2844132738991157 [2026-10-04 03:38:33.548] [info] restore label stack
host_utc=2026-10-04T03:38:33.548+00:00 host_mono_ns=2844132739010574 local_cell_num: 9
host_utc=2026-10-04T03:38:33.548+00:00 host_mono_ns=2844132739024691 locals.values.size: 9
host_utc=2026-10-04T03:38:33.548+00:00 host_mono_ns=2844132739033427 [2026-10-04 03:38:33.548] [info] restore label stack
host_utc=2026-10-04T03:38:33.548+00:00 host_mono_ns=2844132739041763 local_cell_num: 9
host_utc=2026-10-04T03:38:33.548+00:00 host_mono_ns=2844132739049988 locals.values.size: 9
host_utc=2026-10-04T03:38:33.548+00:00 host_mono_ns=2844132739058194 [2026-10-04 03:38:33.548] [info] restore label stack
host_utc=2026-10-04T03:38:33.548+00:00 host_mono_ns=2844132739066720 local_cell_num: 6
host_utc=2026-10-04T03:38:33.548+00:00 host_mono_ns=2844132739074915 locals.values.size: 6
host_utc=2026-10-04T03:38:33.548+00:00 host_mono_ns=2844132739083271 [2026-10-04 03:38:33.548] [info] restore label stack
host_utc=2026-10-04T03:38:33.548+00:00 host_mono_ns=2844132739093140 [2026-10-04 03:38:33.548] [info] Finish to restore stack
host_utc=2026-10-04T03:38:33.548+00:00 host_mono_ns=2844132739104952 
host_utc=2026-10-04T03:38:33.548+00:00 host_mono_ns=2844132739120982 initします
host_utc=2026-10-04T03:38:33.550+00:00 host_mono_ns=2844132740634751 boot_end, 2844132740496741
host_utc=2026-10-04T03:38:33.550+00:00 host_mono_ns=2844132740663406 [22:02:12:572 - 7576B4CD5840]: warning: failed to link import function (env, pthread_exit)
host_utc=2026-10-04T03:38:33.550+00:00 host_mono_ns=2844132740675047 thread 5 restore
host_utc=2026-10-04T03:38:33.550+00:00 host_mono_ns=2844132740684305 wasm_cluster_increase_checkpointing_counter called 1
host_utc=2026-10-04T03:38:33.550+00:00 host_mono_ns=2844132740693963 Restoring wasm thread 4
host_utc=2026-10-04T03:38:33.550+00:00 host_mono_ns=2844132740702790 wasm_cluster_increase_checkpointing_counter called 2
host_utc=2026-10-04T03:38:33.550+00:00 host_mono_ns=2844132740711506 wasm_cluster_increase_checkpointing_counter called 3
host_utc=2026-10-04T03:38:33.550+00:00 host_mono_ns=2844132740720223 [2026-10-04 03:38:33.550] [info] wasm_restore_stack
host_utc=2026-10-04T03:38:33.550+00:00 host_mono_ns=2844132740728989 
host_utc=2026-10-04T03:38:33.550+00:00 host_mono_ns=2844132740743707 [22:02:12:574 - 7576B4CD5840]: warning: failed to link import function (env, pthread_exit)
host_utc=2026-10-04T03:38:33.550+00:00 host_mono_ns=2844132740752864 thread 4 restore
host_utc=2026-10-04T03:38:33.550+00:00 host_mono_ns=2844132740761421 local_cell_num: 2
host_utc=2026-10-04T03:38:33.550+00:00 host_mono_ns=2844132740769736 locals.values.size: 2
host_utc=2026-10-04T03:38:33.550+00:00 host_mono_ns=2844132740778453 [2026-10-04 03:38:33.550] [info] restore label stack
host_utc=2026-10-04T03:38:33.550+00:00 host_mono_ns=2844132740790425 stack, 142720
host_utc=2026-10-04T03:38:33.550+00:00 host_mono_ns=2844132740799142 global, 22232
host_utc=2026-10-04T03:38:33.550+00:00 host_mono_ns=2844132740807818 program counter, 12684
host_utc=2026-10-04T03:38:33.550+00:00 host_mono_ns=2844132740820382 local_cell_num: 8
host_utc=2026-10-04T03:38:33.550+00:00 host_mono_ns=2844132740829148 locals.values.size: 8
host_utc=2026-10-04T03:38:33.550+00:00 host_mono_ns=2844132740837494 [2026-10-04 03:38:33.550] [info] restore label stack
host_utc=2026-10-04T03:38:33.550+00:00 host_mono_ns=2844132740853885 local_cell_num: 14
host_utc=2026-10-04T03:38:33.550+00:00 host_mono_ns=2844132740862542 locals.values.size: 14
host_utc=2026-10-04T03:38:33.550+00:00 host_mono_ns=2844132740871008 [2026-10-04 03:38:33.550] [info] restore label stack
host_utc=2026-10-04T03:38:33.550+00:00 host_mono_ns=2844132740879484 local_cell_num: 215
host_utc=2026-10-04T03:38:33.550+00:00 host_mono_ns=2844132740887809 locals.values.size: 215
host_utc=2026-10-04T03:38:33.550+00:00 host_mono_ns=2844132740896416 [2026-10-04 03:38:33.550] [info] restore label stack
host_utc=2026-10-04T03:38:33.550+00:00 host_mono_ns=2844132740904831 local_cell_num: 77
host_utc=2026-10-04T03:38:33.550+00:00 host_mono_ns=2844132740913197 locals.values.size: 77
host_utc=2026-10-04T03:38:33.550+00:00 host_mono_ns=2844132740921523 [2026-10-04 03:38:33.550] [info] restore label stack
host_utc=2026-10-04T03:38:33.550+00:00 host_mono_ns=2844132740929909 local_cell_num: 22
host_utc=2026-10-04T03:38:33.550+00:00 host_mono_ns=2844132740938164 locals.values.size: 22
host_utc=2026-10-04T03:38:33.550+00:00 host_mono_ns=2844132740946520 [2026-10-04 03:38:33.550] [info] restore label stack
host_utc=2026-10-04T03:38:33.550+00:00 host_mono_ns=2844132740954996 [2026-10-04 03:38:33.550] [info] Finish to restore stack
host_utc=2026-10-04T03:38:33.550+00:00 host_mono_ns=2844132740963873 
host_utc=2026-10-04T03:38:33.550+00:00 host_mono_ns=2844132741151477 initします
host_utc=2026-10-04T03:38:33.552+00:00 host_mono_ns=2844132742947209 boot_end, 2844132742795603
host_utc=2026-10-04T03:38:33.552+00:00 host_mono_ns=2844132742963159 wasm_cluster_increase_checkpointing_counter called 1
host_utc=2026-10-04T03:38:33.552+00:00 host_mono_ns=2844132742972276 Restoring wasm thread 3
host_utc=2026-10-04T03:38:33.552+00:00 host_mono_ns=2844132742980853 wasm_cluster_increase_checkpointing_counter called 2
host_utc=2026-10-04T03:38:33.552+00:00 host_mono_ns=2844132742989389 wasm_cluster_increase_checkpointing_counter called 3
host_utc=2026-10-04T03:38:33.552+00:00 host_mono_ns=2844132742997975 [2026-10-04 03:38:33.552] [info] wasm_restore_stack
host_utc=2026-10-04T03:38:33.552+00:00 host_mono_ns=2844132743017412 
host_utc=2026-10-04T03:38:33.552+00:00 host_mono_ns=2844132743028423 [22:02:12:869 - 7576B4CD5840]: warning: failed to link import function (env, pthread_exit)
host_utc=2026-10-04T03:38:33.552+00:00 host_mono_ns=2844132743037219 thread 3 restore
host_utc=2026-10-04T03:38:33.552+00:00 host_mono_ns=2844132743045555 local_cell_num: 2
host_utc=2026-10-04T03:38:33.552+00:00 host_mono_ns=2844132743053861 locals.values.size: 2
host_utc=2026-10-04T03:38:33.552+00:00 host_mono_ns=2844132743062337 [2026-10-04 03:38:33.552] [info] restore label stack
host_utc=2026-10-04T03:38:33.552+00:00 host_mono_ns=2844132743070752 local_cell_num: 8
host_utc=2026-10-04T03:38:33.552+00:00 host_mono_ns=2844132743079078 locals.values.size: 8
host_utc=2026-10-04T03:38:33.552+00:00 host_mono_ns=2844132743087384 [2026-10-04 03:38:33.552] [info] restore label stack
host_utc=2026-10-04T03:38:33.552+00:00 host_mono_ns=2844132743095770 local_cell_num: 14
host_utc=2026-10-04T03:38:33.552+00:00 host_mono_ns=2844132743104005 locals.values.size: 14
host_utc=2026-10-04T03:38:33.552+00:00 host_mono_ns=2844132743112311 [2026-10-04 03:38:33.552] [info] restore label stack
host_utc=2026-10-04T03:38:33.552+00:00 host_mono_ns=2844132743120717 local_cell_num: 215
host_utc=2026-10-04T03:38:33.552+00:00 host_mono_ns=2844132743129073 locals.values.size: 215
host_utc=2026-10-04T03:38:33.552+00:00 host_mono_ns=2844132743137408 [2026-10-04 03:38:33.552] [info] restore label stack
host_utc=2026-10-04T03:38:33.552+00:00 host_mono_ns=2844132743145714 local_cell_num: 77
host_utc=2026-10-04T03:38:33.552+00:00 host_mono_ns=2844132743153940 locals.values.size: 77
host_utc=2026-10-04T03:38:33.552+00:00 host_mono_ns=2844132743162205 [2026-10-04 03:38:33.552] [info] restore label stack
host_utc=2026-10-04T03:38:33.553+00:00 host_mono_ns=2844132743170541 local_cell_num: 22
host_utc=2026-10-04T03:38:33.553+00:00 host_mono_ns=2844132743185078 locals.values.size: 22
host_utc=2026-10-04T03:38:33.553+00:00 host_mono_ns=2844132743193504 [2026-10-04 03:38:33.552] [info] restore label stack
host_utc=2026-10-04T03:38:33.553+00:00 host_mono_ns=2844132743201910 [2026-10-04 03:38:33.552] [info] Finish to restore stack
host_utc=2026-10-04T03:38:33.553+00:00 host_mono_ns=2844132743210516 
host_utc=2026-10-04T03:38:33.553+00:00 host_mono_ns=2844132743223281 stack, 118504
host_utc=2026-10-04T03:38:33.553+00:00 host_mono_ns=2844132743231937 global, 21961
host_utc=2026-10-04T03:38:33.553+00:00 host_mono_ns=2844132743240183 program counter, 13155
host_utc=2026-10-04T03:38:33.553+00:00 host_mono_ns=2844132743372402 initします
host_utc=2026-10-04T03:38:33.555+00:00 host_mono_ns=2844132745202258 boot_end, 2844132745085708
host_utc=2026-10-04T03:38:33.555+00:00 host_mono_ns=2844132745224951 wasm_cluster_increase_checkpointing_counter called 1
host_utc=2026-10-04T03:38:33.555+00:00 host_mono_ns=2844132745236012 Restoring wasm thread 2
host_utc=2026-10-04T03:38:33.555+00:00 host_mono_ns=2844132745245089 wasm_cluster_increase_checkpointing_counter called 2
host_utc=2026-10-04T03:38:33.555+00:00 host_mono_ns=2844132745253736 wasm_cluster_increase_checkpointing_counter called 3
host_utc=2026-10-04T03:38:33.555+00:00 host_mono_ns=2844132745262322 [2026-10-04 03:38:33.554] [info] wasm_restore_stack
host_utc=2026-10-04T03:38:33.555+00:00 host_mono_ns=2844132745270938 
host_utc=2026-10-04T03:38:33.555+00:00 host_mono_ns=2844132745285405 [22:02:12:171 - 7576B4CD5840]: warning: failed to link import function (env, pthread_exit)
host_utc=2026-10-04T03:38:33.555+00:00 host_mono_ns=2844132745294944 thread 2 restore
host_utc=2026-10-04T03:38:33.555+00:00 host_mono_ns=2844132745303510 local_cell_num: 2
host_utc=2026-10-04T03:38:33.555+00:00 host_mono_ns=2844132745311906 locals.values.size: 2
host_utc=2026-10-04T03:38:33.555+00:00 host_mono_ns=2844132745320472 [2026-10-04 03:38:33.555] [info] restore label stack
host_utc=2026-10-04T03:38:33.555+00:00 host_mono_ns=2844132745329108 local_cell_num: 8
host_utc=2026-10-04T03:38:33.555+00:00 host_mono_ns=2844132745337504 locals.values.size: 8
host_utc=2026-10-04T03:38:33.555+00:00 host_mono_ns=2844132745345790 [2026-10-04 03:38:33.555] [info] restore label stack
host_utc=2026-10-04T03:38:33.555+00:00 host_mono_ns=2844132745354145 local_cell_num: 14
host_utc=2026-10-04T03:38:33.555+00:00 host_mono_ns=2844132745362451 locals.values.size: 14
host_utc=2026-10-04T03:38:33.555+00:00 host_mono_ns=2844132745370887 [2026-10-04 03:38:33.555] [info] restore label stack
host_utc=2026-10-04T03:38:33.555+00:00 host_mono_ns=2844132745379303 local_cell_num: 215
host_utc=2026-10-04T03:38:33.555+00:00 host_mono_ns=2844132745387568 locals.values.size: 215
host_utc=2026-10-04T03:38:33.555+00:00 host_mono_ns=2844132745396145 [2026-10-04 03:38:33.555] [info] restore label stack
host_utc=2026-10-04T03:38:33.555+00:00 host_mono_ns=2844132745404601 local_cell_num: 77
host_utc=2026-10-04T03:38:33.555+00:00 host_mono_ns=2844132745412826 locals.values.size: 77
host_utc=2026-10-04T03:38:33.555+00:00 host_mono_ns=2844132745421072 [2026-10-04 03:38:33.555] [info] restore label stack
host_utc=2026-10-04T03:38:33.555+00:00 host_mono_ns=2844132745429387 local_cell_num: 22
host_utc=2026-10-04T03:38:33.555+00:00 host_mono_ns=2844132745437573 locals.values.size: 22
host_utc=2026-10-04T03:38:33.555+00:00 host_mono_ns=2844132745445778 [2026-10-04 03:38:33.555] [info] restore label stack
host_utc=2026-10-04T03:38:33.555+00:00 host_mono_ns=2844132745454094 [2026-10-04 03:38:33.555] [info] Finish to restore stack
host_utc=2026-10-04T03:38:33.555+00:00 host_mono_ns=2844132745462780 
host_utc=2026-10-04T03:38:33.555+00:00 host_mono_ns=2844132745471387 stack, 124885
host_utc=2026-10-04T03:38:33.555+00:00 host_mono_ns=2844132745483890 global, 29255
host_utc=2026-10-04T03:38:33.555+00:00 host_mono_ns=2844132745492787 program counter, 16201
host_utc=2026-10-04T03:38:33.555+00:00 host_mono_ns=2844132745711600 initします
host_utc=2026-10-04T03:38:33.557+00:00 host_mono_ns=2844132747244966 boot_end, 2844132747083331
host_utc=2026-10-04T03:38:33.557+00:00 host_mono_ns=2844132747278149 wasm_cluster_increase_checkpointing_counter called 1
host_utc=2026-10-04T03:38:33.557+00:00 host_mono_ns=2844132747294670 Restoring wasm thread 1
host_utc=2026-10-04T03:38:33.557+00:00 host_mono_ns=2844132747308446 wasm_cluster_increase_checkpointing_counter called 2
host_utc=2026-10-04T03:38:33.557+00:00 host_mono_ns=2844132747321581 wasm_cluster_increase_checkpointing_counter called 3
host_utc=2026-10-04T03:38:33.557+00:00 host_mono_ns=2844132747334235 [2026-10-04 03:38:33.556] [info] wasm_restore_stack
host_utc=2026-10-04T03:38:33.557+00:00 host_mono_ns=2844132747347119 
host_utc=2026-10-04T03:38:33.557+00:00 host_mono_ns=2844132747367979 stack, 150845
host_utc=2026-10-04T03:38:33.557+00:00 host_mono_ns=2844132747382085 [22:02:12:154 - 7576B4CD5840]: warning: failed to link import function (env, pthread_exit)
host_utc=2026-10-04T03:38:33.557+00:00 host_mono_ns=2844132747395481 thread 1 restore
host_utc=2026-10-04T03:38:33.557+00:00 host_mono_ns=2844132747408255 local_cell_num: 2
host_utc=2026-10-04T03:38:33.557+00:00 host_mono_ns=2844132747420829 locals.values.size: 2
host_utc=2026-10-04T03:38:33.557+00:00 host_mono_ns=2844132747433382 [2026-10-04 03:38:33.557] [info] restore label stack
host_utc=2026-10-04T03:38:33.557+00:00 host_mono_ns=2844132747446177 local_cell_num: 8
host_utc=2026-10-04T03:38:33.557+00:00 host_mono_ns=2844132747458650 locals.values.size: 8
host_utc=2026-10-04T03:38:33.557+00:00 host_mono_ns=2844132747471084 [2026-10-04 03:38:33.557] [info] restore label stack
host_utc=2026-10-04T03:38:33.557+00:00 host_mono_ns=2844132747483597 local_cell_num: 14
host_utc=2026-10-04T03:38:33.557+00:00 host_mono_ns=2844132747496031 locals.values.size: 14
host_utc=2026-10-04T03:38:33.557+00:00 host_mono_ns=2844132747508544 [2026-10-04 03:38:33.557] [info] restore label stack
host_utc=2026-10-04T03:38:33.557+00:00 host_mono_ns=2844132747520898 local_cell_num: 215
host_utc=2026-10-04T03:38:33.557+00:00 host_mono_ns=2844132747533251 locals.values.size: 215
host_utc=2026-10-04T03:38:33.557+00:00 host_mono_ns=2844132747545765 [2026-10-04 03:38:33.557] [info] restore label stack
host_utc=2026-10-04T03:38:33.557+00:00 host_mono_ns=2844132747558068 local_cell_num: 77
host_utc=2026-10-04T03:38:33.557+00:00 host_mono_ns=2844132747570431 locals.values.size: 77
host_utc=2026-10-04T03:38:33.557+00:00 host_mono_ns=2844132747582755 [2026-10-04 03:38:33.557] [info] restore label stack
host_utc=2026-10-04T03:38:33.557+00:00 host_mono_ns=2844132747595198 local_cell_num: 22
host_utc=2026-10-04T03:38:33.557+00:00 host_mono_ns=2844132747607421 locals.values.size: 22
host_utc=2026-10-04T03:38:33.557+00:00 host_mono_ns=2844132747619714 [2026-10-04 03:38:33.557] [info] restore label stack
host_utc=2026-10-04T03:38:33.557+00:00 host_mono_ns=2844132747632158 [2026-10-04 03:38:33.557] [info] Finish to restore stack
host_utc=2026-10-04T03:38:33.557+00:00 host_mono_ns=2844132747644972 
host_utc=2026-10-04T03:38:33.557+00:00 host_mono_ns=2844132747664950 global, 33513
host_utc=2026-10-04T03:38:33.557+00:00 host_mono_ns=2844132747678075 program counter, 18665
host_utc=2026-10-04T03:38:33.557+00:00 host_mono_ns=2844132747691069 wasm_cluster_increase_checkpointing_counter called 1
host_utc=2026-10-04T03:38:33.557+00:00 host_mono_ns=2844132747704164 [2026-10-04 03:38:33.557] [info] wasm_restore_stack
host_utc=2026-10-04T03:38:33.557+00:00 host_mono_ns=2844132747717168 
host_utc=2026-10-04T03:38:33.557+00:00 host_mono_ns=2844132747729662 initします
host_utc=2026-10-04T03:38:33.558+00:00 host_mono_ns=2844132748513543 wasm_cluster_increase_checkpointing_counter called 2
host_utc=2026-10-04T03:38:33.558+00:00 host_mono_ns=2844132748549320 wasm_cluster_increase_checkpointing_counter called 3
host_utc=2026-10-04T03:38:33.558+00:00 host_mono_ns=2844132748562615 [2026-10-04 03:38:33.558] [info] wasm_restore_stack
host_utc=2026-10-04T03:38:33.558+00:00 host_mono_ns=2844132748574117 
host_utc=2026-10-04T03:38:33.558+00:00 host_mono_ns=2844132748650231 boot_end, 2844132748384068
host_utc=2026-10-04T03:38:33.558+00:00 host_mono_ns=2844132748670820 local_cell_num: 1
host_utc=2026-10-04T03:38:33.558+00:00 host_mono_ns=2844132748682281 locals.values.size: 1
host_utc=2026-10-04T03:38:33.558+00:00 host_mono_ns=2844132748693472 [2026-10-04 03:38:33.558] [info] restore label stack
host_utc=2026-10-04T03:38:33.558+00:00 host_mono_ns=2844132748704413 local_cell_num: 3
host_utc=2026-10-04T03:38:33.558+00:00 host_mono_ns=2844132748715043 locals.values.size: 3
host_utc=2026-10-04T03:38:33.558+00:00 host_mono_ns=2844132748725683 [2026-10-04 03:38:33.558] [info] restore label stack
host_utc=2026-10-04T03:38:33.558+00:00 host_mono_ns=2844132748736534 local_cell_num: 170
host_utc=2026-10-04T03:38:33.558+00:00 host_mono_ns=2844132748747444 locals.values.size: 170
host_utc=2026-10-04T03:38:33.558+00:00 host_mono_ns=2844132748758295 [2026-10-04 03:38:33.558] [info] restore label stack
host_utc=2026-10-04T03:38:33.558+00:00 host_mono_ns=2844132748769095 local_cell_num: 19
host_utc=2026-10-04T03:38:33.558+00:00 host_mono_ns=2844132748779675 locals.values.size: 19
host_utc=2026-10-04T03:38:33.558+00:00 host_mono_ns=2844132748790366 [2026-10-04 03:38:33.558] [info] restore label stack
host_utc=2026-10-04T03:38:33.558+00:00 host_mono_ns=2844132748801006 local_cell_num: 63
host_utc=2026-10-04T03:38:33.558+00:00 host_mono_ns=2844132748811505 locals.values.size: 63
host_utc=2026-10-04T03:38:33.558+00:00 host_mono_ns=2844132748822075 [2026-10-04 03:38:33.558] [info] restore label stack
host_utc=2026-10-04T03:38:33.558+00:00 host_mono_ns=2844132748832956 local_cell_num: 9
host_utc=2026-10-04T03:38:33.558+00:00 host_mono_ns=2844132748843516 locals.values.size: 9
host_utc=2026-10-04T03:38:33.558+00:00 host_mono_ns=2844132748854056 [2026-10-04 03:38:33.558] [info] restore label stack
host_utc=2026-10-04T03:38:33.558+00:00 host_mono_ns=2844132748864616 local_cell_num: 9
host_utc=2026-10-04T03:38:33.558+00:00 host_mono_ns=2844132748875015 locals.values.size: 9
host_utc=2026-10-04T03:38:33.558+00:00 host_mono_ns=2844132748885535 [2026-10-04 03:38:33.558] [info] restore label stack
host_utc=2026-10-04T03:38:33.558+00:00 host_mono_ns=2844132748896135 local_cell_num: 6
host_utc=2026-10-04T03:38:33.558+00:00 host_mono_ns=2844132748906455 locals.values.size: 6
host_utc=2026-10-04T03:38:33.558+00:00 host_mono_ns=2844132748917035 [2026-10-04 03:38:33.558] [info] restore label stack
host_utc=2026-10-04T03:38:33.558+00:00 host_mono_ns=2844132748927645 [2026-10-04 03:38:33.558] [info] Finish to restore stack
host_utc=2026-10-04T03:38:33.558+00:00 host_mono_ns=2844132748938696 
host_utc=2026-10-04T03:38:33.558+00:00 host_mono_ns=2844132748949426 local_cell_num: 2
host_utc=2026-10-04T03:38:33.558+00:00 host_mono_ns=2844132748959826 locals.values.size: 2
host_utc=2026-10-04T03:38:33.558+00:00 host_mono_ns=2844132748970396 [2026-10-04 03:38:33.558] [info] restore label stack
host_utc=2026-10-04T03:38:33.558+00:00 host_mono_ns=2844132748980976 local_cell_num: 8
host_utc=2026-10-04T03:38:33.558+00:00 host_mono_ns=2844132748991295 locals.values.size: 8
host_utc=2026-10-04T03:38:33.558+00:00 host_mono_ns=2844132749019037 [2026-10-04 03:38:33.558] [info] restore label stack
host_utc=2026-10-04T03:38:33.558+00:00 host_mono_ns=2844132749034717 local_cell_num: 14
host_utc=2026-10-04T03:38:33.558+00:00 host_mono_ns=2844132749045477 locals.values.size: 14
host_utc=2026-10-04T03:38:33.558+00:00 host_mono_ns=2844132749055947 [2026-10-04 03:38:33.558] [info] restore label stack
host_utc=2026-10-04T03:38:33.558+00:00 host_mono_ns=2844132749066637 local_cell_num: 155
host_utc=2026-10-04T03:38:33.558+00:00 host_mono_ns=2844132749077257 locals.values.size: 155
host_utc=2026-10-04T03:38:33.558+00:00 host_mono_ns=2844132749088649 [2026-10-04 03:38:33.558] [info] restore label stack
host_utc=2026-10-04T03:38:33.558+00:00 host_mono_ns=2844132749099990 local_cell_num: 19
host_utc=2026-10-04T03:38:33.558+00:00 host_mono_ns=2844132749110570 locals.values.size: 19
host_utc=2026-10-04T03:38:33.558+00:00 host_mono_ns=2844132749128945 [2026-10-04 03:38:33.558] [info] restore label stack
host_utc=2026-10-04T03:38:33.558+00:00 host_mono_ns=2844132749139705 local_cell_num: 63
host_utc=2026-10-04T03:38:33.558+00:00 host_mono_ns=2844132749150125 locals.values.size: 63
host_utc=2026-10-04T03:38:33.558+00:00 host_mono_ns=2844132749160585 [2026-10-04 03:38:33.558] [info] restore label stack
host_utc=2026-10-04T03:38:33.559+00:00 host_mono_ns=2844132749171245 local_cell_num: 9
host_utc=2026-10-04T03:38:33.559+00:00 host_mono_ns=2844132749181755 locals.values.size: 9
host_utc=2026-10-04T03:38:33.559+00:00 host_mono_ns=2844132749192285 [2026-10-04 03:38:33.558] [info] restore label stack
host_utc=2026-10-04T03:38:33.559+00:00 host_mono_ns=2844132749202845 local_cell_num: 9
host_utc=2026-10-04T03:38:33.559+00:00 host_mono_ns=2844132749213154 locals.values.size: 9
host_utc=2026-10-04T03:38:33.559+00:00 host_mono_ns=2844132749223674 [2026-10-04 03:38:33.558] [info] restore label stack
host_utc=2026-10-04T03:38:33.559+00:00 host_mono_ns=2844132749234244 local_cell_num: 6
host_utc=2026-10-04T03:38:33.559+00:00 host_mono_ns=2844132749244664 locals.values.size: 6
host_utc=2026-10-04T03:38:33.559+00:00 host_mono_ns=2844132749255143 [2026-10-04 03:38:33.558] [info] restore label stack
host_utc=2026-10-04T03:38:33.559+00:00 host_mono_ns=2844132749265844 [2026-10-04 03:38:33.558] [info] Finish to restore stack
host_utc=2026-10-04T03:38:33.559+00:00 host_mono_ns=2844132749276764 
host_utc=2026-10-04T03:38:33.559+00:00 host_mono_ns=2844132749287575 stack, 996803
host_utc=2026-10-04T03:38:33.559+00:00 host_mono_ns=2844132749298946 stack, 75463
host_utc=2026-10-04T03:38:33.559+00:00 host_mono_ns=2844132749309506 global, 15820
host_utc=2026-10-04T03:38:33.559+00:00 host_mono_ns=2844132749320216 program counter, 7354
host_utc=2026-10-04T03:38:35.335+00:00 host_mono_ns=2844134525186768 memory, 1776223737
host_utc=2026-10-04T03:38:35.335+00:00 host_mono_ns=2844134525786731 Restore: add_membership for fd 7 used destination default interface
host_utc=2026-10-04T03:38:35.335+00:00 host_mono_ns=2844134525809885 Restore: add_membership for fd 4 used destination default interface
host_utc=2026-10-04T03:38:35.335+00:00 host_mono_ns=2844134525835934 global, 11592
host_utc=2026-10-04T03:38:35.335+00:00 host_mono_ns=2844134525851383 program counter, 14648
host_utc=2026-10-04T03:38:37.339+00:00 host_mono_ns=2844136530143150 '
host_utc=2026-10-04T03:38:37.340+00:00 host_mono_ns=2844136530212020 LOG_ERROR : 00000019.025 : [CR-STATE] netif_refresh default=0x9bf18 self=0x9bf18 same=1 stored=0x030012ac probed=0x060012ac pending=0
host_utc=2026-10-04T03:38:37.340+00:00 host_mono_ns=2844136530237759 UDP_RECV_RECOVERY action=skip reason=EINTR fd=4netif_wasm: local ip changed to 0x060012ac
host_utc=2026-10-04T03:38:37.340+00:00 host_mono_ns=2844136530259781 
host_utc=2026-10-04T03:38:37.340+00:00 host_mono_ns=2844136530280730 LOG_ERROR : 00000019.025 : LOG_ERROR : 00000019.026 : UDP_RECV_RECOVERY action=skip reason=EINTR fd=3UDP_RECV_RECOVERY action=refresh status=1 reason=EINTR fd=9
host_utc=2026-10-04T03:38:37.340+00:00 host_mono_ns=2844136530302772 LOG_ERROR : 00000019.025 :
host_utc=2026-10-04T03:38:37.340+00:00 host_mono_ns=2844136530323481 UDP_RECV_RECOVERY action=skip reason=EINTR fd=7
host_utc=2026-10-04T03:38:37.340+00:00 host_mono_ns=2844136530344220 [CR-STATE] loop id=15 guest_before=0xa500000e host_before=0x00000000
host_utc=2026-10-04T03:38:37.340+00:00 host_mono_ns=2844136530360160 [CR-STATE] netif_refresh default=0x9bf18 self=0x9bf18 same=1 stored=0x060012ac probed=0x060012ac pending=1
host_utc=2026-10-04T03:38:37.340+00:00 host_mono_ns=2844136530375299 publishing msg: 'Hello from mros2-posix onto Linux: 15'
host_utc=2026-10-04T03:38:37.340+00:00 host_mono_ns=2844136530397751 [CR-STATE] armed id=15 value=0xa500000f
host_utc=2026-10-04T03:38:37.340+00:00 host_mono_ns=2844136530412800 [CR-STATE] loop id=16 guest_before=0xa500000f host_before=0xa500000f
host_utc=2026-10-04T03:38:37.340+00:00 host_mono_ns=2844136530427207 [CR-STATE] netif_refresh default=0x9bf18 self=0x9bf18 same=1 stored=0x060012ac probed=0x060012ac pending=0
host_utc=2026-10-04T03:38:37.340+00:00 host_mono_ns=2844136530462353 publishing msg: 'Hello from mros2-posix onto Linux: 16'
host_utc=2026-10-04T03:38:37.340+00:00 host_mono_ns=2844136530476851 [CR-STATE] armed id=16 value=0xa5000010
host_utc=2026-10-04T03:38:40.340+00:00 host_mono_ns=2844139530809633 LOG_DEBUG : 00000021.029 : [MROS2LIB] message get [callback_handler] msg_sn_high: 0 msg_sn_low: d
host_utc=2026-10-04T03:38:40.340+00:00 host_mono_ns=2844139530874365 subscribed msg: 'Hello from mros2-posix onto Linux: 16'
host_utc=2026-10-04T03:38:40.340+00:00 host_mono_ns=2844139530899943 [CR-STATE] loop id=17 guest_before=0xa5000010 host_before=0xa5000010
host_utc=2026-10-04T03:38:40.340+00:00 host_mono_ns=2844139530914952 [CR-STATE] netif_refresh default=0x9bf18 self=0x9bf18 same=1 stored=0x060012ac probed=0x060012ac pending=0
host_utc=2026-10-04T03:38:40.340+00:00 host_mono_ns=2844139530929459 publishing msg: 'Hello from mros2-posix onto Linux: 17'
host_utc=2026-10-04T03:38:40.340+00:00 host_mono_ns=2844139530944287 [CR-STATE] armed id=17 value=0xa5000011
host_utc=2026-10-04T03:38:40.340+00:00 host_mono_ns=2844139530957652 LOG_DEBUG : 00000022.030 : [MROS2LIB] message get [callback_handler] msg_sn_high: 0 msg_sn_low: e
host_utc=2026-10-04T03:38:40.340+00:00 host_mono_ns=2844139530970967 subscribed msg: 'Hello from mros2-posix onto Linux: 17'
host_utc=2026-10-04T03:38:40.340+00:00 host_mono_ns=2844139530985194 [CR-STATE] netif_refresh default=0x9bf18 self=0x9bf18 same=1 stored=0x060012ac probed=0x060012ac pending=0
host_utc=2026-10-04T03:38:40.340+00:00 host_mono_ns=2844139530998409 [CR-STATE] loop id=18 guest_before=0xa5000011 host_before=0xa5000011
host_utc=2026-10-04T03:38:40.340+00:00 host_mono_ns=2844139531040479 publishing msg: 'Hello from mros2-posix onto Linux: 18'
host_utc=2026-10-04T03:38:40.340+00:00 host_mono_ns=2844139531056759 [CR-STATE] armed id=18 value=0xa5000012
host_utc=2026-10-04T03:38:40.340+00:00 host_mono_ns=2844139531069614 LOG_DEBUG : 00000023.031 : [MROS2LIB] message get [callback_handler] msg_sn_high: 0 msg_sn_low: f
host_utc=2026-10-04T03:38:40.340+00:00 host_mono_ns=2844139531082859 subscribed msg: 'Hello from mros2-posix onto Linux: 18'
host_utc=2026-10-04T03:38:42.343+00:00 host_mono_ns=2844141533898121 [CR-STATE] netif_refresh default=0x9bf18 self=0x9bf18 same=1 stored=0x060012ac probed=0x060012ac pending=0
host_utc=2026-10-04T03:38:42.343+00:00 host_mono_ns=2844141533959487 [CR-STATE] loop id=19 guest_before=0xa5000012 host_before=0xa5000012
host_utc=2026-10-04T03:38:42.343+00:00 host_mono_ns=2844141533976158 publishing msg: 'Hello from mros2-posix onto Linux: 19'
host_utc=2026-10-04T03:38:42.343+00:00 host_mono_ns=2844141533997999 [CR-STATE] armed id=19 value=0xa5000013
host_utc=2026-10-04T03:38:42.343+00:00 host_mono_ns=2844141534033877 LOG_DEBUG : 00000024.032 : [MROS2LIB] message get [callback_handler] msg_sn_high: 0 msg_sn_low: 10
host_utc=2026-10-04T03:38:42.343+00:00 host_mono_ns=2844141534052292 subscribed msg: 'Hello from mros2-posix onto Linux: 19'
host_utc=2026-10-04T03:38:42.343+00:00 host_mono_ns=2844141534068783 [CR-STATE] netif_refresh default=0x9bf18 self=0x9bf18 same=1 stored=0x060012ac probed=0x060012ac pending=0
host_utc=2026-10-04T03:38:42.343+00:00 host_mono_ns=2844141534082579 [CR-STATE] loop id=20 guest_before=0xa5000013 host_before=0xa5000013
host_utc=2026-10-04T03:38:42.343+00:00 host_mono_ns=2844141534095854 publishing msg: 'Hello from mros2-posix onto Linux: 20'
host_utc=2026-10-04T03:38:42.343+00:00 host_mono_ns=2844141534109630 [CR-STATE] armed id=20 value=0xa5000014
host_utc=2026-10-04T03:38:42.343+00:00 host_mono_ns=2844141534122545 LOG_DEBUG : 00000025.033 : [MROS2LIB] message get [callback_handler] msg_sn_high: 0 msg_sn_low: 11
host_utc=2026-10-04T03:38:42.343+00:00 host_mono_ns=2844141534135519 subscribed msg: 'Hello from mros2-posix onto Linux: 20'
host_utc=2026-10-04T03:38:42.343+00:00 host_mono_ns=2844141534149726 [CR-STATE] netif_refresh default=0x9bf18 self=0x9bf18 same=1 stored=0x060012ac probed=0x060012ac pending=0
host_utc=2026-10-04T03:38:42.344+00:00 host_mono_ns=2844141534413144 [CR-STATE] loop id=21 guest_before=0xa5000014 host_before=0xa5000014
host_utc=2026-10-04T03:38:44.347+00:00 host_mono_ns=2844143537966141 publishing msg: 'Hello from mros2-posix onto Linux: 21'
host_utc=2026-10-04T03:38:44.347+00:00 host_mono_ns=2844143538053886 [CR-STATE] armed id=21 value=0xa5000015
host_utc=2026-10-04T03:38:44.347+00:00 host_mono_ns=2844143538073103 LOG_DEBUG : 00000026.034 : [MROS2LIB] message get [callback_handler] msg_sn_high: 0 msg_sn_low: 12
host_utc=2026-10-04T03:38:44.347+00:00 host_mono_ns=2844143538086237 subscribed msg: 'Hello from mros2-posix onto Linux: 21'
host_utc=2026-10-04T03:38:44.347+00:00 host_mono_ns=2844143538100144 [CR-STATE] netif_refresh default=0x9bf18 self=0x9bf18 same=1 stored=0x060012ac probed=0x060012ac pending=0
host_utc=2026-10-04T03:38:44.347+00:00 host_mono_ns=2844143538112467 [CR-STATE] loop id=22 guest_before=0xa5000015 host_before=0xa5000015
host_utc=2026-10-04T03:38:44.347+00:00 host_mono_ns=2844143538123858 publishing msg: 'Hello from mros2-posix onto Linux: 22'
host_utc=2026-10-04T03:38:44.347+00:00 host_mono_ns=2844143538136352 [CR-STATE] armed id=22 value=0xa5000016
host_utc=2026-10-04T03:38:44.347+00:00 host_mono_ns=2844143538147092 LOG_DEBUG : 00000027.035 : [MROS2LIB] message get [callback_handler] msg_sn_high: 0 msg_sn_low: 13
host_utc=2026-10-04T03:38:44.347+00:00 host_mono_ns=2844143538158043 subscribed msg: 'Hello from mros2-posix onto Linux: 22'
host_utc=2026-10-04T03:38:44.348+00:00 host_mono_ns=2844143538170246 [CR-STATE] netif_refresh default=0x9bf18 self=0x9bf18 same=1 stored=0x060012ac probed=0x060012ac pending=0
host_utc=2026-10-04T03:38:44.348+00:00 host_mono_ns=2844143538181347 [CR-STATE] loop id=23 guest_before=0xa5000016 host_before=0xa5000016
host_utc=2026-10-04T03:38:44.348+00:00 host_mono_ns=2844143538192107 publishing msg: 'Hello from mros2-posix onto Linux: 23'
host_utc=2026-10-04T03:38:44.348+00:00 host_mono_ns=2844143538203779 [CR-STATE] armed id=23 value=0xa5000017
host_utc=2026-10-04T03:38:44.348+00:00 host_mono_ns=2844143538214259 LOG_DEBUG : 00000028.036 : [MROS2LIB] message get [callback_handler] msg_sn_high: 0 msg_sn_low: 14
host_utc=2026-10-04T03:38:47.348+00:00 host_mono_ns=2844146538889459 subscribed msg: 'Hello from mros2-posix onto Linux: 23'
host_utc=2026-10-04T03:38:47.348+00:00 host_mono_ns=2844146538961795 [CR-STATE] netif_refresh default=0x9bf18 self=0x9bf18 same=1 stored=0x060012ac probed=0x060012ac pending=0
host_utc=2026-10-04T03:38:47.348+00:00 host_mono_ns=2844146538979829 [CR-STATE] loop id=24 guest_before=0xa5000017 host_before=0xa5000017
host_utc=2026-10-04T03:38:47.348+00:00 host_mono_ns=2844146538994447 publishing msg: 'Hello from mros2-posix onto Linux: 24'
host_utc=2026-10-04T03:38:47.348+00:00 host_mono_ns=2844146539033381 [CR-STATE] armed id=24 value=0xa5000018
host_utc=2026-10-04T03:38:47.348+00:00 host_mono_ns=2844146539050182 LOG_DEBUG : 00000029.037 : [MROS2LIB] message get [callback_handler] msg_sn_high: 0 msg_sn_low: 15
host_utc=2026-10-04T03:38:47.348+00:00 host_mono_ns=2844146539064169 subscribed msg: 'Hello from mros2-posix onto Linux: 24'
host_utc=2026-10-04T03:38:47.348+00:00 host_mono_ns=2844146539078967 [CR-STATE] netif_refresh default=0x9bf18 self=0x9bf18 same=1 stored=0x060012ac probed=0x060012ac pending=0
host_utc=2026-10-04T03:38:47.348+00:00 host_mono_ns=2844146539092653 [CR-STATE] loop id=25 guest_before=0xa5000018 host_before=0xa5000018
host_utc=2026-10-04T03:38:47.348+00:00 host_mono_ns=2844146539105767 publishing msg: 'Hello from mros2-posix onto Linux: 25'
host_utc=2026-10-04T03:38:47.348+00:00 host_mono_ns=2844146539119613 [CR-STATE] armed id=25 value=0xa5000019
host_utc=2026-10-04T03:38:47.348+00:00 host_mono_ns=2844146539132668 LOG_DEBUG : 00000030.038 : [MROS2LIB] message get [callback_handler] msg_sn_high: 0 msg_sn_low: 16
host_utc=2026-10-04T03:38:47.348+00:00 host_mono_ns=2844146539145633 subscribed msg: 'Hello from mros2-posix onto Linux: 25'
host_utc=2026-10-04T03:38:47.349+00:00 host_mono_ns=2844146539177182 [CR-STATE] netif_refresh default=0x9bf18 self=0x9bf18 same=1 stored=0x060012ac probed=0x060012ac pending=0
host_utc=2026-10-04T03:38:47.721+00:00 host_mono_ns=2844146912155790 [CR-STATE] loop id=26 guest_before=0xa5000019 host_before=0x
host_utc=2026-10-04T03:38:47.722+00:00 host_mono_ns=2844146912253254 event=collector_process_exit source=restore exit_status=143
