boot_start, 2661295507980088
11 stderr
22 stderr
signal init: 129330191435328
initします
boot_end, 2661295518535546
[19:14:55:300 - 75A00826D840]: Load type section success.

[19:14:55:310 - 75A00826D840]: Load import section success.

[19:14:55:332 - 75A00826D840]: Load function section success.

[19:14:55:333 - 75A00826D840]: Load table section success.

[19:14:55:334 - 75A00826D840]: Load global section success.

[19:14:55:335 - 75A00826D840]: Load export section success.

[19:14:55:335 - 75A00826D840]: Load start section success.

[19:14:55:336 - 75A00826D840]: Load table segment section success.

[19:14:55:336 - 75A00826D840]: Load datacount section success.

[19:14:55:337 - 75A00826D840]: Load code segment section success.

[19:14:55:337 - 75A00826D840]: Load data segment section success.

[19:14:55:337 - 75A00826D840]: Ignore custom section [.debug_abbrev].
[19:14:55:338 - 75A00826D840]: Ignore custom section [.debug_info].
[19:14:55:338 - 75A00826D840]: Ignore custom section [.debug_ranges].
[19:14:55:339 - 75A00826D840]: Ignore custom section [.debug_str].
[19:14:55:339 - 75A00826D840]: Ignore custom section [.debug_line].
[19:14:55:339 - 75A00826D840]: Ignore custom section [name].
[19:14:55:340 - 75A00826D840]: Ignore custom section [producers].
[19:14:55:340 - 75A00826D840]: Ignore custom section [target_features].
[19:14:55:243 - 75A00826D840]: Load module success.

[19:14:55:246 - 75A00826D840]: Memory instantiate:
[19:14:55:246 - 75A00826D840]:   page bytes: 65536, init pages: 16384, max pages: 16384
[19:14:55:247 - 75A00826D840]:   heap offset: 1073741824, heap size: 0

[19:14:55:263 - 75A00826D840]: Memory instantiate success.
[2026-10-02 00:51:16.328] [info] wasm_restore_stack

stack, 133261
local_cell_num: 1
locals.values.size: 1
[2026-10-02 00:51:16.328] [info] restore label stack
local_cell_num: 33
locals.values.size: 33
[2026-10-02 00:51:16.328] [info] restore label stack
local_cell_num: 28
locals.values.size: 28
[2026-10-02 00:51:16.328] [info] restore label stack
local_cell_num: 108
locals.values.size: 108
[2026-10-02 00:51:16.328] [info] restore label stack
local_cell_num: 18
locals.values.size: 18
[2026-10-02 00:51:16.328] [info] restore label stack
local_cell_num: 7
locals.values.size: 7
[2026-10-02 00:51:16.328] [info] restore label stack
local_cell_num: 5
locals.values.size: 5
[2026-10-02 00:51:16.328] [info] restore label stack
local_cell_num: 6
locals.values.size: 6
[2026-10-02 00:51:16.328] [info] restore label stack
[2026-10-02 00:51:16.328] [info] Finish to restore stack

3 stderr
memory, 1616263040
global, 9037
program counter, 11472
event=PROBE_HOOK_CONTINUED stage=1
event=PROBE_SUCCESS stage=1
event=SUBSEQUENT_WIN stage=1
event=RELEASED stage=1
event=PROBE_HOOK_CONTINUED stage=1
event=PROBE_SUCCESS stage=1
event=SUBSEQUENT_REFRESH_SUCCESS stage=1
wasm_cluster_increase_checkpointing_counter called 1
wasm_cluster_increase_checkpointing_counter called 2
wasm_cluster_increase_checkpointing_counter called 3
