host_utc=2026-09-30T08:33:07.112+00:00 host_mono_ns=2516206303144316 boot_start, 2516206302927506
host_utc=2026-09-30T08:33:07.311+00:00 host_mono_ns=2516206501276565 11 stderr
host_utc=2026-09-30T08:33:07.311+00:00 host_mono_ns=2516206501333623 22 stderr
host_utc=2026-09-30T08:33:07.311+00:00 host_mono_ns=2516206501348822 signal init: 129730367092288
host_utc=2026-09-30T08:33:07.311+00:00 host_mono_ns=2516206501362317 initします
host_utc=2026-09-30T08:33:07.311+00:00 host_mono_ns=2516206502019920 boot_end, 2516206501910233
host_utc=2026-09-30T08:33:07.312+00:00 host_mono_ns=2516206502563066 3 stderr
host_utc=2026-09-30T08:33:07.312+00:00 host_mono_ns=2516206502818568 initします
host_utc=2026-09-30T08:33:07.314+00:00 host_mono_ns=2516206504236357 boot_end, 2516206504012614
host_utc=2026-09-30T08:33:07.314+00:00 host_mono_ns=2516206504333641 [02:56:46:700 - 75FD34963840]: Load type section success.
host_utc=2026-09-30T08:33:07.314+00:00 host_mono_ns=2516206504367955 
host_utc=2026-09-30T08:33:07.314+00:00 host_mono_ns=2516206504390318 [02:56:46:733 - 75FD34963840]: Load import section success.
host_utc=2026-09-30T08:33:07.314+00:00 host_mono_ns=2516206504405366 
host_utc=2026-09-30T08:33:07.314+00:00 host_mono_ns=2516206504418260 [02:56:46:856 - 75FD34963840]: Load function section success.
host_utc=2026-09-30T08:33:07.314+00:00 host_mono_ns=2516206504431375 
host_utc=2026-09-30T08:33:07.314+00:00 host_mono_ns=2516206504443759 [02:56:46:858 - 75FD34963840]: Load table section success.
host_utc=2026-09-30T08:33:07.314+00:00 host_mono_ns=2516206504456503 
host_utc=2026-09-30T08:33:07.314+00:00 host_mono_ns=2516206504468726 [02:56:46:862 - 75FD34963840]: Load global section success.
host_utc=2026-09-30T08:33:07.314+00:00 host_mono_ns=2516206504481390 
host_utc=2026-09-30T08:33:07.314+00:00 host_mono_ns=2516206504493543 [02:56:46:864 - 75FD34963840]: Load export section success.
host_utc=2026-09-30T08:33:07.314+00:00 host_mono_ns=2516206504506086 
host_utc=2026-09-30T08:33:07.314+00:00 host_mono_ns=2516206504518179 [02:56:46:865 - 75FD34963840]: Load start section success.
host_utc=2026-09-30T08:33:07.314+00:00 host_mono_ns=2516206504530843 
host_utc=2026-09-30T08:33:07.314+00:00 host_mono_ns=2516206504542946 [02:56:46:868 - 75FD34963840]: Load table segment section success.
host_utc=2026-09-30T08:33:07.314+00:00 host_mono_ns=2516206504555720 
host_utc=2026-09-30T08:33:07.314+00:00 host_mono_ns=2516206504567633 [02:56:46:869 - 75FD34963840]: Load datacount section success.
host_utc=2026-09-30T08:33:07.314+00:00 host_mono_ns=2516206504580477 
host_utc=2026-09-30T08:33:07.314+00:00 host_mono_ns=2516206504592510 [02:56:46:870 - 75FD34963840]: Load code segment section success.
host_utc=2026-09-30T08:33:07.314+00:00 host_mono_ns=2516206504605264 
host_utc=2026-09-30T08:33:07.314+00:00 host_mono_ns=2516206504617307 [02:56:46:871 - 75FD34963840]: Load data segment section success.
host_utc=2026-09-30T08:33:07.314+00:00 host_mono_ns=2516206504629800 
host_utc=2026-09-30T08:33:07.314+00:00 host_mono_ns=2516206504641803 [02:56:46:871 - 75FD34963840]: Ignore custom section [.debug_abbrev].
host_utc=2026-09-30T08:33:07.314+00:00 host_mono_ns=2516206504654617 [02:56:46:872 - 75FD34963840]: Ignore custom section [.debug_info].
host_utc=2026-09-30T08:33:07.314+00:00 host_mono_ns=2516206504667341 [02:56:46:873 - 75FD34963840]: Ignore custom section [.debug_ranges].
host_utc=2026-09-30T08:33:07.314+00:00 host_mono_ns=2516206504680045 [02:56:46:873 - 75FD34963840]: Ignore custom section [.debug_str].
host_utc=2026-09-30T08:33:07.314+00:00 host_mono_ns=2516206504692669 [02:56:46:874 - 75FD34963840]: Ignore custom section [.debug_line].
host_utc=2026-09-30T08:33:07.314+00:00 host_mono_ns=2516206504705163 [02:56:46:874 - 75FD34963840]: Ignore custom section [.debug_loc].
host_utc=2026-09-30T08:33:07.314+00:00 host_mono_ns=2516206504717676 [02:56:46:875 - 75FD34963840]: Ignore custom section [name].
host_utc=2026-09-30T08:33:07.314+00:00 host_mono_ns=2516206504730581 [02:56:46:876 - 75FD34963840]: Ignore custom section [producers].
host_utc=2026-09-30T08:33:07.314+00:00 host_mono_ns=2516206504743495 [02:56:46:876 - 75FD34963840]: Ignore custom section [target_features].
host_utc=2026-09-30T08:33:07.314+00:00 host_mono_ns=2516206504772199 [02:56:46:877 - 75FD34963840]: Found aux __heap_base global, value: 7855008
host_utc=2026-09-30T08:33:07.314+00:00 host_mono_ns=2516206504785484 [02:56:46:878 - 75FD34963840]: Found aux __data_end global, value: 1301396
host_utc=2026-09-30T08:33:07.314+00:00 host_mono_ns=2516206504798379 [02:56:46:878 - 75FD34963840]: Found aux stack top global, value: 7855008, global index: 0, stack size: 6553600
host_utc=2026-09-30T08:33:07.314+00:00 host_mono_ns=2516206504812185 [02:56:46:880 - 75FD34963840]: Found malloc function, name: malloc, index: 3154
host_utc=2026-09-30T08:33:07.314+00:00 host_mono_ns=2516206504825009 [02:56:46:880 - 75FD34963840]: Found free function, name: free, index: 3156
host_utc=2026-09-30T08:33:07.314+00:00 host_mono_ns=2516206504837823 [02:56:46:710 - 75FD34963840]: Load module success.
host_utc=2026-09-30T08:33:07.314+00:00 host_mono_ns=2516206504850547 
host_utc=2026-09-30T08:33:07.314+00:00 host_mono_ns=2516206504862961 [02:56:46:720 - 75FD34963840]: Memory instantiate:
host_utc=2026-09-30T08:33:07.314+00:00 host_mono_ns=2516206504875434 [02:56:46:720 - 75FD34963840]:   page bytes: 65536, init pages: 16384, max pages: 16384
host_utc=2026-09-30T08:33:07.314+00:00 host_mono_ns=2516206504888479 [02:56:46:721 - 75FD34963840]:   heap offset: 1073741824, heap size: 0
host_utc=2026-09-30T08:33:07.314+00:00 host_mono_ns=2516206504901333 
host_utc=2026-09-30T08:33:07.314+00:00 host_mono_ns=2516206504913546 [02:56:46:747 - 75FD34963840]: Memory instantiate success.
host_utc=2026-09-30T08:33:07.314+00:00 host_mono_ns=2516206504926060 [02:56:46:864 - 75FD34963840]: warning: failed to link import function (env, pthread_exit)
host_utc=2026-09-30T08:33:07.314+00:00 host_mono_ns=2516206504939185 Restoring wasm thread 11
host_utc=2026-09-30T08:33:07.314+00:00 host_mono_ns=2516206504952059 [02:56:46:050 - 75FD34963840]: warning: failed to link import function (env, pthread_exit)
host_utc=2026-09-30T08:33:07.314+00:00 host_mono_ns=2516206504964783 thread 11 restore
host_utc=2026-09-30T08:33:07.314+00:00 host_mono_ns=2516206504977447 Restoring wasm thread 10
host_utc=2026-09-30T08:33:07.314+00:00 host_mono_ns=2516206504989820 [02:56:46:078 - 75FD34963840]: warning: failed to link import function (env, pthread_exit)
host_utc=2026-09-30T08:33:07.314+00:00 host_mono_ns=2516206505027892 thread 10 restore
host_utc=2026-09-30T08:33:07.314+00:00 host_mono_ns=2516206505050755 [2026-09-30 08:33:07.313] [info] wasm_restore_stack
host_utc=2026-09-30T08:33:07.314+00:00 host_mono_ns=2516206505065143 
host_utc=2026-09-30T08:33:07.314+00:00 host_mono_ns=2516206505089298 stack, 216028
host_utc=2026-09-30T08:33:07.314+00:00 host_mono_ns=2516206505102834 global, 25268
host_utc=2026-09-30T08:33:07.314+00:00 host_mono_ns=2516206505115478 program counter, 13054
host_utc=2026-09-30T08:33:07.314+00:00 host_mono_ns=2516206505128452 local_cell_num: 2
host_utc=2026-09-30T08:33:07.314+00:00 host_mono_ns=2516206505141106 locals.values.size: 2
host_utc=2026-09-30T08:33:07.314+00:00 host_mono_ns=2516206505154031 [2026-09-30 08:33:07.314] [info] restore label stack
host_utc=2026-09-30T08:33:07.314+00:00 host_mono_ns=2516206505166975 local_cell_num: 8
host_utc=2026-09-30T08:33:07.315+00:00 host_mono_ns=2516206505179308 locals.values.size: 8
host_utc=2026-09-30T08:33:07.315+00:00 host_mono_ns=2516206505191822 [2026-09-30 08:33:07.314] [info] restore label stack
host_utc=2026-09-30T08:33:07.315+00:00 host_mono_ns=2516206505204536 local_cell_num: 14
host_utc=2026-09-30T08:33:07.315+00:00 host_mono_ns=2516206505217250 locals.values.size: 14
host_utc=2026-09-30T08:33:07.315+00:00 host_mono_ns=2516206505229834 [2026-09-30 08:33:07.314] [info] restore label stack
host_utc=2026-09-30T08:33:07.315+00:00 host_mono_ns=2516206505242417 local_cell_num: 45
host_utc=2026-09-30T08:33:07.315+00:00 host_mono_ns=2516206505254721 locals.values.size: 45
host_utc=2026-09-30T08:33:07.315+00:00 host_mono_ns=2516206505267154 [2026-09-30 08:33:07.314] [info] restore label stack
host_utc=2026-09-30T08:33:07.315+00:00 host_mono_ns=2516206505288124 local_cell_num: 19
host_utc=2026-09-30T08:33:07.315+00:00 host_mono_ns=2516206505300517 locals.values.size: 19
host_utc=2026-09-30T08:33:07.315+00:00 host_mono_ns=2516206505312901 [2026-09-30 08:33:07.314] [info] restore label stack
host_utc=2026-09-30T08:33:07.315+00:00 host_mono_ns=2516206505325404 local_cell_num: 63
host_utc=2026-09-30T08:33:07.315+00:00 host_mono_ns=2516206505337727 locals.values.size: 63
host_utc=2026-09-30T08:33:07.315+00:00 host_mono_ns=2516206505350071 [2026-09-30 08:33:07.314] [info] restore label stack
host_utc=2026-09-30T08:33:07.315+00:00 host_mono_ns=2516206505362544 local_cell_num: 9
host_utc=2026-09-30T08:33:07.315+00:00 host_mono_ns=2516206505374908 locals.values.size: 9
host_utc=2026-09-30T08:33:07.315+00:00 host_mono_ns=2516206505387251 [2026-09-30 08:33:07.314] [info] restore label stack
host_utc=2026-09-30T08:33:07.315+00:00 host_mono_ns=2516206505399795 local_cell_num: 9
host_utc=2026-09-30T08:33:07.315+00:00 host_mono_ns=2516206505412148 locals.values.size: 9
host_utc=2026-09-30T08:33:07.315+00:00 host_mono_ns=2516206505424391 [2026-09-30 08:33:07.314] [info] restore label stack
host_utc=2026-09-30T08:33:07.315+00:00 host_mono_ns=2516206505436925 local_cell_num: 6
host_utc=2026-09-30T08:33:07.315+00:00 host_mono_ns=2516206505449158 locals.values.size: 6
host_utc=2026-09-30T08:33:07.315+00:00 host_mono_ns=2516206505458806 [2026-09-30 08:33:07.314] [info] restore label stack
host_utc=2026-09-30T08:33:07.315+00:00 host_mono_ns=2516206505467332 [2026-09-30 08:33:07.314] [info] Finish to restore stack
host_utc=2026-09-30T08:33:07.315+00:00 host_mono_ns=2516206505474366 
host_utc=2026-09-30T08:33:07.315+00:00 host_mono_ns=2516206505480397 initします
host_utc=2026-09-30T08:33:07.316+00:00 host_mono_ns=2516206506270349 wasm_cluster_increase_checkpointing_counter called 1
host_utc=2026-09-30T08:33:07.316+00:00 host_mono_ns=2516206506312429 Restoring wasm thread 9
host_utc=2026-09-30T08:33:07.316+00:00 host_mono_ns=2516206506330753 wasm_cluster_increase_checkpointing_counter called 2
host_utc=2026-09-30T08:33:07.316+00:00 host_mono_ns=2516206506349889 wasm_cluster_increase_checkpointing_counter called 3
host_utc=2026-09-30T08:33:07.316+00:00 host_mono_ns=2516206506364677 [2026-09-30 08:33:07.315] [info] wasm_restore_stack
host_utc=2026-09-30T08:33:07.316+00:00 host_mono_ns=2516206506378013 
host_utc=2026-09-30T08:33:07.316+00:00 host_mono_ns=2516206506391518 boot_end, 2516206506058309
host_utc=2026-09-30T08:33:07.316+00:00 host_mono_ns=2516206506413379 stack, 153961
host_utc=2026-09-30T08:33:07.316+00:00 host_mono_ns=2516206506426975 global, 21861
host_utc=2026-09-30T08:33:07.316+00:00 host_mono_ns=2516206506439479 program counter, 11873
host_utc=2026-09-30T08:33:07.316+00:00 host_mono_ns=2516206506452113 [02:56:46:126 - 75FD34963840]: warning: failed to link import function (env, pthread_exit)
host_utc=2026-09-30T08:33:07.316+00:00 host_mono_ns=2516206506465849 thread 9 restore
host_utc=2026-09-30T08:33:07.316+00:00 host_mono_ns=2516206506475687 local_cell_num: 2
host_utc=2026-09-30T08:33:07.316+00:00 host_mono_ns=2516206506483853 locals.values.size: 2
host_utc=2026-09-30T08:33:07.316+00:00 host_mono_ns=2516206506490806 [2026-09-30 08:33:07.316] [info] restore label stack
host_utc=2026-09-30T08:33:07.316+00:00 host_mono_ns=2516206506496977 local_cell_num: 8
host_utc=2026-09-30T08:33:07.316+00:00 host_mono_ns=2516206506502468 locals.values.size: 8
host_utc=2026-09-30T08:33:07.316+00:00 host_mono_ns=2516206506507958 [2026-09-30 08:33:07.316] [info] restore label stack
host_utc=2026-09-30T08:33:07.316+00:00 host_mono_ns=2516206506513559 local_cell_num: 14
host_utc=2026-09-30T08:33:07.316+00:00 host_mono_ns=2516206506519049 locals.values.size: 14
host_utc=2026-09-30T08:33:07.316+00:00 host_mono_ns=2516206506524690 [2026-09-30 08:33:07.316] [info] restore label stack
host_utc=2026-09-30T08:33:07.316+00:00 host_mono_ns=2516206506530260 local_cell_num: 15
host_utc=2026-09-30T08:33:07.316+00:00 host_mono_ns=2516206506542403 locals.values.size: 15
host_utc=2026-09-30T08:33:07.316+00:00 host_mono_ns=2516206506548084 [2026-09-30 08:33:07.316] [info] restore label stack
host_utc=2026-09-30T08:33:07.316+00:00 host_mono_ns=2516206506553644 local_cell_num: 37
host_utc=2026-09-30T08:33:07.316+00:00 host_mono_ns=2516206506559185 locals.values.size: 37
host_utc=2026-09-30T08:33:07.316+00:00 host_mono_ns=2516206506566248 [2026-09-30 08:33:07.316] [info] restore label stack
host_utc=2026-09-30T08:33:07.316+00:00 host_mono_ns=2516206506573863 local_cell_num: 25
host_utc=2026-09-30T08:33:07.316+00:00 host_mono_ns=2516206506579934 locals.values.size: 25
host_utc=2026-09-30T08:33:07.316+00:00 host_mono_ns=2516206506585495 [2026-09-30 08:33:07.316] [info] restore label stack
host_utc=2026-09-30T08:33:07.316+00:00 host_mono_ns=2516206506591075 local_cell_num: 34
host_utc=2026-09-30T08:33:07.316+00:00 host_mono_ns=2516206506596576 locals.values.size: 34
host_utc=2026-09-30T08:33:07.316+00:00 host_mono_ns=2516206506602106 [2026-09-30 08:33:07.316] [info] restore label stack
host_utc=2026-09-30T08:33:07.316+00:00 host_mono_ns=2516206506607687 local_cell_num: 38
host_utc=2026-09-30T08:33:07.316+00:00 host_mono_ns=2516206506613117 locals.values.size: 38
host_utc=2026-09-30T08:33:07.316+00:00 host_mono_ns=2516206506618627 [2026-09-30 08:33:07.316] [info] restore label stack
host_utc=2026-09-30T08:33:07.316+00:00 host_mono_ns=2516206506624198 local_cell_num: 94
host_utc=2026-09-30T08:33:07.316+00:00 host_mono_ns=2516206506629648 locals.values.size: 94
host_utc=2026-09-30T08:33:07.316+00:00 host_mono_ns=2516206506635068 [2026-09-30 08:33:07.316] [info] restore label stack
host_utc=2026-09-30T08:33:07.316+00:00 host_mono_ns=2516206506640619 local_cell_num: 2
host_utc=2026-09-30T08:33:07.316+00:00 host_mono_ns=2516206506647923 locals.values.size: 2
host_utc=2026-09-30T08:33:07.316+00:00 host_mono_ns=2516206506654986 [2026-09-30 08:33:07.316] [info] restore label stack
host_utc=2026-09-30T08:33:07.316+00:00 host_mono_ns=2516206506660657 local_cell_num: 9
host_utc=2026-09-30T08:33:07.316+00:00 host_mono_ns=2516206506666197 locals.values.size: 9
host_utc=2026-09-30T08:33:07.316+00:00 host_mono_ns=2516206506671707 [2026-09-30 08:33:07.316] [info] restore label stack
host_utc=2026-09-30T08:33:07.316+00:00 host_mono_ns=2516206506677248 local_cell_num: 9
host_utc=2026-09-30T08:33:07.316+00:00 host_mono_ns=2516206506682678 locals.values.size: 9
host_utc=2026-09-30T08:33:07.316+00:00 host_mono_ns=2516206506688118 [2026-09-30 08:33:07.316] [info] restore label stack
host_utc=2026-09-30T08:33:07.316+00:00 host_mono_ns=2516206506693699 local_cell_num: 6
host_utc=2026-09-30T08:33:07.316+00:00 host_mono_ns=2516206506699159 locals.values.size: 6
host_utc=2026-09-30T08:33:07.316+00:00 host_mono_ns=2516206506704650 [2026-09-30 08:33:07.316] [info] restore label stack
host_utc=2026-09-30T08:33:07.316+00:00 host_mono_ns=2516206506710290 [2026-09-30 08:33:07.316] [info] Finish to restore stack
host_utc=2026-09-30T08:33:07.316+00:00 host_mono_ns=2516206506715991 
host_utc=2026-09-30T08:33:07.316+00:00 host_mono_ns=2516206506725679 initします
host_utc=2026-09-30T08:33:07.317+00:00 host_mono_ns=2516206507942829 boot_end, 2516206507722883
host_utc=2026-09-30T08:33:07.317+00:00 host_mono_ns=2516206507977034 wasm_cluster_increase_checkpointing_counter called 1
host_utc=2026-09-30T08:33:07.317+00:00 host_mono_ns=2516206507988986 Restoring wasm thread 8
host_utc=2026-09-30T08:33:07.317+00:00 host_mono_ns=2516206507998464 wasm_cluster_increase_checkpointing_counter called 2
host_utc=2026-09-30T08:33:07.317+00:00 host_mono_ns=2516206508016568 wasm_cluster_increase_checkpointing_counter called 3
host_utc=2026-09-30T08:33:07.317+00:00 host_mono_ns=2516206508032979 [2026-09-30 08:33:07.317] [info] wasm_restore_stack
host_utc=2026-09-30T08:33:07.317+00:00 host_mono_ns=2516206508041896 
host_utc=2026-09-30T08:33:07.317+00:00 host_mono_ns=2516206508057796 [02:56:46:804 - 75FD34963840]: warning: failed to link import function (env, pthread_exit)
host_utc=2026-09-30T08:33:07.317+00:00 host_mono_ns=2516206508076111 thread 8 restore
host_utc=2026-09-30T08:33:07.317+00:00 host_mono_ns=2516206508085088 local_cell_num: 2
host_utc=2026-09-30T08:33:07.317+00:00 host_mono_ns=2516206508093654 locals.values.size: 2
host_utc=2026-09-30T08:33:07.317+00:00 host_mono_ns=2516206508102320 [2026-09-30 08:33:07.317] [info] restore label stack
host_utc=2026-09-30T08:33:07.317+00:00 host_mono_ns=2516206508110957 local_cell_num: 8
host_utc=2026-09-30T08:33:07.317+00:00 host_mono_ns=2516206508119232 locals.values.size: 8
host_utc=2026-09-30T08:33:07.317+00:00 host_mono_ns=2516206508127538 [2026-09-30 08:33:07.317] [info] restore label stack
host_utc=2026-09-30T08:33:07.317+00:00 host_mono_ns=2516206508135934 local_cell_num: 14
host_utc=2026-09-30T08:33:07.317+00:00 host_mono_ns=2516206508144390 locals.values.size: 14
host_utc=2026-09-30T08:33:07.317+00:00 host_mono_ns=2516206508153016 [2026-09-30 08:33:07.317] [info] restore label stack
host_utc=2026-09-30T08:33:07.317+00:00 host_mono_ns=2516206508161422 local_cell_num: 15
host_utc=2026-09-30T08:33:07.318+00:00 host_mono_ns=2516206508169567 locals.values.size: 15
host_utc=2026-09-30T08:33:07.318+00:00 host_mono_ns=2516206508177933 [2026-09-30 08:33:07.317] [info] restore label stack
host_utc=2026-09-30T08:33:07.318+00:00 host_mono_ns=2516206508186239 local_cell_num: 27
host_utc=2026-09-30T08:33:07.318+00:00 host_mono_ns=2516206508194324 locals.values.size: 27
host_utc=2026-09-30T08:33:07.318+00:00 host_mono_ns=2516206508202560 [2026-09-30 08:33:07.317] [info] restore label stack
host_utc=2026-09-30T08:33:07.318+00:00 host_mono_ns=2516206508211827 local_cell_num: 25
host_utc=2026-09-30T08:33:07.318+00:00 host_mono_ns=2516206508220614 locals.values.size: 25
host_utc=2026-09-30T08:33:07.318+00:00 host_mono_ns=2516206508231304 [2026-09-30 08:33:07.317] [info] restore label stack
host_utc=2026-09-30T08:33:07.318+00:00 host_mono_ns=2516206508242515 local_cell_num: 34
host_utc=2026-09-30T08:33:07.318+00:00 host_mono_ns=2516206508251512 locals.values.size: 34
host_utc=2026-09-30T08:33:07.318+00:00 host_mono_ns=2516206508259838 [2026-09-30 08:33:07.317] [info] restore label stack
host_utc=2026-09-30T08:33:07.318+00:00 host_mono_ns=2516206508268224 local_cell_num: 38
host_utc=2026-09-30T08:33:07.318+00:00 host_mono_ns=2516206508276379 locals.values.size: 38
host_utc=2026-09-30T08:33:07.318+00:00 host_mono_ns=2516206508284494 [2026-09-30 08:33:07.317] [info] restore label stack
host_utc=2026-09-30T08:33:07.318+00:00 host_mono_ns=2516206508292820 local_cell_num: 94
host_utc=2026-09-30T08:33:07.318+00:00 host_mono_ns=2516206508301106 locals.values.size: 94
host_utc=2026-09-30T08:33:07.318+00:00 host_mono_ns=2516206508309321 [2026-09-30 08:33:07.317] [info] restore label stack
host_utc=2026-09-30T08:33:07.318+00:00 host_mono_ns=2516206508317637 local_cell_num: 2
host_utc=2026-09-30T08:33:07.318+00:00 host_mono_ns=2516206508325893 locals.values.size: 2
host_utc=2026-09-30T08:33:07.318+00:00 host_mono_ns=2516206508334098 [2026-09-30 08:33:07.317] [info] restore label stack
host_utc=2026-09-30T08:33:07.318+00:00 host_mono_ns=2516206508342444 local_cell_num: 9
host_utc=2026-09-30T08:33:07.318+00:00 host_mono_ns=2516206508350659 locals.values.size: 9
host_utc=2026-09-30T08:33:07.318+00:00 host_mono_ns=2516206508358895 [2026-09-30 08:33:07.317] [info] restore label stack
host_utc=2026-09-30T08:33:07.318+00:00 host_mono_ns=2516206508367140 local_cell_num: 9
host_utc=2026-09-30T08:33:07.318+00:00 host_mono_ns=2516206508375326 locals.values.size: 9
host_utc=2026-09-30T08:33:07.318+00:00 host_mono_ns=2516206508383501 [2026-09-30 08:33:07.317] [info] restore label stack
host_utc=2026-09-30T08:33:07.318+00:00 host_mono_ns=2516206508391737 local_cell_num: 6
host_utc=2026-09-30T08:33:07.318+00:00 host_mono_ns=2516206508399892 locals.values.size: 6
host_utc=2026-09-30T08:33:07.318+00:00 host_mono_ns=2516206508408138 [2026-09-30 08:33:07.317] [info] restore label stack
host_utc=2026-09-30T08:33:07.318+00:00 host_mono_ns=2516206508416464 [2026-09-30 08:33:07.317] [info] Finish to restore stack
host_utc=2026-09-30T08:33:07.318+00:00 host_mono_ns=2516206508430891 
host_utc=2026-09-30T08:33:07.318+00:00 host_mono_ns=2516206508439627 stack, 145285
host_utc=2026-09-30T08:33:07.318+00:00 host_mono_ns=2516206508448174 global, 19858
host_utc=2026-09-30T08:33:07.318+00:00 host_mono_ns=2516206508456419 program counter, 12984
host_utc=2026-09-30T08:33:07.318+00:00 host_mono_ns=2516206508470205 initします
host_utc=2026-09-30T08:33:07.319+00:00 host_mono_ns=2516206509853679 boot_end, 2516206509774679
host_utc=2026-09-30T08:33:07.319+00:00 host_mono_ns=2516206509876031 wasm_cluster_increase_checkpointing_counter called 1
host_utc=2026-09-30T08:33:07.319+00:00 host_mono_ns=2516206509884587 Restoring wasm thread 7
host_utc=2026-09-30T08:33:07.319+00:00 host_mono_ns=2516206509893063 wasm_cluster_increase_checkpointing_counter called 2
host_utc=2026-09-30T08:33:07.319+00:00 host_mono_ns=2516206509901459 wasm_cluster_increase_checkpointing_counter called 3
host_utc=2026-09-30T08:33:07.319+00:00 host_mono_ns=2516206509909504 [2026-09-30 08:33:07.319] [info] wasm_restore_stack
host_utc=2026-09-30T08:33:07.319+00:00 host_mono_ns=2516206509917559 
host_utc=2026-09-30T08:33:07.319+00:00 host_mono_ns=2516206509979196 [02:56:46:853 - 75FD34963840]: warning: failed to link import function (env, pthread_exit)
host_utc=2026-09-30T08:33:07.319+00:00 host_mono_ns=2516206509988924 thread 7 restore
host_utc=2026-09-30T08:33:07.319+00:00 host_mono_ns=2516206509995066 local_cell_num: 2
host_utc=2026-09-30T08:33:07.319+00:00 host_mono_ns=2516206510010595 locals.values.size: 2
host_utc=2026-09-30T08:33:07.319+00:00 host_mono_ns=2516206510018901 [2026-09-30 08:33:07.319] [info] restore label stack
host_utc=2026-09-30T08:33:07.319+00:00 host_mono_ns=2516206510024822 local_cell_num: 8
host_utc=2026-09-30T08:33:07.319+00:00 host_mono_ns=2516206510030994 locals.values.size: 8
host_utc=2026-09-30T08:33:07.319+00:00 host_mono_ns=2516206510036745 [2026-09-30 08:33:07.319] [info] restore label stack
host_utc=2026-09-30T08:33:07.319+00:00 host_mono_ns=2516206510042445 local_cell_num: 25
host_utc=2026-09-30T08:33:07.319+00:00 host_mono_ns=2516206510048036 locals.values.size: 25
host_utc=2026-09-30T08:33:07.319+00:00 host_mono_ns=2516206510053737 [2026-09-30 08:33:07.319] [info] restore label stack
host_utc=2026-09-30T08:33:07.319+00:00 host_mono_ns=2516206510059327 local_cell_num: 10
host_utc=2026-09-30T08:33:07.319+00:00 host_mono_ns=2516206510064868 locals.values.size: 10
host_utc=2026-09-30T08:33:07.319+00:00 host_mono_ns=2516206510070398 [2026-09-30 08:33:07.319] [info] restore label stack
host_utc=2026-09-30T08:33:07.319+00:00 host_mono_ns=2516206510075969 local_cell_num: 22
host_utc=2026-09-30T08:33:07.319+00:00 host_mono_ns=2516206510081379 locals.values.size: 22
host_utc=2026-09-30T08:33:07.319+00:00 host_mono_ns=2516206510086899 [2026-09-30 08:33:07.319] [info] restore label stack
host_utc=2026-09-30T08:33:07.319+00:00 host_mono_ns=2516206510092480 local_cell_num: 62
host_utc=2026-09-30T08:33:07.319+00:00 host_mono_ns=2516206510097930 locals.values.size: 62
host_utc=2026-09-30T08:33:07.319+00:00 host_mono_ns=2516206510103401 [2026-09-30 08:33:07.319] [info] restore label stack
host_utc=2026-09-30T08:33:07.319+00:00 host_mono_ns=2516206510108891 local_cell_num: 18
host_utc=2026-09-30T08:33:07.319+00:00 host_mono_ns=2516206510114301 locals.values.size: 18
host_utc=2026-09-30T08:33:07.319+00:00 host_mono_ns=2516206510119721 [2026-09-30 08:33:07.319] [info] restore label stack
host_utc=2026-09-30T08:33:07.319+00:00 host_mono_ns=2516206510125252 local_cell_num: 21
host_utc=2026-09-30T08:33:07.319+00:00 host_mono_ns=2516206510131454 locals.values.size: 21
host_utc=2026-09-30T08:33:07.319+00:00 host_mono_ns=2516206510136974 [2026-09-30 08:33:07.319] [info] restore label stack
host_utc=2026-09-30T08:33:07.319+00:00 host_mono_ns=2516206510142534 local_cell_num: 10
host_utc=2026-09-30T08:33:07.319+00:00 host_mono_ns=2516206510147965 locals.values.size: 10
host_utc=2026-09-30T08:33:07.319+00:00 host_mono_ns=2516206510153455 [2026-09-30 08:33:07.319] [info] restore label stack
host_utc=2026-09-30T08:33:07.319+00:00 host_mono_ns=2516206510164756 local_cell_num: 2
host_utc=2026-09-30T08:33:07.320+00:00 host_mono_ns=2516206510170457 locals.values.size: 2
host_utc=2026-09-30T08:33:07.320+00:00 host_mono_ns=2516206510175998 [2026-09-30 08:33:07.319] [info] restore label stack
host_utc=2026-09-30T08:33:07.320+00:00 host_mono_ns=2516206510181578 local_cell_num: 9
host_utc=2026-09-30T08:33:07.320+00:00 host_mono_ns=2516206510186988 locals.values.size: 9
host_utc=2026-09-30T08:33:07.320+00:00 host_mono_ns=2516206510192499 [2026-09-30 08:33:07.319] [info] restore label stack
host_utc=2026-09-30T08:33:07.320+00:00 host_mono_ns=2516206510198119 local_cell_num: 9
host_utc=2026-09-30T08:33:07.320+00:00 host_mono_ns=2516206510203550 locals.values.size: 9
host_utc=2026-09-30T08:33:07.320+00:00 host_mono_ns=2516206510209000 [2026-09-30 08:33:07.319] [info] restore label stack
host_utc=2026-09-30T08:33:07.320+00:00 host_mono_ns=2516206510214520 local_cell_num: 6
host_utc=2026-09-30T08:33:07.320+00:00 host_mono_ns=2516206510219991 locals.values.size: 6
host_utc=2026-09-30T08:33:07.320+00:00 host_mono_ns=2516206510225511 [2026-09-30 08:33:07.319] [info] restore label stack
host_utc=2026-09-30T08:33:07.320+00:00 host_mono_ns=2516206510231302 stack, 130195
host_utc=2026-09-30T08:33:07.320+00:00 host_mono_ns=2516206510236973 [2026-09-30 08:33:07.319] [info] Finish to restore stack
host_utc=2026-09-30T08:33:07.320+00:00 host_mono_ns=2516206510242684 
host_utc=2026-09-30T08:33:07.320+00:00 host_mono_ns=2516206510252602 global, 22853
host_utc=2026-09-30T08:33:07.320+00:00 host_mono_ns=2516206510258544 program counter, 13104
host_utc=2026-09-30T08:33:07.320+00:00 host_mono_ns=2516206510264375 initします
host_utc=2026-09-30T08:33:07.320+00:00 host_mono_ns=2516206511086768 boot_end, 2516206510982942
host_utc=2026-09-30T08:33:07.320+00:00 host_mono_ns=2516206511109461 wasm_cluster_increase_checkpointing_counter called 1
host_utc=2026-09-30T08:33:07.320+00:00 host_mono_ns=2516206511119340 Restoring wasm thread 6
host_utc=2026-09-30T08:33:07.320+00:00 host_mono_ns=2516206511127726 wasm_cluster_increase_checkpointing_counter called 2
host_utc=2026-09-30T08:33:07.320+00:00 host_mono_ns=2516206511134669 wasm_cluster_increase_checkpointing_counter called 3
host_utc=2026-09-30T08:33:07.320+00:00 host_mono_ns=2516206511140640 [2026-09-30 08:33:07.320] [info] wasm_restore_stack
host_utc=2026-09-30T08:33:07.320+00:00 host_mono_ns=2516206511146581 
host_utc=2026-09-30T08:33:07.320+00:00 host_mono_ns=2516206511156620 local_cell_num: 2
host_utc=2026-09-30T08:33:07.320+00:00 host_mono_ns=2516206511162842 locals.values.size: 2
host_utc=2026-09-30T08:33:07.321+00:00 host_mono_ns=2516206511168613 [2026-09-30 08:33:07.320] [info] restore label stack
host_utc=2026-09-30T08:33:07.321+00:00 host_mono_ns=2516206511174454 local_cell_num: 8
host_utc=2026-09-30T08:33:07.321+00:00 host_mono_ns=2516206511180105 locals.values.size: 8
host_utc=2026-09-30T08:33:07.321+00:00 host_mono_ns=2516206511185705 [2026-09-30 08:33:07.320] [info] restore label stack
host_utc=2026-09-30T08:33:07.321+00:00 host_mono_ns=2516206511191356 local_cell_num: 14
host_utc=2026-09-30T08:33:07.321+00:00 host_mono_ns=2516206511196926 locals.values.size: 14
host_utc=2026-09-30T08:33:07.321+00:00 host_mono_ns=2516206511202667 [2026-09-30 08:33:07.320] [info] restore label stack
host_utc=2026-09-30T08:33:07.321+00:00 host_mono_ns=2516206511208318 local_cell_num: 8
host_utc=2026-09-30T08:33:07.321+00:00 host_mono_ns=2516206511213828 locals.values.size: 8
host_utc=2026-09-30T08:33:07.321+00:00 host_mono_ns=2516206511219299 [2026-09-30 08:33:07.320] [info] restore label stack
host_utc=2026-09-30T08:33:07.321+00:00 host_mono_ns=2516206511224839 local_cell_num: 13
host_utc=2026-09-30T08:33:07.321+00:00 host_mono_ns=2516206511230370 locals.values.size: 13
host_utc=2026-09-30T08:33:07.321+00:00 host_mono_ns=2516206511236000 [2026-09-30 08:33:07.320] [info] restore label stack
host_utc=2026-09-30T08:33:07.321+00:00 host_mono_ns=2516206511241571 local_cell_num: 19
host_utc=2026-09-30T08:33:07.321+00:00 host_mono_ns=2516206511252712 locals.values.size: 19
host_utc=2026-09-30T08:33:07.321+00:00 host_mono_ns=2516206511258423 [2026-09-30 08:33:07.320] [info] restore label stack
host_utc=2026-09-30T08:33:07.321+00:00 host_mono_ns=2516206511264073 local_cell_num: 63
host_utc=2026-09-30T08:33:07.321+00:00 host_mono_ns=2516206511269554 locals.values.size: 63
host_utc=2026-09-30T08:33:07.321+00:00 host_mono_ns=2516206511275074 [2026-09-30 08:33:07.320] [info] restore label stack
host_utc=2026-09-30T08:33:07.321+00:00 host_mono_ns=2516206511280665 local_cell_num: 9
host_utc=2026-09-30T08:33:07.321+00:00 host_mono_ns=2516206511286145 locals.values.size: 9
host_utc=2026-09-30T08:33:07.321+00:00 host_mono_ns=2516206511291695 [2026-09-30 08:33:07.320] [info] restore label stack
host_utc=2026-09-30T08:33:07.321+00:00 host_mono_ns=2516206511297306 local_cell_num: 9
host_utc=2026-09-30T08:33:07.321+00:00 host_mono_ns=2516206511302806 locals.values.size: 9
host_utc=2026-09-30T08:33:07.321+00:00 host_mono_ns=2516206511308287 [2026-09-30 08:33:07.320] [info] restore label stack
host_utc=2026-09-30T08:33:07.321+00:00 host_mono_ns=2516206511313847 local_cell_num: 6
host_utc=2026-09-30T08:33:07.321+00:00 host_mono_ns=2516206511319278 locals.values.size: 6
host_utc=2026-09-30T08:33:07.321+00:00 host_mono_ns=2516206511324718 [2026-09-30 08:33:07.320] [info] restore label stack
host_utc=2026-09-30T08:33:07.321+00:00 host_mono_ns=2516206511330278 [2026-09-30 08:33:07.320] [info] Finish to restore stack
host_utc=2026-09-30T08:33:07.321+00:00 host_mono_ns=2516206511337452 
host_utc=2026-09-30T08:33:07.321+00:00 host_mono_ns=2516206511345126 stack, 80182
host_utc=2026-09-30T08:33:07.321+00:00 host_mono_ns=2516206511352681 global, 17913
host_utc=2026-09-30T08:33:07.321+00:00 host_mono_ns=2516206511358492 program counter, 10300
host_utc=2026-09-30T08:33:07.321+00:00 host_mono_ns=2516206511503886 initします
host_utc=2026-09-30T08:33:07.322+00:00 host_mono_ns=2516206512358220 boot_end, 2516206512193168
host_utc=2026-09-30T08:33:07.322+00:00 host_mono_ns=2516206512399839 stack, 78478
host_utc=2026-09-30T08:33:07.322+00:00 host_mono_ns=2516206512414587 global, 14186
host_utc=2026-09-30T08:33:07.322+00:00 host_mono_ns=2516206512426519 program counter, 8155
host_utc=2026-09-30T08:33:07.322+00:00 host_mono_ns=2516206512438011 [02:56:46:076 - 75FD34963840]: warning: failed to link import function (env, pthread_exit)
host_utc=2026-09-30T08:33:07.322+00:00 host_mono_ns=2516206512450535 thread 6 restore
host_utc=2026-09-30T08:33:07.322+00:00 host_mono_ns=2516206512462297 wasm_cluster_increase_checkpointing_counter called 1
host_utc=2026-09-30T08:33:07.322+00:00 host_mono_ns=2516206512474570 Restoring wasm thread 5
host_utc=2026-09-30T08:33:07.322+00:00 host_mono_ns=2516206512485961 wasm_cluster_increase_checkpointing_counter called 2
host_utc=2026-09-30T08:33:07.322+00:00 host_mono_ns=2516206512499106 wasm_cluster_increase_checkpointing_counter called 3
host_utc=2026-09-30T08:33:07.322+00:00 host_mono_ns=2516206512514275 [2026-09-30 08:33:07.322] [info] wasm_restore_stack
host_utc=2026-09-30T08:33:07.322+00:00 host_mono_ns=2516206512528893 
host_utc=2026-09-30T08:33:07.322+00:00 host_mono_ns=2516206512543190 local_cell_num: 2
host_utc=2026-09-30T08:33:07.322+00:00 host_mono_ns=2516206512556535 locals.values.size: 2
host_utc=2026-09-30T08:33:07.322+00:00 host_mono_ns=2516206512569169 [2026-09-30 08:33:07.322] [info] restore label stack
host_utc=2026-09-30T08:33:07.322+00:00 host_mono_ns=2516206512581913 local_cell_num: 8
host_utc=2026-09-30T08:33:07.322+00:00 host_mono_ns=2516206512594246 locals.values.size: 8
host_utc=2026-09-30T08:33:07.322+00:00 host_mono_ns=2516206512606509 [2026-09-30 08:33:07.322] [info] restore label stack
host_utc=2026-09-30T08:33:07.322+00:00 host_mono_ns=2516206512618822 local_cell_num: 14
host_utc=2026-09-30T08:33:07.322+00:00 host_mono_ns=2516206512631196 locals.values.size: 14
host_utc=2026-09-30T08:33:07.322+00:00 host_mono_ns=2516206512643830 [2026-09-30 08:33:07.322] [info] restore label stack
host_utc=2026-09-30T08:33:07.322+00:00 host_mono_ns=2516206512670430 local_cell_num: 8
host_utc=2026-09-30T08:33:07.322+00:00 host_mono_ns=2516206512683044 locals.values.size: 8
host_utc=2026-09-30T08:33:07.322+00:00 host_mono_ns=2516206512695467 [2026-09-30 08:33:07.322] [info] restore label stack
host_utc=2026-09-30T08:33:07.322+00:00 host_mono_ns=2516206512707881 local_cell_num: 13
host_utc=2026-09-30T08:33:07.322+00:00 host_mono_ns=2516206512720044 locals.values.size: 13
host_utc=2026-09-30T08:33:07.322+00:00 host_mono_ns=2516206512732387 [2026-09-30 08:33:07.322] [info] restore label stack
host_utc=2026-09-30T08:33:07.322+00:00 host_mono_ns=2516206512744670 local_cell_num: 19
host_utc=2026-09-30T08:33:07.322+00:00 host_mono_ns=2516206512756833 locals.values.size: 19
host_utc=2026-09-30T08:33:07.322+00:00 host_mono_ns=2516206512768986 [2026-09-30 08:33:07.322] [info] restore label stack
host_utc=2026-09-30T08:33:07.322+00:00 host_mono_ns=2516206512781309 local_cell_num: 63
host_utc=2026-09-30T08:33:07.322+00:00 host_mono_ns=2516206512793392 locals.values.size: 63
host_utc=2026-09-30T08:33:07.322+00:00 host_mono_ns=2516206512805635 [2026-09-30 08:33:07.322] [info] restore label stack
host_utc=2026-09-30T08:33:07.322+00:00 host_mono_ns=2516206512818019 local_cell_num: 9
host_utc=2026-09-30T08:33:07.322+00:00 host_mono_ns=2516206512830292 locals.values.size: 9
host_utc=2026-09-30T08:33:07.322+00:00 host_mono_ns=2516206512842585 [2026-09-30 08:33:07.322] [info] restore label stack
host_utc=2026-09-30T08:33:07.322+00:00 host_mono_ns=2516206512854838 local_cell_num: 9
host_utc=2026-09-30T08:33:07.322+00:00 host_mono_ns=2516206512866961 locals.values.size: 9
host_utc=2026-09-30T08:33:07.322+00:00 host_mono_ns=2516206512879204 [2026-09-30 08:33:07.322] [info] restore label stack
host_utc=2026-09-30T08:33:07.322+00:00 host_mono_ns=2516206512891478 local_cell_num: 6
host_utc=2026-09-30T08:33:07.322+00:00 host_mono_ns=2516206512903580 locals.values.size: 6
host_utc=2026-09-30T08:33:07.322+00:00 host_mono_ns=2516206512915814 [2026-09-30 08:33:07.322] [info] restore label stack
host_utc=2026-09-30T08:33:07.322+00:00 host_mono_ns=2516206512928167 [2026-09-30 08:33:07.322] [info] Finish to restore stack
host_utc=2026-09-30T08:33:07.322+00:00 host_mono_ns=2516206512941001 
host_utc=2026-09-30T08:33:07.322+00:00 host_mono_ns=2516206512960498 initします
host_utc=2026-09-30T08:33:07.324+00:00 host_mono_ns=2516206514193187 boot_end, 2516206514068351
host_utc=2026-09-30T08:33:07.324+00:00 host_mono_ns=2516206514228343 [02:56:46:280 - 75FD34963840]: warning: failed to link import function (env, pthread_exit)
host_utc=2026-09-30T08:33:07.324+00:00 host_mono_ns=2516206514245345 thread 5 restore
host_utc=2026-09-30T08:33:07.324+00:00 host_mono_ns=2516206514259242 wasm_cluster_increase_checkpointing_counter called 1
host_utc=2026-09-30T08:33:07.324+00:00 host_mono_ns=2516206514269862 Restoring wasm thread 4
host_utc=2026-09-30T08:33:07.324+00:00 host_mono_ns=2516206514279881 wasm_cluster_increase_checkpointing_counter called 2
host_utc=2026-09-30T08:33:07.324+00:00 host_mono_ns=2516206514292725 wasm_cluster_increase_checkpointing_counter called 3
host_utc=2026-09-30T08:33:07.324+00:00 host_mono_ns=2516206514303545 [2026-09-30 08:33:07.323] [info] wasm_restore_stack
host_utc=2026-09-30T08:33:07.324+00:00 host_mono_ns=2516206514312973 
host_utc=2026-09-30T08:33:07.324+00:00 host_mono_ns=2516206514329695 stack, 98326
host_utc=2026-09-30T08:33:07.324+00:00 host_mono_ns=2516206514339323 [02:56:46:146 - 75FD34963840]: warning: failed to link import function (env, pthread_exit)
host_utc=2026-09-30T08:33:07.324+00:00 host_mono_ns=2516206514348931 local_cell_num: 2
host_utc=2026-09-30T08:33:07.324+00:00 host_mono_ns=2516206514358038 locals.values.size: 2
host_utc=2026-09-30T08:33:07.324+00:00 host_mono_ns=2516206514367336 [2026-09-30 08:33:07.323] [info] restore label stack
host_utc=2026-09-30T08:33:07.324+00:00 host_mono_ns=2516206514376483 local_cell_num: 8
host_utc=2026-09-30T08:33:07.324+00:00 host_mono_ns=2516206514385350 locals.values.size: 8
host_utc=2026-09-30T08:33:07.324+00:00 host_mono_ns=2516206514412221 [2026-09-30 08:33:07.323] [info] restore label stack
host_utc=2026-09-30T08:33:07.324+00:00 host_mono_ns=2516206514421538 local_cell_num: 14
host_utc=2026-09-30T08:33:07.324+00:00 host_mono_ns=2516206514430395 locals.values.size: 14
host_utc=2026-09-30T08:33:07.324+00:00 host_mono_ns=2516206514439552 [2026-09-30 08:33:07.323] [info] restore label stack
host_utc=2026-09-30T08:33:07.324+00:00 host_mono_ns=2516206514448479 thread 4 restore
host_utc=2026-09-30T08:33:07.324+00:00 host_mono_ns=2516206514457616 local_cell_num: 215
host_utc=2026-09-30T08:33:07.324+00:00 host_mono_ns=2516206514466463 locals.values.size: 215
host_utc=2026-09-30T08:33:07.324+00:00 host_mono_ns=2516206514475540 [2026-09-30 08:33:07.323] [info] restore label stack
host_utc=2026-09-30T08:33:07.324+00:00 host_mono_ns=2516206514484427 local_cell_num: 77
host_utc=2026-09-30T08:33:07.324+00:00 host_mono_ns=2516206514494887 locals.values.size: 77
host_utc=2026-09-30T08:33:07.324+00:00 host_mono_ns=2516206514509284 [2026-09-30 08:33:07.324] [info] restore label stack
host_utc=2026-09-30T08:33:07.324+00:00 host_mono_ns=2516206514523160 local_cell_num: 22
host_utc=2026-09-30T08:33:07.324+00:00 host_mono_ns=2516206514536205 locals.values.size: 22
host_utc=2026-09-30T08:33:07.324+00:00 host_mono_ns=2516206514549570 [2026-09-30 08:33:07.324] [info] restore label stack
host_utc=2026-09-30T08:33:07.324+00:00 host_mono_ns=2516206514562755 [2026-09-30 08:33:07.324] [info] Finish to restore stack
host_utc=2026-09-30T08:33:07.324+00:00 host_mono_ns=2516206514580048 
host_utc=2026-09-30T08:33:07.324+00:00 host_mono_ns=2516206514595216 global, 22703
host_utc=2026-09-30T08:33:07.324+00:00 host_mono_ns=2516206514607940 program counter, 14407
host_utc=2026-09-30T08:33:07.324+00:00 host_mono_ns=2516206514627728 initします
host_utc=2026-09-30T08:33:07.325+00:00 host_mono_ns=2516206516045246 boot_end, 2516206515872179
host_utc=2026-09-30T08:33:07.325+00:00 host_mono_ns=2516206516089840 wasm_cluster_increase_checkpointing_counter called 1
host_utc=2026-09-30T08:33:07.325+00:00 host_mono_ns=2516206516107002 Restoring wasm thread 3
host_utc=2026-09-30T08:33:07.325+00:00 host_mono_ns=2516206516120347 wasm_cluster_increase_checkpointing_counter called 2
host_utc=2026-09-30T08:33:07.325+00:00 host_mono_ns=2516206516133352 wasm_cluster_increase_checkpointing_counter called 3
host_utc=2026-09-30T08:33:07.325+00:00 host_mono_ns=2516206516145936 [2026-09-30 08:33:07.325] [info] wasm_restore_stack
host_utc=2026-09-30T08:33:07.325+00:00 host_mono_ns=2516206516158840 
host_utc=2026-09-30T08:33:07.326+00:00 host_mono_ns=2516206516171855 local_cell_num: 2
host_utc=2026-09-30T08:33:07.326+00:00 host_mono_ns=2516206516184569 locals.values.size: 2
host_utc=2026-09-30T08:33:07.326+00:00 host_mono_ns=2516206516197152 [2026-09-30 08:33:07.325] [info] restore label stack
host_utc=2026-09-30T08:33:07.326+00:00 host_mono_ns=2516206516209846 local_cell_num: 8
host_utc=2026-09-30T08:33:07.326+00:00 host_mono_ns=2516206516222080 locals.values.size: 8
host_utc=2026-09-30T08:33:07.326+00:00 host_mono_ns=2516206516234423 [2026-09-30 08:33:07.325] [info] restore label stack
host_utc=2026-09-30T08:33:07.326+00:00 host_mono_ns=2516206516246856 [02:56:46:956 - 75FD34963840]: warning: failed to link import function (env, pthread_exit)
host_utc=2026-09-30T08:33:07.326+00:00 host_mono_ns=2516206516260272 local_cell_num: 14
host_utc=2026-09-30T08:33:07.326+00:00 host_mono_ns=2516206516272495 locals.values.size: 14
host_utc=2026-09-30T08:33:07.326+00:00 host_mono_ns=2516206516285179 [2026-09-30 08:33:07.325] [info] restore label stack
host_utc=2026-09-30T08:33:07.326+00:00 host_mono_ns=2516206516297572 local_cell_num: 215
host_utc=2026-09-30T08:33:07.326+00:00 host_mono_ns=2516206516309935 locals.values.size: 215
host_utc=2026-09-30T08:33:07.326+00:00 host_mono_ns=2516206516322499 [2026-09-30 08:33:07.325] [info] restore label stack
host_utc=2026-09-30T08:33:07.326+00:00 host_mono_ns=2516206516334792 local_cell_num: 77
host_utc=2026-09-30T08:33:07.326+00:00 host_mono_ns=2516206516358367 locals.values.size: 77
host_utc=2026-09-30T08:33:07.326+00:00 host_mono_ns=2516206516371161 [2026-09-30 08:33:07.325] [info] restore label stack
host_utc=2026-09-30T08:33:07.326+00:00 host_mono_ns=2516206516383565 thread 3 restore
host_utc=2026-09-30T08:33:07.326+00:00 host_mono_ns=2516206516396108 local_cell_num: 22
host_utc=2026-09-30T08:33:07.326+00:00 host_mono_ns=2516206516408201 locals.values.size: 22
host_utc=2026-09-30T08:33:07.326+00:00 host_mono_ns=2516206516420404 [2026-09-30 08:33:07.325] [info] restore label stack
host_utc=2026-09-30T08:33:07.326+00:00 host_mono_ns=2516206516432818 [2026-09-30 08:33:07.325] [info] Finish to restore stack
host_utc=2026-09-30T08:33:07.326+00:00 host_mono_ns=2516206516445482 
host_utc=2026-09-30T08:33:07.326+00:00 host_mono_ns=2516206516458226 stack, 95210
host_utc=2026-09-30T08:33:07.326+00:00 host_mono_ns=2516206516470759 global, 29867
host_utc=2026-09-30T08:33:07.326+00:00 host_mono_ns=2516206516483263 program counter, 14156
host_utc=2026-09-30T08:33:07.326+00:00 host_mono_ns=2516206516502810 initします
host_utc=2026-09-30T08:33:07.327+00:00 host_mono_ns=2516206517857649 wasm_cluster_increase_checkpointing_counter called 1
host_utc=2026-09-30T08:33:07.327+00:00 host_mono_ns=2516206517891664 Restoring wasm thread 2
host_utc=2026-09-30T08:33:07.327+00:00 host_mono_ns=2516206517908034 wasm_cluster_increase_checkpointing_counter called 2
host_utc=2026-09-30T08:33:07.327+00:00 host_mono_ns=2516206517921650 wasm_cluster_increase_checkpointing_counter called 3
host_utc=2026-09-30T08:33:07.327+00:00 host_mono_ns=2516206517934484 [2026-09-30 08:33:07.327] [info] wasm_restore_stack
host_utc=2026-09-30T08:33:07.327+00:00 host_mono_ns=2516206517947389 
host_utc=2026-09-30T08:33:07.327+00:00 host_mono_ns=2516206517960413 boot_end, 2516206517659355
host_utc=2026-09-30T08:33:07.327+00:00 host_mono_ns=2516206517980572 [02:56:46:736 - 75FD34963840]: warning: failed to link import function (env, pthread_exit)
host_utc=2026-09-30T08:33:07.327+00:00 host_mono_ns=2516206517994167 local_cell_num: 2
host_utc=2026-09-30T08:33:07.327+00:00 host_mono_ns=2516206518016850 locals.values.size: 2
host_utc=2026-09-30T08:33:07.327+00:00 host_mono_ns=2516206518033582 [2026-09-30 08:33:07.327] [info] restore label stack
host_utc=2026-09-30T08:33:07.327+00:00 host_mono_ns=2516206518046316 local_cell_num: 8
host_utc=2026-09-30T08:33:07.327+00:00 host_mono_ns=2516206518058579 locals.values.size: 8
host_utc=2026-09-30T08:33:07.327+00:00 host_mono_ns=2516206518070832 [2026-09-30 08:33:07.327] [info] restore label stack
host_utc=2026-09-30T08:33:07.327+00:00 host_mono_ns=2516206518083296 local_cell_num: 14
host_utc=2026-09-30T08:33:07.327+00:00 host_mono_ns=2516206518095509 locals.values.size: 14
host_utc=2026-09-30T08:33:07.327+00:00 host_mono_ns=2516206518108203 [2026-09-30 08:33:07.327] [info] restore label stack
host_utc=2026-09-30T08:33:07.327+00:00 host_mono_ns=2516206518120466 local_cell_num: 215
host_utc=2026-09-30T08:33:07.327+00:00 host_mono_ns=2516206518132679 locals.values.size: 215
host_utc=2026-09-30T08:33:07.327+00:00 host_mono_ns=2516206518146425 [2026-09-30 08:33:07.327] [info] restore label stack
host_utc=2026-09-30T08:33:07.327+00:00 host_mono_ns=2516206518163357 local_cell_num: 77
host_utc=2026-09-30T08:33:07.328+00:00 host_mono_ns=2516206518181231 locals.values.size: 77
host_utc=2026-09-30T08:33:07.328+00:00 host_mono_ns=2516206518198834 [2026-09-30 08:33:07.327] [info] restore label stack
host_utc=2026-09-30T08:33:07.328+00:00 host_mono_ns=2516206518215596 thread 2 restore
host_utc=2026-09-30T08:33:07.328+00:00 host_mono_ns=2516206518228650 local_cell_num: 22
host_utc=2026-09-30T08:33:07.328+00:00 host_mono_ns=2516206518240753 locals.values.size: 22
host_utc=2026-09-30T08:33:07.328+00:00 host_mono_ns=2516206518253157 [2026-09-30 08:33:07.327] [info] restore label stack
host_utc=2026-09-30T08:33:07.328+00:00 host_mono_ns=2516206518265630 [2026-09-30 08:33:07.327] [info] Finish to restore stack
host_utc=2026-09-30T08:33:07.328+00:00 host_mono_ns=2516206518289665 
host_utc=2026-09-30T08:33:07.328+00:00 host_mono_ns=2516206518302339 stack, 96623
host_utc=2026-09-30T08:33:07.328+00:00 host_mono_ns=2516206518314923 global, 18044
host_utc=2026-09-30T08:33:07.328+00:00 host_mono_ns=2516206518327287 program counter, 10349
host_utc=2026-09-30T08:33:07.328+00:00 host_mono_ns=2516206518348326 initします
host_utc=2026-09-30T08:33:07.329+00:00 host_mono_ns=2516206519931737 wasm_cluster_increase_checkpointing_counter called 1
host_utc=2026-09-30T08:33:07.329+00:00 host_mono_ns=2516206519961083 Restoring wasm thread 1
host_utc=2026-09-30T08:33:07.329+00:00 host_mono_ns=2516206519973256 wasm_cluster_increase_checkpointing_counter called 2
host_utc=2026-09-30T08:33:07.329+00:00 host_mono_ns=2516206519982854 wasm_cluster_increase_checkpointing_counter called 3
host_utc=2026-09-30T08:33:07.329+00:00 host_mono_ns=2516206519991621 [2026-09-30 08:33:07.329] [info] wasm_restore_stack
host_utc=2026-09-30T08:33:07.329+00:00 host_mono_ns=2516206520007901 
host_utc=2026-09-30T08:33:07.329+00:00 host_mono_ns=2516206520029372 boot_end, 2516206519797203
host_utc=2026-09-30T08:33:07.329+00:00 host_mono_ns=2516206520038930 [02:56:46:875 - 75FD34963840]: warning: failed to link import function (env, pthread_exit)
host_utc=2026-09-30T08:33:07.329+00:00 host_mono_ns=2516206520048288 thread 1 restore
host_utc=2026-09-30T08:33:07.329+00:00 host_mono_ns=2516206520057074 local_cell_num: 2
host_utc=2026-09-30T08:33:07.329+00:00 host_mono_ns=2516206520065590 locals.values.size: 2
host_utc=2026-09-30T08:33:07.329+00:00 host_mono_ns=2516206520074287 [2026-09-30 08:33:07.329] [info] restore label stack
host_utc=2026-09-30T08:33:07.329+00:00 host_mono_ns=2516206520082863 local_cell_num: 8
host_utc=2026-09-30T08:33:07.329+00:00 host_mono_ns=2516206520091038 locals.values.size: 8
host_utc=2026-09-30T08:33:07.329+00:00 host_mono_ns=2516206520099354 [2026-09-30 08:33:07.329] [info] restore label stack
host_utc=2026-09-30T08:33:07.329+00:00 host_mono_ns=2516206520107750 local_cell_num: 14
host_utc=2026-09-30T08:33:07.329+00:00 host_mono_ns=2516206520115975 locals.values.size: 14
host_utc=2026-09-30T08:33:07.329+00:00 host_mono_ns=2516206520124492 [2026-09-30 08:33:07.329] [info] restore label stack
host_utc=2026-09-30T08:33:07.329+00:00 host_mono_ns=2516206520132837 local_cell_num: 215
host_utc=2026-09-30T08:33:07.329+00:00 host_mono_ns=2516206520141193 locals.values.size: 215
host_utc=2026-09-30T08:33:07.329+00:00 host_mono_ns=2516206520149709 [2026-09-30 08:33:07.329] [info] restore label stack
host_utc=2026-09-30T08:33:07.329+00:00 host_mono_ns=2516206520157935 local_cell_num: 77
host_utc=2026-09-30T08:33:07.329+00:00 host_mono_ns=2516206520166140 locals.values.size: 77
host_utc=2026-09-30T08:33:07.330+00:00 host_mono_ns=2516206520174446 [2026-09-30 08:33:07.329] [info] restore label stack
host_utc=2026-09-30T08:33:07.330+00:00 host_mono_ns=2516206520182752 local_cell_num: 22
host_utc=2026-09-30T08:33:07.330+00:00 host_mono_ns=2516206520190897 locals.values.size: 22
host_utc=2026-09-30T08:33:07.330+00:00 host_mono_ns=2516206520199022 [2026-09-30 08:33:07.329] [info] restore label stack
host_utc=2026-09-30T08:33:07.330+00:00 host_mono_ns=2516206520207298 [2026-09-30 08:33:07.329] [info] Finish to restore stack
host_utc=2026-09-30T08:33:07.330+00:00 host_mono_ns=2516206520215884 
host_utc=2026-09-30T08:33:07.330+00:00 host_mono_ns=2516206520224430 stack, 110569
host_utc=2026-09-30T08:33:07.330+00:00 host_mono_ns=2516206520232926 global, 22783
host_utc=2026-09-30T08:33:07.330+00:00 host_mono_ns=2516206520241252 program counter, 13797
host_utc=2026-09-30T08:33:07.330+00:00 host_mono_ns=2516206520474162 wasm_cluster_increase_checkpointing_counter called 1
host_utc=2026-09-30T08:33:07.330+00:00 host_mono_ns=2516206520488509 [2026-09-30 08:33:07.330] [info] wasm_restore_stack
host_utc=2026-09-30T08:33:07.330+00:00 host_mono_ns=2516206520497526 
host_utc=2026-09-30T08:33:07.330+00:00 host_mono_ns=2516206520505882 wasm_cluster_increase_checkpointing_counter called 2
host_utc=2026-09-30T08:33:07.330+00:00 host_mono_ns=2516206520527022 wasm_cluster_increase_checkpointing_counter called 3
host_utc=2026-09-30T08:33:07.330+00:00 host_mono_ns=2516206520535819 local_cell_num: 1
host_utc=2026-09-30T08:33:07.330+00:00 host_mono_ns=2516206520544235 locals.values.size: 1
host_utc=2026-09-30T08:33:07.330+00:00 host_mono_ns=2516206520552590 [2026-09-30 08:33:07.330] [info] restore label stack
host_utc=2026-09-30T08:33:07.330+00:00 host_mono_ns=2516206520561006 local_cell_num: 3
host_utc=2026-09-30T08:33:07.330+00:00 host_mono_ns=2516206520569192 locals.values.size: 3
host_utc=2026-09-30T08:33:07.330+00:00 host_mono_ns=2516206520577467 [2026-09-30 08:33:07.330] [info] restore label stack
host_utc=2026-09-30T08:33:07.330+00:00 host_mono_ns=2516206520592255 local_cell_num: 147
host_utc=2026-09-30T08:33:07.330+00:00 host_mono_ns=2516206520600982 locals.values.size: 147
host_utc=2026-09-30T08:33:07.330+00:00 host_mono_ns=2516206520609578 [2026-09-30 08:33:07.330] [info] restore label stack
host_utc=2026-09-30T08:33:07.330+00:00 host_mono_ns=2516206520617964 local_cell_num: 19
host_utc=2026-09-30T08:33:07.330+00:00 host_mono_ns=2516206520626229 locals.values.size: 19
host_utc=2026-09-30T08:33:07.330+00:00 host_mono_ns=2516206520634585 [2026-09-30 08:33:07.330] [info] restore label stack
host_utc=2026-09-30T08:33:07.330+00:00 host_mono_ns=2516206520643081 local_cell_num: 63
host_utc=2026-09-30T08:33:07.330+00:00 host_mono_ns=2516206520651337 locals.values.size: 63
host_utc=2026-09-30T08:33:07.330+00:00 host_mono_ns=2516206520659562 [2026-09-30 08:33:07.330] [info] restore label stack
host_utc=2026-09-30T08:33:07.330+00:00 host_mono_ns=2516206520667988 local_cell_num: 9
host_utc=2026-09-30T08:33:07.330+00:00 host_mono_ns=2516206520676174 locals.values.size: 9
host_utc=2026-09-30T08:33:07.330+00:00 host_mono_ns=2516206520684520 [2026-09-30 08:33:07.330] [info] restore label stack
host_utc=2026-09-30T08:33:07.330+00:00 host_mono_ns=2516206520692835 local_cell_num: 9
host_utc=2026-09-30T08:33:07.330+00:00 host_mono_ns=2516206520701031 locals.values.size: 9
host_utc=2026-09-30T08:33:07.330+00:00 host_mono_ns=2516206520709276 [2026-09-30 08:33:07.330] [info] restore label stack
host_utc=2026-09-30T08:33:07.330+00:00 host_mono_ns=2516206520717612 local_cell_num: 6
host_utc=2026-09-30T08:33:07.330+00:00 host_mono_ns=2516206520725888 locals.values.size: 6
host_utc=2026-09-30T08:33:07.330+00:00 host_mono_ns=2516206520734133 [2026-09-30 08:33:07.330] [info] restore label stack
host_utc=2026-09-30T08:33:07.330+00:00 host_mono_ns=2516206520742619 [2026-09-30 08:33:07.330] [info] Finish to restore stack
host_utc=2026-09-30T08:33:07.330+00:00 host_mono_ns=2516206520751286 
host_utc=2026-09-30T08:33:07.330+00:00 host_mono_ns=2516206520759942 initします
host_utc=2026-09-30T08:33:07.330+00:00 host_mono_ns=2516206520771935 stack, 68800
host_utc=2026-09-30T08:33:07.332+00:00 host_mono_ns=2516206522519146 [2026-09-30 08:33:07.332] [info] wasm_restore_stack
host_utc=2026-09-30T08:33:07.332+00:00 host_mono_ns=2516206522538061 
host_utc=2026-09-30T08:33:07.332+00:00 host_mono_ns=2516206522547970 boot_end, 2516206522398347
host_utc=2026-09-30T08:33:07.332+00:00 host_mono_ns=2516206522639152 local_cell_num: 2
host_utc=2026-09-30T08:33:07.332+00:00 host_mono_ns=2516206522649772 locals.values.size: 2
host_utc=2026-09-30T08:33:07.332+00:00 host_mono_ns=2516206522660222 [2026-09-30 08:33:07.332] [info] restore label stack
host_utc=2026-09-30T08:33:07.332+00:00 host_mono_ns=2516206522671273 local_cell_num: 8
host_utc=2026-09-30T08:33:07.332+00:00 host_mono_ns=2516206522679619 locals.values.size: 8
host_utc=2026-09-30T08:33:07.332+00:00 host_mono_ns=2516206522687884 [2026-09-30 08:33:07.332] [info] restore label stack
host_utc=2026-09-30T08:33:07.332+00:00 host_mono_ns=2516206522696200 local_cell_num: 14
host_utc=2026-09-30T08:33:07.332+00:00 host_mono_ns=2516206522704466 locals.values.size: 14
host_utc=2026-09-30T08:33:07.332+00:00 host_mono_ns=2516206522712691 [2026-09-30 08:33:07.332] [info] restore label stack
host_utc=2026-09-30T08:33:07.332+00:00 host_mono_ns=2516206522728671 local_cell_num: 155
host_utc=2026-09-30T08:33:07.332+00:00 host_mono_ns=2516206522738750 locals.values.size: 155
host_utc=2026-09-30T08:33:07.332+00:00 host_mono_ns=2516206522750132 [2026-09-30 08:33:07.332] [info] restore label stack
host_utc=2026-09-30T08:33:07.332+00:00 host_mono_ns=2516206522758818 local_cell_num: 19
host_utc=2026-09-30T08:33:07.332+00:00 host_mono_ns=2516206522767144 locals.values.size: 19
host_utc=2026-09-30T08:33:07.332+00:00 host_mono_ns=2516206522775510 [2026-09-30 08:33:07.332] [info] restore label stack
host_utc=2026-09-30T08:33:07.332+00:00 host_mono_ns=2516206522783846 local_cell_num: 63
host_utc=2026-09-30T08:33:07.332+00:00 host_mono_ns=2516206522792041 locals.values.size: 63
host_utc=2026-09-30T08:33:07.332+00:00 host_mono_ns=2516206522800267 [2026-09-30 08:33:07.332] [info] restore label stack
host_utc=2026-09-30T08:33:07.332+00:00 host_mono_ns=2516206522808552 local_cell_num: 9
host_utc=2026-09-30T08:33:07.332+00:00 host_mono_ns=2516206522816718 locals.values.size: 9
host_utc=2026-09-30T08:33:07.332+00:00 host_mono_ns=2516206522824993 [2026-09-30 08:33:07.332] [info] restore label stack
host_utc=2026-09-30T08:33:07.332+00:00 host_mono_ns=2516206522833289 local_cell_num: 9
host_utc=2026-09-30T08:33:07.332+00:00 host_mono_ns=2516206522841494 locals.values.size: 9
host_utc=2026-09-30T08:33:07.332+00:00 host_mono_ns=2516206522849680 [2026-09-30 08:33:07.332] [info] restore label stack
host_utc=2026-09-30T08:33:07.332+00:00 host_mono_ns=2516206522857976 local_cell_num: 6
host_utc=2026-09-30T08:33:07.332+00:00 host_mono_ns=2516206522866151 locals.values.size: 6
host_utc=2026-09-30T08:33:07.332+00:00 host_mono_ns=2516206522874437 [2026-09-30 08:33:07.332] [info] restore label stack
host_utc=2026-09-30T08:33:07.332+00:00 host_mono_ns=2516206522882762 [2026-09-30 08:33:07.332] [info] Finish to restore stack
host_utc=2026-09-30T08:33:07.332+00:00 host_mono_ns=2516206522891168 
host_utc=2026-09-30T08:33:07.332+00:00 host_mono_ns=2516206522903952 stack, 165242
host_utc=2026-09-30T08:33:07.332+00:00 host_mono_ns=2516206522912689 global, 33733
host_utc=2026-09-30T08:33:07.332+00:00 host_mono_ns=2516206522921085 program counter, 19296
host_utc=2026-09-30T08:33:08.052+00:00 host_mono_ns=2516207242397097 memory, 721520715
host_utc=2026-09-30T08:33:08.052+00:00 host_mono_ns=2516207242456900 Restore: add_membership for fd 7 used destination default interface
host_utc=2026-09-30T08:33:08.052+00:00 host_mono_ns=2516207242480435 Restore: add_membership for fd 11 used destination default interface
host_utc=2026-09-30T08:33:08.052+00:00 host_mono_ns=2516207242503278 global, 10290
host_utc=2026-09-30T08:33:08.052+00:00 host_mono_ns=2516207242516493 program counter, 14077
host_utc=2026-09-30T08:33:08.056+00:00 host_mono_ns=2516207246728800 '
host_utc=2026-09-30T08:33:08.056+00:00 host_mono_ns=2516207246761212 LOG_DEBUG : 00000015.233 : [MROS2LIB] message get [callback_handler] msg_sn_high: 0 msg_sn_low: c
host_utc=2026-09-30T08:33:08.056+00:00 host_mono_ns=2516207246776060 subscribed msg: 'Hello from mros2-posix onto Linux: 15'
host_utc=2026-09-30T08:33:08.056+00:00 host_mono_ns=2516207246796548 LOG_ERROR : 00000019.125 : LOG_ERROR : 00000019.125 : UDP_RECV result=error errno=27 fd=11 recv=-1UDP_RECV result=error errno=27 fd=8 recv=-1
host_utc=2026-09-30T08:33:08.056+00:00 host_mono_ns=2516207246810124 
host_utc=2026-09-30T08:33:08.056+00:00 host_mono_ns=2516207246821365 LOG_ERROR : 00000019.125 : LOG_ERROR : 00000019.125 : UDP_RECV_RECOVERY action=start fd=11UDP_RECV_RECOVERY action=start fd=8
host_utc=2026-09-30T08:33:08.056+00:00 host_mono_ns=2516207246832967 LOG_ERROR : 00000019.125 : netif_wasm: local ip changed to 0x060012ac
host_utc=2026-09-30T08:33:08.056+00:00 host_mono_ns=2516207246843978 UDP_RECV result=error errno=27 fd=7 recv=-1set TTL: ttl=255, optlen=4
host_utc=2026-09-30T08:33:08.056+00:00 host_mono_ns=2516207246854889 
host_utc=2026-09-30T08:33:08.056+00:00 host_mono_ns=2516207246865438 LOG_ERROR : 00000019.126 : LOG_ERROR : 00000019.126 : UDP_RECV_RECOVERY action=start fd=7UDP_RECV_RECOVERY result=ok rc=0 old_fd=11 new_fd=11
host_utc=2026-09-30T08:33:08.056+00:00 host_mono_ns=2516207246888402 
host_utc=2026-09-30T08:33:08.056+00:00 host_mono_ns=2516207246899162 
host_utc=2026-09-30T08:33:08.056+00:00 host_mono_ns=2516207246909652 LOG_ERROR : 00000019.125 : set TTL: ttl=255, optlen=4
host_utc=2026-09-30T08:33:08.056+00:00 host_mono_ns=2516207246920472 LOG_ERROR : 00000019.127 : LOG_ERROR : 00000019.127 : UDP_RECV_RECOVERY result=ok rc=0 old_fd=8 new_fd=8UDP_RECV_RECOVERY result=ok rc=0 old_fd=7 new_fd=24
host_utc=2026-09-30T08:33:08.056+00:00 host_mono_ns=2516207246932816 UDP_RECV result=error errno=27 fd=5 recv=-1
host_utc=2026-09-30T08:33:08.056+00:00 host_mono_ns=2516207246943907 
host_utc=2026-09-30T08:33:14.057+00:00 host_mono_ns=2516213247286326 LOG_ERROR : 00000019.128 : UDP_RECV_RECOVERY action=start fd=5
host_utc=2026-09-30T08:33:14.057+00:00 host_mono_ns=2516213247357290 LOG_ERROR : 00000019.128 : UDP_RECV_RECOVERY result=ok rc=0 old_fd=5 new_fd=29
host_utc=2026-09-30T08:33:14.057+00:00 host_mono_ns=2516213247376776 publishing msg: 'Hello from mros2-posix onto Linux: 16'
host_utc=2026-09-30T08:33:14.057+00:00 host_mono_ns=2516213247404078 publishing msg: 'Hello from mros2-posix onto Linux: 17'
host_utc=2026-09-30T08:33:14.057+00:00 host_mono_ns=2516213247422613 LOG_DEBUG : 00000021.127 : [MROS2LIB] message get [callback_handler] msg_sn_high: 0 msg_sn_low: e
host_utc=2026-09-30T08:33:14.057+00:00 host_mono_ns=2516213247441328 subscribed msg: 'Hello from mros2-posix onto Linux: 17'
host_utc=2026-09-30T08:33:14.057+00:00 host_mono_ns=2516213247461677 publishing msg: 'Hello from mros2-posix onto Linux: 18'
host_utc=2026-09-30T08:33:14.057+00:00 host_mono_ns=2516213247482146 LOG_DEBUG : 00000022.127 : [MROS2LIB] message get [callback_handler] msg_sn_high: 0 msg_sn_low: f
host_utc=2026-09-30T08:33:14.057+00:00 host_mono_ns=2516213247501462 subscribed msg: 'Hello from mros2-posix onto Linux: 18'
host_utc=2026-09-30T08:33:14.057+00:00 host_mono_ns=2516213247521440 publishing msg: 'Hello from mros2-posix onto Linux: 19'
host_utc=2026-09-30T08:33:14.057+00:00 host_mono_ns=2516213247540335 LOG_DEBUG : 00000023.128 : [MROS2LIB] message get [callback_handler] msg_sn_high: 0 msg_sn_low: 10
host_utc=2026-09-30T08:33:14.057+00:00 host_mono_ns=2516213247558770 subscribed msg: 'Hello from mros2-posix onto Linux: 19'
host_utc=2026-09-30T08:33:14.057+00:00 host_mono_ns=2516213247576764 publishing msg: 'Hello from mros2-posix onto Linux: 20'
host_utc=2026-09-30T08:33:14.057+00:00 host_mono_ns=2516213247593907 LOG_DEBUG : 00000024.128 : [MROS2LIB] message get [callback_handler] msg_sn_high: 0 msg_sn_low: 11
host_utc=2026-09-30T08:33:14.057+00:00 host_mono_ns=2516213247610688 subscribed msg: 'Hello from mros2-posix onto Linux: 20'
host_utc=2026-09-30T08:33:19.060+00:00 host_mono_ns=2516218250633146 publishing msg: 'Hello from mros2-posix onto Linux: 21'
host_utc=2026-09-30T08:33:19.060+00:00 host_mono_ns=2516218250704451 LOG_DEBUG : 00000025.129 : [MROS2LIB] message get [callback_handler] msg_sn_high: 0 msg_sn_low: 12
host_utc=2026-09-30T08:33:19.060+00:00 host_mono_ns=2516218250723477 subscribed msg: 'Hello from mros2-posix onto Linux: 21'
host_utc=2026-09-30T08:33:19.060+00:00 host_mono_ns=2516218250739968 publishing msg: 'Hello from mros2-posix onto Linux: 22'
host_utc=2026-09-30T08:33:19.060+00:00 host_mono_ns=2516218250754345 LOG_DEBUG : 00000026.130 : [MROS2LIB] message get [callback_handler] msg_sn_high: 0 msg_sn_low: 13
host_utc=2026-09-30T08:33:19.060+00:00 host_mono_ns=2516218250768311 subscribed msg: 'Hello from mros2-posix onto Linux: 22'
host_utc=2026-09-30T08:33:19.060+00:00 host_mono_ns=2516218250782738 publishing msg: 'Hello from mros2-posix onto Linux: 23'
host_utc=2026-09-30T08:33:19.060+00:00 host_mono_ns=2516218250796424 LOG_DEBUG : 00000027.131 : [MROS2LIB] message get [callback_handler] msg_sn_high: 0 msg_sn_low: 14
host_utc=2026-09-30T08:33:19.060+00:00 host_mono_ns=2516218250809750 subscribed msg: 'Hello from mros2-posix onto Linux: 23'
host_utc=2026-09-30T08:33:19.060+00:00 host_mono_ns=2516218250838614 publishing msg: 'Hello from mros2-posix onto Linux: 24'
host_utc=2026-09-30T08:33:19.060+00:00 host_mono_ns=2516218250850376 LOG_DEBUG : 00000028.131 : [MROS2LIB] message get [callback_handler] msg_sn_high: 0 msg_sn_low: 15
host_utc=2026-09-30T08:33:19.060+00:00 host_mono_ns=2516218250861327 subscribed msg: 'Hello from mros2-posix onto Linux: 24'
host_utc=2026-09-30T08:33:19.060+00:00 host_mono_ns=2516218250873089 publishing msg: 'Hello from mros2-posix onto Linux: 25'
host_utc=2026-09-30T08:33:19.060+00:00 host_mono_ns=2516218250886024 LOG_DEBUG : 00000029.132 : [MROS2LIB] message get [callback_handler] msg_sn_high: 0 msg_sn_low: 16
host_utc=2026-09-30T08:33:19.060+00:00 host_mono_ns=2516218250900992 subscribed msg: 'Hello from mros2-posix onto Linux: 25'
host_utc=2026-09-30T08:33:23.065+00:00 host_mono_ns=2516222255611018 publishing msg: 'Hello from mros2-posix onto Linux: 26'
host_utc=2026-09-30T08:33:23.065+00:00 host_mono_ns=2516222255680048 LOG_DEBUG : 00000030.133 : [MROS2LIB] message get [callback_handler] msg_sn_high: 0 msg_sn_low: 17
host_utc=2026-09-30T08:33:23.065+00:00 host_mono_ns=2516222255696449 subscribed msg: 'Hello from mros2-posix onto Linux: 26'
host_utc=2026-09-30T08:33:23.065+00:00 host_mono_ns=2516222255710987 publishing msg: 'Hello from mros2-posix onto Linux: 27'
host_utc=2026-09-30T08:33:23.065+00:00 host_mono_ns=2516222255723791 LOG_DEBUG : 00000031.134 : [MROS2LIB] message get [callback_handler] msg_sn_high: 0 msg_sn_low: 18
host_utc=2026-09-30T08:33:23.065+00:00 host_mono_ns=2516222255735513 subscribed msg: 'Hello from mros2-posix onto Linux: 27'
host_utc=2026-09-30T08:33:23.065+00:00 host_mono_ns=2516222255747776 publishing msg: 'Hello from mros2-posix onto Linux: 28'
host_utc=2026-09-30T08:33:23.065+00:00 host_mono_ns=2516222255759588 LOG_DEBUG : 00000032.134 : [MROS2LIB] message get [callback_handler] msg_sn_high: 0 msg_sn_low: 19
host_utc=2026-09-30T08:33:23.065+00:00 host_mono_ns=2516222255770689 subscribed msg: 'Hello from mros2-posix onto Linux: 28'
host_utc=2026-09-30T08:33:23.065+00:00 host_mono_ns=2516222255782492 publishing msg: 'Hello from mros2-posix onto Linux: 29'
host_utc=2026-09-30T08:33:23.065+00:00 host_mono_ns=2516222255794204 LOG_DEBUG : 00000033.135 : [MROS2LIB] message get [callback_handler] msg_sn_high: 0 msg_sn_low: 1a
host_utc=2026-09-30T08:33:23.065+00:00 host_mono_ns=2516222255805064 subscribed msg: 'Hello from mros2-posix onto Linux: 29'
host_utc=2026-09-30T08:33:23.065+00:00 host_mono_ns=2516222255816957 publishing msg: 'Hello from mros2-posix onto Linux: 30'
host_utc=2026-09-30T08:33:23.065+00:00 host_mono_ns=2516222255828459 LOG_DEBUG : 00000034.136 : [MROS2LIB] message get [callback_handler] msg_sn_high: 0 msg_sn_low: 1b
host_utc=2026-09-30T08:33:23.368+00:00 host_mono_ns=2516222558840371 subscribed msg: 'Hello from mros2-posix onto Linux: 30
host_utc=2026-09-30T08:33:23.368+00:00 host_mono_ns=2516222558939147 event=collector_process_exit source=restore exit_status=143
