host_utc=2026-09-30T08:08:44.334+00:00 host_mono_ns=2514743525030397 boot_start, 2514743524834507
host_utc=2026-09-30T08:08:44.529+00:00 host_mono_ns=2514743719781651 11 stderr
host_utc=2026-09-30T08:08:44.529+00:00 host_mono_ns=2514743719839340 22 stderr
host_utc=2026-09-30T08:08:44.529+00:00 host_mono_ns=2514743719853607 signal init: 138037745653312
host_utc=2026-09-30T08:08:44.529+00:00 host_mono_ns=2514743719866030 initします
host_utc=2026-09-30T08:08:44.530+00:00 host_mono_ns=2514743720579919 boot_end, 2514743720381444
host_utc=2026-09-30T08:08:44.530+00:00 host_mono_ns=2514743720871199 3 stderr
host_utc=2026-09-30T08:08:44.531+00:00 host_mono_ns=2514743721238493 initします
host_utc=2026-09-30T08:08:44.532+00:00 host_mono_ns=2514743722438691 boot_end, 2514743722237581
host_utc=2026-09-30T08:08:44.532+00:00 host_mono_ns=2514743722495047 [02:32:23:722 - 7D8B6AEF5840]: Load type section success.
host_utc=2026-09-30T08:08:44.532+00:00 host_mono_ns=2514743722519453 
host_utc=2026-09-30T08:08:44.532+00:00 host_mono_ns=2514743722539491 [02:32:23:746 - 7D8B6AEF5840]: Load import section success.
host_utc=2026-09-30T08:08:44.532+00:00 host_mono_ns=2514743722559058 
host_utc=2026-09-30T08:08:44.532+00:00 host_mono_ns=2514743722577503 [02:32:23:505 - 7D8B6AEF5840]: Load function section success.
host_utc=2026-09-30T08:08:44.532+00:00 host_mono_ns=2514743722596118 
host_utc=2026-09-30T08:08:44.532+00:00 host_mono_ns=2514743722613281 [02:32:23:507 - 7D8B6AEF5840]: Load table section success.
host_utc=2026-09-30T08:08:44.532+00:00 host_mono_ns=2514743722627377 
host_utc=2026-09-30T08:08:44.532+00:00 host_mono_ns=2514743722640091 [02:32:23:508 - 7D8B6AEF5840]: Load global section success.
host_utc=2026-09-30T08:08:44.532+00:00 host_mono_ns=2514743722652926 
host_utc=2026-09-30T08:08:44.532+00:00 host_mono_ns=2514743722665249 [02:32:23:509 - 7D8B6AEF5840]: Load export section success.
host_utc=2026-09-30T08:08:44.532+00:00 host_mono_ns=2514743722678033 
host_utc=2026-09-30T08:08:44.532+00:00 host_mono_ns=2514743722690366 [02:32:23:510 - 7D8B6AEF5840]: Load start section success.
host_utc=2026-09-30T08:08:44.532+00:00 host_mono_ns=2514743722703100 
host_utc=2026-09-30T08:08:44.532+00:00 host_mono_ns=2514743722715434 [02:32:23:512 - 7D8B6AEF5840]: Load table segment section success.
host_utc=2026-09-30T08:08:44.532+00:00 host_mono_ns=2514743722728458 
host_utc=2026-09-30T08:08:44.532+00:00 host_mono_ns=2514743722740691 [02:32:23:513 - 7D8B6AEF5840]: Load datacount section success.
host_utc=2026-09-30T08:08:44.532+00:00 host_mono_ns=2514743722753836 
host_utc=2026-09-30T08:08:44.532+00:00 host_mono_ns=2514743722766119 [02:32:23:513 - 7D8B6AEF5840]: Load code segment section success.
host_utc=2026-09-30T08:08:44.532+00:00 host_mono_ns=2514743722779194 
host_utc=2026-09-30T08:08:44.532+00:00 host_mono_ns=2514743722791357 [02:32:23:514 - 7D8B6AEF5840]: Load data segment section success.
host_utc=2026-09-30T08:08:44.532+00:00 host_mono_ns=2514743722804011 
host_utc=2026-09-30T08:08:44.532+00:00 host_mono_ns=2514743722816314 [02:32:23:514 - 7D8B6AEF5840]: Ignore custom section [.debug_abbrev].
host_utc=2026-09-30T08:08:44.532+00:00 host_mono_ns=2514743722829309 [02:32:23:515 - 7D8B6AEF5840]: Ignore custom section [.debug_info].
host_utc=2026-09-30T08:08:44.532+00:00 host_mono_ns=2514743722842193 [02:32:23:515 - 7D8B6AEF5840]: Ignore custom section [.debug_ranges].
host_utc=2026-09-30T08:08:44.532+00:00 host_mono_ns=2514743722855057 [02:32:23:515 - 7D8B6AEF5840]: Ignore custom section [.debug_str].
host_utc=2026-09-30T08:08:44.532+00:00 host_mono_ns=2514743722867912 [02:32:23:516 - 7D8B6AEF5840]: Ignore custom section [.debug_line].
host_utc=2026-09-30T08:08:44.532+00:00 host_mono_ns=2514743722880586 [02:32:23:516 - 7D8B6AEF5840]: Ignore custom section [.debug_loc].
host_utc=2026-09-30T08:08:44.532+00:00 host_mono_ns=2514743722893240 [02:32:23:517 - 7D8B6AEF5840]: Ignore custom section [name].
host_utc=2026-09-30T08:08:44.532+00:00 host_mono_ns=2514743722906184 [02:32:23:517 - 7D8B6AEF5840]: Ignore custom section [producers].
host_utc=2026-09-30T08:08:44.532+00:00 host_mono_ns=2514743722919279 [02:32:23:517 - 7D8B6AEF5840]: Ignore custom section [target_features].
host_utc=2026-09-30T08:08:44.532+00:00 host_mono_ns=2514743722949776 [02:32:23:518 - 7D8B6AEF5840]: Found aux __heap_base global, value: 7855056
host_utc=2026-09-30T08:08:44.532+00:00 host_mono_ns=2514743722963592 [02:32:23:518 - 7D8B6AEF5840]: Found aux __data_end global, value: 1301444
host_utc=2026-09-30T08:08:44.532+00:00 host_mono_ns=2514743722981837 [02:32:23:519 - 7D8B6AEF5840]: Found aux stack top global, value: 7855056, global index: 0, stack size: 6553600
host_utc=2026-09-30T08:08:44.532+00:00 host_mono_ns=2514743722999080 [02:32:23:520 - 7D8B6AEF5840]: Found malloc function, name: malloc, index: 3154
host_utc=2026-09-30T08:08:44.532+00:00 host_mono_ns=2514743723040698 [02:32:23:520 - 7D8B6AEF5840]: Found free function, name: free, index: 3156
host_utc=2026-09-30T08:08:44.532+00:00 host_mono_ns=2514743723054194 [02:32:23:193 - 7D8B6AEF5840]: Load module success.
host_utc=2026-09-30T08:08:44.532+00:00 host_mono_ns=2514743723067379 
host_utc=2026-09-30T08:08:44.532+00:00 host_mono_ns=2514743723080052 [02:32:23:202 - 7D8B6AEF5840]: Memory instantiate:
host_utc=2026-09-30T08:08:44.532+00:00 host_mono_ns=2514743723093077 [02:32:23:203 - 7D8B6AEF5840]:   page bytes: 65536, init pages: 16384, max pages: 16384
host_utc=2026-09-30T08:08:44.532+00:00 host_mono_ns=2514743723106342 [02:32:23:204 - 7D8B6AEF5840]:   heap offset: 1073741824, heap size: 0
host_utc=2026-09-30T08:08:44.532+00:00 host_mono_ns=2514743723119397 
host_utc=2026-09-30T08:08:44.532+00:00 host_mono_ns=2514743723131760 [02:32:23:229 - 7D8B6AEF5840]: Memory instantiate success.
host_utc=2026-09-30T08:08:44.532+00:00 host_mono_ns=2514743723144795 [02:32:23:354 - 7D8B6AEF5840]: warning: failed to link import function (env, pthread_exit)
host_utc=2026-09-30T08:08:44.532+00:00 host_mono_ns=2514743723158010 Restoring wasm thread 11
host_utc=2026-09-30T08:08:44.533+00:00 host_mono_ns=2514743723171155 [02:32:23:516 - 7D8B6AEF5840]: warning: failed to link import function (env, pthread_exit)
host_utc=2026-09-30T08:08:44.533+00:00 host_mono_ns=2514743723184089 thread 11 restore
host_utc=2026-09-30T08:08:44.533+00:00 host_mono_ns=2514743723197073 Restoring wasm thread 10
host_utc=2026-09-30T08:08:44.533+00:00 host_mono_ns=2514743723209627 [02:32:23:312 - 7D8B6AEF5840]: warning: failed to link import function (env, pthread_exit)
host_utc=2026-09-30T08:08:44.533+00:00 host_mono_ns=2514743723222552 [2026-09-30 08:08:44.532] [info] wasm_restore_stack
host_utc=2026-09-30T08:08:44.533+00:00 host_mono_ns=2514743723235526 
host_utc=2026-09-30T08:08:44.533+00:00 host_mono_ns=2514743723259501 stack, 201150
host_utc=2026-09-30T08:08:44.533+00:00 host_mono_ns=2514743723273167 global, 19316
host_utc=2026-09-30T08:08:44.533+00:00 host_mono_ns=2514743723285911 program counter, 10409
host_utc=2026-09-30T08:08:44.533+00:00 host_mono_ns=2514743723298756 thread 10 restore
host_utc=2026-09-30T08:08:44.533+00:00 host_mono_ns=2514743723315187 local_cell_num: 2
host_utc=2026-09-30T08:08:44.533+00:00 host_mono_ns=2514743723329634 locals.values.size: 2
host_utc=2026-09-30T08:08:44.533+00:00 host_mono_ns=2514743723344362 [2026-09-30 08:08:44.532] [info] restore label stack
host_utc=2026-09-30T08:08:44.533+00:00 host_mono_ns=2514743723359270 local_cell_num: 8
host_utc=2026-09-30T08:08:44.533+00:00 host_mono_ns=2514743723373617 locals.values.size: 8
host_utc=2026-09-30T08:08:44.533+00:00 host_mono_ns=2514743723388074 [2026-09-30 08:08:44.532] [info] restore label stack
host_utc=2026-09-30T08:08:44.533+00:00 host_mono_ns=2514743723402632 local_cell_num: 14
host_utc=2026-09-30T08:08:44.533+00:00 host_mono_ns=2514743723417079 locals.values.size: 14
host_utc=2026-09-30T08:08:44.533+00:00 host_mono_ns=2514743723431526 [2026-09-30 08:08:44.532] [info] restore label stack
host_utc=2026-09-30T08:08:44.533+00:00 host_mono_ns=2514743723445934 local_cell_num: 45
host_utc=2026-09-30T08:08:44.533+00:00 host_mono_ns=2514743723460201 locals.values.size: 45
host_utc=2026-09-30T08:08:44.533+00:00 host_mono_ns=2514743723474498 [2026-09-30 08:08:44.532] [info] restore label stack
host_utc=2026-09-30T08:08:44.533+00:00 host_mono_ns=2514743723539019 local_cell_num: 19
host_utc=2026-09-30T08:08:44.533+00:00 host_mono_ns=2514743723552715 locals.values.size: 19
host_utc=2026-09-30T08:08:44.533+00:00 host_mono_ns=2514743723565529 [2026-09-30 08:08:44.532] [info] restore label stack
host_utc=2026-09-30T08:08:44.533+00:00 host_mono_ns=2514743723578374 local_cell_num: 63
host_utc=2026-09-30T08:08:44.533+00:00 host_mono_ns=2514743723590927 locals.values.size: 63
host_utc=2026-09-30T08:08:44.533+00:00 host_mono_ns=2514743723603571 [2026-09-30 08:08:44.532] [info] restore label stack
host_utc=2026-09-30T08:08:44.533+00:00 host_mono_ns=2514743723616386 local_cell_num: 9
host_utc=2026-09-30T08:08:44.533+00:00 host_mono_ns=2514743723629120 locals.values.size: 9
host_utc=2026-09-30T08:08:44.533+00:00 host_mono_ns=2514743723641763 [2026-09-30 08:08:44.532] [info] restore label stack
host_utc=2026-09-30T08:08:44.533+00:00 host_mono_ns=2514743723654528 local_cell_num: 9
host_utc=2026-09-30T08:08:44.533+00:00 host_mono_ns=2514743723667001 locals.values.size: 9
host_utc=2026-09-30T08:08:44.533+00:00 host_mono_ns=2514743723679655 [2026-09-30 08:08:44.532] [info] restore label stack
host_utc=2026-09-30T08:08:44.533+00:00 host_mono_ns=2514743723692269 local_cell_num: 6
host_utc=2026-09-30T08:08:44.533+00:00 host_mono_ns=2514743723704813 locals.values.size: 6
host_utc=2026-09-30T08:08:44.533+00:00 host_mono_ns=2514743723717396 [2026-09-30 08:08:44.532] [info] restore label stack
host_utc=2026-09-30T08:08:44.533+00:00 host_mono_ns=2514743723730261 [2026-09-30 08:08:44.532] [info] Finish to restore stack
host_utc=2026-09-30T08:08:44.533+00:00 host_mono_ns=2514743723743966 
host_utc=2026-09-30T08:08:44.533+00:00 host_mono_ns=2514743723757031 initします
host_utc=2026-09-30T08:08:44.534+00:00 host_mono_ns=2514743724623739 boot_end, 2514743724370300
host_utc=2026-09-30T08:08:44.534+00:00 host_mono_ns=2514743724681548 wasm_cluster_increase_checkpointing_counter called 1
host_utc=2026-09-30T08:08:44.534+00:00 host_mono_ns=2514743724699361 Restoring wasm thread 9
host_utc=2026-09-30T08:08:44.534+00:00 host_mono_ns=2514743724714660 wasm_cluster_increase_checkpointing_counter called 2
host_utc=2026-09-30T08:08:44.534+00:00 host_mono_ns=2514743724728997 wasm_cluster_increase_checkpointing_counter called 3
host_utc=2026-09-30T08:08:44.534+00:00 host_mono_ns=2514743724742593 [2026-09-30 08:08:44.534] [info] wasm_restore_stack
host_utc=2026-09-30T08:08:44.534+00:00 host_mono_ns=2514743724756219 
host_utc=2026-09-30T08:08:44.534+00:00 host_mono_ns=2514743724779673 stack, 152989
host_utc=2026-09-30T08:08:44.534+00:00 host_mono_ns=2514743724793429 [02:32:23:450 - 7D8B6AEF5840]: warning: failed to link import function (env, pthread_exit)
host_utc=2026-09-30T08:08:44.534+00:00 host_mono_ns=2514743724807606 thread 9 restore
host_utc=2026-09-30T08:08:44.534+00:00 host_mono_ns=2514743724820530 local_cell_num: 2
host_utc=2026-09-30T08:08:44.534+00:00 host_mono_ns=2514743724833475 locals.values.size: 2
host_utc=2026-09-30T08:08:44.534+00:00 host_mono_ns=2514743724846289 [2026-09-30 08:08:44.534] [info] restore label stack
host_utc=2026-09-30T08:08:44.534+00:00 host_mono_ns=2514743724859334 local_cell_num: 8
host_utc=2026-09-30T08:08:44.534+00:00 host_mono_ns=2514743724871947 locals.values.size: 8
host_utc=2026-09-30T08:08:44.534+00:00 host_mono_ns=2514743724884621 [2026-09-30 08:08:44.534] [info] restore label stack
host_utc=2026-09-30T08:08:44.534+00:00 host_mono_ns=2514743724897416 local_cell_num: 14
host_utc=2026-09-30T08:08:44.534+00:00 host_mono_ns=2514743724910069 locals.values.size: 14
host_utc=2026-09-30T08:08:44.534+00:00 host_mono_ns=2514743724923174 [2026-09-30 08:08:44.534] [info] restore label stack
host_utc=2026-09-30T08:08:44.534+00:00 host_mono_ns=2514743724935898 local_cell_num: 15
host_utc=2026-09-30T08:08:44.534+00:00 host_mono_ns=2514743724948452 locals.values.size: 15
host_utc=2026-09-30T08:08:44.534+00:00 host_mono_ns=2514743724961076 [2026-09-30 08:08:44.534] [info] restore label stack
host_utc=2026-09-30T08:08:44.534+00:00 host_mono_ns=2514743724987716 local_cell_num: 37
host_utc=2026-09-30T08:08:44.534+00:00 host_mono_ns=2514743725014767 locals.values.size: 37
host_utc=2026-09-30T08:08:44.534+00:00 host_mono_ns=2514743725031809 [2026-09-30 08:08:44.534] [info] restore label stack
host_utc=2026-09-30T08:08:44.534+00:00 host_mono_ns=2514743725044764 local_cell_num: 25
host_utc=2026-09-30T08:08:44.534+00:00 host_mono_ns=2514743725057207 locals.values.size: 25
host_utc=2026-09-30T08:08:44.534+00:00 host_mono_ns=2514743725069731 [2026-09-30 08:08:44.534] [info] restore label stack
host_utc=2026-09-30T08:08:44.534+00:00 host_mono_ns=2514743725082455 local_cell_num: 34
host_utc=2026-09-30T08:08:44.534+00:00 host_mono_ns=2514743725094989 locals.values.size: 34
host_utc=2026-09-30T08:08:44.534+00:00 host_mono_ns=2514743725107533 [2026-09-30 08:08:44.534] [info] restore label stack
host_utc=2026-09-30T08:08:44.534+00:00 host_mono_ns=2514743725121228 local_cell_num: 38
host_utc=2026-09-30T08:08:44.534+00:00 host_mono_ns=2514743725133742 locals.values.size: 38
host_utc=2026-09-30T08:08:44.534+00:00 host_mono_ns=2514743725146135 [2026-09-30 08:08:44.534] [info] restore label stack
host_utc=2026-09-30T08:08:44.534+00:00 host_mono_ns=2514743725158749 local_cell_num: 94
host_utc=2026-09-30T08:08:44.535+00:00 host_mono_ns=2514743725171133 locals.values.size: 94
host_utc=2026-09-30T08:08:44.535+00:00 host_mono_ns=2514743725183546 [2026-09-30 08:08:44.534] [info] restore label stack
host_utc=2026-09-30T08:08:44.535+00:00 host_mono_ns=2514743725196270 local_cell_num: 2
host_utc=2026-09-30T08:08:44.535+00:00 host_mono_ns=2514743725208684 locals.values.size: 2
host_utc=2026-09-30T08:08:44.535+00:00 host_mono_ns=2514743725221237 [2026-09-30 08:08:44.534] [info] restore label stack
host_utc=2026-09-30T08:08:44.535+00:00 host_mono_ns=2514743725234923 local_cell_num: 9
host_utc=2026-09-30T08:08:44.535+00:00 host_mono_ns=2514743725248509 locals.values.size: 9
host_utc=2026-09-30T08:08:44.535+00:00 host_mono_ns=2514743725262525 [2026-09-30 08:08:44.534] [info] restore label stack
host_utc=2026-09-30T08:08:44.535+00:00 host_mono_ns=2514743725275139 local_cell_num: 9
host_utc=2026-09-30T08:08:44.535+00:00 host_mono_ns=2514743725287593 locals.values.size: 9
host_utc=2026-09-30T08:08:44.535+00:00 host_mono_ns=2514743725300026 [2026-09-30 08:08:44.534] [info] restore label stack
host_utc=2026-09-30T08:08:44.535+00:00 host_mono_ns=2514743725312720 local_cell_num: 6
host_utc=2026-09-30T08:08:44.535+00:00 host_mono_ns=2514743725325144 locals.values.size: 6
host_utc=2026-09-30T08:08:44.535+00:00 host_mono_ns=2514743725337547 [2026-09-30 08:08:44.534] [info] restore label stack
host_utc=2026-09-30T08:08:44.535+00:00 host_mono_ns=2514743725350321 [2026-09-30 08:08:44.534] [info] Finish to restore stack
host_utc=2026-09-30T08:08:44.535+00:00 host_mono_ns=2514743725363426 
host_utc=2026-09-30T08:08:44.535+00:00 host_mono_ns=2514743725376130 global, 21290
host_utc=2026-09-30T08:08:44.535+00:00 host_mono_ns=2514743725388744 program counter, 13416
host_utc=2026-09-30T08:08:44.535+00:00 host_mono_ns=2514743725409854 initします
host_utc=2026-09-30T08:08:44.536+00:00 host_mono_ns=2514743726410985 boot_end, 2514743726257355
host_utc=2026-09-30T08:08:44.536+00:00 host_mono_ns=2514743726454127 wasm_cluster_increase_checkpointing_counter called 1
host_utc=2026-09-30T08:08:44.536+00:00 host_mono_ns=2514743726469997 Restoring wasm thread 8
host_utc=2026-09-30T08:08:44.536+00:00 host_mono_ns=2514743726480366 wasm_cluster_increase_checkpointing_counter called 2
host_utc=2026-09-30T08:08:44.536+00:00 host_mono_ns=2514743726489514 wasm_cluster_increase_checkpointing_counter called 3
host_utc=2026-09-30T08:08:44.536+00:00 host_mono_ns=2514743726498591 [2026-09-30 08:08:44.536] [info] wasm_restore_stack
host_utc=2026-09-30T08:08:44.536+00:00 host_mono_ns=2514743726507608 
host_utc=2026-09-30T08:08:44.536+00:00 host_mono_ns=2514743726521594 [02:32:23:337 - 7D8B6AEF5840]: warning: failed to link import function (env, pthread_exit)
host_utc=2026-09-30T08:08:44.536+00:00 host_mono_ns=2514743726544998 thread 8 restore
host_utc=2026-09-30T08:08:44.536+00:00 host_mono_ns=2514743726554045 local_cell_num: 2
host_utc=2026-09-30T08:08:44.536+00:00 host_mono_ns=2514743726562662 locals.values.size: 2
host_utc=2026-09-30T08:08:44.536+00:00 host_mono_ns=2514743726571288 [2026-09-30 08:08:44.536] [info] restore label stack
host_utc=2026-09-30T08:08:44.536+00:00 host_mono_ns=2514743726580185 local_cell_num: 8
host_utc=2026-09-30T08:08:44.536+00:00 host_mono_ns=2514743726588631 locals.values.size: 8
host_utc=2026-09-30T08:08:44.536+00:00 host_mono_ns=2514743726597297 [2026-09-30 08:08:44.536] [info] restore label stack
host_utc=2026-09-30T08:08:44.536+00:00 host_mono_ns=2514743726605873 local_cell_num: 14
host_utc=2026-09-30T08:08:44.536+00:00 host_mono_ns=2514743726614319 locals.values.size: 14
host_utc=2026-09-30T08:08:44.536+00:00 host_mono_ns=2514743726623026 [2026-09-30 08:08:44.536] [info] restore label stack
host_utc=2026-09-30T08:08:44.536+00:00 host_mono_ns=2514743726631612 local_cell_num: 15
host_utc=2026-09-30T08:08:44.536+00:00 host_mono_ns=2514743726639998 locals.values.size: 15
host_utc=2026-09-30T08:08:44.536+00:00 host_mono_ns=2514743726648374 [2026-09-30 08:08:44.536] [info] restore label stack
host_utc=2026-09-30T08:08:44.536+00:00 host_mono_ns=2514743726656940 local_cell_num: 27
host_utc=2026-09-30T08:08:44.536+00:00 host_mono_ns=2514743726665236 locals.values.size: 27
host_utc=2026-09-30T08:08:44.536+00:00 host_mono_ns=2514743726673621 [2026-09-30 08:08:44.536] [info] restore label stack
host_utc=2026-09-30T08:08:44.536+00:00 host_mono_ns=2514743726682178 local_cell_num: 25
host_utc=2026-09-30T08:08:44.536+00:00 host_mono_ns=2514743726690543 locals.values.size: 25
host_utc=2026-09-30T08:08:44.536+00:00 host_mono_ns=2514743726698839 [2026-09-30 08:08:44.536] [info] restore label stack
host_utc=2026-09-30T08:08:44.536+00:00 host_mono_ns=2514743726707315 local_cell_num: 34
host_utc=2026-09-30T08:08:44.536+00:00 host_mono_ns=2514743726715691 locals.values.size: 34
host_utc=2026-09-30T08:08:44.536+00:00 host_mono_ns=2514743726723926 [2026-09-30 08:08:44.536] [info] restore label stack
host_utc=2026-09-30T08:08:44.536+00:00 host_mono_ns=2514743726732412 local_cell_num: 38
host_utc=2026-09-30T08:08:44.536+00:00 host_mono_ns=2514743726740688 locals.values.size: 38
host_utc=2026-09-30T08:08:44.536+00:00 host_mono_ns=2514743726749024 [2026-09-30 08:08:44.536] [info] restore label stack
host_utc=2026-09-30T08:08:44.536+00:00 host_mono_ns=2514743726757500 local_cell_num: 94
host_utc=2026-09-30T08:08:44.536+00:00 host_mono_ns=2514743726765796 locals.values.size: 94
host_utc=2026-09-30T08:08:44.536+00:00 host_mono_ns=2514743726774081 [2026-09-30 08:08:44.536] [info] restore label stack
host_utc=2026-09-30T08:08:44.536+00:00 host_mono_ns=2514743726782517 local_cell_num: 2
host_utc=2026-09-30T08:08:44.536+00:00 host_mono_ns=2514743726790903 locals.values.size: 2
host_utc=2026-09-30T08:08:44.536+00:00 host_mono_ns=2514743726799259 [2026-09-30 08:08:44.536] [info] restore label stack
host_utc=2026-09-30T08:08:44.536+00:00 host_mono_ns=2514743726807715 local_cell_num: 9
host_utc=2026-09-30T08:08:44.536+00:00 host_mono_ns=2514743726816020 locals.values.size: 9
host_utc=2026-09-30T08:08:44.536+00:00 host_mono_ns=2514743726824366 [2026-09-30 08:08:44.536] [info] restore label stack
host_utc=2026-09-30T08:08:44.536+00:00 host_mono_ns=2514743726832842 local_cell_num: 9
host_utc=2026-09-30T08:08:44.536+00:00 host_mono_ns=2514743726841188 locals.values.size: 9
host_utc=2026-09-30T08:08:44.536+00:00 host_mono_ns=2514743726849484 [2026-09-30 08:08:44.536] [info] restore label stack
host_utc=2026-09-30T08:08:44.536+00:00 host_mono_ns=2514743726857940 local_cell_num: 6
host_utc=2026-09-30T08:08:44.536+00:00 host_mono_ns=2514743726866285 locals.values.size: 6
host_utc=2026-09-30T08:08:44.536+00:00 host_mono_ns=2514743726874591 [2026-09-30 08:08:44.536] [info] restore label stack
host_utc=2026-09-30T08:08:44.536+00:00 host_mono_ns=2514743726883067 [2026-09-30 08:08:44.536] [info] Finish to restore stack
host_utc=2026-09-30T08:08:44.536+00:00 host_mono_ns=2514743726897404 
host_utc=2026-09-30T08:08:44.536+00:00 host_mono_ns=2514743726905960 stack, 148140
host_utc=2026-09-30T08:08:44.536+00:00 host_mono_ns=2514743726914547 global, 16882
host_utc=2026-09-30T08:08:44.536+00:00 host_mono_ns=2514743726922932 program counter, 11582
host_utc=2026-09-30T08:08:44.536+00:00 host_mono_ns=2514743726936718 initします
host_utc=2026-09-30T08:08:44.537+00:00 host_mono_ns=2514743728059039 wasm_cluster_increase_checkpointing_counter called 1
host_utc=2026-09-30T08:08:44.537+00:00 host_mono_ns=2514743728094265 Restoring wasm thread 7
host_utc=2026-09-30T08:08:44.537+00:00 host_mono_ns=2514743728110386 wasm_cluster_increase_checkpointing_counter called 2
host_utc=2026-09-30T08:08:44.537+00:00 host_mono_ns=2514743728123130 wasm_cluster_increase_checkpointing_counter called 3
host_utc=2026-09-30T08:08:44.537+00:00 host_mono_ns=2514743728134962 [2026-09-30 08:08:44.537] [info] wasm_restore_stack
host_utc=2026-09-30T08:08:44.537+00:00 host_mono_ns=2514743728146474 
host_utc=2026-09-30T08:08:44.537+00:00 host_mono_ns=2514743728155681 boot_end, 2514743727916469
host_utc=2026-09-30T08:08:44.538+00:00 host_mono_ns=2514743728173195 stack, 137079
host_utc=2026-09-30T08:08:44.538+00:00 host_mono_ns=2514743728185818 global, 17573
host_utc=2026-09-30T08:08:44.538+00:00 host_mono_ns=2514743728194625 program counter, 12614
host_utc=2026-09-30T08:08:44.538+00:00 host_mono_ns=2514743728203402 [02:32:23:007 - 7D8B6AEF5840]: warning: failed to link import function (env, pthread_exit)
host_utc=2026-09-30T08:08:44.538+00:00 host_mono_ns=2514743728216877 local_cell_num: 2
host_utc=2026-09-30T08:08:44.538+00:00 host_mono_ns=2514743728231865 locals.values.size: 2
host_utc=2026-09-30T08:08:44.538+00:00 host_mono_ns=2514743728246072 [2026-09-30 08:08:44.537] [info] restore label stack
host_utc=2026-09-30T08:08:44.538+00:00 host_mono_ns=2514743728259808 local_cell_num: 8
host_utc=2026-09-30T08:08:44.538+00:00 host_mono_ns=2514743728272372 locals.values.size: 8
host_utc=2026-09-30T08:08:44.538+00:00 host_mono_ns=2514743728285016 [2026-09-30 08:08:44.537] [info] restore label stack
host_utc=2026-09-30T08:08:44.538+00:00 host_mono_ns=2514743728297740 thread 7 restore
host_utc=2026-09-30T08:08:44.538+00:00 host_mono_ns=2514743728310554 local_cell_num: 25
host_utc=2026-09-30T08:08:44.538+00:00 host_mono_ns=2514743728323098 locals.values.size: 25
host_utc=2026-09-30T08:08:44.538+00:00 host_mono_ns=2514743728335882 [2026-09-30 08:08:44.537] [info] restore label stack
host_utc=2026-09-30T08:08:44.538+00:00 host_mono_ns=2514743728348806 local_cell_num: 10
host_utc=2026-09-30T08:08:44.538+00:00 host_mono_ns=2514743728361330 locals.values.size: 10
host_utc=2026-09-30T08:08:44.538+00:00 host_mono_ns=2514743728373964 [2026-09-30 08:08:44.537] [info] restore label stack
host_utc=2026-09-30T08:08:44.538+00:00 host_mono_ns=2514743728386698 local_cell_num: 22
host_utc=2026-09-30T08:08:44.538+00:00 host_mono_ns=2514743728399111 locals.values.size: 22
host_utc=2026-09-30T08:08:44.538+00:00 host_mono_ns=2514743728411595 [2026-09-30 08:08:44.537] [info] restore label stack
host_utc=2026-09-30T08:08:44.538+00:00 host_mono_ns=2514743728424249 local_cell_num: 62
host_utc=2026-09-30T08:08:44.538+00:00 host_mono_ns=2514743728436632 locals.values.size: 62
host_utc=2026-09-30T08:08:44.538+00:00 host_mono_ns=2514743728449056 [2026-09-30 08:08:44.537] [info] restore label stack
host_utc=2026-09-30T08:08:44.538+00:00 host_mono_ns=2514743728461760 local_cell_num: 18
host_utc=2026-09-30T08:08:44.538+00:00 host_mono_ns=2514743728474073 locals.values.size: 18
host_utc=2026-09-30T08:08:44.538+00:00 host_mono_ns=2514743728486537 [2026-09-30 08:08:44.537] [info] restore label stack
host_utc=2026-09-30T08:08:44.538+00:00 host_mono_ns=2514743728499130 local_cell_num: 21
host_utc=2026-09-30T08:08:44.538+00:00 host_mono_ns=2514743728511554 locals.values.size: 21
host_utc=2026-09-30T08:08:44.538+00:00 host_mono_ns=2514743728525250 [2026-09-30 08:08:44.537] [info] restore label stack
host_utc=2026-09-30T08:08:44.538+00:00 host_mono_ns=2514743728556879 local_cell_num: 10
host_utc=2026-09-30T08:08:44.538+00:00 host_mono_ns=2514743728571527 locals.values.size: 10
host_utc=2026-09-30T08:08:44.538+00:00 host_mono_ns=2514743728585193 [2026-09-30 08:08:44.537] [info] restore label stack
host_utc=2026-09-30T08:08:44.538+00:00 host_mono_ns=2514743728598218 local_cell_num: 2
host_utc=2026-09-30T08:08:44.538+00:00 host_mono_ns=2514743728610851 locals.values.size: 2
host_utc=2026-09-30T08:08:44.538+00:00 host_mono_ns=2514743728623495 [2026-09-30 08:08:44.537] [info] restore label stack
host_utc=2026-09-30T08:08:44.538+00:00 host_mono_ns=2514743728636199 local_cell_num: 9
host_utc=2026-09-30T08:08:44.538+00:00 host_mono_ns=2514743728648733 locals.values.size: 9
host_utc=2026-09-30T08:08:44.538+00:00 host_mono_ns=2514743728661217 [2026-09-30 08:08:44.537] [info] restore label stack
host_utc=2026-09-30T08:08:44.538+00:00 host_mono_ns=2514743728673800 local_cell_num: 9
host_utc=2026-09-30T08:08:44.538+00:00 host_mono_ns=2514743728686234 locals.values.size: 9
host_utc=2026-09-30T08:08:44.538+00:00 host_mono_ns=2514743728698788 [2026-09-30 08:08:44.537] [info] restore label stack
host_utc=2026-09-30T08:08:44.538+00:00 host_mono_ns=2514743728711492 local_cell_num: 6
host_utc=2026-09-30T08:08:44.538+00:00 host_mono_ns=2514743728723925 locals.values.size: 6
host_utc=2026-09-30T08:08:44.538+00:00 host_mono_ns=2514743728736429 [2026-09-30 08:08:44.537] [info] restore label stack
host_utc=2026-09-30T08:08:44.538+00:00 host_mono_ns=2514743728749333 [2026-09-30 08:08:44.537] [info] Finish to restore stack
host_utc=2026-09-30T08:08:44.538+00:00 host_mono_ns=2514743728762378 
host_utc=2026-09-30T08:08:44.538+00:00 host_mono_ns=2514743728782886 initします
host_utc=2026-09-30T08:08:44.539+00:00 host_mono_ns=2514743730125693 boot_end, 2514743729979197
host_utc=2026-09-30T08:08:44.540+00:00 host_mono_ns=2514743730174976 wasm_cluster_increase_checkpointing_counter called 1
host_utc=2026-09-30T08:08:44.540+00:00 host_mono_ns=2514743730189133 Restoring wasm thread 6
host_utc=2026-09-30T08:08:44.540+00:00 host_mono_ns=2514743730198832 wasm_cluster_increase_checkpointing_counter called 2
host_utc=2026-09-30T08:08:44.540+00:00 host_mono_ns=2514743730207909 wasm_cluster_increase_checkpointing_counter called 3
host_utc=2026-09-30T08:08:44.540+00:00 host_mono_ns=2514743730216816 [2026-09-30 08:08:44.539] [info] wasm_restore_stack
host_utc=2026-09-30T08:08:44.540+00:00 host_mono_ns=2514743730226153 
host_utc=2026-09-30T08:08:44.540+00:00 host_mono_ns=2514743730240069 [02:32:23:073 - 7D8B6AEF5840]: warning: failed to link import function (env, pthread_exit)
host_utc=2026-09-30T08:08:44.540+00:00 host_mono_ns=2514743730250429 local_cell_num: 2
host_utc=2026-09-30T08:08:44.540+00:00 host_mono_ns=2514743730259416 locals.values.size: 2
host_utc=2026-09-30T08:08:44.540+00:00 host_mono_ns=2514743730268122 [2026-09-30 08:08:44.539] [info] restore label stack
host_utc=2026-09-30T08:08:44.540+00:00 host_mono_ns=2514743730277009 local_cell_num: 8
host_utc=2026-09-30T08:08:44.540+00:00 host_mono_ns=2514743730285435 locals.values.size: 8
host_utc=2026-09-30T08:08:44.540+00:00 host_mono_ns=2514743730293911 [2026-09-30 08:08:44.539] [info] restore label stack
host_utc=2026-09-30T08:08:44.540+00:00 host_mono_ns=2514743730302397 local_cell_num: 14
host_utc=2026-09-30T08:08:44.540+00:00 host_mono_ns=2514743730310743 locals.values.size: 14
host_utc=2026-09-30T08:08:44.540+00:00 host_mono_ns=2514743730319389 [2026-09-30 08:08:44.539] [info] restore label stack
host_utc=2026-09-30T08:08:44.540+00:00 host_mono_ns=2514743730327945 local_cell_num: 8
host_utc=2026-09-30T08:08:44.540+00:00 host_mono_ns=2514743730336321 locals.values.size: 8
host_utc=2026-09-30T08:08:44.540+00:00 host_mono_ns=2514743730344797 [2026-09-30 08:08:44.539] [info] restore label stack
host_utc=2026-09-30T08:08:44.540+00:00 host_mono_ns=2514743730353283 local_cell_num: 13
host_utc=2026-09-30T08:08:44.540+00:00 host_mono_ns=2514743730361609 locals.values.size: 13
host_utc=2026-09-30T08:08:44.540+00:00 host_mono_ns=2514743730380615 thread 6 restore
host_utc=2026-09-30T08:08:44.540+00:00 host_mono_ns=2514743730389482 [2026-09-30 08:08:44.539] [info] restore label stack
host_utc=2026-09-30T08:08:44.540+00:00 host_mono_ns=2514743730398409 local_cell_num: 19
host_utc=2026-09-30T08:08:44.540+00:00 host_mono_ns=2514743730409580 locals.values.size: 19
host_utc=2026-09-30T08:08:44.540+00:00 host_mono_ns=2514743730420761 [2026-09-30 08:08:44.539] [info] restore label stack
host_utc=2026-09-30T08:08:44.540+00:00 host_mono_ns=2514743730432383 local_cell_num: 63
host_utc=2026-09-30T08:08:44.540+00:00 host_mono_ns=2514743730440879 locals.values.size: 63
host_utc=2026-09-30T08:08:44.540+00:00 host_mono_ns=2514743730449215 [2026-09-30 08:08:44.539] [info] restore label stack
host_utc=2026-09-30T08:08:44.540+00:00 host_mono_ns=2514743730457821 local_cell_num: 9
host_utc=2026-09-30T08:08:44.540+00:00 host_mono_ns=2514743730466227 locals.values.size: 9
host_utc=2026-09-30T08:08:44.540+00:00 host_mono_ns=2514743730474593 [2026-09-30 08:08:44.539] [info] restore label stack
host_utc=2026-09-30T08:08:44.540+00:00 host_mono_ns=2514743730483089 local_cell_num: 9
host_utc=2026-09-30T08:08:44.540+00:00 host_mono_ns=2514743730491444 locals.values.size: 9
host_utc=2026-09-30T08:08:44.540+00:00 host_mono_ns=2514743730499750 [2026-09-30 08:08:44.539] [info] restore label stack
host_utc=2026-09-30T08:08:44.540+00:00 host_mono_ns=2514743730508156 local_cell_num: 6
host_utc=2026-09-30T08:08:44.540+00:00 host_mono_ns=2514743730516402 locals.values.size: 6
host_utc=2026-09-30T08:08:44.540+00:00 host_mono_ns=2514743730524737 [2026-09-30 08:08:44.539] [info] restore label stack
host_utc=2026-09-30T08:08:44.540+00:00 host_mono_ns=2514743730533193 [2026-09-30 08:08:44.539] [info] Finish to restore stack
host_utc=2026-09-30T08:08:44.540+00:00 host_mono_ns=2514743730542110 
host_utc=2026-09-30T08:08:44.540+00:00 host_mono_ns=2514743730550797 stack, 124195
host_utc=2026-09-30T08:08:44.540+00:00 host_mono_ns=2514743730566266 global, 25888
host_utc=2026-09-30T08:08:44.540+00:00 host_mono_ns=2514743730575233 program counter, 14738
host_utc=2026-09-30T08:08:44.540+00:00 host_mono_ns=2514743730584180 initします
host_utc=2026-09-30T08:08:44.541+00:00 host_mono_ns=2514743731854970 boot_end, 2514743731707973
host_utc=2026-09-30T08:08:44.541+00:00 host_mono_ns=2514743731895868 wasm_cluster_increase_checkpointing_counter called 1
host_utc=2026-09-30T08:08:44.541+00:00 host_mono_ns=2514743731909393 Restoring wasm thread 5
host_utc=2026-09-30T08:08:44.541+00:00 host_mono_ns=2514743731919082 wasm_cluster_increase_checkpointing_counter called 2
host_utc=2026-09-30T08:08:44.541+00:00 host_mono_ns=2514743731928289 wasm_cluster_increase_checkpointing_counter called 3
host_utc=2026-09-30T08:08:44.541+00:00 host_mono_ns=2514743731937236 [2026-09-30 08:08:44.541] [info] wasm_restore_stack
host_utc=2026-09-30T08:08:44.541+00:00 host_mono_ns=2514743731946544 
host_utc=2026-09-30T08:08:44.541+00:00 host_mono_ns=2514743731960420 [02:32:23:787 - 7D8B6AEF5840]: warning: failed to link import function (env, pthread_exit)
host_utc=2026-09-30T08:08:44.541+00:00 host_mono_ns=2514743731970469 local_cell_num: 2
host_utc=2026-09-30T08:08:44.541+00:00 host_mono_ns=2514743731979366 locals.values.size: 2
host_utc=2026-09-30T08:08:44.541+00:00 host_mono_ns=2514743731988172 [2026-09-30 08:08:44.541] [info] restore label stack
host_utc=2026-09-30T08:08:44.541+00:00 host_mono_ns=2514743731997009 local_cell_num: 8
host_utc=2026-09-30T08:08:44.541+00:00 host_mono_ns=2514743732028799 locals.values.size: 8
host_utc=2026-09-30T08:08:44.541+00:00 host_mono_ns=2514743732040972 [2026-09-30 08:08:44.541] [info] restore label stack
host_utc=2026-09-30T08:08:44.541+00:00 host_mono_ns=2514743732049558 thread 5 restore
host_utc=2026-09-30T08:08:44.541+00:00 host_mono_ns=2514743732058194 local_cell_num: 14
host_utc=2026-09-30T08:08:44.541+00:00 host_mono_ns=2514743732066700 locals.values.size: 14
host_utc=2026-09-30T08:08:44.541+00:00 host_mono_ns=2514743732075337 [2026-09-30 08:08:44.541] [info] restore label stack
host_utc=2026-09-30T08:08:44.541+00:00 host_mono_ns=2514743732094683 local_cell_num: 8
host_utc=2026-09-30T08:08:44.541+00:00 host_mono_ns=2514743732103490 locals.values.size: 8
host_utc=2026-09-30T08:08:44.541+00:00 host_mono_ns=2514743732111956 [2026-09-30 08:08:44.541] [info] restore label stack
host_utc=2026-09-30T08:08:44.541+00:00 host_mono_ns=2514743732120522 local_cell_num: 13
host_utc=2026-09-30T08:08:44.541+00:00 host_mono_ns=2514743732128918 locals.values.size: 13
host_utc=2026-09-30T08:08:44.541+00:00 host_mono_ns=2514743732137294 [2026-09-30 08:08:44.541] [info] restore label stack
host_utc=2026-09-30T08:08:44.541+00:00 host_mono_ns=2514743732145980 local_cell_num: 19
host_utc=2026-09-30T08:08:44.541+00:00 host_mono_ns=2514743732154286 locals.values.size: 19
host_utc=2026-09-30T08:08:44.541+00:00 host_mono_ns=2514743732162582 [2026-09-30 08:08:44.541] [info] restore label stack
host_utc=2026-09-30T08:08:44.542+00:00 host_mono_ns=2514743732171088 local_cell_num: 63
host_utc=2026-09-30T08:08:44.542+00:00 host_mono_ns=2514743732179413 locals.values.size: 63
host_utc=2026-09-30T08:08:44.542+00:00 host_mono_ns=2514743732187769 [2026-09-30 08:08:44.541] [info] restore label stack
host_utc=2026-09-30T08:08:44.542+00:00 host_mono_ns=2514743732196285 local_cell_num: 9
host_utc=2026-09-30T08:08:44.542+00:00 host_mono_ns=2514743732204641 locals.values.size: 9
host_utc=2026-09-30T08:08:44.542+00:00 host_mono_ns=2514743732213017 [2026-09-30 08:08:44.541] [info] restore label stack
host_utc=2026-09-30T08:08:44.542+00:00 host_mono_ns=2514743732221463 local_cell_num: 9
host_utc=2026-09-30T08:08:44.542+00:00 host_mono_ns=2514743732229779 locals.values.size: 9
host_utc=2026-09-30T08:08:44.542+00:00 host_mono_ns=2514743732238194 [2026-09-30 08:08:44.541] [info] restore label stack
host_utc=2026-09-30T08:08:44.542+00:00 host_mono_ns=2514743732248213 local_cell_num: 6
host_utc=2026-09-30T08:08:44.542+00:00 host_mono_ns=2514743732259485 locals.values.size: 6
host_utc=2026-09-30T08:08:44.542+00:00 host_mono_ns=2514743732268742 [2026-09-30 08:08:44.541] [info] restore label stack
host_utc=2026-09-30T08:08:44.542+00:00 host_mono_ns=2514743732277419 [2026-09-30 08:08:44.541] [info] Finish to restore stack
host_utc=2026-09-30T08:08:44.542+00:00 host_mono_ns=2514743732286295 
host_utc=2026-09-30T08:08:44.542+00:00 host_mono_ns=2514743732294942 stack, 119555
host_utc=2026-09-30T08:08:44.542+00:00 host_mono_ns=2514743732303528 global, 23053
host_utc=2026-09-30T08:08:44.542+00:00 host_mono_ns=2514743732316713 program counter, 17753
host_utc=2026-09-30T08:08:44.542+00:00 host_mono_ns=2514743732393548 initします
host_utc=2026-09-30T08:08:44.543+00:00 host_mono_ns=2514743734025070 boot_end, 2514743733909872
host_utc=2026-09-30T08:08:44.543+00:00 host_mono_ns=2514743734056640 wasm_cluster_increase_checkpointing_counter called 1
host_utc=2026-09-30T08:08:44.543+00:00 host_mono_ns=2514743734072109 Restoring wasm thread 4
host_utc=2026-09-30T08:08:44.543+00:00 host_mono_ns=2514743734085544 wasm_cluster_increase_checkpointing_counter called 2
host_utc=2026-09-30T08:08:44.543+00:00 host_mono_ns=2514743734096465 wasm_cluster_increase_checkpointing_counter called 3
host_utc=2026-09-30T08:08:44.543+00:00 host_mono_ns=2514743734105963 [2026-09-30 08:08:44.543] [info] wasm_restore_stack
host_utc=2026-09-30T08:08:44.543+00:00 host_mono_ns=2514743734115200 
host_utc=2026-09-30T08:08:44.543+00:00 host_mono_ns=2514743734130499 local_cell_num: 2
host_utc=2026-09-30T08:08:44.543+00:00 host_mono_ns=2514743734139807 locals.values.size: 2
host_utc=2026-09-30T08:08:44.543+00:00 host_mono_ns=2514743734148603 [2026-09-30 08:08:44.543] [info] restore label stack
host_utc=2026-09-30T08:08:44.543+00:00 host_mono_ns=2514743734157540 local_cell_num: 8
host_utc=2026-09-30T08:08:44.543+00:00 host_mono_ns=2514743734166096 locals.values.size: 8
host_utc=2026-09-30T08:08:44.544+00:00 host_mono_ns=2514743734174542 [2026-09-30 08:08:44.543] [info] restore label stack
host_utc=2026-09-30T08:08:44.544+00:00 host_mono_ns=2514743734183139 local_cell_num: 14
host_utc=2026-09-30T08:08:44.544+00:00 host_mono_ns=2514743734201654 locals.values.size: 14
host_utc=2026-09-30T08:08:44.544+00:00 host_mono_ns=2514743734210701 [2026-09-30 08:08:44.543] [info] restore label stack
host_utc=2026-09-30T08:08:44.544+00:00 host_mono_ns=2514743734219237 local_cell_num: 240
host_utc=2026-09-30T08:08:44.544+00:00 host_mono_ns=2514743734227733 locals.values.size: 240
host_utc=2026-09-30T08:08:44.544+00:00 host_mono_ns=2514743734236359 [2026-09-30 08:08:44.543] [info] restore label stack
host_utc=2026-09-30T08:08:44.544+00:00 host_mono_ns=2514743734244855 local_cell_num: 77
host_utc=2026-09-30T08:08:44.544+00:00 host_mono_ns=2514743734253281 locals.values.size: 77
host_utc=2026-09-30T08:08:44.544+00:00 host_mono_ns=2514743734261727 [2026-09-30 08:08:44.543] [info] restore label stack
host_utc=2026-09-30T08:08:44.544+00:00 host_mono_ns=2514743734270283 local_cell_num: 22
host_utc=2026-09-30T08:08:44.544+00:00 host_mono_ns=2514743734278639 locals.values.size: 22
host_utc=2026-09-30T08:08:44.544+00:00 host_mono_ns=2514743734287015 [2026-09-30 08:08:44.543] [info] restore label stack
host_utc=2026-09-30T08:08:44.544+00:00 host_mono_ns=2514743734295581 [02:32:23:993 - 7D8B6AEF5840]: [2026-09-30 08:08:44.543] [info] Finish to restore stack
host_utc=2026-09-30T08:08:44.544+00:00 host_mono_ns=2514743734304778 
host_utc=2026-09-30T08:08:44.544+00:00 host_mono_ns=2514743734317553 stack, 105239
host_utc=2026-09-30T08:08:44.544+00:00 host_mono_ns=2514743734326429 global, 20339
host_utc=2026-09-30T08:08:44.544+00:00 host_mono_ns=2514743734334875 program counter, 12473
host_utc=2026-09-30T08:08:44.544+00:00 host_mono_ns=2514743734503945 initします
host_utc=2026-09-30T08:08:44.545+00:00 host_mono_ns=2514743735852803 boot_end, 2514743735751862
host_utc=2026-09-30T08:08:44.545+00:00 host_mono_ns=2514743735882910 warning: failed to link import function (env, pthread_exit)
host_utc=2026-09-30T08:08:44.545+00:00 host_mono_ns=2514743735892969 thread 4 restore
host_utc=2026-09-30T08:08:44.545+00:00 host_mono_ns=2514743735901806 wasm_cluster_increase_checkpointing_counter called 1
host_utc=2026-09-30T08:08:44.545+00:00 host_mono_ns=2514743735910652 Restoring wasm thread 3
host_utc=2026-09-30T08:08:44.545+00:00 host_mono_ns=2514743735919219 wasm_cluster_increase_checkpointing_counter called 2
host_utc=2026-09-30T08:08:44.545+00:00 host_mono_ns=2514743735927915 wasm_cluster_increase_checkpointing_counter called 3
host_utc=2026-09-30T08:08:44.545+00:00 host_mono_ns=2514743735936632 [2026-09-30 08:08:44.545] [info] wasm_restore_stack
host_utc=2026-09-30T08:08:44.545+00:00 host_mono_ns=2514743735945418 
host_utc=2026-09-30T08:08:44.545+00:00 host_mono_ns=2514743735957792 [02:32:23:837 - 7D8B6AEF5840]: warning: failed to link import function (env, pthread_exit)
host_utc=2026-09-30T08:08:44.545+00:00 host_mono_ns=2514743735967470 local_cell_num: 2
host_utc=2026-09-30T08:08:44.545+00:00 host_mono_ns=2514743735976006 locals.values.size: 2
host_utc=2026-09-30T08:08:44.545+00:00 host_mono_ns=2514743735984612 [2026-09-30 08:08:44.545] [info] restore label stack
host_utc=2026-09-30T08:08:44.545+00:00 host_mono_ns=2514743735993238 local_cell_num: 8
host_utc=2026-09-30T08:08:44.545+00:00 host_mono_ns=2514743736008317 locals.values.size: 8
host_utc=2026-09-30T08:08:44.545+00:00 host_mono_ns=2514743736019909 [2026-09-30 08:08:44.545] [info] restore label stack
host_utc=2026-09-30T08:08:44.545+00:00 host_mono_ns=2514743736028645 local_cell_num: 14
host_utc=2026-09-30T08:08:44.545+00:00 host_mono_ns=2514743736038003 locals.values.size: 14
host_utc=2026-09-30T08:08:44.545+00:00 host_mono_ns=2514743736047681 [2026-09-30 08:08:44.545] [info] restore label stack
host_utc=2026-09-30T08:08:44.545+00:00 host_mono_ns=2514743736056197 local_cell_num: 240
host_utc=2026-09-30T08:08:44.545+00:00 host_mono_ns=2514743736064683 locals.values.size: 240
host_utc=2026-09-30T08:08:44.545+00:00 host_mono_ns=2514743736073159 thread 3 restore
host_utc=2026-09-30T08:08:44.545+00:00 host_mono_ns=2514743736081605 [2026-09-30 08:08:44.545] [info] restore label stack
host_utc=2026-09-30T08:08:44.545+00:00 host_mono_ns=2514743736098217 local_cell_num: 77
host_utc=2026-09-30T08:08:44.545+00:00 host_mono_ns=2514743736106803 locals.values.size: 77
host_utc=2026-09-30T08:08:44.545+00:00 host_mono_ns=2514743736115359 [2026-09-30 08:08:44.545] [info] restore label stack
host_utc=2026-09-30T08:08:44.545+00:00 host_mono_ns=2514743736124006 local_cell_num: 22
host_utc=2026-09-30T08:08:44.545+00:00 host_mono_ns=2514743736132351 locals.values.size: 22
host_utc=2026-09-30T08:08:44.545+00:00 host_mono_ns=2514743736140767 [2026-09-30 08:08:44.545] [info] restore label stack
host_utc=2026-09-30T08:08:44.545+00:00 host_mono_ns=2514743736149253 [2026-09-30 08:08:44.545] [info] Finish to restore stack
host_utc=2026-09-30T08:08:44.545+00:00 host_mono_ns=2514743736157990 
host_utc=2026-09-30T08:08:44.545+00:00 host_mono_ns=2514743736166446 stack, 101272
host_utc=2026-09-30T08:08:44.546+00:00 host_mono_ns=2514743736179310 global, 20349
host_utc=2026-09-30T08:08:44.546+00:00 host_mono_ns=2514743736188006 program counter, 13445
host_utc=2026-09-30T08:08:44.546+00:00 host_mono_ns=2514743736289288 initします
host_utc=2026-09-30T08:08:44.547+00:00 host_mono_ns=2514743737641903 wasm_cluster_increase_checkpointing_counter called 1
host_utc=2026-09-30T08:08:44.547+00:00 host_mono_ns=2514743737655259 Restoring wasm thread 2
host_utc=2026-09-30T08:08:44.547+00:00 host_mono_ns=2514743737663975 wasm_cluster_increase_checkpointing_counter called 2
host_utc=2026-09-30T08:08:44.547+00:00 host_mono_ns=2514743737672732 wasm_cluster_increase_checkpointing_counter called 3
host_utc=2026-09-30T08:08:44.547+00:00 host_mono_ns=2514743737681568 [2026-09-30 08:08:44.547] [info] wasm_restore_stack
host_utc=2026-09-30T08:08:44.547+00:00 host_mono_ns=2514743737690245 
host_utc=2026-09-30T08:08:44.547+00:00 host_mono_ns=2514743737698691 boot_end, 2514743737543427
host_utc=2026-09-30T08:08:44.547+00:00 host_mono_ns=2514743737710924 local_cell_num: 2
host_utc=2026-09-30T08:08:44.547+00:00 host_mono_ns=2514743737719640 locals.values.size: 2
host_utc=2026-09-30T08:08:44.547+00:00 host_mono_ns=2514743737728176 [2026-09-30 08:08:44.547] [info] restore label stack
host_utc=2026-09-30T08:08:44.547+00:00 host_mono_ns=2514743737736833 local_cell_num: 8
host_utc=2026-09-30T08:08:44.547+00:00 host_mono_ns=2514743737745229 locals.values.size: 8
host_utc=2026-09-30T08:08:44.547+00:00 host_mono_ns=2514743737753654 [2026-09-30 08:08:44.547] [info] restore label stack
host_utc=2026-09-30T08:08:44.547+00:00 host_mono_ns=2514743737762090 local_cell_num: 14
host_utc=2026-09-30T08:08:44.547+00:00 host_mono_ns=2514743737770576 locals.values.size: 14
host_utc=2026-09-30T08:08:44.547+00:00 host_mono_ns=2514743737779052 [2026-09-30 08:08:44.547] [info] restore label stack
host_utc=2026-09-30T08:08:44.547+00:00 host_mono_ns=2514743737787659 local_cell_num: 240
host_utc=2026-09-30T08:08:44.547+00:00 host_mono_ns=2514743737796115 locals.values.size: 240
host_utc=2026-09-30T08:08:44.547+00:00 host_mono_ns=2514743737805282 [2026-09-30 08:08:44.547] [info] restore label stack
host_utc=2026-09-30T08:08:44.547+00:00 host_mono_ns=2514743737814459 [02:32:23:630 - 7D8B6AEF5840]: warning: failed to link import function (env, pthread_exit)local_cell_num: 77
host_utc=2026-09-30T08:08:44.547+00:00 host_mono_ns=2514743737823667 
host_utc=2026-09-30T08:08:44.547+00:00 host_mono_ns=2514743737832123 locals.values.size: 77
host_utc=2026-09-30T08:08:44.547+00:00 host_mono_ns=2514743737840529 [2026-09-30 08:08:44.547] [info] restore label stack
host_utc=2026-09-30T08:08:44.547+00:00 host_mono_ns=2514743737849055 local_cell_num: 22
host_utc=2026-09-30T08:08:44.547+00:00 host_mono_ns=2514743737857451 locals.values.size: 22
host_utc=2026-09-30T08:08:44.547+00:00 host_mono_ns=2514743737865866 [2026-09-30 08:08:44.547] [info] restore label stack
host_utc=2026-09-30T08:08:44.547+00:00 host_mono_ns=2514743737874443 [2026-09-30 08:08:44.547] [info] Finish to restore stack
host_utc=2026-09-30T08:08:44.547+00:00 host_mono_ns=2514743737883129 
host_utc=2026-09-30T08:08:44.547+00:00 host_mono_ns=2514743737898188 stack, 91083
host_utc=2026-09-30T08:08:44.547+00:00 host_mono_ns=2514743737910070 global, 21721
host_utc=2026-09-30T08:08:44.547+00:00 host_mono_ns=2514743737918847 program counter, 13025
host_utc=2026-09-30T08:08:44.547+00:00 host_mono_ns=2514743738102033 initします
host_utc=2026-09-30T08:08:44.549+00:00 host_mono_ns=2514743739476099 boot_end, 2514743739357094
host_utc=2026-09-30T08:08:44.549+00:00 host_mono_ns=2514743739498571 thread 2 restore
host_utc=2026-09-30T08:08:44.549+00:00 host_mono_ns=2514743739509181 wasm_cluster_increase_checkpointing_counter called 1
host_utc=2026-09-30T08:08:44.549+00:00 host_mono_ns=2514743739518849 Restoring wasm thread 1
host_utc=2026-09-30T08:08:44.549+00:00 host_mono_ns=2514743739527706 wasm_cluster_increase_checkpointing_counter called 2
host_utc=2026-09-30T08:08:44.549+00:00 host_mono_ns=2514743739536613 wasm_cluster_increase_checkpointing_counter called 3
host_utc=2026-09-30T08:08:44.549+00:00 host_mono_ns=2514743739545309 [2026-09-30 08:08:44.549] [info] wasm_restore_stack
host_utc=2026-09-30T08:08:44.549+00:00 host_mono_ns=2514743739554196 
host_utc=2026-09-30T08:08:44.549+00:00 host_mono_ns=2514743739568704 [02:32:23:435 - 7D8B6AEF5840]: warning: failed to link import function (env, pthread_exit)
host_utc=2026-09-30T08:08:44.549+00:00 host_mono_ns=2514743739578161 local_cell_num: 2
host_utc=2026-09-30T08:08:44.549+00:00 host_mono_ns=2514743739586898 locals.values.size: 2
host_utc=2026-09-30T08:08:44.549+00:00 host_mono_ns=2514743739595514 [2026-09-30 08:08:44.549] [info] restore label stack
host_utc=2026-09-30T08:08:44.549+00:00 host_mono_ns=2514743739604281 local_cell_num: 8
host_utc=2026-09-30T08:08:44.549+00:00 host_mono_ns=2514743739612717 locals.values.size: 8
host_utc=2026-09-30T08:08:44.549+00:00 host_mono_ns=2514743739621243 [2026-09-30 08:08:44.549] [info] restore label stack
host_utc=2026-09-30T08:08:44.549+00:00 host_mono_ns=2514743739631041 local_cell_num: 14
host_utc=2026-09-30T08:08:44.549+00:00 host_mono_ns=2514743739639387 locals.values.size: 14
host_utc=2026-09-30T08:08:44.549+00:00 host_mono_ns=2514743739648033 [2026-09-30 08:08:44.549] [info] restore label stack
host_utc=2026-09-30T08:08:44.549+00:00 host_mono_ns=2514743739656540 thread 1 restore
host_utc=2026-09-30T08:08:44.549+00:00 host_mono_ns=2514743739664996 local_cell_num: 240
host_utc=2026-09-30T08:08:44.549+00:00 host_mono_ns=2514743739673381 locals.values.size: 240
host_utc=2026-09-30T08:08:44.549+00:00 host_mono_ns=2514743739681978 [2026-09-30 08:08:44.549] [info] restore label stack
host_utc=2026-09-30T08:08:44.549+00:00 host_mono_ns=2514743739690424 local_cell_num: 77
host_utc=2026-09-30T08:08:44.549+00:00 host_mono_ns=2514743739698639 locals.values.size: 77
host_utc=2026-09-30T08:08:44.549+00:00 host_mono_ns=2514743739707005 [2026-09-30 08:08:44.549] [info] restore label stack
host_utc=2026-09-30T08:08:44.549+00:00 host_mono_ns=2514743739715511 local_cell_num: 22
host_utc=2026-09-30T08:08:44.549+00:00 host_mono_ns=2514743739723716 locals.values.size: 22
host_utc=2026-09-30T08:08:44.549+00:00 host_mono_ns=2514743739732082 [2026-09-30 08:08:44.549] [info] restore label stack
host_utc=2026-09-30T08:08:44.549+00:00 host_mono_ns=2514743739740568 [2026-09-30 08:08:44.549] [info] Finish to restore stack
host_utc=2026-09-30T08:08:44.549+00:00 host_mono_ns=2514743739749235 
host_utc=2026-09-30T08:08:44.549+00:00 host_mono_ns=2514743739757590 stack, 94578
host_utc=2026-09-30T08:08:44.549+00:00 host_mono_ns=2514743739765996 global, 21772
host_utc=2026-09-30T08:08:44.549+00:00 host_mono_ns=2514743739774282 program counter, 10279
host_utc=2026-09-30T08:08:44.549+00:00 host_mono_ns=2514743740022261 wasm_cluster_increase_checkpointing_counter called 1
host_utc=2026-09-30T08:08:44.549+00:00 host_mono_ns=2514743740045715 wasm_cluster_increase_checkpointing_counter called 2
host_utc=2026-09-30T08:08:44.549+00:00 host_mono_ns=2514743740057858 initします
host_utc=2026-09-30T08:08:44.551+00:00 host_mono_ns=2514743741592206 boot_end, 2514743741344869
host_utc=2026-09-30T08:08:44.551+00:00 host_mono_ns=2514743741636510 stack, 1514962
host_utc=2026-09-30T08:08:44.551+00:00 host_mono_ns=2514743741654264 wasm_cluster_increase_checkpointing_counter called 3
host_utc=2026-09-30T08:08:44.551+00:00 host_mono_ns=2514743741668891 local_cell_num: 1
host_utc=2026-09-30T08:08:44.551+00:00 host_mono_ns=2514743741682116 locals.values.size: 1
host_utc=2026-09-30T08:08:44.551+00:00 host_mono_ns=2514743741695211 [2026-09-30 08:08:44.551] [info] restore label stack
host_utc=2026-09-30T08:08:44.551+00:00 host_mono_ns=2514743741708556 local_cell_num: 3
host_utc=2026-09-30T08:08:44.551+00:00 host_mono_ns=2514743741721230 locals.values.size: 3
host_utc=2026-09-30T08:08:44.551+00:00 host_mono_ns=2514743741733974 [2026-09-30 08:08:44.551] [info] restore label stack
host_utc=2026-09-30T08:08:44.551+00:00 host_mono_ns=2514743741746688 local_cell_num: 147
host_utc=2026-09-30T08:08:44.551+00:00 host_mono_ns=2514743741759402 locals.values.size: 147
host_utc=2026-09-30T08:08:44.551+00:00 host_mono_ns=2514743741772397 [2026-09-30 08:08:44.551] [info] wasm_restore_stack
host_utc=2026-09-30T08:08:44.551+00:00 host_mono_ns=2514743741785341 
host_utc=2026-09-30T08:08:44.551+00:00 host_mono_ns=2514743741798666 [2026-09-30 08:08:44.551] [info] restore label stack
host_utc=2026-09-30T08:08:44.551+00:00 host_mono_ns=2514743741811691 local_cell_num: 19
host_utc=2026-09-30T08:08:44.551+00:00 host_mono_ns=2514743741824335 locals.values.size: 19
host_utc=2026-09-30T08:08:44.551+00:00 host_mono_ns=2514743741837309 [2026-09-30 08:08:44.551] [info] restore label stack
host_utc=2026-09-30T08:08:44.551+00:00 host_mono_ns=2514743741850003 local_cell_num: 63
host_utc=2026-09-30T08:08:44.551+00:00 host_mono_ns=2514743741862487 locals.values.size: 63
host_utc=2026-09-30T08:08:44.551+00:00 host_mono_ns=2514743741875111 [2026-09-30 08:08:44.551] [info] restore label stack
host_utc=2026-09-30T08:08:44.551+00:00 host_mono_ns=2514743741887815 local_cell_num: 9
host_utc=2026-09-30T08:08:44.551+00:00 host_mono_ns=2514743741900479 locals.values.size: 9
host_utc=2026-09-30T08:08:44.551+00:00 host_mono_ns=2514743741913062 [2026-09-30 08:08:44.551] [info] restore label stack
host_utc=2026-09-30T08:08:44.551+00:00 host_mono_ns=2514743741925736 local_cell_num: 9
host_utc=2026-09-30T08:08:44.551+00:00 host_mono_ns=2514743741938150 locals.values.size: 9
host_utc=2026-09-30T08:08:44.551+00:00 host_mono_ns=2514743741950633 [2026-09-30 08:08:44.551] [info] restore label stack
host_utc=2026-09-30T08:08:44.551+00:00 host_mono_ns=2514743741963227 local_cell_num: 6
host_utc=2026-09-30T08:08:44.551+00:00 host_mono_ns=2514743741975651 locals.values.size: 6
host_utc=2026-09-30T08:08:44.551+00:00 host_mono_ns=2514743741988164 [2026-09-30 08:08:44.551] [info] restore label stack
host_utc=2026-09-30T08:08:44.551+00:00 host_mono_ns=2514743742011258 [2026-09-30 08:08:44.551] [info] Finish to restore stack
host_utc=2026-09-30T08:08:44.551+00:00 host_mono_ns=2514743742028450 
host_utc=2026-09-30T08:08:44.551+00:00 host_mono_ns=2514743742041164 local_cell_num: 2
host_utc=2026-09-30T08:08:44.551+00:00 host_mono_ns=2514743742053698 locals.values.size: 2
host_utc=2026-09-30T08:08:44.551+00:00 host_mono_ns=2514743742066262 [2026-09-30 08:08:44.551] [info] restore label stack
host_utc=2026-09-30T08:08:44.551+00:00 host_mono_ns=2514743742078866 local_cell_num: 8
host_utc=2026-09-30T08:08:44.551+00:00 host_mono_ns=2514743742091239 locals.values.size: 8
host_utc=2026-09-30T08:08:44.551+00:00 host_mono_ns=2514743742103803 [2026-09-30 08:08:44.551] [info] restore label stack
host_utc=2026-09-30T08:08:44.551+00:00 host_mono_ns=2514743742116437 local_cell_num: 14
host_utc=2026-09-30T08:08:44.551+00:00 host_mono_ns=2514743742128890 locals.values.size: 14
host_utc=2026-09-30T08:08:44.551+00:00 host_mono_ns=2514743742141484 [2026-09-30 08:08:44.551] [info] restore label stack
host_utc=2026-09-30T08:08:44.551+00:00 host_mono_ns=2514743742154258 local_cell_num: 155
host_utc=2026-09-30T08:08:44.551+00:00 host_mono_ns=2514743742166702 locals.values.size: 155
host_utc=2026-09-30T08:08:44.552+00:00 host_mono_ns=2514743742187591 [2026-09-30 08:08:44.551] [info] restore label stack
host_utc=2026-09-30T08:08:44.552+00:00 host_mono_ns=2514743742200556 local_cell_num: 19
host_utc=2026-09-30T08:08:44.552+00:00 host_mono_ns=2514743742212959 locals.values.size: 19
host_utc=2026-09-30T08:08:44.552+00:00 host_mono_ns=2514743742225493 [2026-09-30 08:08:44.551] [info] restore label stack
host_utc=2026-09-30T08:08:44.552+00:00 host_mono_ns=2514743742238066 local_cell_num: 63
host_utc=2026-09-30T08:08:44.552+00:00 host_mono_ns=2514743742250450 locals.values.size: 63
host_utc=2026-09-30T08:08:44.552+00:00 host_mono_ns=2514743742262853 [2026-09-30 08:08:44.551] [info] restore label stack
host_utc=2026-09-30T08:08:44.552+00:00 host_mono_ns=2514743742275547 local_cell_num: 9
host_utc=2026-09-30T08:08:44.552+00:00 host_mono_ns=2514743742287991 locals.values.size: 9
host_utc=2026-09-30T08:08:44.552+00:00 host_mono_ns=2514743742300474 [2026-09-30 08:08:44.551] [info] restore label stack
host_utc=2026-09-30T08:08:44.552+00:00 host_mono_ns=2514743742313068 local_cell_num: 9
host_utc=2026-09-30T08:08:44.552+00:00 host_mono_ns=2514743742325391 locals.values.size: 9
host_utc=2026-09-30T08:08:44.552+00:00 host_mono_ns=2514743742337815 [2026-09-30 08:08:44.551] [info] restore label stack
host_utc=2026-09-30T08:08:44.552+00:00 host_mono_ns=2514743742350419 local_cell_num: 6
host_utc=2026-09-30T08:08:44.552+00:00 host_mono_ns=2514743742362722 locals.values.size: 6
host_utc=2026-09-30T08:08:44.552+00:00 host_mono_ns=2514743742375125 [2026-09-30 08:08:44.551] [info] restore label stack
host_utc=2026-09-30T08:08:44.552+00:00 host_mono_ns=2514743742387769 [2026-09-30 08:08:44.551] [info] Finish to restore stack
host_utc=2026-09-30T08:08:44.552+00:00 host_mono_ns=2514743742400754 
host_utc=2026-09-30T08:08:44.552+00:00 host_mono_ns=2514743742413287 stack, 109005
host_utc=2026-09-30T08:08:44.552+00:00 host_mono_ns=2514743742434177 global, 23704
host_utc=2026-09-30T08:08:44.552+00:00 host_mono_ns=2514743742447602 program counter, 13846
host_utc=2026-09-30T08:08:45.314+00:00 host_mono_ns=2514744504538964 memory, 762745508
host_utc=2026-09-30T08:08:45.314+00:00 host_mono_ns=2514744504679349 global, 10019
host_utc=2026-09-30T08:08:45.314+00:00 host_mono_ns=2514744504688937 program counter, 13255
host_utc=2026-09-30T08:08:47.317+00:00 host_mono_ns=2514746507786353 '
host_utc=2026-09-30T08:08:47.317+00:00 host_mono_ns=2514746507842580 LOG_DEBUG : 00000015.234 : [MROS2LIB] message get [callback_handler] msg_sn_high: 0 msg_sn_low: c
host_utc=2026-09-30T08:08:47.317+00:00 host_mono_ns=2514746507857758 subscribed msg: 'Hello from mros2-posix onto Linux: 15'
host_utc=2026-09-30T08:08:47.317+00:00 host_mono_ns=2514746507879479 LOG_ERROR : 00000018.327 : LOG_ERROR : 00000018.327 : UDP_RECV result=error errno=27 fd=5 recv=-1UDP_RECV result=error errno=27 fd=9 recv=-1
host_utc=2026-09-30T08:08:47.317+00:00 host_mono_ns=2514746507892955 LOG_ERROR : 00000018.327 :
host_utc=2026-09-30T08:08:47.317+00:00 host_mono_ns=2514746507904467 LOG_ERROR : 00000018.327 : UDP_RECV_RECOVERY action=skip reason=EINTR fd=5UDP_RECV_RECOVERY action=skip reason=EINTR fd=9
host_utc=2026-09-30T08:08:47.317+00:00 host_mono_ns=2514746507917211 LOG_ERROR : 00000018.327 :
host_utc=2026-09-30T08:08:47.317+00:00 host_mono_ns=2514746507928061 UDP_RECV result=error errno=27 fd=15 recv=-1LOG_ERROR : 00000018.327 :
host_utc=2026-09-30T08:08:47.317+00:00 host_mono_ns=2514746507939613 UDP_RECV result=error errno=27 fd=7 recv=-1LOG_ERROR : 00000018.328 :
host_utc=2026-09-30T08:08:47.317+00:00 host_mono_ns=2514746507951756 LOG_ERROR : 00000018.328 : UDP_RECV_RECOVERY action=skip reason=EINTR fd=15UDP_RECV_RECOVERY action=skip reason=EINTR fd=7
host_utc=2026-09-30T08:08:47.317+00:00 host_mono_ns=2514746507963929 
host_utc=2026-09-30T08:08:47.317+00:00 host_mono_ns=2514746507975240 publishing msg: 'Hello from mros2-posix onto Linux: 16'
host_utc=2026-09-30T08:08:47.317+00:00 host_mono_ns=2514746507988876 LOG_DEBUG : 00000019.329 : [MROS2LIB] message get [callback_handler] msg_sn_high: 0 msg_sn_low: d
host_utc=2026-09-30T08:08:47.317+00:00 host_mono_ns=2514746508029463 subscribed msg: 'Hello from mros2-posix onto Linux: 16'
host_utc=2026-09-30T08:08:47.317+00:00 host_mono_ns=2514746508046285 publishing msg: 'Hello from mros2-posix onto Linux: 17'
host_utc=2026-09-30T08:08:52.319+00:00 host_mono_ns=2514751509788360 LOG_DEBUG : 00000020.329 : [MROS2LIB] message get [callback_handler] msg_sn_high: 0 msg_sn_low: e
host_utc=2026-09-30T08:08:52.319+00:00 host_mono_ns=2514751509853594 subscribed msg: 'Hello from mros2-posix onto Linux: 17'
host_utc=2026-09-30T08:08:52.319+00:00 host_mono_ns=2514751509878781 publishing msg: 'Hello from mros2-posix onto Linux: 18'
host_utc=2026-09-30T08:08:52.319+00:00 host_mono_ns=2514751509894681 LOG_DEBUG : 00000021.329 : [MROS2LIB] message get [callback_handler] msg_sn_high: 0 msg_sn_low: f
host_utc=2026-09-30T08:08:52.319+00:00 host_mono_ns=2514751509908958 subscribed msg: 'Hello from mros2-posix onto Linux: 18'
host_utc=2026-09-30T08:08:52.319+00:00 host_mono_ns=2514751509923596 publishing msg: 'Hello from mros2-posix onto Linux: 19'
host_utc=2026-09-30T08:08:52.319+00:00 host_mono_ns=2514751509937502 LOG_DEBUG : 00000022.330 : [MROS2LIB] message get [callback_handler] msg_sn_high: 0 msg_sn_low: 10
host_utc=2026-09-30T08:08:52.319+00:00 host_mono_ns=2514751509951308 subscribed msg: 'Hello from mros2-posix onto Linux: 19'
host_utc=2026-09-30T08:08:52.319+00:00 host_mono_ns=2514751509965745 publishing msg: 'Hello from mros2-posix onto Linux: 20'
host_utc=2026-09-30T08:08:52.319+00:00 host_mono_ns=2514751509979882 LOG_DEBUG : 00000023.331 : [MROS2LIB] message get [callback_handler] msg_sn_high: 0 msg_sn_low: 11
host_utc=2026-09-30T08:08:52.319+00:00 host_mono_ns=2514751509993348 subscribed msg: 'Hello from mros2-posix onto Linux: 20'
host_utc=2026-09-30T08:08:52.319+00:00 host_mono_ns=2514751510027061 publishing msg: 'Hello from mros2-posix onto Linux: 21'
host_utc=2026-09-30T08:08:52.319+00:00 host_mono_ns=2514751510058621 LOG_DEBUG : 00000024.331 : [MROS2LIB] message get [callback_handler] msg_sn_high: 0 msg_sn_low: 12
host_utc=2026-09-30T08:08:52.319+00:00 host_mono_ns=2514751510072557 subscribed msg: 'Hello from mros2-posix onto Linux: 21'
host_utc=2026-09-30T08:08:57.322+00:00 host_mono_ns=2514756512869201 publishing msg: 'Hello from mros2-posix onto Linux: 22'
host_utc=2026-09-30T08:08:57.322+00:00 host_mono_ns=2514756512944002 LOG_DEBUG : 00000025.332 : [MROS2LIB] message get [callback_handler] msg_sn_high: 0 msg_sn_low: 13
host_utc=2026-09-30T08:08:57.322+00:00 host_mono_ns=2514756512962407 subscribed msg: 'Hello from mros2-posix onto Linux: 22'
host_utc=2026-09-30T08:08:57.322+00:00 host_mono_ns=2514756512979169 publishing msg: 'Hello from mros2-posix onto Linux: 23'
host_utc=2026-09-30T08:08:57.322+00:00 host_mono_ns=2514756512993946 LOG_DEBUG : 00000026.332 : [MROS2LIB] message get [callback_handler] msg_sn_high: 0 msg_sn_low: 14
host_utc=2026-09-30T08:08:57.322+00:00 host_mono_ns=2514756513023963 subscribed msg: 'Hello from mros2-posix onto Linux: 23'
host_utc=2026-09-30T08:08:57.322+00:00 host_mono_ns=2514756513041166 publishing msg: 'Hello from mros2-posix onto Linux: 24'
host_utc=2026-09-30T08:08:57.322+00:00 host_mono_ns=2514756513055092 LOG_DEBUG : 00000027.333 : [MROS2LIB] message get [callback_handler] msg_sn_high: 0 msg_sn_low: 15
host_utc=2026-09-30T08:08:57.322+00:00 host_mono_ns=2514756513068407 subscribed msg: 'Hello from mros2-posix onto Linux: 24'
host_utc=2026-09-30T08:08:57.322+00:00 host_mono_ns=2514756513082414 publishing msg: 'Hello from mros2-posix onto Linux: 25'
host_utc=2026-09-30T08:08:57.322+00:00 host_mono_ns=2514756513096320 LOG_DEBUG : 00000028.334 : [MROS2LIB] message get [callback_handler] msg_sn_high: 0 msg_sn_low: 16
host_utc=2026-09-30T08:08:57.322+00:00 host_mono_ns=2514756513109425 subscribed msg: 'Hello from mros2-posix onto Linux: 25'
host_utc=2026-09-30T08:08:57.322+00:00 host_mono_ns=2514756513124173 publishing msg: 'Hello from mros2-posix onto Linux: 26'
host_utc=2026-09-30T08:08:57.322+00:00 host_mono_ns=2514756513143168 LOG_DEBUG : 00000029.334 : [MROS2LIB] message get [callback_handler] msg_sn_high: 0 msg_sn_low: 17
host_utc=2026-09-30T08:08:57.323+00:00 host_mono_ns=2514756513177133 subscribed msg: 'Hello from mros2-posix onto Linux: 26'
host_utc=2026-09-30T08:08:57.603+00:00 host_mono_ns=2514756794090558 publishing msg: '
host_utc=2026-09-30T08:08:57.604+00:00 host_mono_ns=2514756794201097 event=collector_process_exit source=restore exit_status=143
