host_utc=2026-09-30T08:36:36.662+00:00 host_mono_ns=2516415852241533 boot_start, 2516415851995439
host_utc=2026-09-30T08:36:36.865+00:00 host_mono_ns=2516416055263029 11 stderr
host_utc=2026-09-30T08:36:36.865+00:00 host_mono_ns=2516416055300921 22 stderr
host_utc=2026-09-30T08:36:36.865+00:00 host_mono_ns=2516416055311881 signal init: 130267533116992
host_utc=2026-09-30T08:36:36.865+00:00 host_mono_ns=2516416055321510 initします
host_utc=2026-09-30T08:36:36.865+00:00 host_mono_ns=2516416055834318 boot_end, 2516416055633188
host_utc=2026-09-30T08:36:36.865+00:00 host_mono_ns=2516416056117944 3 stderr
host_utc=2026-09-30T08:36:36.866+00:00 host_mono_ns=2516416056448138 initします
host_utc=2026-09-30T08:36:36.867+00:00 host_mono_ns=2516416057680025 boot_end, 2516416057522608
host_utc=2026-09-30T08:36:36.867+00:00 host_mono_ns=2516416057802667 [03:00:15:184 - 767A462D4840]: Load type section success.
host_utc=2026-09-30T08:36:36.867+00:00 host_mono_ns=2516416057819959 
host_utc=2026-09-30T08:36:36.867+00:00 host_mono_ns=2516416057832052 [03:00:15:215 - 767A462D4840]: Load import section success.
host_utc=2026-09-30T08:36:36.867+00:00 host_mono_ns=2516416057843624 
host_utc=2026-09-30T08:36:36.867+00:00 host_mono_ns=2516416057854354 [03:00:15:339 - 767A462D4840]: Load function section success.
host_utc=2026-09-30T08:36:36.867+00:00 host_mono_ns=2516416057865335 
host_utc=2026-09-30T08:36:36.867+00:00 host_mono_ns=2516416057875915 [03:00:15:341 - 767A462D4840]: Load table section success.
host_utc=2026-09-30T08:36:36.867+00:00 host_mono_ns=2516416057886736 
host_utc=2026-09-30T08:36:36.867+00:00 host_mono_ns=2516416057897155 [03:00:15:342 - 767A462D4840]: Load global section success.
host_utc=2026-09-30T08:36:36.867+00:00 host_mono_ns=2516416057907906 
host_utc=2026-09-30T08:36:36.867+00:00 host_mono_ns=2516416057918295 [03:00:15:345 - 767A462D4840]: Load export section success.
host_utc=2026-09-30T08:36:36.867+00:00 host_mono_ns=2516416057928995 
host_utc=2026-09-30T08:36:36.867+00:00 host_mono_ns=2516416057939425 [03:00:15:345 - 767A462D4840]: Load start section success.
host_utc=2026-09-30T08:36:36.867+00:00 host_mono_ns=2516416057950636 
host_utc=2026-09-30T08:36:36.867+00:00 host_mono_ns=2516416057961296 [03:00:15:349 - 767A462D4840]: Load table segment section success.
host_utc=2026-09-30T08:36:36.867+00:00 host_mono_ns=2516416057972037 
host_utc=2026-09-30T08:36:36.867+00:00 host_mono_ns=2516416057982286 [03:00:15:350 - 767A462D4840]: Load datacount section success.
host_utc=2026-09-30T08:36:36.867+00:00 host_mono_ns=2516416057993197 
host_utc=2026-09-30T08:36:36.867+00:00 host_mono_ns=2516416058016270 [03:00:15:350 - 767A462D4840]: Load code segment section success.
host_utc=2026-09-30T08:36:36.867+00:00 host_mono_ns=2516416058031319 
host_utc=2026-09-30T08:36:36.867+00:00 host_mono_ns=2516416058041718 [03:00:15:351 - 767A462D4840]: Load data segment section success.
host_utc=2026-09-30T08:36:36.867+00:00 host_mono_ns=2516416058052399 
host_utc=2026-09-30T08:36:36.867+00:00 host_mono_ns=2516416058062748 [03:00:15:352 - 767A462D4840]: Ignore custom section [.debug_abbrev].
host_utc=2026-09-30T08:36:36.867+00:00 host_mono_ns=2516416058073779 [03:00:15:353 - 767A462D4840]: Ignore custom section [.debug_info].
host_utc=2026-09-30T08:36:36.867+00:00 host_mono_ns=2516416058084670 [03:00:15:353 - 767A462D4840]: Ignore custom section [.debug_ranges].
host_utc=2026-09-30T08:36:36.867+00:00 host_mono_ns=2516416058095540 [03:00:15:354 - 767A462D4840]: Ignore custom section [.debug_str].
host_utc=2026-09-30T08:36:36.867+00:00 host_mono_ns=2516416058106310 [03:00:15:355 - 767A462D4840]: Ignore custom section [.debug_line].
host_utc=2026-09-30T08:36:36.867+00:00 host_mono_ns=2516416058117081 [03:00:15:355 - 767A462D4840]: Ignore custom section [.debug_loc].
host_utc=2026-09-30T08:36:36.867+00:00 host_mono_ns=2516416058127711 [03:00:15:356 - 767A462D4840]: Ignore custom section [name].
host_utc=2026-09-30T08:36:36.867+00:00 host_mono_ns=2516416058138692 [03:00:15:356 - 767A462D4840]: Ignore custom section [producers].
host_utc=2026-09-30T08:36:36.867+00:00 host_mono_ns=2516416058149662 [03:00:15:357 - 767A462D4840]: Ignore custom section [target_features].
host_utc=2026-09-30T08:36:36.868+00:00 host_mono_ns=2516416058174870 [03:00:15:358 - 767A462D4840]: Found aux __heap_base global, value: 7855056
host_utc=2026-09-30T08:36:36.868+00:00 host_mono_ns=2516416058186522 [03:00:15:358 - 767A462D4840]: Found aux __data_end global, value: 1301444
host_utc=2026-09-30T08:36:36.868+00:00 host_mono_ns=2516416058197563 [03:00:15:359 - 767A462D4840]: Found aux stack top global, value: 7855056, global index: 0, stack size: 6553600
host_utc=2026-09-30T08:36:36.868+00:00 host_mono_ns=2516416058209165 [03:00:15:360 - 767A462D4840]: Found malloc function, name: malloc, index: 3154
host_utc=2026-09-30T08:36:36.868+00:00 host_mono_ns=2516416058220586 [03:00:15:361 - 767A462D4840]: Found free function, name: free, index: 3156
host_utc=2026-09-30T08:36:36.868+00:00 host_mono_ns=2516416058232048 [03:00:16:467 - 767A462D4840]: Load module success.
host_utc=2026-09-30T08:36:36.868+00:00 host_mono_ns=2516416058242718 
host_utc=2026-09-30T08:36:36.868+00:00 host_mono_ns=2516416058253198 [03:00:16:475 - 767A462D4840]: Memory instantiate:
host_utc=2026-09-30T08:36:36.868+00:00 host_mono_ns=2516416058263978 [03:00:16:475 - 767A462D4840]:   page bytes: 65536, init pages: 16384, max pages: 16384
host_utc=2026-09-30T08:36:36.868+00:00 host_mono_ns=2516416058275139 [03:00:16:476 - 767A462D4840]:   heap offset: 1073741824, heap size: 0
host_utc=2026-09-30T08:36:36.868+00:00 host_mono_ns=2516416058286210 
host_utc=2026-09-30T08:36:36.868+00:00 host_mono_ns=2516416058296590 [03:00:16:503 - 767A462D4840]: Memory instantiate success.
host_utc=2026-09-30T08:36:36.868+00:00 host_mono_ns=2516416058307310 [03:00:16:625 - 767A462D4840]: warning: failed to link import function (env, pthread_exit)
host_utc=2026-09-30T08:36:36.868+00:00 host_mono_ns=2516416058318732 Restoring wasm thread 11
host_utc=2026-09-30T08:36:36.868+00:00 host_mono_ns=2516416058330033 [03:00:16:764 - 767A462D4840]: warning: failed to link import function (env, pthread_exit)
host_utc=2026-09-30T08:36:36.868+00:00 host_mono_ns=2516416058341124 thread 11 restore
host_utc=2026-09-30T08:36:36.868+00:00 host_mono_ns=2516416058351964 Restoring wasm thread 10
host_utc=2026-09-30T08:36:36.868+00:00 host_mono_ns=2516416058362705 [03:00:16:592 - 767A462D4840]: warning: failed to link import function (env, pthread_exit)
host_utc=2026-09-30T08:36:36.868+00:00 host_mono_ns=2516416058373415 thread 10 restore
host_utc=2026-09-30T08:36:36.868+00:00 host_mono_ns=2516416058384075 [2026-09-30 08:36:36.867] [info] wasm_restore_stack
host_utc=2026-09-30T08:36:36.868+00:00 host_mono_ns=2516416058394875 
host_utc=2026-09-30T08:36:36.868+00:00 host_mono_ns=2516416058416386 local_cell_num: 2
host_utc=2026-09-30T08:36:36.868+00:00 host_mono_ns=2516416058432637 locals.values.size: 2
host_utc=2026-09-30T08:36:36.868+00:00 host_mono_ns=2516416058446723 [2026-09-30 08:36:36.867] [info] restore label stack
host_utc=2026-09-30T08:36:36.868+00:00 host_mono_ns=2516416058461081 local_cell_num: 8
host_utc=2026-09-30T08:36:36.868+00:00 host_mono_ns=2516416058475488 locals.values.size: 8
host_utc=2026-09-30T08:36:36.868+00:00 host_mono_ns=2516416058488102 [2026-09-30 08:36:36.867] [info] restore label stack
host_utc=2026-09-30T08:36:36.868+00:00 host_mono_ns=2516416058501026 local_cell_num: 14
host_utc=2026-09-30T08:36:36.868+00:00 host_mono_ns=2516416058513630 locals.values.size: 14
host_utc=2026-09-30T08:36:36.868+00:00 host_mono_ns=2516416058526384 [2026-09-30 08:36:36.867] [info] restore label stack
host_utc=2026-09-30T08:36:36.868+00:00 host_mono_ns=2516416058539018 local_cell_num: 45
host_utc=2026-09-30T08:36:36.868+00:00 host_mono_ns=2516416058551551 locals.values.size: 45
host_utc=2026-09-30T08:36:36.868+00:00 host_mono_ns=2516416058564215 [2026-09-30 08:36:36.867] [info] restore label stack
host_utc=2026-09-30T08:36:36.868+00:00 host_mono_ns=2516416058576809 local_cell_num: 19
host_utc=2026-09-30T08:36:36.868+00:00 host_mono_ns=2516416058589243 locals.values.size: 19
host_utc=2026-09-30T08:36:36.868+00:00 host_mono_ns=2516416058609531 [2026-09-30 08:36:36.867] [info] restore label stack
host_utc=2026-09-30T08:36:36.868+00:00 host_mono_ns=2516416058622365 local_cell_num: 63
host_utc=2026-09-30T08:36:36.868+00:00 host_mono_ns=2516416058634809 locals.values.size: 63
host_utc=2026-09-30T08:36:36.868+00:00 host_mono_ns=2516416058647212 [2026-09-30 08:36:36.867] [info] restore label stack
host_utc=2026-09-30T08:36:36.868+00:00 host_mono_ns=2516416058659746 local_cell_num: 9
host_utc=2026-09-30T08:36:36.868+00:00 host_mono_ns=2516416058672189 locals.values.size: 9
host_utc=2026-09-30T08:36:36.868+00:00 host_mono_ns=2516416058684643 [2026-09-30 08:36:36.867] [info] restore label stack
host_utc=2026-09-30T08:36:36.868+00:00 host_mono_ns=2516416058697086 local_cell_num: 9
host_utc=2026-09-30T08:36:36.868+00:00 host_mono_ns=2516416058709470 locals.values.size: 9
host_utc=2026-09-30T08:36:36.868+00:00 host_mono_ns=2516416058721963 [2026-09-30 08:36:36.867] [info] restore label stack
host_utc=2026-09-30T08:36:36.868+00:00 host_mono_ns=2516416058734377 local_cell_num: 6
host_utc=2026-09-30T08:36:36.868+00:00 host_mono_ns=2516416058746640 locals.values.size: 6
host_utc=2026-09-30T08:36:36.868+00:00 host_mono_ns=2516416058759013 [2026-09-30 08:36:36.867] [info] restore label stack
host_utc=2026-09-30T08:36:36.868+00:00 host_mono_ns=2516416058771517 [2026-09-30 08:36:36.867] [info] Finish to restore stack
host_utc=2026-09-30T08:36:36.868+00:00 host_mono_ns=2516416058784401 
host_utc=2026-09-30T08:36:36.868+00:00 host_mono_ns=2516416058796815 stack, 200679
host_utc=2026-09-30T08:36:36.868+00:00 host_mono_ns=2516416058809429 global, 17603
host_utc=2026-09-30T08:36:36.868+00:00 host_mono_ns=2516416058821872 program counter, 10049
host_utc=2026-09-30T08:36:36.868+00:00 host_mono_ns=2516416058834676 initします
host_utc=2026-09-30T08:36:36.869+00:00 host_mono_ns=2516416059853982 boot_end, 2516416059581207
host_utc=2026-09-30T08:36:36.869+00:00 host_mono_ns=2516416059923253 wasm_cluster_increase_checkpointing_counter called 1
host_utc=2026-09-30T08:36:36.869+00:00 host_mono_ns=2516416059941387 Restoring wasm thread 9
host_utc=2026-09-30T08:36:36.869+00:00 host_mono_ns=2516416059955834 wasm_cluster_increase_checkpointing_counter called 2
host_utc=2026-09-30T08:36:36.869+00:00 host_mono_ns=2516416059969260 wasm_cluster_increase_checkpointing_counter called 3
host_utc=2026-09-30T08:36:36.869+00:00 host_mono_ns=2516416059982094 [2026-09-30 08:36:36.869] [info] wasm_restore_stack
host_utc=2026-09-30T08:36:36.869+00:00 host_mono_ns=2516416059995088 
host_utc=2026-09-30T08:36:36.869+00:00 host_mono_ns=2516416060023572 stack, 154131
host_utc=2026-09-30T08:36:36.869+00:00 host_mono_ns=2516416060041226 global, 18536
host_utc=2026-09-30T08:36:36.869+00:00 host_mono_ns=2516416060053880 program counter, 11502
host_utc=2026-09-30T08:36:36.869+00:00 host_mono_ns=2516416060066834 [03:00:16:658 - 767A462D4840]: warning: failed to link import function (env, pthread_exit)
host_utc=2026-09-30T08:36:36.869+00:00 host_mono_ns=2516416060081201 thread 9 restore
host_utc=2026-09-30T08:36:36.869+00:00 host_mono_ns=2516416060094446 local_cell_num: 2
host_utc=2026-09-30T08:36:36.869+00:00 host_mono_ns=2516416060107060 locals.values.size: 2
host_utc=2026-09-30T08:36:36.869+00:00 host_mono_ns=2516416060119634 [2026-09-30 08:36:36.869] [info] restore label stack
host_utc=2026-09-30T08:36:36.869+00:00 host_mono_ns=2516416060132368 local_cell_num: 8
host_utc=2026-09-30T08:36:36.869+00:00 host_mono_ns=2516416060144771 locals.values.size: 8
host_utc=2026-09-30T08:36:36.869+00:00 host_mono_ns=2516416060157235 [2026-09-30 08:36:36.869] [info] restore label stack
host_utc=2026-09-30T08:36:36.870+00:00 host_mono_ns=2516416060169628 local_cell_num: 14
host_utc=2026-09-30T08:36:36.870+00:00 host_mono_ns=2516416060181992 locals.values.size: 14
host_utc=2026-09-30T08:36:36.870+00:00 host_mono_ns=2516416060194605 [2026-09-30 08:36:36.869] [info] restore label stack
host_utc=2026-09-30T08:36:36.870+00:00 host_mono_ns=2516416060206949 local_cell_num: 15
host_utc=2026-09-30T08:36:36.870+00:00 host_mono_ns=2516416060234330 locals.values.size: 15
host_utc=2026-09-30T08:36:36.870+00:00 host_mono_ns=2516416060247055 [2026-09-30 08:36:36.869] [info] restore label stack
host_utc=2026-09-30T08:36:36.870+00:00 host_mono_ns=2516416060259398 local_cell_num: 37
host_utc=2026-09-30T08:36:36.870+00:00 host_mono_ns=2516416060271651 locals.values.size: 37
host_utc=2026-09-30T08:36:36.870+00:00 host_mono_ns=2516416060283944 [2026-09-30 08:36:36.869] [info] restore label stack
host_utc=2026-09-30T08:36:36.870+00:00 host_mono_ns=2516416060296278 local_cell_num: 25
host_utc=2026-09-30T08:36:36.870+00:00 host_mono_ns=2516416060308481 locals.values.size: 25
host_utc=2026-09-30T08:36:36.870+00:00 host_mono_ns=2516416060320724 [2026-09-30 08:36:36.869] [info] restore label stack
host_utc=2026-09-30T08:36:36.870+00:00 host_mono_ns=2516416060333067 local_cell_num: 34
host_utc=2026-09-30T08:36:36.870+00:00 host_mono_ns=2516416060345290 locals.values.size: 34
host_utc=2026-09-30T08:36:36.870+00:00 host_mono_ns=2516416060357493 [2026-09-30 08:36:36.869] [info] restore label stack
host_utc=2026-09-30T08:36:36.870+00:00 host_mono_ns=2516416060369887 local_cell_num: 38
host_utc=2026-09-30T08:36:36.870+00:00 host_mono_ns=2516416060382020 locals.values.size: 38
host_utc=2026-09-30T08:36:36.870+00:00 host_mono_ns=2516416060394273 [2026-09-30 08:36:36.869] [info] restore label stack
host_utc=2026-09-30T08:36:36.870+00:00 host_mono_ns=2516416060406666 local_cell_num: 94
host_utc=2026-09-30T08:36:36.870+00:00 host_mono_ns=2516416060418749 locals.values.size: 94
host_utc=2026-09-30T08:36:36.870+00:00 host_mono_ns=2516416060430962 [2026-09-30 08:36:36.869] [info] restore label stack
host_utc=2026-09-30T08:36:36.870+00:00 host_mono_ns=2516416060443285 local_cell_num: 2
host_utc=2026-09-30T08:36:36.870+00:00 host_mono_ns=2516416060455528 locals.values.size: 2
host_utc=2026-09-30T08:36:36.870+00:00 host_mono_ns=2516416060465397 [2026-09-30 08:36:36.869] [info] restore label stack
host_utc=2026-09-30T08:36:36.870+00:00 host_mono_ns=2516416060473603 local_cell_num: 9
host_utc=2026-09-30T08:36:36.870+00:00 host_mono_ns=2516416060481798 locals.values.size: 9
host_utc=2026-09-30T08:36:36.870+00:00 host_mono_ns=2516416060490024 [2026-09-30 08:36:36.869] [info] restore label stack
host_utc=2026-09-30T08:36:36.870+00:00 host_mono_ns=2516416060498269 local_cell_num: 9
host_utc=2026-09-30T08:36:36.870+00:00 host_mono_ns=2516416060506384 locals.values.size: 9
host_utc=2026-09-30T08:36:36.870+00:00 host_mono_ns=2516416060514490 [2026-09-30 08:36:36.869] [info] restore label stack
host_utc=2026-09-30T08:36:36.870+00:00 host_mono_ns=2516416060522685 local_cell_num: 6
host_utc=2026-09-30T08:36:36.870+00:00 host_mono_ns=2516416060530811 locals.values.size: 6
host_utc=2026-09-30T08:36:36.870+00:00 host_mono_ns=2516416060539056 [2026-09-30 08:36:36.869] [info] restore label stack
host_utc=2026-09-30T08:36:36.870+00:00 host_mono_ns=2516416060547372 [2026-09-30 08:36:36.869] [info] Finish to restore stack
host_utc=2026-09-30T08:36:36.870+00:00 host_mono_ns=2516416060555798 
host_utc=2026-09-30T08:36:36.870+00:00 host_mono_ns=2516416060570556 initします
host_utc=2026-09-30T08:36:36.871+00:00 host_mono_ns=2516416061417726 boot_end, 2516416061243938
host_utc=2026-09-30T08:36:36.871+00:00 host_mono_ns=2516416061483751 wasm_cluster_increase_checkpointing_counter called 1
host_utc=2026-09-30T08:36:36.871+00:00 host_mono_ns=2516416061502115 Restoring wasm thread 8
host_utc=2026-09-30T08:36:36.871+00:00 host_mono_ns=2516416061516332 wasm_cluster_increase_checkpointing_counter called 2
host_utc=2026-09-30T08:36:36.871+00:00 host_mono_ns=2516416061529728 wasm_cluster_increase_checkpointing_counter called 3
host_utc=2026-09-30T08:36:36.871+00:00 host_mono_ns=2516416061542422 [2026-09-30 08:36:36.871] [info] wasm_restore_stack
host_utc=2026-09-30T08:36:36.871+00:00 host_mono_ns=2516416061555687 
host_utc=2026-09-30T08:36:36.871+00:00 host_mono_ns=2516416061568842 stack, 129124
host_utc=2026-09-30T08:36:36.871+00:00 host_mono_ns=2516416061581906 global, 18125
host_utc=2026-09-30T08:36:36.871+00:00 host_mono_ns=2516416061610099 program counter, 12764
host_utc=2026-09-30T08:36:36.871+00:00 host_mono_ns=2516416061623505 [03:00:16:324 - 767A462D4840]: warning: failed to link import function (env, pthread_exit)
host_utc=2026-09-30T08:36:36.871+00:00 host_mono_ns=2516416061638112 thread 8 restore
host_utc=2026-09-30T08:36:36.871+00:00 host_mono_ns=2516416061651367 local_cell_num: 2
host_utc=2026-09-30T08:36:36.871+00:00 host_mono_ns=2516416061663991 locals.values.size: 2
host_utc=2026-09-30T08:36:36.871+00:00 host_mono_ns=2516416061676735 [2026-09-30 08:36:36.871] [info] restore label stack
host_utc=2026-09-30T08:36:36.871+00:00 host_mono_ns=2516416061689660 local_cell_num: 8
host_utc=2026-09-30T08:36:36.871+00:00 host_mono_ns=2516416061702063 locals.values.size: 8
host_utc=2026-09-30T08:36:36.871+00:00 host_mono_ns=2516416061714577 [2026-09-30 08:36:36.871] [info] restore label stack
host_utc=2026-09-30T08:36:36.871+00:00 host_mono_ns=2516416061727060 local_cell_num: 14
host_utc=2026-09-30T08:36:36.871+00:00 host_mono_ns=2516416061739444 locals.values.size: 14
host_utc=2026-09-30T08:36:36.871+00:00 host_mono_ns=2516416061752258 [2026-09-30 08:36:36.871] [info] restore label stack
host_utc=2026-09-30T08:36:36.871+00:00 host_mono_ns=2516416061764651 local_cell_num: 15
host_utc=2026-09-30T08:36:36.871+00:00 host_mono_ns=2516416061777045 locals.values.size: 15
host_utc=2026-09-30T08:36:36.871+00:00 host_mono_ns=2516416061789588 [2026-09-30 08:36:36.871] [info] restore label stack
host_utc=2026-09-30T08:36:36.871+00:00 host_mono_ns=2516416061801952 local_cell_num: 27
host_utc=2026-09-30T08:36:36.871+00:00 host_mono_ns=2516416061814145 locals.values.size: 27
host_utc=2026-09-30T08:36:36.871+00:00 host_mono_ns=2516416061826418 [2026-09-30 08:36:36.871] [info] restore label stack
host_utc=2026-09-30T08:36:36.871+00:00 host_mono_ns=2516416061838821 local_cell_num: 25
host_utc=2026-09-30T08:36:36.871+00:00 host_mono_ns=2516416061851004 locals.values.size: 25
host_utc=2026-09-30T08:36:36.871+00:00 host_mono_ns=2516416061863348 [2026-09-30 08:36:36.871] [info] restore label stack
host_utc=2026-09-30T08:36:36.871+00:00 host_mono_ns=2516416061875741 local_cell_num: 34
host_utc=2026-09-30T08:36:36.871+00:00 host_mono_ns=2516416061888085 locals.values.size: 34
host_utc=2026-09-30T08:36:36.871+00:00 host_mono_ns=2516416061900348 [2026-09-30 08:36:36.871] [info] restore label stack
host_utc=2026-09-30T08:36:36.871+00:00 host_mono_ns=2516416061912691 local_cell_num: 38
host_utc=2026-09-30T08:36:36.871+00:00 host_mono_ns=2516416061924924 locals.values.size: 38
host_utc=2026-09-30T08:36:36.871+00:00 host_mono_ns=2516416061937267 [2026-09-30 08:36:36.871] [info] restore label stack
host_utc=2026-09-30T08:36:36.871+00:00 host_mono_ns=2516416061949791 local_cell_num: 94
host_utc=2026-09-30T08:36:36.871+00:00 host_mono_ns=2516416061961894 locals.values.size: 94
host_utc=2026-09-30T08:36:36.871+00:00 host_mono_ns=2516416061974197 [2026-09-30 08:36:36.871] [info] restore label stack
host_utc=2026-09-30T08:36:36.871+00:00 host_mono_ns=2516416061986611 local_cell_num: 2
host_utc=2026-09-30T08:36:36.871+00:00 host_mono_ns=2516416061998804 locals.values.size: 2
host_utc=2026-09-30T08:36:36.871+00:00 host_mono_ns=2516416062025694 [2026-09-30 08:36:36.871] [info] restore label stack
host_utc=2026-09-30T08:36:36.871+00:00 host_mono_ns=2516416062038368 local_cell_num: 9
host_utc=2026-09-30T08:36:36.871+00:00 host_mono_ns=2516416062050722 locals.values.size: 9
host_utc=2026-09-30T08:36:36.871+00:00 host_mono_ns=2516416062063055 [2026-09-30 08:36:36.871] [info] restore label stack
host_utc=2026-09-30T08:36:36.871+00:00 host_mono_ns=2516416062075529 local_cell_num: 9
host_utc=2026-09-30T08:36:36.871+00:00 host_mono_ns=2516416062087792 locals.values.size: 9
host_utc=2026-09-30T08:36:36.871+00:00 host_mono_ns=2516416062099945 [2026-09-30 08:36:36.871] [info] restore label stack
host_utc=2026-09-30T08:36:36.871+00:00 host_mono_ns=2516416062112388 local_cell_num: 6
host_utc=2026-09-30T08:36:36.871+00:00 host_mono_ns=2516416062124591 locals.values.size: 6
host_utc=2026-09-30T08:36:36.871+00:00 host_mono_ns=2516416062145040 [2026-09-30 08:36:36.871] [info] restore label stack
host_utc=2026-09-30T08:36:36.871+00:00 host_mono_ns=2516416062157614 [2026-09-30 08:36:36.871] [info] Finish to restore stack
host_utc=2026-09-30T08:36:36.872+00:00 host_mono_ns=2516416062170518 
host_utc=2026-09-30T08:36:36.872+00:00 host_mono_ns=2516416062191848 initします
host_utc=2026-09-30T08:36:36.873+00:00 host_mono_ns=2516416063398648 boot_end, 2516416063249547
host_utc=2026-09-30T08:36:36.873+00:00 host_mono_ns=2516416063429998 wasm_cluster_increase_checkpointing_counter called 1
host_utc=2026-09-30T08:36:36.873+00:00 host_mono_ns=2516416063441690 Restoring wasm thread 7
host_utc=2026-09-30T08:36:36.873+00:00 host_mono_ns=2516416063451268 wasm_cluster_increase_checkpointing_counter called 2
host_utc=2026-09-30T08:36:36.873+00:00 host_mono_ns=2516416063460305 wasm_cluster_increase_checkpointing_counter called 3
host_utc=2026-09-30T08:36:36.873+00:00 host_mono_ns=2516416063468761 [2026-09-30 08:36:36.873] [info] wasm_restore_stack
host_utc=2026-09-30T08:36:36.873+00:00 host_mono_ns=2516416063477397 
host_utc=2026-09-30T08:36:36.873+00:00 host_mono_ns=2516416063549133 [03:00:16:325 - 767A462D4840]: warning: failed to link import function (env, pthread_exit)
host_utc=2026-09-30T08:36:36.873+00:00 host_mono_ns=2516416063586293 thread 7 restore
host_utc=2026-09-30T08:36:36.873+00:00 host_mono_ns=2516416063603135 local_cell_num: 2
host_utc=2026-09-30T08:36:36.873+00:00 host_mono_ns=2516416063616861 locals.values.size: 2
host_utc=2026-09-30T08:36:36.873+00:00 host_mono_ns=2516416063630557 [2026-09-30 08:36:36.873] [info] restore label stack
host_utc=2026-09-30T08:36:36.873+00:00 host_mono_ns=2516416063644473 local_cell_num: 8
host_utc=2026-09-30T08:36:36.873+00:00 host_mono_ns=2516416063657187 locals.values.size: 8
host_utc=2026-09-30T08:36:36.873+00:00 host_mono_ns=2516416063669791 [2026-09-30 08:36:36.873] [info] restore label stack
host_utc=2026-09-30T08:36:36.873+00:00 host_mono_ns=2516416063682415 local_cell_num: 25
host_utc=2026-09-30T08:36:36.873+00:00 host_mono_ns=2516416063695008 locals.values.size: 25
host_utc=2026-09-30T08:36:36.873+00:00 host_mono_ns=2516416063707863 [2026-09-30 08:36:36.873] [info] restore label stack
host_utc=2026-09-30T08:36:36.873+00:00 host_mono_ns=2516416063720366 local_cell_num: 10
host_utc=2026-09-30T08:36:36.873+00:00 host_mono_ns=2516416063732810 locals.values.size: 10
host_utc=2026-09-30T08:36:36.873+00:00 host_mono_ns=2516416063750082 [2026-09-30 08:36:36.873] [info] restore label stack
host_utc=2026-09-30T08:36:36.873+00:00 host_mono_ns=2516416063765211 local_cell_num: 22
host_utc=2026-09-30T08:36:36.873+00:00 host_mono_ns=2516416063779418 locals.values.size: 22
host_utc=2026-09-30T08:36:36.873+00:00 host_mono_ns=2516416063796240 [2026-09-30 08:36:36.873] [info] restore label stack
host_utc=2026-09-30T08:36:36.873+00:00 host_mono_ns=2516416063809074 local_cell_num: 62
host_utc=2026-09-30T08:36:36.873+00:00 host_mono_ns=2516416063822169 locals.values.size: 62
host_utc=2026-09-30T08:36:36.873+00:00 host_mono_ns=2516416063839070 [2026-09-30 08:36:36.873] [info] restore label stack
host_utc=2026-09-30T08:36:36.873+00:00 host_mono_ns=2516416063853317 local_cell_num: 18
host_utc=2026-09-30T08:36:36.873+00:00 host_mono_ns=2516416063865621 locals.values.size: 18
host_utc=2026-09-30T08:36:36.873+00:00 host_mono_ns=2516416063877944 [2026-09-30 08:36:36.873] [info] restore label stack
host_utc=2026-09-30T08:36:36.873+00:00 host_mono_ns=2516416063890317 local_cell_num: 21
host_utc=2026-09-30T08:36:36.873+00:00 host_mono_ns=2516416063902641 locals.values.size: 21
host_utc=2026-09-30T08:36:36.873+00:00 host_mono_ns=2516416063915034 [2026-09-30 08:36:36.873] [info] restore label stack
host_utc=2026-09-30T08:36:36.873+00:00 host_mono_ns=2516416063927237 local_cell_num: 10
host_utc=2026-09-30T08:36:36.873+00:00 host_mono_ns=2516416063939340 locals.values.size: 10
host_utc=2026-09-30T08:36:36.873+00:00 host_mono_ns=2516416063951623 [2026-09-30 08:36:36.873] [info] restore label stack
host_utc=2026-09-30T08:36:36.873+00:00 host_mono_ns=2516416063978454 local_cell_num: 2
host_utc=2026-09-30T08:36:36.873+00:00 host_mono_ns=2516416063991068 locals.values.size: 2
host_utc=2026-09-30T08:36:36.873+00:00 host_mono_ns=2516416064017177 [2026-09-30 08:36:36.873] [info] restore label stack
host_utc=2026-09-30T08:36:36.873+00:00 host_mono_ns=2516416064035892 local_cell_num: 9
host_utc=2026-09-30T08:36:36.873+00:00 host_mono_ns=2516416064048396 locals.values.size: 9
host_utc=2026-09-30T08:36:36.873+00:00 host_mono_ns=2516416064060779 [2026-09-30 08:36:36.873] [info] restore label stack
host_utc=2026-09-30T08:36:36.873+00:00 host_mono_ns=2516416064073163 local_cell_num: 9
host_utc=2026-09-30T08:36:36.873+00:00 host_mono_ns=2516416064085346 locals.values.size: 9
host_utc=2026-09-30T08:36:36.873+00:00 host_mono_ns=2516416064097739 [2026-09-30 08:36:36.873] [info] restore label stack
host_utc=2026-09-30T08:36:36.873+00:00 host_mono_ns=2516416064110032 local_cell_num: 6
host_utc=2026-09-30T08:36:36.873+00:00 host_mono_ns=2516416064122245 locals.values.size: 6
host_utc=2026-09-30T08:36:36.873+00:00 host_mono_ns=2516416064134519 [2026-09-30 08:36:36.873] [info] restore label stack
host_utc=2026-09-30T08:36:36.873+00:00 host_mono_ns=2516416064146972 [2026-09-30 08:36:36.873] [info] Finish to restore stack
host_utc=2026-09-30T08:36:36.873+00:00 host_mono_ns=2516416064159947 
host_utc=2026-09-30T08:36:36.874+00:00 host_mono_ns=2516416064173021 stack, 148250
host_utc=2026-09-30T08:36:36.874+00:00 host_mono_ns=2516416064185565 global, 21430
host_utc=2026-09-30T08:36:36.874+00:00 host_mono_ns=2516416064197898 program counter, 11222
host_utc=2026-09-30T08:36:36.874+00:00 host_mono_ns=2516416064220351 initします
host_utc=2026-09-30T08:36:36.874+00:00 host_mono_ns=2516416064919321 boot_end, 2516416064791379
host_utc=2026-09-30T08:36:36.874+00:00 host_mono_ns=2516416064952634 wasm_cluster_increase_checkpointing_counter called 1
host_utc=2026-09-30T08:36:36.874+00:00 host_mono_ns=2516416064974746 Restoring wasm thread 6
host_utc=2026-09-30T08:36:36.874+00:00 host_mono_ns=2516416064991087 wasm_cluster_increase_checkpointing_counter called 2
host_utc=2026-09-30T08:36:36.874+00:00 host_mono_ns=2516416065025401 wasm_cluster_increase_checkpointing_counter called 3
host_utc=2026-09-30T08:36:36.874+00:00 host_mono_ns=2516416065045058 [2026-09-30 08:36:36.874] [info] wasm_restore_stack
host_utc=2026-09-30T08:36:36.874+00:00 host_mono_ns=2516416065058384 
host_utc=2026-09-30T08:36:36.874+00:00 host_mono_ns=2516416065081036 local_cell_num: 2
host_utc=2026-09-30T08:36:36.874+00:00 host_mono_ns=2516416065095043 locals.values.size: 2
host_utc=2026-09-30T08:36:36.874+00:00 host_mono_ns=2516416065111213 [2026-09-30 08:36:36.874] [info] restore label stack
host_utc=2026-09-30T08:36:36.874+00:00 host_mono_ns=2516416065125721 local_cell_num: 8
host_utc=2026-09-30T08:36:36.874+00:00 host_mono_ns=2516416065139938 locals.values.size: 8
host_utc=2026-09-30T08:36:36.874+00:00 host_mono_ns=2516416065154195 [2026-09-30 08:36:36.874] [info] restore label stack
host_utc=2026-09-30T08:36:36.874+00:00 host_mono_ns=2516416065168351 local_cell_num: 14
host_utc=2026-09-30T08:36:36.875+00:00 host_mono_ns=2516416065182438 locals.values.size: 14
host_utc=2026-09-30T08:36:36.875+00:00 host_mono_ns=2516416065197006 [2026-09-30 08:36:36.874] [info] restore label stack
host_utc=2026-09-30T08:36:36.875+00:00 host_mono_ns=2516416065211263 local_cell_num: 8
host_utc=2026-09-30T08:36:36.875+00:00 host_mono_ns=2516416065225269 locals.values.size: 8
host_utc=2026-09-30T08:36:36.875+00:00 host_mono_ns=2516416065239275 [2026-09-30 08:36:36.874] [info] restore label stack
host_utc=2026-09-30T08:36:36.875+00:00 host_mono_ns=2516416065253352 local_cell_num: 13
host_utc=2026-09-30T08:36:36.875+00:00 host_mono_ns=2516416065267358 locals.values.size: 13
host_utc=2026-09-30T08:36:36.875+00:00 host_mono_ns=2516416065283579 [2026-09-30 08:36:36.874] [info] restore label stack
host_utc=2026-09-30T08:36:36.875+00:00 host_mono_ns=2516416065297766 local_cell_num: 19
host_utc=2026-09-30T08:36:36.875+00:00 host_mono_ns=2516416065369952 locals.values.size: 19
host_utc=2026-09-30T08:36:36.875+00:00 host_mono_ns=2516416065385462 [2026-09-30 08:36:36.874] [info] restore label stack
host_utc=2026-09-30T08:36:36.875+00:00 host_mono_ns=2516416065399147 [03:00:16:870 - 767A462D4840]: local_cell_num: 63
host_utc=2026-09-30T08:36:36.875+00:00 host_mono_ns=2516416065411992 locals.values.size: 63
host_utc=2026-09-30T08:36:36.875+00:00 host_mono_ns=2516416065424495 warning: failed to link import function (env, pthread_exit[2026-09-30 08:36:36.874] [info] restore label stack
host_utc=2026-09-30T08:36:36.875+00:00 host_mono_ns=2516416065438131 
host_utc=2026-09-30T08:36:36.875+00:00 host_mono_ns=2516416065451296 local_cell_num: 9
host_utc=2026-09-30T08:36:36.875+00:00 host_mono_ns=2516416065463709 locals.values.size: 9
host_utc=2026-09-30T08:36:36.875+00:00 host_mono_ns=2516416065476133 [2026-09-30 08:36:36.874] [info] restore label stack
host_utc=2026-09-30T08:36:36.875+00:00 host_mono_ns=2516416065488536 local_cell_num: 9
host_utc=2026-09-30T08:36:36.875+00:00 host_mono_ns=2516416065500810 locals.values.size: 9
host_utc=2026-09-30T08:36:36.875+00:00 host_mono_ns=2516416065513153 [2026-09-30 08:36:36.874] [info] restore label stack
host_utc=2026-09-30T08:36:36.875+00:00 host_mono_ns=2516416065525586 local_cell_num: 6
host_utc=2026-09-30T08:36:36.875+00:00 host_mono_ns=2516416065537779 locals.values.size: 6
host_utc=2026-09-30T08:36:36.875+00:00 host_mono_ns=2516416065550093 [2026-09-30 08:36:36.874] [info] restore label stack
host_utc=2026-09-30T08:36:36.875+00:00 host_mono_ns=2516416065562556 [2026-09-30 08:36:36.874] [info] Finish to restore stack
host_utc=2026-09-30T08:36:36.875+00:00 host_mono_ns=2516416065575240 
host_utc=2026-09-30T08:36:36.875+00:00 host_mono_ns=2516416065587594 stack, 93066
host_utc=2026-09-30T08:36:36.875+00:00 host_mono_ns=2516416065600167 global, 13235
host_utc=2026-09-30T08:36:36.875+00:00 host_mono_ns=2516416065612681 program counter, 6783
host_utc=2026-09-30T08:36:36.875+00:00 host_mono_ns=2516416065633570 initします
host_utc=2026-09-30T08:36:36.876+00:00 host_mono_ns=2516416066975355 thread 6 restore
host_utc=2026-09-30T08:36:36.876+00:00 host_mono_ns=2516416066998078 wasm_cluster_increase_checkpointing_counter called 1
host_utc=2026-09-30T08:36:36.876+00:00 host_mono_ns=2516416067022665 Restoring wasm thread 5
host_utc=2026-09-30T08:36:36.876+00:00 host_mono_ns=2516416067035800 wasm_cluster_increase_checkpointing_counter called 2
host_utc=2026-09-30T08:36:36.876+00:00 host_mono_ns=2516416067048934 wasm_cluster_increase_checkpointing_counter called 3
host_utc=2026-09-30T08:36:36.876+00:00 host_mono_ns=2516416067061528 [2026-09-30 08:36:36.876] [info] wasm_restore_stack
host_utc=2026-09-30T08:36:36.876+00:00 host_mono_ns=2516416067074182 
host_utc=2026-09-30T08:36:36.876+00:00 host_mono_ns=2516416067086726 boot_end, 2516416066839859
host_utc=2026-09-30T08:36:36.876+00:00 host_mono_ns=2516416067106243 stack, 115118
host_utc=2026-09-30T08:36:36.876+00:00 host_mono_ns=2516416067119227 [03:00:16:919 - 767A462D4840]: warning: failed to link import function (env, pthread_exit)
host_utc=2026-09-30T08:36:36.876+00:00 host_mono_ns=2516416067132562 local_cell_num: 2
host_utc=2026-09-30T08:36:36.876+00:00 host_mono_ns=2516416067145016 locals.values.size: 2
host_utc=2026-09-30T08:36:36.876+00:00 host_mono_ns=2516416067157469 [2026-09-30 08:36:36.876] [info] restore label stack
host_utc=2026-09-30T08:36:36.877+00:00 host_mono_ns=2516416067169953 local_cell_num: 8
host_utc=2026-09-30T08:36:36.877+00:00 host_mono_ns=2516416067182146 locals.values.size: 8
host_utc=2026-09-30T08:36:36.877+00:00 host_mono_ns=2516416067194499 [2026-09-30 08:36:36.876] [info] restore label stack
host_utc=2026-09-30T08:36:36.877+00:00 host_mono_ns=2516416067206943 thread 5 restore
host_utc=2026-09-30T08:36:36.877+00:00 host_mono_ns=2516416067219467 local_cell_num: 14
host_utc=2026-09-30T08:36:36.877+00:00 host_mono_ns=2516416067231710 locals.values.size: 14
host_utc=2026-09-30T08:36:36.877+00:00 host_mono_ns=2516416067253711 [2026-09-30 08:36:36.876] [info] restore label stack
host_utc=2026-09-30T08:36:36.877+00:00 host_mono_ns=2516416067266285 local_cell_num: 8
host_utc=2026-09-30T08:36:36.877+00:00 host_mono_ns=2516416067278398 locals.values.size: 8
host_utc=2026-09-30T08:36:36.877+00:00 host_mono_ns=2516416067290771 [2026-09-30 08:36:36.876] [info] restore label stack
host_utc=2026-09-30T08:36:36.877+00:00 host_mono_ns=2516416067303135 local_cell_num: 13
host_utc=2026-09-30T08:36:36.877+00:00 host_mono_ns=2516416067315338 locals.values.size: 13
host_utc=2026-09-30T08:36:36.877+00:00 host_mono_ns=2516416067327811 [2026-09-30 08:36:36.876] [info] restore label stack
host_utc=2026-09-30T08:36:36.877+00:00 host_mono_ns=2516416067340305 local_cell_num: 19
host_utc=2026-09-30T08:36:36.877+00:00 host_mono_ns=2516416067352588 locals.values.size: 19
host_utc=2026-09-30T08:36:36.877+00:00 host_mono_ns=2516416067364941 [2026-09-30 08:36:36.876] [info] restore label stack
host_utc=2026-09-30T08:36:36.877+00:00 host_mono_ns=2516416067377365 local_cell_num: 63
host_utc=2026-09-30T08:36:36.877+00:00 host_mono_ns=2516416067389618 locals.values.size: 63
host_utc=2026-09-30T08:36:36.877+00:00 host_mono_ns=2516416067401951 [2026-09-30 08:36:36.876] [info] restore label stack
host_utc=2026-09-30T08:36:36.877+00:00 host_mono_ns=2516416067414315 local_cell_num: 9
host_utc=2026-09-30T08:36:36.877+00:00 host_mono_ns=2516416067426628 locals.values.size: 9
host_utc=2026-09-30T08:36:36.877+00:00 host_mono_ns=2516416067438991 [2026-09-30 08:36:36.876] [info] restore label stack
host_utc=2026-09-30T08:36:36.877+00:00 host_mono_ns=2516416067451375 local_cell_num: 9
host_utc=2026-09-30T08:36:36.877+00:00 host_mono_ns=2516416067463668 locals.values.size: 9
host_utc=2026-09-30T08:36:36.877+00:00 host_mono_ns=2516416067475941 [2026-09-30 08:36:36.876] [info] restore label stack
host_utc=2026-09-30T08:36:36.877+00:00 host_mono_ns=2516416067488364 local_cell_num: 6
host_utc=2026-09-30T08:36:36.877+00:00 host_mono_ns=2516416067500577 locals.values.size: 6
host_utc=2026-09-30T08:36:36.877+00:00 host_mono_ns=2516416067512931 [2026-09-30 08:36:36.876] [info] restore label stack
host_utc=2026-09-30T08:36:36.877+00:00 host_mono_ns=2516416067525364 [2026-09-30 08:36:36.876] [info] Finish to restore stack
host_utc=2026-09-30T08:36:36.877+00:00 host_mono_ns=2516416067538008 
host_utc=2026-09-30T08:36:36.877+00:00 host_mono_ns=2516416067550502 global, 25639
host_utc=2026-09-30T08:36:36.877+00:00 host_mono_ns=2516416067562855 program counter, 18265
host_utc=2026-09-30T08:36:36.877+00:00 host_mono_ns=2516416067581591 initします
host_utc=2026-09-30T08:36:36.878+00:00 host_mono_ns=2516416068768483 wasm_cluster_increase_checkpointing_counter called 1
host_utc=2026-09-30T08:36:36.878+00:00 host_mono_ns=2516416068786657 Restoring wasm thread 4
host_utc=2026-09-30T08:36:36.878+00:00 host_mono_ns=2516416068799561 wasm_cluster_increase_checkpointing_counter called 2
host_utc=2026-09-30T08:36:36.878+00:00 host_mono_ns=2516416068812275 wasm_cluster_increase_checkpointing_counter called 3
host_utc=2026-09-30T08:36:36.878+00:00 host_mono_ns=2516416068824899 [2026-09-30 08:36:36.878] [info] wasm_restore_stack
host_utc=2026-09-30T08:36:36.878+00:00 host_mono_ns=2516416068837403 
host_utc=2026-09-30T08:36:36.878+00:00 host_mono_ns=2516416068849776 boot_end, 2516416068662002
host_utc=2026-09-30T08:36:36.878+00:00 host_mono_ns=2516416068882308 [03:00:16:744 - 767A462D4840]: warning: failed to link import function (env, pthread_exit)
host_utc=2026-09-30T08:36:36.878+00:00 host_mono_ns=2516416068896274 thread 4 restore
host_utc=2026-09-30T08:36:36.878+00:00 host_mono_ns=2516416068909018 local_cell_num: 2
host_utc=2026-09-30T08:36:36.878+00:00 host_mono_ns=2516416068921522 locals.values.size: 2
host_utc=2026-09-30T08:36:36.878+00:00 host_mono_ns=2516416068933985 [2026-09-30 08:36:36.878] [info] restore label stack
host_utc=2026-09-30T08:36:36.878+00:00 host_mono_ns=2516416068946559 local_cell_num: 8
host_utc=2026-09-30T08:36:36.878+00:00 host_mono_ns=2516416068958822 locals.values.size: 8
host_utc=2026-09-30T08:36:36.878+00:00 host_mono_ns=2516416068979161 [2026-09-30 08:36:36.878] [info] restore label stack
host_utc=2026-09-30T08:36:36.878+00:00 host_mono_ns=2516416068991775 local_cell_num: 14
host_utc=2026-09-30T08:36:36.878+00:00 host_mono_ns=2516416069012093 locals.values.size: 14
host_utc=2026-09-30T08:36:36.878+00:00 host_mono_ns=2516416069028484 [2026-09-30 08:36:36.878] [info] restore label stack
host_utc=2026-09-30T08:36:36.878+00:00 host_mono_ns=2516416069041018 local_cell_num: 240
host_utc=2026-09-30T08:36:36.878+00:00 host_mono_ns=2516416069053401 locals.values.size: 240
host_utc=2026-09-30T08:36:36.878+00:00 host_mono_ns=2516416069066135 [2026-09-30 08:36:36.878] [info] restore label stack
host_utc=2026-09-30T08:36:36.878+00:00 host_mono_ns=2516416069078619 local_cell_num: 77
host_utc=2026-09-30T08:36:36.878+00:00 host_mono_ns=2516416069090902 locals.values.size: 77
host_utc=2026-09-30T08:36:36.878+00:00 host_mono_ns=2516416069103315 [2026-09-30 08:36:36.878] [info] restore label stack
host_utc=2026-09-30T08:36:36.878+00:00 host_mono_ns=2516416069115829 local_cell_num: 22
host_utc=2026-09-30T08:36:36.878+00:00 host_mono_ns=2516416069128032 locals.values.size: 22
host_utc=2026-09-30T08:36:36.878+00:00 host_mono_ns=2516416069140455 [2026-09-30 08:36:36.878] [info] restore label stack
host_utc=2026-09-30T08:36:36.878+00:00 host_mono_ns=2516416069152979 [2026-09-30 08:36:36.878] [info] Finish to restore stack
host_utc=2026-09-30T08:36:36.878+00:00 host_mono_ns=2516416069165603 
host_utc=2026-09-30T08:36:36.879+00:00 host_mono_ns=2516416069185120 stack, 148521
host_utc=2026-09-30T08:36:36.879+00:00 host_mono_ns=2516416069198064 global, 34626
host_utc=2026-09-30T08:36:36.879+00:00 host_mono_ns=2516416069210658 program counter, 18094
host_utc=2026-09-30T08:36:36.879+00:00 host_mono_ns=2516416069223382 initします
host_utc=2026-09-30T08:36:36.879+00:00 host_mono_ns=2516416070028243 boot_end, 2516416069927462
host_utc=2026-09-30T08:36:36.879+00:00 host_mono_ns=2516416070053661 wasm_cluster_increase_checkpointing_counter called 1
host_utc=2026-09-30T08:36:36.879+00:00 host_mono_ns=2516416070064882 Restoring wasm thread 3
host_utc=2026-09-30T08:36:36.879+00:00 host_mono_ns=2516416070071855 wasm_cluster_increase_checkpointing_counter called 2
host_utc=2026-09-30T08:36:36.879+00:00 host_mono_ns=2516416070077927 wasm_cluster_increase_checkpointing_counter called 3
host_utc=2026-09-30T08:36:36.879+00:00 host_mono_ns=2516416070083627 [2026-09-30 08:36:36.879] [info] wasm_restore_stack
host_utc=2026-09-30T08:36:36.879+00:00 host_mono_ns=2516416070091663 
host_utc=2026-09-30T08:36:36.879+00:00 host_mono_ns=2516416070103254 local_cell_num: 2
host_utc=2026-09-30T08:36:36.879+00:00 host_mono_ns=2516416070109757 locals.values.size: 2
host_utc=2026-09-30T08:36:36.879+00:00 host_mono_ns=2516416070115938 [2026-09-30 08:36:36.879] [info] restore label stack
host_utc=2026-09-30T08:36:36.879+00:00 host_mono_ns=2516416070123763 local_cell_num: 8
host_utc=2026-09-30T08:36:36.879+00:00 host_mono_ns=2516416070130586 locals.values.size: 8
host_utc=2026-09-30T08:36:36.879+00:00 host_mono_ns=2516416070136307 [2026-09-30 08:36:36.879] [info] restore label stack
host_utc=2026-09-30T08:36:36.879+00:00 host_mono_ns=2516416070141978 local_cell_num: 14
host_utc=2026-09-30T08:36:36.879+00:00 host_mono_ns=2516416070147578 locals.values.size: 14
host_utc=2026-09-30T08:36:36.879+00:00 host_mono_ns=2516416070153409 [2026-09-30 08:36:36.879] [info] restore label stack
host_utc=2026-09-30T08:36:36.879+00:00 host_mono_ns=2516416070158980 local_cell_num: 240
host_utc=2026-09-30T08:36:36.879+00:00 host_mono_ns=2516416070164540 locals.values.size: 240
host_utc=2026-09-30T08:36:36.880+00:00 host_mono_ns=2516416070170241 [2026-09-30 08:36:36.879] [info] restore label stack
host_utc=2026-09-30T08:36:36.880+00:00 host_mono_ns=2516416070175781 local_cell_num: 77
host_utc=2026-09-30T08:36:36.880+00:00 host_mono_ns=2516416070181402 locals.values.size: 77
host_utc=2026-09-30T08:36:36.880+00:00 host_mono_ns=2516416070187043 [2026-09-30 08:36:36.879] [info] restore label stack
host_utc=2026-09-30T08:36:36.880+00:00 host_mono_ns=2516416070200348 local_cell_num: 22
host_utc=2026-09-30T08:36:36.880+00:00 host_mono_ns=2516416070206069 locals.values.size: 22
host_utc=2026-09-30T08:36:36.880+00:00 host_mono_ns=2516416070211659 [2026-09-30 08:36:36.879] [info] restore label stack
host_utc=2026-09-30T08:36:36.880+00:00 host_mono_ns=2516416070217290 [2026-09-30 08:36:36.879] [info] Finish to restore stack
host_utc=2026-09-30T08:36:36.880+00:00 host_mono_ns=2516416070223041 
host_utc=2026-09-30T08:36:36.880+00:00 host_mono_ns=2516416070228621 stack, 72126
host_utc=2026-09-30T08:36:36.880+00:00 host_mono_ns=2516416070234222 global, 17253
host_utc=2026-09-30T08:36:36.880+00:00 host_mono_ns=2516416070239792 program counter, 11011
host_utc=2026-09-30T08:36:36.880+00:00 host_mono_ns=2516416070440451 initします
host_utc=2026-09-30T08:36:36.881+00:00 host_mono_ns=2516416071818946 boot_end, 2516416071701734
host_utc=2026-09-30T08:36:36.881+00:00 host_mono_ns=2516416071869060 [03:00:16:019 - 767A462D4840]: warning: failed to link import function (env, pthread_exit)
host_utc=2026-09-30T08:36:36.881+00:00 host_mono_ns=2516416071892715 thread 3 restore
host_utc=2026-09-30T08:36:36.881+00:00 host_mono_ns=2516416071907192 wasm_cluster_increase_checkpointing_counter called 1
host_utc=2026-09-30T08:36:36.881+00:00 host_mono_ns=2516416071917472 Restoring wasm thread 2
host_utc=2026-09-30T08:36:36.881+00:00 host_mono_ns=2516416071926599 wasm_cluster_increase_checkpointing_counter called 2
host_utc=2026-09-30T08:36:36.881+00:00 host_mono_ns=2516416071935355 wasm_cluster_increase_checkpointing_counter called 3
host_utc=2026-09-30T08:36:36.881+00:00 host_mono_ns=2516416071944032 [2026-09-30 08:36:36.881] [info] wasm_restore_stack
host_utc=2026-09-30T08:36:36.881+00:00 host_mono_ns=2516416071952748 
host_utc=2026-09-30T08:36:36.881+00:00 host_mono_ns=2516416071961645 local_cell_num: 2
host_utc=2026-09-30T08:36:36.881+00:00 host_mono_ns=2516416071970372 locals.values.size: 2
host_utc=2026-09-30T08:36:36.881+00:00 host_mono_ns=2516416071978958 [2026-09-30 08:36:36.881] [info] restore label stack
host_utc=2026-09-30T08:36:36.881+00:00 host_mono_ns=2516416071987564 local_cell_num: 8
host_utc=2026-09-30T08:36:36.881+00:00 host_mono_ns=2516416071995930 locals.values.size: 8
host_utc=2026-09-30T08:36:36.881+00:00 host_mono_ns=2516416072015136 [2026-09-30 08:36:36.881] [info] restore label stack
host_utc=2026-09-30T08:36:36.881+00:00 host_mono_ns=2516416072027880 local_cell_num: 14
host_utc=2026-09-30T08:36:36.881+00:00 host_mono_ns=2516416072036406 locals.values.size: 14
host_utc=2026-09-30T08:36:36.881+00:00 host_mono_ns=2516416072044962 [2026-09-30 08:36:36.881] [info] restore label stack
host_utc=2026-09-30T08:36:36.881+00:00 host_mono_ns=2516416072053388 [03:00:16:785 - 767A462D4840]: warning: failed to link import function (env, pthread_exit)
host_utc=2026-09-30T08:36:36.881+00:00 host_mono_ns=2516416072062335 local_cell_num: 240
host_utc=2026-09-30T08:36:36.881+00:00 host_mono_ns=2516416072070811 locals.values.size: 240
host_utc=2026-09-30T08:36:36.881+00:00 host_mono_ns=2516416072079307 [2026-09-30 08:36:36.881] [info] restore label stack
host_utc=2026-09-30T08:36:36.881+00:00 host_mono_ns=2516416072087633 local_cell_num: 77
host_utc=2026-09-30T08:36:36.881+00:00 host_mono_ns=2516416072095789 locals.values.size: 77
host_utc=2026-09-30T08:36:36.881+00:00 host_mono_ns=2516416072104144 [2026-09-30 08:36:36.881] [info] restore label stack
host_utc=2026-09-30T08:36:36.881+00:00 host_mono_ns=2516416072112390 local_cell_num: 22
host_utc=2026-09-30T08:36:36.881+00:00 host_mono_ns=2516416072120555 locals.values.size: 22
host_utc=2026-09-30T08:36:36.881+00:00 host_mono_ns=2516416072128851 [2026-09-30 08:36:36.881] [info] restore label stack
host_utc=2026-09-30T08:36:36.881+00:00 host_mono_ns=2516416072137167 [2026-09-30 08:36:36.881] [info] Finish to restore stack
host_utc=2026-09-30T08:36:36.881+00:00 host_mono_ns=2516416072145753 
host_utc=2026-09-30T08:36:36.882+00:00 host_mono_ns=2516416072167915 stack, 88487
host_utc=2026-09-30T08:36:36.882+00:00 host_mono_ns=2516416072177012 global, 17794
host_utc=2026-09-30T08:36:36.882+00:00 host_mono_ns=2516416072185508 program counter, 11992
host_utc=2026-09-30T08:36:36.882+00:00 host_mono_ns=2516416072376529 initします
host_utc=2026-09-30T08:36:36.883+00:00 host_mono_ns=2516416073777646 boot_end, 2516416073685101
host_utc=2026-09-30T08:36:36.883+00:00 host_mono_ns=2516416073832068 thread 2 restore
host_utc=2026-09-30T08:36:36.883+00:00 host_mono_ns=2516416073859681 wasm_cluster_increase_checkpointing_counter called 1
host_utc=2026-09-30T08:36:36.883+00:00 host_mono_ns=2516416073872044 Restoring wasm thread 1
host_utc=2026-09-30T08:36:36.883+00:00 host_mono_ns=2516416073884487 wasm_cluster_increase_checkpointing_counter called 2
host_utc=2026-09-30T08:36:36.883+00:00 host_mono_ns=2516416073895779 wasm_cluster_increase_checkpointing_counter called 3
host_utc=2026-09-30T08:36:36.883+00:00 host_mono_ns=2516416073904565 [2026-09-30 08:36:36.883] [info] wasm_restore_stack
host_utc=2026-09-30T08:36:36.883+00:00 host_mono_ns=2516416073913372 
host_utc=2026-09-30T08:36:36.883+00:00 host_mono_ns=2516416073928260 stack, 100330
host_utc=2026-09-30T08:36:36.883+00:00 host_mono_ns=2516416073937508 global, 20318
host_utc=2026-09-30T08:36:36.883+00:00 host_mono_ns=2516416073946104 program counter, 12474
host_utc=2026-09-30T08:36:36.883+00:00 host_mono_ns=2516416073955522 [03:00:16:760 - 767A462D4840]: warning: failed to link import function (env, pthread_exit)
host_utc=2026-09-30T08:36:36.883+00:00 host_mono_ns=2516416073964909 local_cell_num: 2
host_utc=2026-09-30T08:36:36.883+00:00 host_mono_ns=2516416073973656 locals.values.size: 2
host_utc=2026-09-30T08:36:36.883+00:00 host_mono_ns=2516416073982152 thread 1 restore
host_utc=2026-09-30T08:36:36.883+00:00 host_mono_ns=2516416073990638 [2026-09-30 08:36:36.883] [info] restore label stack
host_utc=2026-09-30T08:36:36.883+00:00 host_mono_ns=2516416073999204 local_cell_num: 8
host_utc=2026-09-30T08:36:36.883+00:00 host_mono_ns=2516416074020274 locals.values.size: 8
host_utc=2026-09-30T08:36:36.883+00:00 host_mono_ns=2516416074031656 [2026-09-30 08:36:36.883] [info] restore label stack
host_utc=2026-09-30T08:36:36.883+00:00 host_mono_ns=2516416074042817 local_cell_num: 14
host_utc=2026-09-30T08:36:36.883+00:00 host_mono_ns=2516416074053787 locals.values.size: 14
host_utc=2026-09-30T08:36:36.883+00:00 host_mono_ns=2516416074063195 [2026-09-30 08:36:36.883] [info] restore label stack
host_utc=2026-09-30T08:36:36.883+00:00 host_mono_ns=2516416074071571 local_cell_num: 240
host_utc=2026-09-30T08:36:36.883+00:00 host_mono_ns=2516416074079897 locals.values.size: 240
host_utc=2026-09-30T08:36:36.883+00:00 host_mono_ns=2516416074088423 [2026-09-30 08:36:36.883] [info] restore label stack
host_utc=2026-09-30T08:36:36.883+00:00 host_mono_ns=2516416074096769 local_cell_num: 77
host_utc=2026-09-30T08:36:36.883+00:00 host_mono_ns=2516416074105034 locals.values.size: 77
host_utc=2026-09-30T08:36:36.883+00:00 host_mono_ns=2516416074113370 [2026-09-30 08:36:36.883] [info] restore label stack
host_utc=2026-09-30T08:36:36.883+00:00 host_mono_ns=2516416074121676 local_cell_num: 22
host_utc=2026-09-30T08:36:36.883+00:00 host_mono_ns=2516416074129841 locals.values.size: 22
host_utc=2026-09-30T08:36:36.883+00:00 host_mono_ns=2516416074138077 [2026-09-30 08:36:36.883] [info] restore label stack
host_utc=2026-09-30T08:36:36.883+00:00 host_mono_ns=2516416074146432 [2026-09-30 08:36:36.883] [info] Finish to restore stack
host_utc=2026-09-30T08:36:36.883+00:00 host_mono_ns=2516416074154918 
host_utc=2026-09-30T08:36:36.884+00:00 host_mono_ns=2516416074345789 initします
host_utc=2026-09-30T08:36:36.884+00:00 host_mono_ns=2516416074365947 wasm_cluster_increase_checkpointing_counter called 1
host_utc=2026-09-30T08:36:36.884+00:00 host_mono_ns=2516416074374644 [2026-09-30 08:36:36.884] [info] wasm_restore_stack
host_utc=2026-09-30T08:36:36.884+00:00 host_mono_ns=2516416074380645 
host_utc=2026-09-30T08:36:36.885+00:00 host_mono_ns=2516416075732298 boot_end, 2516416075617772
host_utc=2026-09-30T08:36:36.885+00:00 host_mono_ns=2516416075749932 stack, 1446984
host_utc=2026-09-30T08:36:36.885+00:00 host_mono_ns=2516416075759570 wasm_cluster_increase_checkpointing_counter called 2
host_utc=2026-09-30T08:36:36.885+00:00 host_mono_ns=2516416075765471 wasm_cluster_increase_checkpointing_counter called 3
host_utc=2026-09-30T08:36:36.885+00:00 host_mono_ns=2516416075771132 local_cell_num: 1
host_utc=2026-09-30T08:36:36.885+00:00 host_mono_ns=2516416075776802 locals.values.size: 1
host_utc=2026-09-30T08:36:36.885+00:00 host_mono_ns=2516416075783104 [2026-09-30 08:36:36.885] [info] restore label stack
host_utc=2026-09-30T08:36:36.885+00:00 host_mono_ns=2516416075790939 local_cell_num: 3
host_utc=2026-09-30T08:36:36.885+00:00 host_mono_ns=2516416075798804 locals.values.size: 3
host_utc=2026-09-30T08:36:36.885+00:00 host_mono_ns=2516416075806548 [2026-09-30 08:36:36.885] [info] restore label stack
host_utc=2026-09-30T08:36:36.885+00:00 host_mono_ns=2516416075814644 local_cell_num: 147
host_utc=2026-09-30T08:36:36.885+00:00 host_mono_ns=2516416075822759 locals.values.size: 147
host_utc=2026-09-30T08:36:36.885+00:00 host_mono_ns=2516416075830734 [2026-09-30 08:36:36.885] [info] wasm_restore_stack
host_utc=2026-09-30T08:36:36.885+00:00 host_mono_ns=2516416075838469 
host_utc=2026-09-30T08:36:36.885+00:00 host_mono_ns=2516416075844781 [2026-09-30 08:36:36.885] [info] restore label stack
host_utc=2026-09-30T08:36:36.885+00:00 host_mono_ns=2516416075850481 local_cell_num: 19
host_utc=2026-09-30T08:36:36.885+00:00 host_mono_ns=2516416075856042 locals.values.size: 19
host_utc=2026-09-30T08:36:36.885+00:00 host_mono_ns=2516416075861693 [2026-09-30 08:36:36.885] [info] restore label stack
host_utc=2026-09-30T08:36:36.885+00:00 host_mono_ns=2516416075867293 local_cell_num: 63
host_utc=2026-09-30T08:36:36.885+00:00 host_mono_ns=2516416075872844 locals.values.size: 63
host_utc=2026-09-30T08:36:36.885+00:00 host_mono_ns=2516416075878424 [2026-09-30 08:36:36.885] [info] restore label stack
host_utc=2026-09-30T08:36:36.885+00:00 host_mono_ns=2516416075883965 local_cell_num: 9
host_utc=2026-09-30T08:36:36.885+00:00 host_mono_ns=2516416075889465 locals.values.size: 9
host_utc=2026-09-30T08:36:36.885+00:00 host_mono_ns=2516416075895006 [2026-09-30 08:36:36.885] [info] restore label stack
host_utc=2026-09-30T08:36:36.885+00:00 host_mono_ns=2516416075900566 local_cell_num: 9
host_utc=2026-09-30T08:36:36.885+00:00 host_mono_ns=2516416075906066 locals.values.size: 9
host_utc=2026-09-30T08:36:36.885+00:00 host_mono_ns=2516416075911597 [2026-09-30 08:36:36.885] [info] restore label stack
host_utc=2026-09-30T08:36:36.885+00:00 host_mono_ns=2516416075917248 local_cell_num: 6
host_utc=2026-09-30T08:36:36.885+00:00 host_mono_ns=2516416075922708 locals.values.size: 6
host_utc=2026-09-30T08:36:36.885+00:00 host_mono_ns=2516416075928278 [2026-09-30 08:36:36.885] [info] restore label stack
host_utc=2026-09-30T08:36:36.885+00:00 host_mono_ns=2516416075933919 [2026-09-30 08:36:36.885] [info] Finish to restore stack
host_utc=2026-09-30T08:36:36.885+00:00 host_mono_ns=2516416075939550 
host_utc=2026-09-30T08:36:36.885+00:00 host_mono_ns=2516416075948477 local_cell_num: 2
host_utc=2026-09-30T08:36:36.885+00:00 host_mono_ns=2516416075954047 locals.values.size: 2
host_utc=2026-09-30T08:36:36.885+00:00 host_mono_ns=2516416075959618 [2026-09-30 08:36:36.885] [info] restore label stack
host_utc=2026-09-30T08:36:36.885+00:00 host_mono_ns=2516416075965218 local_cell_num: 8
host_utc=2026-09-30T08:36:36.885+00:00 host_mono_ns=2516416075970739 locals.values.size: 8
host_utc=2026-09-30T08:36:36.885+00:00 host_mono_ns=2516416075976209 [2026-09-30 08:36:36.885] [info] restore label stack
host_utc=2026-09-30T08:36:36.885+00:00 host_mono_ns=2516416075981759 local_cell_num: 14
host_utc=2026-09-30T08:36:36.885+00:00 host_mono_ns=2516416075987230 locals.values.size: 14
host_utc=2026-09-30T08:36:36.885+00:00 host_mono_ns=2516416075992750 [2026-09-30 08:36:36.885] [info] restore label stack
host_utc=2026-09-30T08:36:36.885+00:00 host_mono_ns=2516416076013640 local_cell_num: 155
host_utc=2026-09-30T08:36:36.885+00:00 host_mono_ns=2516416076021815 locals.values.size: 155
host_utc=2026-09-30T08:36:36.885+00:00 host_mono_ns=2516416076027516 [2026-09-30 08:36:36.885] [info] restore label stack
host_utc=2026-09-30T08:36:36.885+00:00 host_mono_ns=2516416076033157 local_cell_num: 19
host_utc=2026-09-30T08:36:36.885+00:00 host_mono_ns=2516416076039158 locals.values.size: 19
host_utc=2026-09-30T08:36:36.885+00:00 host_mono_ns=2516416076045370 [2026-09-30 08:36:36.885] [info] restore label stack
host_utc=2026-09-30T08:36:36.885+00:00 host_mono_ns=2516416076050870 local_cell_num: 63
host_utc=2026-09-30T08:36:36.885+00:00 host_mono_ns=2516416076056320 locals.values.size: 63
host_utc=2026-09-30T08:36:36.885+00:00 host_mono_ns=2516416076061891 [2026-09-30 08:36:36.885] [info] restore label stack
host_utc=2026-09-30T08:36:36.885+00:00 host_mono_ns=2516416076067421 local_cell_num: 9
host_utc=2026-09-30T08:36:36.885+00:00 host_mono_ns=2516416076072902 locals.values.size: 9
host_utc=2026-09-30T08:36:36.885+00:00 host_mono_ns=2516416076078352 [2026-09-30 08:36:36.885] [info] restore label stack
host_utc=2026-09-30T08:36:36.885+00:00 host_mono_ns=2516416076083942 local_cell_num: 9
host_utc=2026-09-30T08:36:36.885+00:00 host_mono_ns=2516416076089443 locals.values.size: 9
host_utc=2026-09-30T08:36:36.885+00:00 host_mono_ns=2516416076094953 [2026-09-30 08:36:36.885] [info] restore label stack
host_utc=2026-09-30T08:36:36.885+00:00 host_mono_ns=2516416076100484 local_cell_num: 6
host_utc=2026-09-30T08:36:36.885+00:00 host_mono_ns=2516416076105924 locals.values.size: 6
host_utc=2026-09-30T08:36:36.885+00:00 host_mono_ns=2516416076111434 [2026-09-30 08:36:36.885] [info] restore label stack
host_utc=2026-09-30T08:36:36.885+00:00 host_mono_ns=2516416076117005 [2026-09-30 08:36:36.885] [info] Finish to restore stack
host_utc=2026-09-30T08:36:36.885+00:00 host_mono_ns=2516416076122616 
host_utc=2026-09-30T08:36:36.885+00:00 host_mono_ns=2516416076128156 stack, 116731
host_utc=2026-09-30T08:36:36.885+00:00 host_mono_ns=2516416076133716 global, 20750
host_utc=2026-09-30T08:36:36.885+00:00 host_mono_ns=2516416076139287 program counter, 11211
host_utc=2026-09-30T08:36:37.639+00:00 host_mono_ns=2516416829473930 memory, 753322881
host_utc=2026-09-30T08:36:37.639+00:00 host_mono_ns=2516416829525207 Restore: add_membership for fd 5 used destination default interface
host_utc=2026-09-30T08:36:37.639+00:00 host_mono_ns=2516416829534354 Restore: add_membership for fd 13 used destination default interface
host_utc=2026-09-30T08:36:37.639+00:00 host_mono_ns=2516416829541869 global, 13836
host_utc=2026-09-30T08:36:37.639+00:00 host_mono_ns=2516416829549182 program counter, 15228
host_utc=2026-09-30T08:36:39.641+00:00 host_mono_ns=2516418831612954 '
host_utc=2026-09-30T08:36:39.641+00:00 host_mono_ns=2516418831669361 LOG_DEBUG : 00000015.233 : [MROS2LIB] message get [callback_handler] msg_sn_high: 0 msg_sn_low: c
host_utc=2026-09-30T08:36:39.641+00:00 host_mono_ns=2516418831684970 subscribed msg: 'Hello from mros2-posix onto Linux: 15'
host_utc=2026-09-30T08:36:39.641+00:00 host_mono_ns=2516418831707844 LOG_ERROR : 00000019.103 : LOG_ERROR : 00000019.103 : UDP_RECV result=error errno=27 fd=5 recv=-1UDP_RECV result=error errno=27 fd=11 recv=-1
host_utc=2026-09-30T08:36:39.641+00:00 host_mono_ns=2516418831722010 LOG_ERROR : 00000019.103 : LOG_ERROR : 00000019.103 : UDP_RECV result=error errno=27 fd=13 recv=-1UDP_RECV_RECOVERY action=skip reason=EINTR fd=5
host_utc=2026-09-30T08:36:39.641+00:00 host_mono_ns=2516418831734203 LOG_ERROR : 00000019.104 :
host_utc=2026-09-30T08:36:39.641+00:00 host_mono_ns=2516418831745365 UDP_RECV_RECOVERY action=skip reason=EINTR fd=13
host_utc=2026-09-30T08:36:39.641+00:00 host_mono_ns=2516418831757097 LOG_ERROR : 00000019.104 : LOG_ERROR : 00000019.103 : UDP_RECV_RECOVERY action=skip reason=EINTR fd=11UDP_RECV result=error errno=27 fd=7 recv=-1
host_utc=2026-09-30T08:36:39.641+00:00 host_mono_ns=2516418831768598 
host_utc=2026-09-30T08:36:39.641+00:00 host_mono_ns=2516418831792734 
host_utc=2026-09-30T08:36:39.641+00:00 host_mono_ns=2516418831798495 LOG_ERROR : 00000019.105 : UDP_RECV_RECOVERY action=skip reason=EINTR fd=7
host_utc=2026-09-30T08:36:39.641+00:00 host_mono_ns=2516418831805198 netif_wasm: local ip changed to 0x060012ac
host_utc=2026-09-30T08:36:39.641+00:00 host_mono_ns=2516418831811079 publishing msg: 'Hello from mros2-posix onto Linux: 16'
host_utc=2026-09-30T08:36:39.641+00:00 host_mono_ns=2516418831818062 LOG_DEBUG : 00000020.107 : [MROS2LIB] message get [callback_handler] msg_sn_high: 0 msg_sn_low: d
host_utc=2026-09-30T08:36:39.641+00:00 host_mono_ns=2516418831824163 subscribed msg: 'Hello from mros2-posix onto Linux: 16'
host_utc=2026-09-30T08:36:44.644+00:00 host_mono_ns=2516423834671975 publishing msg: 'Hello from mros2-posix onto Linux: 17'
host_utc=2026-09-30T08:36:44.644+00:00 host_mono_ns=2516423834726708 LOG_DEBUG : 00000021.105 : [MROS2LIB] message get [callback_handler] msg_sn_high: 0 msg_sn_low: e
host_utc=2026-09-30T08:36:44.644+00:00 host_mono_ns=2516423834751585 subscribed msg: 'Hello from mros2-posix onto Linux: 17'
host_utc=2026-09-30T08:36:44.644+00:00 host_mono_ns=2516423834775060 publishing msg: 'Hello from mros2-posix onto Linux: 18'
host_utc=2026-09-30T08:36:44.644+00:00 host_mono_ns=2516423834796460 LOG_DEBUG : 00000022.105 : [MROS2LIB] message get [callback_handler] msg_sn_high: 0 msg_sn_low: f
host_utc=2026-09-30T08:36:44.644+00:00 host_mono_ns=2516423834812130 subscribed msg: 'Hello from mros2-posix onto Linux: 18'
host_utc=2026-09-30T08:36:44.644+00:00 host_mono_ns=2516423834826557 publishing msg: 'Hello from mros2-posix onto Linux: 19'
host_utc=2026-09-30T08:36:44.644+00:00 host_mono_ns=2516423834840082 LOG_DEBUG : 00000023.106 : [MROS2LIB] message get [callback_handler] msg_sn_high: 0 msg_sn_low: 10
host_utc=2026-09-30T08:36:44.644+00:00 host_mono_ns=2516423834853668 subscribed msg: 'Hello from mros2-posix onto Linux: 19'
host_utc=2026-09-30T08:36:44.644+00:00 host_mono_ns=2516423834867564 publishing msg: 'Hello from mros2-posix onto Linux: 20'
host_utc=2026-09-30T08:36:44.644+00:00 host_mono_ns=2516423834880910 LOG_DEBUG : 00000024.107 : [MROS2LIB] message get [callback_handler] msg_sn_high: 0 msg_sn_low: 11
host_utc=2026-09-30T08:36:44.644+00:00 host_mono_ns=2516423834893904 subscribed msg: 'Hello from mros2-posix onto Linux: 20'
host_utc=2026-09-30T08:36:44.644+00:00 host_mono_ns=2516423834907380 publishing msg: 'Hello from mros2-posix onto Linux: 21'
host_utc=2026-09-30T08:36:44.644+00:00 host_mono_ns=2516423834920795 LOG_DEBUG : 00000025.107 : [MROS2LIB] message get [callback_handler] msg_sn_high: 0 msg_sn_low: 12
host_utc=2026-09-30T08:36:44.644+00:00 host_mono_ns=2516423834950631 subscribed msg: 'Hello from mros2-posix onto Linux: 21'
host_utc=2026-09-30T08:36:48.649+00:00 host_mono_ns=2516427839201653 publishing msg: 'Hello from mros2-posix onto Linux: 22'
host_utc=2026-09-30T08:36:48.649+00:00 host_mono_ns=2516427839246938 LOG_DEBUG : 00000026.108 : [MROS2LIB] message get [callback_handler] msg_sn_high: 0 msg_sn_low: 13
host_utc=2026-09-30T08:36:48.649+00:00 host_mono_ns=2516427839265814 subscribed msg: 'Hello from mros2-posix onto Linux: 22'
host_utc=2026-09-30T08:36:48.649+00:00 host_mono_ns=2516427839282335 publishing msg: 'Hello from mros2-posix onto Linux: 23'
host_utc=2026-09-30T08:36:48.649+00:00 host_mono_ns=2516427839297384 LOG_DEBUG : 00000027.109 : [MROS2LIB] message get [callback_handler] msg_sn_high: 0 msg_sn_low: 14
host_utc=2026-09-30T08:36:48.649+00:00 host_mono_ns=2516427839311440 subscribed msg: 'Hello from mros2-posix onto Linux: 23'
host_utc=2026-09-30T08:36:48.649+00:00 host_mono_ns=2516427839325657 publishing msg: 'Hello from mros2-posix onto Linux: 24'
host_utc=2026-09-30T08:36:48.649+00:00 host_mono_ns=2516427839339102 LOG_DEBUG : 00000028.109 : [MROS2LIB] message get [callback_handler] msg_sn_high: 0 msg_sn_low: 15
host_utc=2026-09-30T08:36:48.649+00:00 host_mono_ns=2516427839352528 subscribed msg: 'Hello from mros2-posix onto Linux: 24'
host_utc=2026-09-30T08:36:48.649+00:00 host_mono_ns=2516427839366514 publishing msg: 'Hello from mros2-posix onto Linux: 25'
host_utc=2026-09-30T08:36:48.649+00:00 host_mono_ns=2516427839404757 LOG_DEBUG : 00000029.110 : [MROS2LIB] message get [callback_handler] msg_sn_high: 0 msg_sn_low: 16
host_utc=2026-09-30T08:36:48.649+00:00 host_mono_ns=2516427839416328 subscribed msg: 'Hello from mros2-posix onto Linux: 25'
host_utc=2026-09-30T08:36:48.649+00:00 host_mono_ns=2516427839429784 publishing msg: 'Hello from mros2-posix onto Linux: 26'
host_utc=2026-09-30T08:36:48.649+00:00 host_mono_ns=2516427839442067 LOG_DEBUG : 00000030.110 : [MROS2LIB] message get [callback_handler] msg_sn_high: 0 msg_sn_low: 17
host_utc=2026-09-30T08:36:48.975+00:00 host_mono_ns=2516428165813898 subscribed msg: 'Hello from mros2-posix onto Linux: 26
host_utc=2026-09-30T08:36:48.975+00:00 host_mono_ns=2516428165936530 event=collector_process_exit source=restore exit_status=143
