host_utc=2026-10-03T06:54:24.904+00:00 host_mono_ns=2769484094464997 boot_start, 2769484094244290
host_utc=2026-10-03T06:54:25.095+00:00 host_mono_ns=2769484286083889 11 stderr
host_utc=2026-10-03T06:54:25.095+00:00 host_mono_ns=2769484286124996 22 stderr
host_utc=2026-10-03T06:54:25.095+00:00 host_mono_ns=2769484286134965 signal init: 140705190577728
host_utc=2026-10-03T06:54:25.095+00:00 host_mono_ns=2769484286143641 initします
host_utc=2026-10-03T06:54:25.096+00:00 host_mono_ns=2769484286835849 boot_end, 2769484286700333
host_utc=2026-10-03T06:54:25.096+00:00 host_mono_ns=2769484287162676 3 stderr
host_utc=2026-10-03T06:54:25.097+00:00 host_mono_ns=2769484287403681 initします
host_utc=2026-10-03T06:54:25.098+00:00 host_mono_ns=2769484288646547 boot_end, 2769484288477348
host_utc=2026-10-03T06:54:25.098+00:00 host_mono_ns=2769484288860922 [01:18:04:365 - 7FF87B0AE840]: Load type section success.
host_utc=2026-10-03T06:54:25.098+00:00 host_mono_ns=2769484288906659 
host_utc=2026-10-03T06:54:25.098+00:00 host_mono_ns=2769484288922769 [01:18:04:386 - 7FF87B0AE840]: Load import section success.
host_utc=2026-10-03T06:54:25.098+00:00 host_mono_ns=2769484288941855 
host_utc=2026-10-03T06:54:25.098+00:00 host_mono_ns=2769484288959779 [01:18:04:143 - 7FF87B0AE840]: Load function section success.
host_utc=2026-10-03T06:54:25.098+00:00 host_mono_ns=2769484288978855 
host_utc=2026-10-03T06:54:25.098+00:00 host_mono_ns=2769484288996679 [01:18:04:145 - 7FF87B0AE840]: Load table section success.
host_utc=2026-10-03T06:54:25.098+00:00 host_mono_ns=2769484289025383 
host_utc=2026-10-03T06:54:25.098+00:00 host_mono_ns=2769484289048196 [01:18:04:146 - 7FF87B0AE840]: Load global section success.
host_utc=2026-10-03T06:54:25.098+00:00 host_mono_ns=2769484289061030 
host_utc=2026-10-03T06:54:25.098+00:00 host_mono_ns=2769484289072973 [01:18:04:147 - 7FF87B0AE840]: Load export section success.
host_utc=2026-10-03T06:54:25.098+00:00 host_mono_ns=2769484289085466 
host_utc=2026-10-03T06:54:25.098+00:00 host_mono_ns=2769484289098651 [01:18:04:148 - 7FF87B0AE840]: Load start section success.
host_utc=2026-10-03T06:54:25.098+00:00 host_mono_ns=2769484289115974 
host_utc=2026-10-03T06:54:25.098+00:00 host_mono_ns=2769484289129459 [01:18:04:150 - 7FF87B0AE840]: Load table segment section success.
host_utc=2026-10-03T06:54:25.098+00:00 host_mono_ns=2769484289142243 
host_utc=2026-10-03T06:54:25.098+00:00 host_mono_ns=2769484289154176 [01:18:04:151 - 7FF87B0AE840]: Load datacount section success.
host_utc=2026-10-03T06:54:25.098+00:00 host_mono_ns=2769484289167040 
host_utc=2026-10-03T06:54:25.099+00:00 host_mono_ns=2769484289178953 [01:18:04:151 - 7FF87B0AE840]: Load code segment section success.
host_utc=2026-10-03T06:54:25.099+00:00 host_mono_ns=2769484289191697 
host_utc=2026-10-03T06:54:25.099+00:00 host_mono_ns=2769484289203489 [01:18:04:152 - 7FF87B0AE840]: Load data segment section success.
host_utc=2026-10-03T06:54:25.099+00:00 host_mono_ns=2769484289215973 
host_utc=2026-10-03T06:54:25.099+00:00 host_mono_ns=2769484289227825 [01:18:04:152 - 7FF87B0AE840]: Ignore custom section [.debug_abbrev].
host_utc=2026-10-03T06:54:25.099+00:00 host_mono_ns=2769484289240609 [01:18:04:153 - 7FF87B0AE840]: Ignore custom section [.debug_info].
host_utc=2026-10-03T06:54:25.099+00:00 host_mono_ns=2769484289253113 [01:18:04:153 - 7FF87B0AE840]: Ignore custom section [.debug_ranges].
host_utc=2026-10-03T06:54:25.099+00:00 host_mono_ns=2769484289265546 [01:18:04:154 - 7FF87B0AE840]: Ignore custom section [.debug_str].
host_utc=2026-10-03T06:54:25.099+00:00 host_mono_ns=2769484289278150 [01:18:04:154 - 7FF87B0AE840]: Ignore custom section [.debug_line].
host_utc=2026-10-03T06:54:25.099+00:00 host_mono_ns=2769484289290603 [01:18:04:154 - 7FF87B0AE840]: Ignore custom section [.debug_loc].
host_utc=2026-10-03T06:54:25.099+00:00 host_mono_ns=2769484289302927 [01:18:04:155 - 7FF87B0AE840]: Ignore custom section [name].
host_utc=2026-10-03T06:54:25.099+00:00 host_mono_ns=2769484289315701 [01:18:04:155 - 7FF87B0AE840]: Ignore custom section [producers].
host_utc=2026-10-03T06:54:25.099+00:00 host_mono_ns=2769484289328355 [01:18:04:156 - 7FF87B0AE840]: Ignore custom section [target_features].
host_utc=2026-10-03T06:54:25.099+00:00 host_mono_ns=2769484289357630 [01:18:04:156 - 7FF87B0AE840]: Found aux __heap_base global, value: 7855216
host_utc=2026-10-03T06:54:25.099+00:00 host_mono_ns=2769484289371025 [01:18:04:157 - 7FF87B0AE840]: Found aux __data_end global, value: 1301604
host_utc=2026-10-03T06:54:25.099+00:00 host_mono_ns=2769484289383860 [01:18:04:157 - 7FF87B0AE840]: Found aux stack top global, value: 7855216, global index: 0, stack size: 6553600
host_utc=2026-10-03T06:54:25.099+00:00 host_mono_ns=2769484289397666 [01:18:04:158 - 7FF87B0AE840]: Found malloc function, name: malloc, index: 3154
host_utc=2026-10-03T06:54:25.099+00:00 host_mono_ns=2769484289410390 [01:18:04:158 - 7FF87B0AE840]: Found free function, name: free, index: 3156
host_utc=2026-10-03T06:54:25.099+00:00 host_mono_ns=2769484289422973 [01:18:04:498 - 7FF87B0AE840]: Load module success.
host_utc=2026-10-03T06:54:25.099+00:00 host_mono_ns=2769484289435697 
host_utc=2026-10-03T06:54:25.099+00:00 host_mono_ns=2769484289447790 [01:18:04:507 - 7FF87B0AE840]: Memory instantiate:
host_utc=2026-10-03T06:54:25.099+00:00 host_mono_ns=2769484289460134 [01:18:04:508 - 7FF87B0AE840]:   page bytes: 65536, init pages: 16384, max pages: 16384
host_utc=2026-10-03T06:54:25.099+00:00 host_mono_ns=2769484289472948 [01:18:04:509 - 7FF87B0AE840]:   heap offset: 1073741824, heap size: 0
host_utc=2026-10-03T06:54:25.099+00:00 host_mono_ns=2769484289485602 
host_utc=2026-10-03T06:54:25.099+00:00 host_mono_ns=2769484289497624 [01:18:04:536 - 7FF87B0AE840]: Memory instantiate success.
host_utc=2026-10-03T06:54:25.099+00:00 host_mono_ns=2769484289510048 [01:18:04:659 - 7FF87B0AE840]: warning: failed to link import function (env, pthread_exit)
host_utc=2026-10-03T06:54:25.099+00:00 host_mono_ns=2769484289522902 Restoring wasm thread 11
host_utc=2026-10-03T06:54:25.099+00:00 host_mono_ns=2769484289535476 [01:18:04:837 - 7FF87B0AE840]: warning: failed to link import function (env, pthread_exit)
host_utc=2026-10-03T06:54:25.099+00:00 host_mono_ns=2769484289547969 thread 11 restore
host_utc=2026-10-03T06:54:25.099+00:00 host_mono_ns=2769484289560463 Restoring wasm thread 10
host_utc=2026-10-03T06:54:25.099+00:00 host_mono_ns=2769484289572566 [01:18:04:553 - 7FF87B0AE840]: warning: failed to link import function (env, pthread_exit)
host_utc=2026-10-03T06:54:25.099+00:00 host_mono_ns=2769484289585029 [2026-10-03 06:54:25.098] [info] wasm_restore_stack
host_utc=2026-10-03T06:54:25.099+00:00 host_mono_ns=2769484289597583 
host_utc=2026-10-03T06:54:25.099+00:00 host_mono_ns=2769484289610027 stack, 230826
host_utc=2026-10-03T06:54:25.099+00:00 host_mono_ns=2769484289637128 thread 10 restore
host_utc=2026-10-03T06:54:25.099+00:00 host_mono_ns=2769484289650673 local_cell_num: 2
host_utc=2026-10-03T06:54:25.099+00:00 host_mono_ns=2769484289663217 locals.values.size: 2
host_utc=2026-10-03T06:54:25.099+00:00 host_mono_ns=2769484289676061 [2026-10-03 06:54:25.098] [info] restore label stack
host_utc=2026-10-03T06:54:25.099+00:00 host_mono_ns=2769484289689116 local_cell_num: 8
host_utc=2026-10-03T06:54:25.099+00:00 host_mono_ns=2769484289701469 locals.values.size: 8
host_utc=2026-10-03T06:54:25.099+00:00 host_mono_ns=2769484289713963 [2026-10-03 06:54:25.098] [info] restore label stack
host_utc=2026-10-03T06:54:25.099+00:00 host_mono_ns=2769484289726617 local_cell_num: 14
host_utc=2026-10-03T06:54:25.099+00:00 host_mono_ns=2769484289739220 locals.values.size: 14
host_utc=2026-10-03T06:54:25.099+00:00 host_mono_ns=2769484289751834 [2026-10-03 06:54:25.098] [info] restore label stack
host_utc=2026-10-03T06:54:25.099+00:00 host_mono_ns=2769484289764468 local_cell_num: 45
host_utc=2026-10-03T06:54:25.099+00:00 host_mono_ns=2769484289776801 locals.values.size: 45
host_utc=2026-10-03T06:54:25.099+00:00 host_mono_ns=2769484289789215 [2026-10-03 06:54:25.098] [info] restore label stack
host_utc=2026-10-03T06:54:25.099+00:00 host_mono_ns=2769484289801678 local_cell_num: 19
host_utc=2026-10-03T06:54:25.099+00:00 host_mono_ns=2769484289822307 locals.values.size: 19
host_utc=2026-10-03T06:54:25.099+00:00 host_mono_ns=2769484289835001 [2026-10-03 06:54:25.098] [info] restore label stack
host_utc=2026-10-03T06:54:25.099+00:00 host_mono_ns=2769484289847685 local_cell_num: 63
host_utc=2026-10-03T06:54:25.099+00:00 host_mono_ns=2769484289859968 locals.values.size: 63
host_utc=2026-10-03T06:54:25.099+00:00 host_mono_ns=2769484289872322 [2026-10-03 06:54:25.098] [info] restore label stack
host_utc=2026-10-03T06:54:25.099+00:00 host_mono_ns=2769484289884815 local_cell_num: 9
host_utc=2026-10-03T06:54:25.099+00:00 host_mono_ns=2769484289897129 locals.values.size: 9
host_utc=2026-10-03T06:54:25.099+00:00 host_mono_ns=2769484289909392 [2026-10-03 06:54:25.098] [info] restore label stack
host_utc=2026-10-03T06:54:25.099+00:00 host_mono_ns=2769484289921845 local_cell_num: 9
host_utc=2026-10-03T06:54:25.099+00:00 host_mono_ns=2769484289934128 locals.values.size: 9
host_utc=2026-10-03T06:54:25.099+00:00 host_mono_ns=2769484289946422 [2026-10-03 06:54:25.098] [info] restore label stack
host_utc=2026-10-03T06:54:25.099+00:00 host_mono_ns=2769484289958845 local_cell_num: 6
host_utc=2026-10-03T06:54:25.099+00:00 host_mono_ns=2769484289971128 locals.values.size: 6
host_utc=2026-10-03T06:54:25.099+00:00 host_mono_ns=2769484289983391 [2026-10-03 06:54:25.098] [info] restore label stack
host_utc=2026-10-03T06:54:25.099+00:00 host_mono_ns=2769484289995875 [2026-10-03 06:54:25.098] [info] Finish to restore stack
host_utc=2026-10-03T06:54:25.099+00:00 host_mono_ns=2769484290016955 
host_utc=2026-10-03T06:54:25.099+00:00 host_mono_ns=2769484290034358 global, 24326
host_utc=2026-10-03T06:54:25.099+00:00 host_mono_ns=2769484290047052 program counter, 13055
host_utc=2026-10-03T06:54:25.099+00:00 host_mono_ns=2769484290059545 initします
host_utc=2026-10-03T06:54:25.100+00:00 host_mono_ns=2769484290351066 boot_end, 2769484290138154
host_utc=2026-10-03T06:54:25.100+00:00 host_mono_ns=2769484290381303 wasm_cluster_increase_checkpointing_counter called 1
host_utc=2026-10-03T06:54:25.100+00:00 host_mono_ns=2769484290397834 Restoring wasm thread 9
host_utc=2026-10-03T06:54:25.100+00:00 host_mono_ns=2769484290411320 wasm_cluster_increase_checkpointing_counter called 2
host_utc=2026-10-03T06:54:25.100+00:00 host_mono_ns=2769484290424284 wasm_cluster_increase_checkpointing_counter called 3
host_utc=2026-10-03T06:54:25.100+00:00 host_mono_ns=2769484290436878 [2026-10-03 06:54:25.099] [info] wasm_restore_stack
host_utc=2026-10-03T06:54:25.100+00:00 host_mono_ns=2769484290449712 
host_utc=2026-10-03T06:54:25.100+00:00 host_mono_ns=2769484290471734 stack, 144553
host_utc=2026-10-03T06:54:25.100+00:00 host_mono_ns=2769484290485500 global, 15389
host_utc=2026-10-03T06:54:25.100+00:00 host_mono_ns=2769484290497923 program counter, 9949
host_utc=2026-10-03T06:54:25.100+00:00 host_mono_ns=2769484290510367 [01:18:04:216 - 7FF87B0AE840]: warning: failed to link import function (env, pthread_exit)
host_utc=2026-10-03T06:54:25.100+00:00 host_mono_ns=2769484290523892 thread 9 restore
host_utc=2026-10-03T06:54:25.100+00:00 host_mono_ns=2769484290536476 local_cell_num: 2
host_utc=2026-10-03T06:54:25.100+00:00 host_mono_ns=2769484290548899 locals.values.size: 2
host_utc=2026-10-03T06:54:25.100+00:00 host_mono_ns=2769484290561343 [2026-10-03 06:54:25.100] [info] restore label stack
host_utc=2026-10-03T06:54:25.100+00:00 host_mono_ns=2769484290574067 local_cell_num: 8
host_utc=2026-10-03T06:54:25.100+00:00 host_mono_ns=2769484290586180 locals.values.size: 8
host_utc=2026-10-03T06:54:25.100+00:00 host_mono_ns=2769484290598553 [2026-10-03 06:54:25.100] [info] restore label stack
host_utc=2026-10-03T06:54:25.100+00:00 host_mono_ns=2769484290610676 local_cell_num: 14
host_utc=2026-10-03T06:54:25.100+00:00 host_mono_ns=2769484290622899 locals.values.size: 14
host_utc=2026-10-03T06:54:25.100+00:00 host_mono_ns=2769484290635363 [2026-10-03 06:54:25.100] [info] restore label stack
host_utc=2026-10-03T06:54:25.100+00:00 host_mono_ns=2769484290647666 local_cell_num: 15
host_utc=2026-10-03T06:54:25.100+00:00 host_mono_ns=2769484290675679 locals.values.size: 15
host_utc=2026-10-03T06:54:25.100+00:00 host_mono_ns=2769484290688403 [2026-10-03 06:54:25.100] [info] restore label stack
host_utc=2026-10-03T06:54:25.100+00:00 host_mono_ns=2769484290700656 local_cell_num: 37
host_utc=2026-10-03T06:54:25.100+00:00 host_mono_ns=2769484290712759 locals.values.size: 37
host_utc=2026-10-03T06:54:25.100+00:00 host_mono_ns=2769484290724751 [2026-10-03 06:54:25.100] [info] restore label stack
host_utc=2026-10-03T06:54:25.100+00:00 host_mono_ns=2769484290737085 local_cell_num: 25
host_utc=2026-10-03T06:54:25.100+00:00 host_mono_ns=2769484290749097 locals.values.size: 25
host_utc=2026-10-03T06:54:25.100+00:00 host_mono_ns=2769484290761280 [2026-10-03 06:54:25.100] [info] restore label stack
host_utc=2026-10-03T06:54:25.100+00:00 host_mono_ns=2769484290773453 local_cell_num: 34
host_utc=2026-10-03T06:54:25.100+00:00 host_mono_ns=2769484290785436 locals.values.size: 34
host_utc=2026-10-03T06:54:25.100+00:00 host_mono_ns=2769484290797499 [2026-10-03 06:54:25.100] [info] restore label stack
host_utc=2026-10-03T06:54:25.100+00:00 host_mono_ns=2769484290809792 local_cell_num: 38
host_utc=2026-10-03T06:54:25.100+00:00 host_mono_ns=2769484290821725 locals.values.size: 38
host_utc=2026-10-03T06:54:25.100+00:00 host_mono_ns=2769484290833787 [2026-10-03 06:54:25.100] [info] restore label stack
host_utc=2026-10-03T06:54:25.100+00:00 host_mono_ns=2769484290846121 local_cell_num: 94
host_utc=2026-10-03T06:54:25.100+00:00 host_mono_ns=2769484290858213 locals.values.size: 94
host_utc=2026-10-03T06:54:25.100+00:00 host_mono_ns=2769484290870266 [2026-10-03 06:54:25.100] [info] restore label stack
host_utc=2026-10-03T06:54:25.100+00:00 host_mono_ns=2769484290882630 local_cell_num: 2
host_utc=2026-10-03T06:54:25.100+00:00 host_mono_ns=2769484290894752 locals.values.size: 2
host_utc=2026-10-03T06:54:25.100+00:00 host_mono_ns=2769484290906986 [2026-10-03 06:54:25.100] [info] restore label stack
host_utc=2026-10-03T06:54:25.100+00:00 host_mono_ns=2769484290919239 local_cell_num: 9
host_utc=2026-10-03T06:54:25.100+00:00 host_mono_ns=2769484290931251 locals.values.size: 9
host_utc=2026-10-03T06:54:25.100+00:00 host_mono_ns=2769484290943404 [2026-10-03 06:54:25.100] [info] restore label stack
host_utc=2026-10-03T06:54:25.100+00:00 host_mono_ns=2769484290955938 local_cell_num: 9
host_utc=2026-10-03T06:54:25.100+00:00 host_mono_ns=2769484290967961 locals.values.size: 9
host_utc=2026-10-03T06:54:25.100+00:00 host_mono_ns=2769484290980164 [2026-10-03 06:54:25.100] [info] restore label stack
host_utc=2026-10-03T06:54:25.100+00:00 host_mono_ns=2769484290992397 local_cell_num: 6
host_utc=2026-10-03T06:54:25.100+00:00 host_mono_ns=2769484291015150 locals.values.size: 6
host_utc=2026-10-03T06:54:25.100+00:00 host_mono_ns=2769484291033635 [2026-10-03 06:54:25.100] [info] restore label stack
host_utc=2026-10-03T06:54:25.100+00:00 host_mono_ns=2769484291046198 [2026-10-03 06:54:25.100] [info] Finish to restore stack
host_utc=2026-10-03T06:54:25.100+00:00 host_mono_ns=2769484291058892 
host_utc=2026-10-03T06:54:25.100+00:00 host_mono_ns=2769484291078419 initします
host_utc=2026-10-03T06:54:25.102+00:00 host_mono_ns=2769484292225545 boot_end, 2769484292104747
host_utc=2026-10-03T06:54:25.102+00:00 host_mono_ns=2769484292243609 wasm_cluster_increase_checkpointing_counter called 1
host_utc=2026-10-03T06:54:25.102+00:00 host_mono_ns=2769484292258648 Restoring wasm thread 8
host_utc=2026-10-03T06:54:25.102+00:00 host_mono_ns=2769484292272013 wasm_cluster_increase_checkpointing_counter called 2
host_utc=2026-10-03T06:54:25.102+00:00 host_mono_ns=2769484292285488 wasm_cluster_increase_checkpointing_counter called 3
host_utc=2026-10-03T06:54:25.102+00:00 host_mono_ns=2769484292297992 [2026-10-03 06:54:25.101] [info] wasm_restore_stack
host_utc=2026-10-03T06:54:25.102+00:00 host_mono_ns=2769484292310586 
host_utc=2026-10-03T06:54:25.102+00:00 host_mono_ns=2769484292328540 [01:18:04:183 - 7FF87B0AE840]: warning: failed to link import function (env, pthread_exit)
host_utc=2026-10-03T06:54:25.102+00:00 host_mono_ns=2769484292350170 thread 8 restore
host_utc=2026-10-03T06:54:25.102+00:00 host_mono_ns=2769484292362684 local_cell_num: 2
host_utc=2026-10-03T06:54:25.102+00:00 host_mono_ns=2769484292374967 locals.values.size: 2
host_utc=2026-10-03T06:54:25.102+00:00 host_mono_ns=2769484292387300 [2026-10-03 06:54:25.102] [info] restore label stack
host_utc=2026-10-03T06:54:25.102+00:00 host_mono_ns=2769484292399644 local_cell_num: 8
host_utc=2026-10-03T06:54:25.102+00:00 host_mono_ns=2769484292411616 locals.values.size: 8
host_utc=2026-10-03T06:54:25.102+00:00 host_mono_ns=2769484292423839 [2026-10-03 06:54:25.102] [info] restore label stack
host_utc=2026-10-03T06:54:25.102+00:00 host_mono_ns=2769484292436053 local_cell_num: 14
host_utc=2026-10-03T06:54:25.102+00:00 host_mono_ns=2769484292448015 locals.values.size: 14
host_utc=2026-10-03T06:54:25.102+00:00 host_mono_ns=2769484292460188 [2026-10-03 06:54:25.102] [info] restore label stack
host_utc=2026-10-03T06:54:25.102+00:00 host_mono_ns=2769484292472451 local_cell_num: 15
host_utc=2026-10-03T06:54:25.102+00:00 host_mono_ns=2769484292484484 locals.values.size: 15
host_utc=2026-10-03T06:54:25.102+00:00 host_mono_ns=2769484292496577 [2026-10-03 06:54:25.102] [info] restore label stack
host_utc=2026-10-03T06:54:25.102+00:00 host_mono_ns=2769484292508830 local_cell_num: 27
host_utc=2026-10-03T06:54:25.102+00:00 host_mono_ns=2769484292520843 locals.values.size: 27
host_utc=2026-10-03T06:54:25.102+00:00 host_mono_ns=2769484292532915 [2026-10-03 06:54:25.102] [info] restore label stack
host_utc=2026-10-03T06:54:25.102+00:00 host_mono_ns=2769484292545129 local_cell_num: 25
host_utc=2026-10-03T06:54:25.102+00:00 host_mono_ns=2769484292557131 locals.values.size: 25
host_utc=2026-10-03T06:54:25.102+00:00 host_mono_ns=2769484292569324 [2026-10-03 06:54:25.102] [info] restore label stack
host_utc=2026-10-03T06:54:25.102+00:00 host_mono_ns=2769484292581507 local_cell_num: 34
host_utc=2026-10-03T06:54:25.102+00:00 host_mono_ns=2769484292593520 locals.values.size: 34
host_utc=2026-10-03T06:54:25.102+00:00 host_mono_ns=2769484292605462 [2026-10-03 06:54:25.102] [info] restore label stack
host_utc=2026-10-03T06:54:25.102+00:00 host_mono_ns=2769484292617615 local_cell_num: 38
host_utc=2026-10-03T06:54:25.102+00:00 host_mono_ns=2769484292629568 locals.values.size: 38
host_utc=2026-10-03T06:54:25.102+00:00 host_mono_ns=2769484292641591 [2026-10-03 06:54:25.102] [info] restore label stack
host_utc=2026-10-03T06:54:25.102+00:00 host_mono_ns=2769484292653714 local_cell_num: 94
host_utc=2026-10-03T06:54:25.102+00:00 host_mono_ns=2769484292665806 locals.values.size: 94
host_utc=2026-10-03T06:54:25.102+00:00 host_mono_ns=2769484292677839 [2026-10-03 06:54:25.102] [info] restore label stack
host_utc=2026-10-03T06:54:25.102+00:00 host_mono_ns=2769484292690072 local_cell_num: 2
host_utc=2026-10-03T06:54:25.102+00:00 host_mono_ns=2769484292702115 locals.values.size: 2
host_utc=2026-10-03T06:54:25.102+00:00 host_mono_ns=2769484292714108 [2026-10-03 06:54:25.102] [info] restore label stack
host_utc=2026-10-03T06:54:25.102+00:00 host_mono_ns=2769484292726241 local_cell_num: 9
host_utc=2026-10-03T06:54:25.102+00:00 host_mono_ns=2769484292738333 locals.values.size: 9
host_utc=2026-10-03T06:54:25.102+00:00 host_mono_ns=2769484292750436 [2026-10-03 06:54:25.102] [info] restore label stack
host_utc=2026-10-03T06:54:25.102+00:00 host_mono_ns=2769484292762679 local_cell_num: 9
host_utc=2026-10-03T06:54:25.102+00:00 host_mono_ns=2769484292774742 locals.values.size: 9
host_utc=2026-10-03T06:54:25.102+00:00 host_mono_ns=2769484292786835 [2026-10-03 06:54:25.102] [info] restore label stack
host_utc=2026-10-03T06:54:25.102+00:00 host_mono_ns=2769484292799028 local_cell_num: 6
host_utc=2026-10-03T06:54:25.102+00:00 host_mono_ns=2769484292810910 locals.values.size: 6
host_utc=2026-10-03T06:54:25.102+00:00 host_mono_ns=2769484292822923 [2026-10-03 06:54:25.102] [info] restore label stack
host_utc=2026-10-03T06:54:25.102+00:00 host_mono_ns=2769484292835206 [2026-10-03 06:54:25.102] [info] Finish to restore stack
host_utc=2026-10-03T06:54:25.102+00:00 host_mono_ns=2769484292854783 
host_utc=2026-10-03T06:54:25.102+00:00 host_mono_ns=2769484292873469 stack, 143641
host_utc=2026-10-03T06:54:25.102+00:00 host_mono_ns=2769484292886293 global, 15028
host_utc=2026-10-03T06:54:25.102+00:00 host_mono_ns=2769484292898736 program counter, 9698
host_utc=2026-10-03T06:54:25.102+00:00 host_mono_ns=2769484292911250 initします
host_utc=2026-10-03T06:54:25.103+00:00 host_mono_ns=2769484293897532 boot_end, 2769484293744483
host_utc=2026-10-03T06:54:25.103+00:00 host_mono_ns=2769484293930594 wasm_cluster_increase_checkpointing_counter called 1
host_utc=2026-10-03T06:54:25.103+00:00 host_mono_ns=2769484293946885 Restoring wasm thread 7
host_utc=2026-10-03T06:54:25.103+00:00 host_mono_ns=2769484293960371 wasm_cluster_increase_checkpointing_counter called 2
host_utc=2026-10-03T06:54:25.103+00:00 host_mono_ns=2769484293973395 wasm_cluster_increase_checkpointing_counter called 3
host_utc=2026-10-03T06:54:25.103+00:00 host_mono_ns=2769484293985849 [2026-10-03 06:54:25.103] [info] wasm_restore_stack
host_utc=2026-10-03T06:54:25.103+00:00 host_mono_ns=2769484293998553 
host_utc=2026-10-03T06:54:25.103+00:00 host_mono_ns=2769484294032026 [01:18:04:829 - 7FF87B0AE840]: warning: failed to link import function (env, pthread_exit)
host_utc=2026-10-03T06:54:25.103+00:00 host_mono_ns=2769484294046223 thread 7 restore
host_utc=2026-10-03T06:54:25.103+00:00 host_mono_ns=2769484294059077 local_cell_num: 2
host_utc=2026-10-03T06:54:25.103+00:00 host_mono_ns=2769484294071460 locals.values.size: 2
host_utc=2026-10-03T06:54:25.103+00:00 host_mono_ns=2769484294084114 [2026-10-03 06:54:25.103] [info] restore label stack
host_utc=2026-10-03T06:54:25.103+00:00 host_mono_ns=2769484294096808 local_cell_num: 8
host_utc=2026-10-03T06:54:25.103+00:00 host_mono_ns=2769484294108981 locals.values.size: 8
host_utc=2026-10-03T06:54:25.103+00:00 host_mono_ns=2769484294121335 [2026-10-03 06:54:25.103] [info] restore label stack
host_utc=2026-10-03T06:54:25.103+00:00 host_mono_ns=2769484294133658 local_cell_num: 25
host_utc=2026-10-03T06:54:25.103+00:00 host_mono_ns=2769484294145761 locals.values.size: 25
host_utc=2026-10-03T06:54:25.103+00:00 host_mono_ns=2769484294158314 [2026-10-03 06:54:25.103] [info] restore label stack
host_utc=2026-10-03T06:54:25.104+00:00 host_mono_ns=2769484294170618 local_cell_num: 10
host_utc=2026-10-03T06:54:25.104+00:00 host_mono_ns=2769484294182741 locals.values.size: 10
host_utc=2026-10-03T06:54:25.104+00:00 host_mono_ns=2769484294195104 [2026-10-03 06:54:25.103] [info] restore label stack
host_utc=2026-10-03T06:54:25.104+00:00 host_mono_ns=2769484294207467 local_cell_num: 22
host_utc=2026-10-03T06:54:25.104+00:00 host_mono_ns=2769484294219510 locals.values.size: 22
host_utc=2026-10-03T06:54:25.104+00:00 host_mono_ns=2769484294231673 [2026-10-03 06:54:25.103] [info] restore label stack
host_utc=2026-10-03T06:54:25.104+00:00 host_mono_ns=2769484294243896 local_cell_num: 62
host_utc=2026-10-03T06:54:25.104+00:00 host_mono_ns=2769484294255819 locals.values.size: 62
host_utc=2026-10-03T06:54:25.104+00:00 host_mono_ns=2769484294267811 [2026-10-03 06:54:25.103] [info] restore label stack
host_utc=2026-10-03T06:54:25.104+00:00 host_mono_ns=2769484294279874 local_cell_num: 18
host_utc=2026-10-03T06:54:25.104+00:00 host_mono_ns=2769484294291887 locals.values.size: 18
host_utc=2026-10-03T06:54:25.104+00:00 host_mono_ns=2769484294303809 [2026-10-03 06:54:25.103] [info] restore label stack
host_utc=2026-10-03T06:54:25.104+00:00 host_mono_ns=2769484294315952 local_cell_num: 21
host_utc=2026-10-03T06:54:25.104+00:00 host_mono_ns=2769484294327925 locals.values.size: 21
host_utc=2026-10-03T06:54:25.104+00:00 host_mono_ns=2769484294339897 [2026-10-03 06:54:25.103] [info] restore label stack
host_utc=2026-10-03T06:54:25.104+00:00 host_mono_ns=2769484294352191 local_cell_num: 10
host_utc=2026-10-03T06:54:25.104+00:00 host_mono_ns=2769484294364283 locals.values.size: 10
host_utc=2026-10-03T06:54:25.104+00:00 host_mono_ns=2769484294376326 [2026-10-03 06:54:25.103] [info] restore label stack
host_utc=2026-10-03T06:54:25.104+00:00 host_mono_ns=2769484294400522 local_cell_num: 2
host_utc=2026-10-03T06:54:25.104+00:00 host_mono_ns=2769484294412895 locals.values.size: 2
host_utc=2026-10-03T06:54:25.104+00:00 host_mono_ns=2769484294425028 [2026-10-03 06:54:25.103] [info] restore label stack
host_utc=2026-10-03T06:54:25.104+00:00 host_mono_ns=2769484294437271 local_cell_num: 9
host_utc=2026-10-03T06:54:25.104+00:00 host_mono_ns=2769484294449364 locals.values.size: 9
host_utc=2026-10-03T06:54:25.104+00:00 host_mono_ns=2769484294461437 [2026-10-03 06:54:25.103] [info] restore label stack
host_utc=2026-10-03T06:54:25.104+00:00 host_mono_ns=2769484294473650 local_cell_num: 9
host_utc=2026-10-03T06:54:25.104+00:00 host_mono_ns=2769484294485833 locals.values.size: 9
host_utc=2026-10-03T06:54:25.104+00:00 host_mono_ns=2769484294497906 [2026-10-03 06:54:25.103] [info] restore label stack
host_utc=2026-10-03T06:54:25.104+00:00 host_mono_ns=2769484294510069 local_cell_num: 6
host_utc=2026-10-03T06:54:25.104+00:00 host_mono_ns=2769484294521941 locals.values.size: 6
host_utc=2026-10-03T06:54:25.104+00:00 host_mono_ns=2769484294534024 [2026-10-03 06:54:25.103] [info] restore label stack
host_utc=2026-10-03T06:54:25.104+00:00 host_mono_ns=2769484294546227 [2026-10-03 06:54:25.103] [info] Finish to restore stack
host_utc=2026-10-03T06:54:25.104+00:00 host_mono_ns=2769484294558921 
host_utc=2026-10-03T06:54:25.104+00:00 host_mono_ns=2769484294571314 stack, 131669
host_utc=2026-10-03T06:54:25.104+00:00 host_mono_ns=2769484294583888 global, 20358
host_utc=2026-10-03T06:54:25.104+00:00 host_mono_ns=2769484294596241 program counter, 12434
host_utc=2026-10-03T06:54:25.104+00:00 host_mono_ns=2769484294615478 initします
host_utc=2026-10-03T06:54:25.105+00:00 host_mono_ns=2769484295984372 boot_end, 2769484295845941
host_utc=2026-10-03T06:54:25.105+00:00 host_mono_ns=2769484296031411 wasm_cluster_increase_checkpointing_counter called 1
host_utc=2026-10-03T06:54:25.105+00:00 host_mono_ns=2769484296051269 Restoring wasm thread 6
host_utc=2026-10-03T06:54:25.105+00:00 host_mono_ns=2769484296064754 wasm_cluster_increase_checkpointing_counter called 2
host_utc=2026-10-03T06:54:25.105+00:00 host_mono_ns=2769484296077578 wasm_cluster_increase_checkpointing_counter called 3
host_utc=2026-10-03T06:54:25.105+00:00 host_mono_ns=2769484296090032 [2026-10-03 06:54:25.105] [info] wasm_restore_stack
host_utc=2026-10-03T06:54:25.105+00:00 host_mono_ns=2769484296102706 
host_utc=2026-10-03T06:54:25.105+00:00 host_mono_ns=2769484296123766 [01:18:04:923 - 7FF87B0AE840]: warning: failed to link import function (env, pthread_exit)
host_utc=2026-10-03T06:54:25.105+00:00 host_mono_ns=2769484296137582 local_cell_num: 2
host_utc=2026-10-03T06:54:25.105+00:00 host_mono_ns=2769484296150256 locals.values.size: 2
host_utc=2026-10-03T06:54:25.105+00:00 host_mono_ns=2769484296162789 [2026-10-03 06:54:25.105] [info] restore label stack
host_utc=2026-10-03T06:54:25.106+00:00 host_mono_ns=2769484296175453 local_cell_num: 8
host_utc=2026-10-03T06:54:25.106+00:00 host_mono_ns=2769484296187616 locals.values.size: 8
host_utc=2026-10-03T06:54:25.106+00:00 host_mono_ns=2769484296199979 [2026-10-03 06:54:25.105] [info] restore label stack
host_utc=2026-10-03T06:54:25.106+00:00 host_mono_ns=2769484296212313 local_cell_num: 14
host_utc=2026-10-03T06:54:25.106+00:00 host_mono_ns=2769484296224596 locals.values.size: 14
host_utc=2026-10-03T06:54:25.106+00:00 host_mono_ns=2769484296237300 [2026-10-03 06:54:25.105] [info] restore label stack
host_utc=2026-10-03T06:54:25.106+00:00 host_mono_ns=2769484296249703 local_cell_num: 8
host_utc=2026-10-03T06:54:25.106+00:00 host_mono_ns=2769484296261726 locals.values.size: 8
host_utc=2026-10-03T06:54:25.106+00:00 host_mono_ns=2769484296274009 [2026-10-03 06:54:25.105] [info] restore label stack
host_utc=2026-10-03T06:54:25.106+00:00 host_mono_ns=2769484296286192 local_cell_num: 13
host_utc=2026-10-03T06:54:25.106+00:00 host_mono_ns=2769484296298235 locals.values.size: 13
host_utc=2026-10-03T06:54:25.106+00:00 host_mono_ns=2769484296321719 [2026-10-03 06:54:25.105] [info] restore label stack
host_utc=2026-10-03T06:54:25.106+00:00 host_mono_ns=2769484296334303 local_cell_num: 19
host_utc=2026-10-03T06:54:25.106+00:00 host_mono_ns=2769484296346336 locals.values.size: 19
host_utc=2026-10-03T06:54:25.106+00:00 host_mono_ns=2769484296358509 [2026-10-03 06:54:25.105] [info] restore label stack
host_utc=2026-10-03T06:54:25.106+00:00 host_mono_ns=2769484296370682 local_cell_num: 63
host_utc=2026-10-03T06:54:25.106+00:00 host_mono_ns=2769484296382664 locals.values.size: 63
host_utc=2026-10-03T06:54:25.106+00:00 host_mono_ns=2769484296394587 thread 6 restore
host_utc=2026-10-03T06:54:25.106+00:00 host_mono_ns=2769484296407010 [2026-10-03 06:54:25.105] [info] restore label stack
host_utc=2026-10-03T06:54:25.106+00:00 host_mono_ns=2769484296419123 local_cell_num: 9
host_utc=2026-10-03T06:54:25.106+00:00 host_mono_ns=2769484296431206 locals.values.size: 9
host_utc=2026-10-03T06:54:25.106+00:00 host_mono_ns=2769484296443319 [2026-10-03 06:54:25.105] [info] restore label stack
host_utc=2026-10-03T06:54:25.106+00:00 host_mono_ns=2769484296455432 local_cell_num: 9
host_utc=2026-10-03T06:54:25.106+00:00 host_mono_ns=2769484296467485 locals.values.size: 9
host_utc=2026-10-03T06:54:25.106+00:00 host_mono_ns=2769484296479517 [2026-10-03 06:54:25.105] [info] restore label stack
host_utc=2026-10-03T06:54:25.106+00:00 host_mono_ns=2769484296491700 local_cell_num: 6
host_utc=2026-10-03T06:54:25.106+00:00 host_mono_ns=2769484296503533 locals.values.size: 6
host_utc=2026-10-03T06:54:25.106+00:00 host_mono_ns=2769484296515646 [2026-10-03 06:54:25.105] [info] restore label stack
host_utc=2026-10-03T06:54:25.106+00:00 host_mono_ns=2769484296528139 stack, 108655
host_utc=2026-10-03T06:54:25.106+00:00 host_mono_ns=2769484296540543 [2026-10-03 06:54:25.105] [info] Finish to restore stack
host_utc=2026-10-03T06:54:25.106+00:00 host_mono_ns=2769484296553176 
host_utc=2026-10-03T06:54:25.106+00:00 host_mono_ns=2769484296565369 global, 18855
host_utc=2026-10-03T06:54:25.106+00:00 host_mono_ns=2769484296577522 program counter, 9588
host_utc=2026-10-03T06:54:25.106+00:00 host_mono_ns=2769484296596518 initします
host_utc=2026-10-03T06:54:25.107+00:00 host_mono_ns=2769484297689592 boot_end, 2769484297547033
host_utc=2026-10-03T06:54:25.107+00:00 host_mono_ns=2769484297729658 wasm_cluster_increase_checkpointing_counter called 1
host_utc=2026-10-03T06:54:25.107+00:00 host_mono_ns=2769484297746449 Restoring wasm thread 5
host_utc=2026-10-03T06:54:25.107+00:00 host_mono_ns=2769484297759925 wasm_cluster_increase_checkpointing_counter called 2
host_utc=2026-10-03T06:54:25.107+00:00 host_mono_ns=2769484297772929 wasm_cluster_increase_checkpointing_counter called 3
host_utc=2026-10-03T06:54:25.107+00:00 host_mono_ns=2769484297785423 [2026-10-03 06:54:25.107] [info] wasm_restore_stack
host_utc=2026-10-03T06:54:25.107+00:00 host_mono_ns=2769484297798177 
host_utc=2026-10-03T06:54:25.107+00:00 host_mono_ns=2769484297816923 [01:18:04:628 - 7FF87B0AE840]: warning: failed to link import function (env, pthread_exit)
host_utc=2026-10-03T06:54:25.107+00:00 host_mono_ns=2769484297830518 thread 5 restore
host_utc=2026-10-03T06:54:25.107+00:00 host_mono_ns=2769484297843322 local_cell_num: 2
host_utc=2026-10-03T06:54:25.107+00:00 host_mono_ns=2769484297855736 locals.values.size: 2
host_utc=2026-10-03T06:54:25.107+00:00 host_mono_ns=2769484297868259 [2026-10-03 06:54:25.107] [info] restore label stack
host_utc=2026-10-03T06:54:25.107+00:00 host_mono_ns=2769484297880883 local_cell_num: 8
host_utc=2026-10-03T06:54:25.107+00:00 host_mono_ns=2769484297893247 locals.values.size: 8
host_utc=2026-10-03T06:54:25.107+00:00 host_mono_ns=2769484297905590 [2026-10-03 06:54:25.107] [info] restore label stack
host_utc=2026-10-03T06:54:25.107+00:00 host_mono_ns=2769484297917893 local_cell_num: 14
host_utc=2026-10-03T06:54:25.107+00:00 host_mono_ns=2769484297930046 locals.values.size: 14
host_utc=2026-10-03T06:54:25.107+00:00 host_mono_ns=2769484297942650 [2026-10-03 06:54:25.107] [info] restore label stack
host_utc=2026-10-03T06:54:25.107+00:00 host_mono_ns=2769484297966465 local_cell_num: 8
host_utc=2026-10-03T06:54:25.107+00:00 host_mono_ns=2769484297979239 locals.values.size: 8
host_utc=2026-10-03T06:54:25.107+00:00 host_mono_ns=2769484297991582 [2026-10-03 06:54:25.107] [info] restore label stack
host_utc=2026-10-03T06:54:25.107+00:00 host_mono_ns=2769484298015447 local_cell_num: 13
host_utc=2026-10-03T06:54:25.107+00:00 host_mono_ns=2769484298031718 locals.values.size: 13
host_utc=2026-10-03T06:54:25.107+00:00 host_mono_ns=2769484298044472 [2026-10-03 06:54:25.107] [info] restore label stack
host_utc=2026-10-03T06:54:25.107+00:00 host_mono_ns=2769484298056876 local_cell_num: 19
host_utc=2026-10-03T06:54:25.107+00:00 host_mono_ns=2769484298069189 locals.values.size: 19
host_utc=2026-10-03T06:54:25.107+00:00 host_mono_ns=2769484298081342 [2026-10-03 06:54:25.107] [info] restore label stack
host_utc=2026-10-03T06:54:25.107+00:00 host_mono_ns=2769484298093735 local_cell_num: 63
host_utc=2026-10-03T06:54:25.107+00:00 host_mono_ns=2769484298105848 locals.values.size: 63
host_utc=2026-10-03T06:54:25.107+00:00 host_mono_ns=2769484298117871 [2026-10-03 06:54:25.107] [info] restore label stack
host_utc=2026-10-03T06:54:25.107+00:00 host_mono_ns=2769484298130094 local_cell_num: 9
host_utc=2026-10-03T06:54:25.107+00:00 host_mono_ns=2769484298142427 locals.values.size: 9
host_utc=2026-10-03T06:54:25.107+00:00 host_mono_ns=2769484298154670 [2026-10-03 06:54:25.107] [info] restore label stack
host_utc=2026-10-03T06:54:25.107+00:00 host_mono_ns=2769484298166953 local_cell_num: 9
host_utc=2026-10-03T06:54:25.108+00:00 host_mono_ns=2769484298179066 locals.values.size: 9
host_utc=2026-10-03T06:54:25.108+00:00 host_mono_ns=2769484298191249 [2026-10-03 06:54:25.107] [info] restore label stack
host_utc=2026-10-03T06:54:25.108+00:00 host_mono_ns=2769484298203432 local_cell_num: 6
host_utc=2026-10-03T06:54:25.108+00:00 host_mono_ns=2769484298215535 locals.values.size: 6
host_utc=2026-10-03T06:54:25.108+00:00 host_mono_ns=2769484298227728 [2026-10-03 06:54:25.107] [info] restore label stack
host_utc=2026-10-03T06:54:25.108+00:00 host_mono_ns=2769484298240142 [2026-10-03 06:54:25.107] [info] Finish to restore stack
host_utc=2026-10-03T06:54:25.108+00:00 host_mono_ns=2769484298252836 
host_utc=2026-10-03T06:54:25.108+00:00 host_mono_ns=2769484298265379 stack, 121449
host_utc=2026-10-03T06:54:25.108+00:00 host_mono_ns=2769484298277913 global, 22011
host_utc=2026-10-03T06:54:25.108+00:00 host_mono_ns=2769484298290016 program counter, 13275
host_utc=2026-10-03T06:54:25.108+00:00 host_mono_ns=2769484298309473 initします
host_utc=2026-10-03T06:54:25.108+00:00 host_mono_ns=2769484299175087 boot_end, 2769484298951395
host_utc=2026-10-03T06:54:25.109+00:00 host_mono_ns=2769484299207739 stack, 61847
host_utc=2026-10-03T06:54:25.109+00:00 host_mono_ns=2769484299223589 global, 13366
host_utc=2026-10-03T06:54:25.109+00:00 host_mono_ns=2769484299237004 program counter, 6973
host_utc=2026-10-03T06:54:25.109+00:00 host_mono_ns=2769484299249678 wasm_cluster_increase_checkpointing_counter called 1
host_utc=2026-10-03T06:54:25.109+00:00 host_mono_ns=2769484299263033 Restoring wasm thread 4
host_utc=2026-10-03T06:54:25.109+00:00 host_mono_ns=2769484299275817 wasm_cluster_increase_checkpointing_counter called 2
host_utc=2026-10-03T06:54:25.109+00:00 host_mono_ns=2769484299288451 wasm_cluster_increase_checkpointing_counter called 3
host_utc=2026-10-03T06:54:25.109+00:00 host_mono_ns=2769484299300895 [2026-10-03 06:54:25.108] [info] wasm_restore_stack
host_utc=2026-10-03T06:54:25.109+00:00 host_mono_ns=2769484299313659 
host_utc=2026-10-03T06:54:25.109+00:00 host_mono_ns=2769484299326573 local_cell_num: 2
host_utc=2026-10-03T06:54:25.109+00:00 host_mono_ns=2769484299339087 locals.values.size: 2
host_utc=2026-10-03T06:54:25.109+00:00 host_mono_ns=2769484299351400 [2026-10-03 06:54:25.108] [info] restore label stack
host_utc=2026-10-03T06:54:25.109+00:00 host_mono_ns=2769484299364174 local_cell_num: 8
host_utc=2026-10-03T06:54:25.109+00:00 host_mono_ns=2769484299387859 locals.values.size: 8
host_utc=2026-10-03T06:54:25.109+00:00 host_mono_ns=2769484299400463 [2026-10-03 06:54:25.108] [info] restore label stack
host_utc=2026-10-03T06:54:25.109+00:00 host_mono_ns=2769484299412846 local_cell_num: 14
host_utc=2026-10-03T06:54:25.109+00:00 host_mono_ns=2769484299425199 locals.values.size: 14
host_utc=2026-10-03T06:54:25.109+00:00 host_mono_ns=2769484299437853 [2026-10-03 06:54:25.108] [info] restore label stack
host_utc=2026-10-03T06:54:25.109+00:00 host_mono_ns=2769484299450076 local_cell_num: 219
host_utc=2026-10-03T06:54:25.109+00:00 host_mono_ns=2769484299462450 locals.values.size: 219
host_utc=2026-10-03T06:54:25.109+00:00 host_mono_ns=2769484299474913 [2026-10-03 06:54:25.108] [info] restore label stack
host_utc=2026-10-03T06:54:25.109+00:00 host_mono_ns=2769484299487156 local_cell_num: 77
host_utc=2026-10-03T06:54:25.109+00:00 host_mono_ns=2769484299499349 locals.values.size: 77
host_utc=2026-10-03T06:54:25.109+00:00 host_mono_ns=2769484299511612 [2026-10-03 06:54:25.108] [info] restore label stack
host_utc=2026-10-03T06:54:25.109+00:00 host_mono_ns=2769484299523956 local_cell_num: 22
host_utc=2026-10-03T06:54:25.109+00:00 host_mono_ns=2769484299536159 locals.values.size: 22
host_utc=2026-10-03T06:54:25.109+00:00 host_mono_ns=2769484299548312 [2026-10-03 06:54:25.108] [info] restore label stack
host_utc=2026-10-03T06:54:25.109+00:00 host_mono_ns=2769484299560655 [2026-10-03 06:54:25.108] [info] Finish to restore stack
host_utc=2026-10-03T06:54:25.109+00:00 host_mono_ns=2769484299573539 
host_utc=2026-10-03T06:54:25.109+00:00 host_mono_ns=2769484299594449 initします
host_utc=2026-10-03T06:54:25.110+00:00 host_mono_ns=2769484300687252 boot_end, 2769484300593946
host_utc=2026-10-03T06:54:25.110+00:00 host_mono_ns=2769484300705787 wasm_cluster_increase_checkpointing_counter called 1
host_utc=2026-10-03T06:54:25.110+00:00 host_mono_ns=2769484300718882 wasm_cluster_increase_checkpointing_counter called 2
host_utc=2026-10-03T06:54:25.110+00:00 host_mono_ns=2769484300731746 wasm_cluster_increase_checkpointing_counter called 3
host_utc=2026-10-03T06:54:25.110+00:00 host_mono_ns=2769484300744380 [01:18:04:058 - 7FF87B0AE840]: warning: failed to link import function (env, pthread_exit)
host_utc=2026-10-03T06:54:25.110+00:00 host_mono_ns=2769484300757405 thread 4 restore
host_utc=2026-10-03T06:54:25.110+00:00 host_mono_ns=2769484300770039 Restoring wasm thread 3
host_utc=2026-10-03T06:54:25.110+00:00 host_mono_ns=2769484300782532 [2026-10-03 06:54:25.110] [info] wasm_restore_stack
host_utc=2026-10-03T06:54:25.110+00:00 host_mono_ns=2769484300795126 
host_utc=2026-10-03T06:54:25.110+00:00 host_mono_ns=2769484300818170 local_cell_num: 2
host_utc=2026-10-03T06:54:25.110+00:00 host_mono_ns=2769484300831024 locals.values.size: 2
host_utc=2026-10-03T06:54:25.110+00:00 host_mono_ns=2769484300843578 [2026-10-03 06:54:25.110] [info] restore label stack
host_utc=2026-10-03T06:54:25.110+00:00 host_mono_ns=2769484300855971 local_cell_num: 8
host_utc=2026-10-03T06:54:25.110+00:00 host_mono_ns=2769484300868044 locals.values.size: 8
host_utc=2026-10-03T06:54:25.110+00:00 host_mono_ns=2769484300880497 [2026-10-03 06:54:25.110] [info] restore label stack
host_utc=2026-10-03T06:54:25.110+00:00 host_mono_ns=2769484300892750 local_cell_num: 14
host_utc=2026-10-03T06:54:25.110+00:00 host_mono_ns=2769484300905074 locals.values.size: 14
host_utc=2026-10-03T06:54:25.110+00:00 host_mono_ns=2769484300917397 [2026-10-03 06:54:25.110] [info] restore label stack
host_utc=2026-10-03T06:54:25.110+00:00 host_mono_ns=2769484300929840 local_cell_num: 219
host_utc=2026-10-03T06:54:25.110+00:00 host_mono_ns=2769484300942084 locals.values.size: 219
host_utc=2026-10-03T06:54:25.110+00:00 host_mono_ns=2769484300954527 [2026-10-03 06:54:25.110] [info] restore label stack
host_utc=2026-10-03T06:54:25.110+00:00 host_mono_ns=2769484300966800 local_cell_num: 77
host_utc=2026-10-03T06:54:25.110+00:00 host_mono_ns=2769484300978953 locals.values.size: 77
host_utc=2026-10-03T06:54:25.110+00:00 host_mono_ns=2769484300991196 [2026-10-03 06:54:25.110] [info] restore label stack
host_utc=2026-10-03T06:54:25.110+00:00 host_mono_ns=2769484301026713 local_cell_num: 22
host_utc=2026-10-03T06:54:25.110+00:00 host_mono_ns=2769484301042974 locals.values.size: 22
host_utc=2026-10-03T06:54:25.110+00:00 host_mono_ns=2769484301055337 [2026-10-03 06:54:25.110] [info] restore label stack
host_utc=2026-10-03T06:54:25.110+00:00 host_mono_ns=2769484301067721 [2026-10-03 06:54:25.110] [info] Finish to restore stack
host_utc=2026-10-03T06:54:25.110+00:00 host_mono_ns=2769484301080224 
host_utc=2026-10-03T06:54:25.110+00:00 host_mono_ns=2769484301092678 stack, 64862
host_utc=2026-10-03T06:54:25.110+00:00 host_mono_ns=2769484301105011 global, 17934
host_utc=2026-10-03T06:54:25.110+00:00 host_mono_ns=2769484301117284 program counter, 8456
host_utc=2026-10-03T06:54:25.111+00:00 host_mono_ns=2769484301171346 initします
host_utc=2026-10-03T06:54:25.112+00:00 host_mono_ns=2769484302526565 boot_end, 2769484302391520
host_utc=2026-10-03T06:54:25.112+00:00 host_mono_ns=2769484302555430 [01:18:04:678 - 7FF87B0AE840]: warning: failed to link import function (env, pthread_exit)
host_utc=2026-10-03T06:54:25.112+00:00 host_mono_ns=2769484302569226 thread 3 restore
host_utc=2026-10-03T06:54:25.112+00:00 host_mono_ns=2769484302580527 wasm_cluster_increase_checkpointing_counter called 1
host_utc=2026-10-03T06:54:25.112+00:00 host_mono_ns=2769484302591929 wasm_cluster_increase_checkpointing_counter called 2
host_utc=2026-10-03T06:54:25.112+00:00 host_mono_ns=2769484302602849 wasm_cluster_increase_checkpointing_counter called 3
host_utc=2026-10-03T06:54:25.112+00:00 host_mono_ns=2769484302613630 Restoring wasm thread 2
host_utc=2026-10-03T06:54:25.112+00:00 host_mono_ns=2769484302624430 [2026-10-03 06:54:25.112] [info] wasm_restore_stack
host_utc=2026-10-03T06:54:25.112+00:00 host_mono_ns=2769484302635220 
host_utc=2026-10-03T06:54:25.112+00:00 host_mono_ns=2769484302653034 local_cell_num: 2
host_utc=2026-10-03T06:54:25.112+00:00 host_mono_ns=2769484302664536 locals.values.size: 2
host_utc=2026-10-03T06:54:25.112+00:00 host_mono_ns=2769484302675557 [2026-10-03 06:54:25.112] [info] restore label stack
host_utc=2026-10-03T06:54:25.112+00:00 host_mono_ns=2769484302686537 local_cell_num: 8
host_utc=2026-10-03T06:54:25.112+00:00 host_mono_ns=2769484302697117 [01:18:04:475 - 7FF87B0AE840]: warning: failed to link import function (env, pthread_exit)
host_utc=2026-10-03T06:54:25.112+00:00 host_mono_ns=2769484302708088 locals.values.size: 8
host_utc=2026-10-03T06:54:25.112+00:00 host_mono_ns=2769484302718708 [2026-10-03 06:54:25.112] [info] restore label stack
host_utc=2026-10-03T06:54:25.112+00:00 host_mono_ns=2769484302729318 local_cell_num: 14
host_utc=2026-10-03T06:54:25.112+00:00 host_mono_ns=2769484302739838 locals.values.size: 14
host_utc=2026-10-03T06:54:25.112+00:00 host_mono_ns=2769484302750538 [2026-10-03 06:54:25.112] [info] restore label stack
host_utc=2026-10-03T06:54:25.112+00:00 host_mono_ns=2769484302761008 local_cell_num: 219
host_utc=2026-10-03T06:54:25.112+00:00 host_mono_ns=2769484302771408 locals.values.size: 219
host_utc=2026-10-03T06:54:25.112+00:00 host_mono_ns=2769484302782178 [2026-10-03 06:54:25.112] [info] restore label stack
host_utc=2026-10-03T06:54:25.112+00:00 host_mono_ns=2769484302792678 local_cell_num: 77
host_utc=2026-10-03T06:54:25.112+00:00 host_mono_ns=2769484302803168 locals.values.size: 77
host_utc=2026-10-03T06:54:25.112+00:00 host_mono_ns=2769484302813758 [2026-10-03 06:54:25.112] [info] restore label stack
host_utc=2026-10-03T06:54:25.112+00:00 host_mono_ns=2769484302824317 local_cell_num: 22
host_utc=2026-10-03T06:54:25.112+00:00 host_mono_ns=2769484302834637 locals.values.size: 22
host_utc=2026-10-03T06:54:25.112+00:00 host_mono_ns=2769484302845037 [2026-10-03 06:54:25.112] [info] restore label stack
host_utc=2026-10-03T06:54:25.112+00:00 host_mono_ns=2769484302855496 [2026-10-03 06:54:25.112] [info] Finish to restore stack
host_utc=2026-10-03T06:54:25.112+00:00 host_mono_ns=2769484302866307 
host_utc=2026-10-03T06:54:25.112+00:00 host_mono_ns=2769484302886966 stack, 98496
host_utc=2026-10-03T06:54:25.112+00:00 host_mono_ns=2769484302898057 global, 23655
host_utc=2026-10-03T06:54:25.112+00:00 host_mono_ns=2769484302908637 program counter, 11773
host_utc=2026-10-03T06:54:25.112+00:00 host_mono_ns=2769484303079730 initします
host_utc=2026-10-03T06:54:25.114+00:00 host_mono_ns=2769484304880320 thread 2 restore
host_utc=2026-10-03T06:54:25.114+00:00 host_mono_ns=2769484304905908 wasm_cluster_increase_checkpointing_counter called 1
host_utc=2026-10-03T06:54:25.114+00:00 host_mono_ns=2769484304917510 Restoring wasm thread 1
host_utc=2026-10-03T06:54:25.114+00:00 host_mono_ns=2769484304926807 wasm_cluster_increase_checkpointing_counter called 2
host_utc=2026-10-03T06:54:25.114+00:00 host_mono_ns=2769484304935664 wasm_cluster_increase_checkpointing_counter called 3
host_utc=2026-10-03T06:54:25.114+00:00 host_mono_ns=2769484304944371 [2026-10-03 06:54:25.114] [info] wasm_restore_stack
host_utc=2026-10-03T06:54:25.114+00:00 host_mono_ns=2769484304953047 
host_utc=2026-10-03T06:54:25.114+00:00 host_mono_ns=2769484304967705 boot_end, 2769484304687816
host_utc=2026-10-03T06:54:25.114+00:00 host_mono_ns=2769484304976692 [01:18:04:762 - 7FF87B0AE840]: warning: failed to link import function (env, pthread_exit)
host_utc=2026-10-03T06:54:25.114+00:00 host_mono_ns=2769484304985989 thread 1 restore
host_utc=2026-10-03T06:54:25.114+00:00 host_mono_ns=2769484304994315 local_cell_num: 2
host_utc=2026-10-03T06:54:25.114+00:00 host_mono_ns=2769484305009373 locals.values.size: 2
host_utc=2026-10-03T06:54:25.114+00:00 host_mono_ns=2769484305021837 [2026-10-03 06:54:25.114] [info] restore label stack
host_utc=2026-10-03T06:54:25.114+00:00 host_mono_ns=2769484305030593 local_cell_num: 8
host_utc=2026-10-03T06:54:25.114+00:00 host_mono_ns=2769484305038949 locals.values.size: 8
host_utc=2026-10-03T06:54:25.114+00:00 host_mono_ns=2769484305047906 [2026-10-03 06:54:25.114] [info] restore label stack
host_utc=2026-10-03T06:54:25.114+00:00 host_mono_ns=2769484305057154 local_cell_num: 14
host_utc=2026-10-03T06:54:25.114+00:00 host_mono_ns=2769484305065349 locals.values.size: 14
host_utc=2026-10-03T06:54:25.114+00:00 host_mono_ns=2769484305073845 [2026-10-03 06:54:25.114] [info] restore label stack
host_utc=2026-10-03T06:54:25.114+00:00 host_mono_ns=2769484305082141 local_cell_num: 219
host_utc=2026-10-03T06:54:25.114+00:00 host_mono_ns=2769484305090306 locals.values.size: 219
host_utc=2026-10-03T06:54:25.114+00:00 host_mono_ns=2769484305098682 [2026-10-03 06:54:25.114] [info] restore label stack
host_utc=2026-10-03T06:54:25.114+00:00 host_mono_ns=2769484305106897 local_cell_num: 77
host_utc=2026-10-03T06:54:25.114+00:00 host_mono_ns=2769484305115073 locals.values.size: 77
host_utc=2026-10-03T06:54:25.114+00:00 host_mono_ns=2769484305125903 [2026-10-03 06:54:25.114] [info] restore label stack
host_utc=2026-10-03T06:54:25.114+00:00 host_mono_ns=2769484305136223 local_cell_num: 22
host_utc=2026-10-03T06:54:25.114+00:00 host_mono_ns=2769484305144689 locals.values.size: 22
host_utc=2026-10-03T06:54:25.114+00:00 host_mono_ns=2769484305152894 [2026-10-03 06:54:25.114] [info] restore label stack
host_utc=2026-10-03T06:54:25.114+00:00 host_mono_ns=2769484305161260 [2026-10-03 06:54:25.114] [info] Finish to restore stack
host_utc=2026-10-03T06:54:25.115+00:00 host_mono_ns=2769484305169756 
host_utc=2026-10-03T06:54:25.115+00:00 host_mono_ns=2769484305178553 stack, 116741
host_utc=2026-10-03T06:54:25.115+00:00 host_mono_ns=2769484305187039 global, 26651
host_utc=2026-10-03T06:54:25.115+00:00 host_mono_ns=2769484305195405 program counter, 16992
host_utc=2026-10-03T06:54:25.115+00:00 host_mono_ns=2769484305208259 wasm_cluster_increase_checkpointing_counter called 1
host_utc=2026-10-03T06:54:25.115+00:00 host_mono_ns=2769484305217376 [2026-10-03 06:54:25.114] [info] wasm_restore_stack
host_utc=2026-10-03T06:54:25.115+00:00 host_mono_ns=2769484305226072 
host_utc=2026-10-03T06:54:25.115+00:00 host_mono_ns=2769484305239718 initします
host_utc=2026-10-03T06:54:25.116+00:00 host_mono_ns=2769484306227744 boot_end, 2769484306111264
host_utc=2026-10-03T06:54:25.116+00:00 host_mono_ns=2769484306268741 wasm_cluster_increase_checkpointing_counter called 2
host_utc=2026-10-03T06:54:25.116+00:00 host_mono_ns=2769484306283359 wasm_cluster_increase_checkpointing_counter called 3
host_utc=2026-10-03T06:54:25.116+00:00 host_mono_ns=2769484306294791 local_cell_num: 1
host_utc=2026-10-03T06:54:25.116+00:00 host_mono_ns=2769484306305651 locals.values.size: 1
host_utc=2026-10-03T06:54:25.116+00:00 host_mono_ns=2769484306316712 [2026-10-03 06:54:25.115] [info] wasm_restore_stack
host_utc=2026-10-03T06:54:25.116+00:00 host_mono_ns=2769484306327653 
host_utc=2026-10-03T06:54:25.116+00:00 host_mono_ns=2769484306338934 [2026-10-03 06:54:25.115] [info] restore label stack
host_utc=2026-10-03T06:54:25.116+00:00 host_mono_ns=2769484306349875 local_cell_num: 3
host_utc=2026-10-03T06:54:25.116+00:00 host_mono_ns=2769484306360414 locals.values.size: 3
host_utc=2026-10-03T06:54:25.116+00:00 host_mono_ns=2769484306370934 [2026-10-03 06:54:25.115] [info] restore label stack
host_utc=2026-10-03T06:54:25.116+00:00 host_mono_ns=2769484306381464 local_cell_num: 147
host_utc=2026-10-03T06:54:25.116+00:00 host_mono_ns=2769484306391754 locals.values.size: 147
host_utc=2026-10-03T06:54:25.116+00:00 host_mono_ns=2769484306402664 [2026-10-03 06:54:25.115] [info] restore label stack
host_utc=2026-10-03T06:54:25.116+00:00 host_mono_ns=2769484306413154 local_cell_num: 19
host_utc=2026-10-03T06:54:25.116+00:00 host_mono_ns=2769484306423734 locals.values.size: 19
host_utc=2026-10-03T06:54:25.116+00:00 host_mono_ns=2769484306434354 [2026-10-03 06:54:25.115] [info] restore label stack
host_utc=2026-10-03T06:54:25.116+00:00 host_mono_ns=2769484306444874 local_cell_num: 63
host_utc=2026-10-03T06:54:25.116+00:00 host_mono_ns=2769484306455253 locals.values.size: 63
host_utc=2026-10-03T06:54:25.116+00:00 host_mono_ns=2769484306465623 [2026-10-03 06:54:25.115] [info] restore label stack
host_utc=2026-10-03T06:54:25.116+00:00 host_mono_ns=2769484306475943 local_cell_num: 9
host_utc=2026-10-03T06:54:25.116+00:00 host_mono_ns=2769484306486312 locals.values.size: 9
host_utc=2026-10-03T06:54:25.116+00:00 host_mono_ns=2769484306496682 [2026-10-03 06:54:25.115] [info] restore label stack
host_utc=2026-10-03T06:54:25.116+00:00 host_mono_ns=2769484306507051 local_cell_num: 9
host_utc=2026-10-03T06:54:25.116+00:00 host_mono_ns=2769484306517210 locals.values.size: 9
host_utc=2026-10-03T06:54:25.116+00:00 host_mono_ns=2769484306527590 [2026-10-03 06:54:25.115] [info] restore label stack
host_utc=2026-10-03T06:54:25.116+00:00 host_mono_ns=2769484306537869 local_cell_num: 6
host_utc=2026-10-03T06:54:25.116+00:00 host_mono_ns=2769484306548029 locals.values.size: 6
host_utc=2026-10-03T06:54:25.116+00:00 host_mono_ns=2769484306558338 [2026-10-03 06:54:25.115] [info] restore label stack
host_utc=2026-10-03T06:54:25.116+00:00 host_mono_ns=2769484306568818 [2026-10-03 06:54:25.115] [info] Finish to restore stack
host_utc=2026-10-03T06:54:25.116+00:00 host_mono_ns=2769484306579548 
host_utc=2026-10-03T06:54:25.116+00:00 host_mono_ns=2769484306590188 stack, 1047739
host_utc=2026-10-03T06:54:25.116+00:00 host_mono_ns=2769484306608032 local_cell_num: 2
host_utc=2026-10-03T06:54:25.116+00:00 host_mono_ns=2769484306618922 locals.values.size: 2
host_utc=2026-10-03T06:54:25.116+00:00 host_mono_ns=2769484306629332 [2026-10-03 06:54:25.116] [info] restore label stack
host_utc=2026-10-03T06:54:25.116+00:00 host_mono_ns=2769484306639702 local_cell_num: 8
host_utc=2026-10-03T06:54:25.116+00:00 host_mono_ns=2769484306649931 locals.values.size: 8
host_utc=2026-10-03T06:54:25.116+00:00 host_mono_ns=2769484306660251 [2026-10-03 06:54:25.116] [info] restore label stack
host_utc=2026-10-03T06:54:25.116+00:00 host_mono_ns=2769484306670560 local_cell_num: 14
host_utc=2026-10-03T06:54:25.116+00:00 host_mono_ns=2769484306680859 locals.values.size: 14
host_utc=2026-10-03T06:54:25.116+00:00 host_mono_ns=2769484306691159 [2026-10-03 06:54:25.116] [info] restore label stack
host_utc=2026-10-03T06:54:25.116+00:00 host_mono_ns=2769484306711377 local_cell_num: 155
host_utc=2026-10-03T06:54:25.116+00:00 host_mono_ns=2769484306721857 locals.values.size: 155
host_utc=2026-10-03T06:54:25.116+00:00 host_mono_ns=2769484306732337 [2026-10-03 06:54:25.116] [info] restore label stack
host_utc=2026-10-03T06:54:25.116+00:00 host_mono_ns=2769484306742776 local_cell_num: 19
host_utc=2026-10-03T06:54:25.116+00:00 host_mono_ns=2769484306752966 locals.values.size: 19
host_utc=2026-10-03T06:54:25.116+00:00 host_mono_ns=2769484306763265 [2026-10-03 06:54:25.116] [info] restore label stack
host_utc=2026-10-03T06:54:25.116+00:00 host_mono_ns=2769484306773685 local_cell_num: 63
host_utc=2026-10-03T06:54:25.116+00:00 host_mono_ns=2769484306783824 locals.values.size: 63
host_utc=2026-10-03T06:54:25.116+00:00 host_mono_ns=2769484306794033 [2026-10-03 06:54:25.116] [info] restore label stack
host_utc=2026-10-03T06:54:25.116+00:00 host_mono_ns=2769484306804353 local_cell_num: 9
host_utc=2026-10-03T06:54:25.116+00:00 host_mono_ns=2769484306814552 locals.values.size: 9
host_utc=2026-10-03T06:54:25.116+00:00 host_mono_ns=2769484306824861 [2026-10-03 06:54:25.116] [info] restore label stack
host_utc=2026-10-03T06:54:25.116+00:00 host_mono_ns=2769484306835301 local_cell_num: 9
host_utc=2026-10-03T06:54:25.116+00:00 host_mono_ns=2769484306845520 locals.values.size: 9
host_utc=2026-10-03T06:54:25.116+00:00 host_mono_ns=2769484306855840 [2026-10-03 06:54:25.116] [info] restore label stack
host_utc=2026-10-03T06:54:25.116+00:00 host_mono_ns=2769484306866330 local_cell_num: 6
host_utc=2026-10-03T06:54:25.116+00:00 host_mono_ns=2769484306876439 locals.values.size: 6
host_utc=2026-10-03T06:54:25.116+00:00 host_mono_ns=2769484306886708 [2026-10-03 06:54:25.116] [info] restore label stack
host_utc=2026-10-03T06:54:25.116+00:00 host_mono_ns=2769484306897088 [2026-10-03 06:54:25.116] [info] Finish to restore stack
host_utc=2026-10-03T06:54:25.116+00:00 host_mono_ns=2769484306907658 
host_utc=2026-10-03T06:54:25.116+00:00 host_mono_ns=2769484306918017 stack, 81253
host_utc=2026-10-03T06:54:25.116+00:00 host_mono_ns=2769484306928377 global, 15439
host_utc=2026-10-03T06:54:25.116+00:00 host_mono_ns=2769484306938887 program counter, 8225
host_utc=2026-10-03T06:54:25.983+00:00 host_mono_ns=2769485173613997 memory, 867109702
host_utc=2026-10-03T06:54:25.983+00:00 host_mono_ns=2769485173645577 Restore: add_membership for fd 3 used destination default interface
host_utc=2026-10-03T06:54:25.983+00:00 host_mono_ns=2769485173659674 Restore: add_membership for fd 12 used destination default interface
host_utc=2026-10-03T06:54:25.984+00:00 host_mono_ns=2769485174306625 global, 9498
host_utc=2026-10-03T06:54:25.984+00:00 host_mono_ns=2769485174364865 program counter, 10400
host_utc=2026-10-03T06:54:25.985+00:00 host_mono_ns=2769485175888191 PROBE_LOCAL_IP addr=172.18.0.6 port=34290
host_utc=2026-10-03T06:54:25.986+00:00 host_mono_ns=2769485176491551 RTPS_GETSOCKNAME phase=eintr_skip fd=9 role=user_unicast_participant0 bound_port=7411 rc=0 socket_addr=0.0.0.0 socket_port=7411 probe_addr=172.18.0.6
host_utc=2026-10-03T06:54:25.986+00:00 host_mono_ns=2769485176722507 RTPS_GETSOCKNAME phase=eintr_skip fd=6 role=builtin_unicast_participant0 bound_port=7410 rc=0 socket_addr=0.0.0.0 socket_port=7410 probe_addr=172.18.0.6
host_utc=2026-10-03T06:54:25.986+00:00 host_mono_ns=2769485176932022 RTPS_GETSOCKNAME phase=eintr_refresh fd=3 role=user_multicast bound_port=7401 rc=0 socket_addr=0.0.0.0 socket_port=7401 probe_addr=172.18.0.6
host_utc=2026-10-03T06:54:25.987+00:00 host_mono_ns=2769485177242238 RTPS_GETSOCKNAME phase=eintr_skip fd=12 role=builtin_multicast_discovery bound_port=7400 rc=0 socket_addr=0.0.0.0 socket_port=7400 probe_addr=172.18.0.6
host_utc=2026-10-03T06:54:26.985+00:00 host_mono_ns=2769486175760850 PROBE_LOCAL_IP addr=172.18.0.6 port=35608
host_utc=2026-10-03T06:54:27.986+00:00 host_mono_ns=2769487177077389 PROBE_LOCAL_IP addr=172.18.0.6 port=54648
host_utc=2026-10-03T06:54:28.987+00:00 host_mono_ns=2769488177729903 PROBE_LOCAL_IP addr=172.18.0.6 port=33332
host_utc=2026-10-03T06:54:29.988+00:00 host_mono_ns=2769489178587856 PROBE_LOCAL_IP addr=172.18.0.6 port=45218
host_utc=2026-10-03T06:54:29.989+00:00 host_mono_ns=2769489179596992 0 msg_sn_low: 51b
host_utc=2026-10-03T06:54:29.989+00:00 host_mono_ns=2769489179639782 subscribed msg: 'Hello from mros2-posix onto Linux: 96'
host_utc=2026-10-03T06:54:29.989+00:00 host_mono_ns=2769489179666743 LOG_ERROR : 00000099.712 : LOG_ERROR : 00000099.712 : UDP_RECV_RECOVERY action=skip reason=EINTR fd=9UDP_RECV_RECOVERY action=skip reason=EINTR fd=6
host_utc=2026-10-03T06:54:29.989+00:00 host_mono_ns=2769489179683735 netif_wasm: local ip changed to 0x060012ac
host_utc=2026-10-03T06:54:29.989+00:00 host_mono_ns=2769489179698503 
host_utc=2026-10-03T06:54:29.989+00:00 host_mono_ns=2769489179713842 LOG_ERROR : 00000099.712 : LOG_ERROR : 00000099.712 : UDP_RECV_RECOVERY action=skip reason=EINTR fd=12UDP_RECV_RECOVERY action=refresh status=1 reason=EINTR fd=3
host_utc=2026-10-03T06:54:29.989+00:00 host_mono_ns=2769489179731115 
host_utc=2026-10-03T06:54:29.989+00:00 host_mono_ns=2769489179746313 publishing msg: 'Hello from mros2-posix onto Linux: 97'
host_utc=2026-10-03T06:54:29.989+00:00 host_mono_ns=2769489179764568 publishing msg: 'Hello from mros2-posix onto Linux: 98'
host_utc=2026-10-03T06:54:29.989+00:00 host_mono_ns=2769489179782161 LOG_DEBUG : 00000101.714 : [MROS2LIB] message get [callback_handler] msg_sn_high: 0 msg_sn_low: 51d
host_utc=2026-10-03T06:54:29.989+00:00 host_mono_ns=2769489179798091 subscribed msg: 'Hello from mros2-posix onto Linux: 98'
host_utc=2026-10-03T06:54:29.989+00:00 host_mono_ns=2769489179814572 publishing msg: 'Hello from mros2-posix onto Linux: 99'
host_utc=2026-10-03T06:54:29.989+00:00 host_mono_ns=2769489179830893 LOG_DEBUG : 00000102.715 : [MROS2LIB] message get [callback_handler] msg_sn_high: 0 msg_sn_low: 51e
host_utc=2026-10-03T06:54:29.989+00:00 host_mono_ns=2769489179845801 subscribed msg: 'Hello from mros2-posix onto Linux: 99'
host_utc=2026-10-03T06:54:29.989+00:00 host_mono_ns=2769489179861561 publishing msg: 'Hello from mros2-posix onto Linux: 100'
host_utc=2026-10-03T06:54:30.989+00:00 host_mono_ns=2769490179342300 LOG_DEBUG : 00000103.715 : [MROS2LIB] message get [callback_handler] msg_sn_high: PROBE_LOCAL_IP addr=172.18.0.6 port=41407
host_utc=2026-10-03T06:54:31.989+00:00 host_mono_ns=2769491179946462 PROBE_LOCAL_IP addr=172.18.0.6 port=50248
host_utc=2026-10-03T06:54:32.990+00:00 host_mono_ns=2769492180670351 PROBE_LOCAL_IP addr=172.18.0.6 port=55034
host_utc=2026-10-03T06:54:33.991+00:00 host_mono_ns=2769493181303979 PROBE_LOCAL_IP addr=172.18.0.6 port=34372
host_utc=2026-10-03T06:54:34.991+00:00 host_mono_ns=2769494182161524 PROBE_LOCAL_IP addr=172.18.0.6 port=43066
host_utc=2026-10-03T06:54:34.993+00:00 host_mono_ns=2769494183253095 0 msg_sn_low: 51f
host_utc=2026-10-03T06:54:34.993+00:00 host_mono_ns=2769494183318829 subscribed msg: 'Hello from mros2-posix onto Linux: 100'
host_utc=2026-10-03T06:54:34.993+00:00 host_mono_ns=2769494183350639 publishing msg: 'Hello from mros2-posix onto Linux: 101'
host_utc=2026-10-03T06:54:34.993+00:00 host_mono_ns=2769494183373201 LOG_DEBUG : 00000104.716 : [MROS2LIB] message get [callback_handler] msg_sn_high: 0 msg_sn_low: 520
host_utc=2026-10-03T06:54:34.993+00:00 host_mono_ns=2769494183393740 subscribed msg: 'Hello from mros2-posix onto Linux: 101'
host_utc=2026-10-03T06:54:34.993+00:00 host_mono_ns=2769494183413287 publishing msg: 'Hello from mros2-posix onto Linux: 102'
host_utc=2026-10-03T06:54:34.993+00:00 host_mono_ns=2769494183432473 LOG_DEBUG : 00000105.717 : [MROS2LIB] message get [callback_handler] msg_sn_high: 0 msg_sn_low: 521
host_utc=2026-10-03T06:54:34.993+00:00 host_mono_ns=2769494183450077 subscribed msg: 'Hello from mros2-posix onto Linux: 102'
host_utc=2026-10-03T06:54:34.993+00:00 host_mono_ns=2769494183469082 publishing msg: 'Hello from mros2-posix onto Linux: 103'
host_utc=2026-10-03T06:54:34.993+00:00 host_mono_ns=2769494183487958 LOG_DEBUG : 00000106.718 : [MROS2LIB] message get [callback_handler] msg_sn_high: 0 msg_sn_low: 522
host_utc=2026-10-03T06:54:34.993+00:00 host_mono_ns=2769494183527763 subscribed msg: 'Hello from mros2-posix onto Linux: 103'
host_utc=2026-10-03T06:54:34.993+00:00 host_mono_ns=2769494183544866 publishing msg: 'Hello from mros2-posix onto Linux: 104'
host_utc=2026-10-03T06:54:34.993+00:00 host_mono_ns=2769494183561337 LOG_DEBUG : 00000107.718 : [MROS2LIB] message get [callback_handler] msg_sn_high: 0 msg_sn_low: 523
host_utc=2026-10-03T06:54:34.993+00:00 host_mono_ns=2769494183575954 subscribed msg: 'Hello from mros2-posix onto Linux: 104'
host_utc=2026-10-03T06:54:34.993+00:00 host_mono_ns=2769494183592556 publishing msg: 'Hello from mros2-posix onto Linux: 105'
host_utc=2026-10-03T06:54:35.992+00:00 host_mono_ns=2769495182901403 LOG_DEBUG : 00000108.719 : PROBE_LOCAL_IP addr=172.18.0.6 port=56511
host_utc=2026-10-03T06:54:36.993+00:00 host_mono_ns=2769496183614602 PROBE_LOCAL_IP addr=172.18.0.6 port=55057
host_utc=2026-10-03T06:54:37.994+00:00 host_mono_ns=2769497184338190 PROBE_LOCAL_IP addr=172.18.0.6 port=44685
host_utc=2026-10-03T06:54:38.994+00:00 host_mono_ns=2769498185132471 PROBE_LOCAL_IP addr=172.18.0.6 port=40651
host_utc=2026-10-03T06:54:39.995+00:00 host_mono_ns=2769499185597655 [MROS2LIB] message get [callback_handler] msg_sn_high: 0 msg_sn_low: 524
host_utc=2026-10-03T06:54:39.995+00:00 host_mono_ns=2769499185659231 subscribed msg: 'Hello from mros2-posix onto Linux: 105'
host_utc=2026-10-03T06:54:39.995+00:00 host_mono_ns=2769499185684459 publishing msg: 'Hello from mros2-posix onto Linux: 106'
host_utc=2026-10-03T06:54:39.995+00:00 host_mono_ns=2769499185700710 LOG_DEBUG : 00000109.720 : [MROS2LIB] message get [callback_handler] msg_sn_high: 0 msg_sn_low: 525
host_utc=2026-10-03T06:54:39.995+00:00 host_mono_ns=2769499185716349 subscribed msg: 'Hello from mros2-posix onto Linux: 106'
host_utc=2026-10-03T06:54:39.995+00:00 host_mono_ns=2769499185731197 publishing msg: 'Hello from mros2-posix onto Linux: 107'
host_utc=2026-10-03T06:54:39.995+00:00 host_mono_ns=2769499185746636 LOG_DEBUG : 00000110.720 : [MROS2LIB] message get [callback_handler] msg_sn_high: 0 msg_sn_low: 526
host_utc=2026-10-03T06:54:39.995+00:00 host_mono_ns=2769499185764640 subscribed msg: 'Hello from mros2-posix onto Linux: 107'
host_utc=2026-10-03T06:54:39.995+00:00 host_mono_ns=2769499185783726 publishing msg: 'Hello from mros2-posix onto Linux: 108'
host_utc=2026-10-03T06:54:39.995+00:00 host_mono_ns=2769499185802722 LOG_DEBUG : 00000111.721 : [MROS2LIB] message get [callback_handler] msg_sn_high: 0 msg_sn_low: 527
host_utc=2026-10-03T06:54:39.995+00:00 host_mono_ns=2769499185820606 subscribed msg: 'Hello from mros2-posix onto Linux: 108'
host_utc=2026-10-03T06:54:39.995+00:00 host_mono_ns=2769499185844201 publishing msg: 'Hello from mros2-posix onto Linux: 109'
host_utc=2026-10-03T06:54:39.995+00:00 host_mono_ns=2769499185863397 LOG_DEBUG : 00000112.722 : [MROS2LIB] message get [callback_handler] msg_sn_high: 0 msg_sn_low: 528
host_utc=2026-10-03T06:54:39.995+00:00 host_mono_ns=2769499185881030 subscribed msg: 'Hello from mros2-posix onto Linux: 109'
host_utc=2026-10-03T06:54:39.995+00:00 host_mono_ns=2769499185911377 publishing msg: 'Hello from mros2-posix onto Linux: 110PROBE_LOCAL_IP addr=172.18.0.6 port=52248
host_utc=2026-10-03T06:54:40.317+00:00 host_mono_ns=2769499507559838 event=collector_process_exit source=restore exit_status=143
