host_utc=2026-10-04T03:39:30.678+00:00 host_mono_ns=2844189868281046 boot_start, 2844189868065579
host_utc=2026-10-04T03:39:30.865+00:00 host_mono_ns=2844190055656463 11 stderr
host_utc=2026-10-04T03:39:30.865+00:00 host_mono_ns=2844190055691990 22 stderr
host_utc=2026-10-04T03:39:30.865+00:00 host_mono_ns=2844190055705225 signal init: 128372433425984
host_utc=2026-10-04T03:39:30.865+00:00 host_mono_ns=2844190055717127 initします
host_utc=2026-10-04T03:39:30.866+00:00 host_mono_ns=2844190056586510 boot_end, 2844190056320307
host_utc=2026-10-04T03:39:30.866+00:00 host_mono_ns=2844190056817616 3 stderr
host_utc=2026-10-04T03:39:30.866+00:00 host_mono_ns=2844190057131689 initします
host_utc=2026-10-04T03:39:30.868+00:00 host_mono_ns=2844190058209545 boot_end, 2844190058051837
host_utc=2026-10-04T03:39:30.868+00:00 host_mono_ns=2844190058365069 [22:03:09:936 - 74C1096EC840]: Load type section success.
host_utc=2026-10-04T03:39:30.868+00:00 host_mono_ns=2844190058400516 
host_utc=2026-10-04T03:39:30.868+00:00 host_mono_ns=2844190058422056 [22:03:09:956 - 74C1096EC840]: Load import section success.
host_utc=2026-10-04T03:39:30.868+00:00 host_mono_ns=2844190058436824 
host_utc=2026-10-04T03:39:30.868+00:00 host_mono_ns=2844190058449809 [22:03:09:850 - 74C1096EC840]: Load function section success.
host_utc=2026-10-04T03:39:30.868+00:00 host_mono_ns=2844190058462773 
host_utc=2026-10-04T03:39:30.868+00:00 host_mono_ns=2844190058474886 [22:03:09:851 - 74C1096EC840]: Load table section success.
host_utc=2026-10-04T03:39:30.868+00:00 host_mono_ns=2844190058487560 
host_utc=2026-10-04T03:39:30.868+00:00 host_mono_ns=2844190058499893 [22:03:09:852 - 74C1096EC840]: Load global section success.
host_utc=2026-10-04T03:39:30.868+00:00 host_mono_ns=2844190058512207 
host_utc=2026-10-04T03:39:30.868+00:00 host_mono_ns=2844190058524330 [22:03:09:853 - 74C1096EC840]: Load export section success.
host_utc=2026-10-04T03:39:30.868+00:00 host_mono_ns=2844190058536893 
host_utc=2026-10-04T03:39:30.868+00:00 host_mono_ns=2844190058548796 [22:03:09:853 - 74C1096EC840]: Load start section success.
host_utc=2026-10-04T03:39:30.868+00:00 host_mono_ns=2844190058561309 
host_utc=2026-10-04T03:39:30.868+00:00 host_mono_ns=2844190058573212 [22:03:09:857 - 74C1096EC840]: Load table segment section success.
host_utc=2026-10-04T03:39:30.868+00:00 host_mono_ns=2844190058586036 
host_utc=2026-10-04T03:39:30.868+00:00 host_mono_ns=2844190058597969 [22:03:09:858 - 74C1096EC840]: Load datacount section success.
host_utc=2026-10-04T03:39:30.868+00:00 host_mono_ns=2844190058610582 
host_utc=2026-10-04T03:39:30.868+00:00 host_mono_ns=2844190058622956 [22:03:09:858 - 74C1096EC840]: Load code segment section success.
host_utc=2026-10-04T03:39:30.868+00:00 host_mono_ns=2844190058635700 
host_utc=2026-10-04T03:39:30.868+00:00 host_mono_ns=2844190058651660 [22:03:09:859 - 74C1096EC840]: Load data segment section success.
host_utc=2026-10-04T03:39:30.868+00:00 host_mono_ns=2844190058669303 
host_utc=2026-10-04T03:39:30.868+00:00 host_mono_ns=2844190058682809 [22:03:09:859 - 74C1096EC840]: Ignore custom section [.debug_abbrev].
host_utc=2026-10-04T03:39:30.868+00:00 host_mono_ns=2844190058695733 [22:03:09:860 - 74C1096EC840]: Ignore custom section [.debug_info].
host_utc=2026-10-04T03:39:30.868+00:00 host_mono_ns=2844190058708557 [22:03:09:860 - 74C1096EC840]: Ignore custom section [.debug_ranges].
host_utc=2026-10-04T03:39:30.868+00:00 host_mono_ns=2844190058721071 [22:03:09:861 - 74C1096EC840]: Ignore custom section [.debug_str].
host_utc=2026-10-04T03:39:30.868+00:00 host_mono_ns=2844190058733685 [22:03:09:861 - 74C1096EC840]: Ignore custom section [.debug_line].
host_utc=2026-10-04T03:39:30.868+00:00 host_mono_ns=2844190058746269 [22:03:09:862 - 74C1096EC840]: Ignore custom section [.debug_loc].
host_utc=2026-10-04T03:39:30.868+00:00 host_mono_ns=2844190058758692 [22:03:09:862 - 74C1096EC840]: Ignore custom section [name].
host_utc=2026-10-04T03:39:30.868+00:00 host_mono_ns=2844190058771446 [22:03:09:862 - 74C1096EC840]: Ignore custom section [producers].
host_utc=2026-10-04T03:39:30.868+00:00 host_mono_ns=2844190058784381 [22:03:09:863 - 74C1096EC840]: Ignore custom section [target_features].
host_utc=2026-10-04T03:39:30.868+00:00 host_mono_ns=2844190058812584 [22:03:09:863 - 74C1096EC840]: Found aux __heap_base global, value: 7855136
host_utc=2026-10-04T03:39:30.868+00:00 host_mono_ns=2844190058825679 [22:03:09:864 - 74C1096EC840]: Found aux __data_end global, value: 1301524
host_utc=2026-10-04T03:39:30.868+00:00 host_mono_ns=2844190058838553 [22:03:09:864 - 74C1096EC840]: Found aux stack top global, value: 7855136, global index: 0, stack size: 6553600
host_utc=2026-10-04T03:39:30.868+00:00 host_mono_ns=2844190058851638 [22:03:09:865 - 74C1096EC840]: Found malloc function, name: malloc, index: 3154
host_utc=2026-10-04T03:39:30.868+00:00 host_mono_ns=2844190058864442 [22:03:09:866 - 74C1096EC840]: Found free function, name: free, index: 3156
host_utc=2026-10-04T03:39:30.868+00:00 host_mono_ns=2844190058877136 [22:03:10:112 - 74C1096EC840]: Load module success.
host_utc=2026-10-04T03:39:30.868+00:00 host_mono_ns=2844190058889699 
host_utc=2026-10-04T03:39:30.868+00:00 host_mono_ns=2844190058901953 [22:03:10:123 - 74C1096EC840]: Memory instantiate:
host_utc=2026-10-04T03:39:30.868+00:00 host_mono_ns=2844190058914677 [22:03:10:123 - 74C1096EC840]:   page bytes: 65536, init pages: 16384, max pages: 16384
host_utc=2026-10-04T03:39:30.868+00:00 host_mono_ns=2844190058927811 [22:03:10:124 - 74C1096EC840]:   heap offset: 1073741824, heap size: 0
host_utc=2026-10-04T03:39:30.868+00:00 host_mono_ns=2844190058940756 
host_utc=2026-10-04T03:39:30.868+00:00 host_mono_ns=2844190058952889 [22:03:10:152 - 74C1096EC840]: Memory instantiate success.
host_utc=2026-10-04T03:39:30.868+00:00 host_mono_ns=2844190058965543 [22:03:10:273 - 74C1096EC840]: warning: failed to link import function (env, pthread_exit)
host_utc=2026-10-04T03:39:30.868+00:00 host_mono_ns=2844190058978437 Restoring wasm thread 11
host_utc=2026-10-04T03:39:30.868+00:00 host_mono_ns=2844190058991141 [22:03:10:450 - 74C1096EC840]: warning: failed to link import function (env, pthread_exit)
host_utc=2026-10-04T03:39:30.868+00:00 host_mono_ns=2844190059019725 thread 11 restore
host_utc=2026-10-04T03:39:30.868+00:00 host_mono_ns=2844190059038320 Restoring wasm thread 10
host_utc=2026-10-04T03:39:30.868+00:00 host_mono_ns=2844190059050673 [22:03:10:127 - 74C1096EC840]: warning: failed to link import function (env, pthread_exit)
host_utc=2026-10-04T03:39:30.868+00:00 host_mono_ns=2844190059063207 thread 10 restore
host_utc=2026-10-04T03:39:30.868+00:00 host_mono_ns=2844190059075520 [2026-10-04 03:39:30.867] [info] wasm_restore_stack
host_utc=2026-10-04T03:39:30.868+00:00 host_mono_ns=2844190059088224 
host_utc=2026-10-04T03:39:30.868+00:00 host_mono_ns=2844190059112160 stack, 234613
host_utc=2026-10-04T03:39:30.868+00:00 host_mono_ns=2844190059125906 global, 27091
host_utc=2026-10-04T03:39:30.868+00:00 host_mono_ns=2844190059138740 program counter, 14016
host_utc=2026-10-04T03:39:30.868+00:00 host_mono_ns=2844190059151334 local_cell_num: 2
host_utc=2026-10-04T03:39:30.868+00:00 host_mono_ns=2844190059163988 locals.values.size: 2
host_utc=2026-10-04T03:39:30.869+00:00 host_mono_ns=2844190059176601 [2026-10-04 03:39:30.868] [info] restore label stack
host_utc=2026-10-04T03:39:30.869+00:00 host_mono_ns=2844190059189516 local_cell_num: 8
host_utc=2026-10-04T03:39:30.869+00:00 host_mono_ns=2844190059201759 locals.values.size: 8
host_utc=2026-10-04T03:39:30.869+00:00 host_mono_ns=2844190059214303 [2026-10-04 03:39:30.868] [info] restore label stack
host_utc=2026-10-04T03:39:30.869+00:00 host_mono_ns=2844190059226916 local_cell_num: 14
host_utc=2026-10-04T03:39:30.869+00:00 host_mono_ns=2844190059239290 locals.values.size: 14
host_utc=2026-10-04T03:39:30.869+00:00 host_mono_ns=2844190059251753 [2026-10-04 03:39:30.868] [info] restore label stack
host_utc=2026-10-04T03:39:30.869+00:00 host_mono_ns=2844190059264197 local_cell_num: 45
host_utc=2026-10-04T03:39:30.869+00:00 host_mono_ns=2844190059276540 locals.values.size: 45
host_utc=2026-10-04T03:39:30.869+00:00 host_mono_ns=2844190059289014 [2026-10-04 03:39:30.868] [info] restore label stack
host_utc=2026-10-04T03:39:30.869+00:00 host_mono_ns=2844190059321735 local_cell_num: 19
host_utc=2026-10-04T03:39:30.869+00:00 host_mono_ns=2844190059334159 locals.values.size: 19
host_utc=2026-10-04T03:39:30.869+00:00 host_mono_ns=2844190059346382 [2026-10-04 03:39:30.868] [info] restore label stack
host_utc=2026-10-04T03:39:30.869+00:00 host_mono_ns=2844190059358715 local_cell_num: 63
host_utc=2026-10-04T03:39:30.869+00:00 host_mono_ns=2844190059371199 locals.values.size: 63
host_utc=2026-10-04T03:39:30.869+00:00 host_mono_ns=2844190059383482 [2026-10-04 03:39:30.868] [info] restore label stack
host_utc=2026-10-04T03:39:30.869+00:00 host_mono_ns=2844190059396437 local_cell_num: 9
host_utc=2026-10-04T03:39:30.869+00:00 host_mono_ns=2844190059408890 locals.values.size: 9
host_utc=2026-10-04T03:39:30.869+00:00 host_mono_ns=2844190059421344 [2026-10-04 03:39:30.868] [info] restore label stack
host_utc=2026-10-04T03:39:30.869+00:00 host_mono_ns=2844190059433877 local_cell_num: 9
host_utc=2026-10-04T03:39:30.869+00:00 host_mono_ns=2844190059446070 locals.values.size: 9
host_utc=2026-10-04T03:39:30.869+00:00 host_mono_ns=2844190059458313 [2026-10-04 03:39:30.868] [info] restore label stack
host_utc=2026-10-04T03:39:30.869+00:00 host_mono_ns=2844190059470707 local_cell_num: 6
host_utc=2026-10-04T03:39:30.869+00:00 host_mono_ns=2844190059482810 locals.values.size: 6
host_utc=2026-10-04T03:39:30.869+00:00 host_mono_ns=2844190059495063 [2026-10-04 03:39:30.868] [info] restore label stack
host_utc=2026-10-04T03:39:30.869+00:00 host_mono_ns=2844190059507817 [2026-10-04 03:39:30.868] [info] Finish to restore stack
host_utc=2026-10-04T03:39:30.869+00:00 host_mono_ns=2844190059520731 
host_utc=2026-10-04T03:39:30.869+00:00 host_mono_ns=2844190059533185 initします
host_utc=2026-10-04T03:39:30.869+00:00 host_mono_ns=2844190060165559 wasm_cluster_increase_checkpointing_counter called 1
host_utc=2026-10-04T03:39:30.870+00:00 host_mono_ns=2844190060199654 Restoring wasm thread 9
host_utc=2026-10-04T03:39:30.870+00:00 host_mono_ns=2844190060215764 wasm_cluster_increase_checkpointing_counter called 2
host_utc=2026-10-04T03:39:30.870+00:00 host_mono_ns=2844190060229390 wasm_cluster_increase_checkpointing_counter called 3
host_utc=2026-10-04T03:39:30.870+00:00 host_mono_ns=2844190060242394 [2026-10-04 03:39:30.869] [info] wasm_restore_stack
host_utc=2026-10-04T03:39:30.870+00:00 host_mono_ns=2844190060255189 
host_utc=2026-10-04T03:39:30.870+00:00 host_mono_ns=2844190060268123 boot_end, 2844190059975941
host_utc=2026-10-04T03:39:30.870+00:00 host_mono_ns=2844190060289383 stack, 159651
host_utc=2026-10-04T03:39:30.870+00:00 host_mono_ns=2844190060303049 global, 21471
host_utc=2026-10-04T03:39:30.870+00:00 host_mono_ns=2844190060315543 program counter, 13285
host_utc=2026-10-04T03:39:30.870+00:00 host_mono_ns=2844190060328317 [22:03:10:061 - 74C1096EC840]: warning: failed to link import function (env, pthread_exit)
host_utc=2026-10-04T03:39:30.870+00:00 host_mono_ns=2844190060341442 thread 9 restore
host_utc=2026-10-04T03:39:30.870+00:00 host_mono_ns=2844190060353985 local_cell_num: 2
host_utc=2026-10-04T03:39:30.870+00:00 host_mono_ns=2844190060366439 locals.values.size: 2
host_utc=2026-10-04T03:39:30.870+00:00 host_mono_ns=2844190060379003 [2026-10-04 03:39:30.869] [info] restore label stack
host_utc=2026-10-04T03:39:30.870+00:00 host_mono_ns=2844190060391767 local_cell_num: 8
host_utc=2026-10-04T03:39:30.870+00:00 host_mono_ns=2844190060403950 locals.values.size: 8
host_utc=2026-10-04T03:39:30.870+00:00 host_mono_ns=2844190060416143 [2026-10-04 03:39:30.869] [info] restore label stack
host_utc=2026-10-04T03:39:30.870+00:00 host_mono_ns=2844190060428466 local_cell_num: 14
host_utc=2026-10-04T03:39:30.870+00:00 host_mono_ns=2844190060440699 locals.values.size: 14
host_utc=2026-10-04T03:39:30.870+00:00 host_mono_ns=2844190060453193 [2026-10-04 03:39:30.869] [info] restore label stack
host_utc=2026-10-04T03:39:30.870+00:00 host_mono_ns=2844190060465436 local_cell_num: 15
host_utc=2026-10-04T03:39:30.870+00:00 host_mono_ns=2844190060488980 locals.values.size: 15
host_utc=2026-10-04T03:39:30.870+00:00 host_mono_ns=2844190060501444 [2026-10-04 03:39:30.869] [info] restore label stack
host_utc=2026-10-04T03:39:30.870+00:00 host_mono_ns=2844190060513617 local_cell_num: 37
host_utc=2026-10-04T03:39:30.870+00:00 host_mono_ns=2844190060525710 locals.values.size: 37
host_utc=2026-10-04T03:39:30.870+00:00 host_mono_ns=2844190060537662 [2026-10-04 03:39:30.869] [info] restore label stack
host_utc=2026-10-04T03:39:30.870+00:00 host_mono_ns=2844190060549955 local_cell_num: 25
host_utc=2026-10-04T03:39:30.870+00:00 host_mono_ns=2844190060561898 locals.values.size: 25
host_utc=2026-10-04T03:39:30.870+00:00 host_mono_ns=2844190060574001 [2026-10-04 03:39:30.869] [info] restore label stack
host_utc=2026-10-04T03:39:30.870+00:00 host_mono_ns=2844190060586364 local_cell_num: 34
host_utc=2026-10-04T03:39:30.870+00:00 host_mono_ns=2844190060598387 locals.values.size: 34
host_utc=2026-10-04T03:39:30.870+00:00 host_mono_ns=2844190060610400 [2026-10-04 03:39:30.869] [info] restore label stack
host_utc=2026-10-04T03:39:30.870+00:00 host_mono_ns=2844190060622593 local_cell_num: 38
host_utc=2026-10-04T03:39:30.870+00:00 host_mono_ns=2844190060634485 locals.values.size: 38
host_utc=2026-10-04T03:39:30.870+00:00 host_mono_ns=2844190060646578 [2026-10-04 03:39:30.869] [info] restore label stack
host_utc=2026-10-04T03:39:30.870+00:00 host_mono_ns=2844190060659122 local_cell_num: 94
host_utc=2026-10-04T03:39:30.870+00:00 host_mono_ns=2844190060671184 locals.values.size: 94
host_utc=2026-10-04T03:39:30.870+00:00 host_mono_ns=2844190060683157 [2026-10-04 03:39:30.869] [info] restore label stack
host_utc=2026-10-04T03:39:30.870+00:00 host_mono_ns=2844190060695490 local_cell_num: 2
host_utc=2026-10-04T03:39:30.870+00:00 host_mono_ns=2844190060707523 locals.values.size: 2
host_utc=2026-10-04T03:39:30.870+00:00 host_mono_ns=2844190060719706 [2026-10-04 03:39:30.869] [info] restore label stack
host_utc=2026-10-04T03:39:30.870+00:00 host_mono_ns=2844190060731889 local_cell_num: 9
host_utc=2026-10-04T03:39:30.870+00:00 host_mono_ns=2844190060743922 locals.values.size: 9
host_utc=2026-10-04T03:39:30.870+00:00 host_mono_ns=2844190060755955 [2026-10-04 03:39:30.869] [info] restore label stack
host_utc=2026-10-04T03:39:30.870+00:00 host_mono_ns=2844190060768128 local_cell_num: 9
host_utc=2026-10-04T03:39:30.870+00:00 host_mono_ns=2844190060780170 locals.values.size: 9
host_utc=2026-10-04T03:39:30.870+00:00 host_mono_ns=2844190060792223 [2026-10-04 03:39:30.869] [info] restore label stack
host_utc=2026-10-04T03:39:30.870+00:00 host_mono_ns=2844190060804506 local_cell_num: 6
host_utc=2026-10-04T03:39:30.870+00:00 host_mono_ns=2844190060816639 locals.values.size: 6
host_utc=2026-10-04T03:39:30.870+00:00 host_mono_ns=2844190060828822 [2026-10-04 03:39:30.869] [info] restore label stack
host_utc=2026-10-04T03:39:30.870+00:00 host_mono_ns=2844190060841055 [2026-10-04 03:39:30.869] [info] Finish to restore stack
host_utc=2026-10-04T03:39:30.870+00:00 host_mono_ns=2844190060853589 
host_utc=2026-10-04T03:39:30.870+00:00 host_mono_ns=2844190060872695 initします
host_utc=2026-10-04T03:39:30.872+00:00 host_mono_ns=2844190062247492 boot_end, 2844190062070738
host_utc=2026-10-04T03:39:30.872+00:00 host_mono_ns=2844190062282518 wasm_cluster_increase_checkpointing_counter called 1
host_utc=2026-10-04T03:39:30.872+00:00 host_mono_ns=2844190062299139 Restoring wasm thread 8
host_utc=2026-10-04T03:39:30.872+00:00 host_mono_ns=2844190062312144 wasm_cluster_increase_checkpointing_counter called 2
host_utc=2026-10-04T03:39:30.872+00:00 host_mono_ns=2844190062323155 wasm_cluster_increase_checkpointing_counter called 3
host_utc=2026-10-04T03:39:30.872+00:00 host_mono_ns=2844190062334927 [2026-10-04 03:39:30.871] [info] wasm_restore_stack
host_utc=2026-10-04T03:39:30.872+00:00 host_mono_ns=2844190062344114 
host_utc=2026-10-04T03:39:30.872+00:00 host_mono_ns=2844190062359784 [22:03:10:143 - 74C1096EC840]: warning: failed to link import function (env, pthread_exit)
host_utc=2026-10-04T03:39:30.872+00:00 host_mono_ns=2844190062389390 thread 8 restore
host_utc=2026-10-04T03:39:30.872+00:00 host_mono_ns=2844190062398497 local_cell_num: 2
host_utc=2026-10-04T03:39:30.872+00:00 host_mono_ns=2844190062407053 locals.values.size: 2
host_utc=2026-10-04T03:39:30.872+00:00 host_mono_ns=2844190062415930 [2026-10-04 03:39:30.872] [info] restore label stack
host_utc=2026-10-04T03:39:30.872+00:00 host_mono_ns=2844190062424596 local_cell_num: 8
host_utc=2026-10-04T03:39:30.872+00:00 host_mono_ns=2844190062432892 locals.values.size: 8
host_utc=2026-10-04T03:39:30.872+00:00 host_mono_ns=2844190062441308 [2026-10-04 03:39:30.872] [info] restore label stack
host_utc=2026-10-04T03:39:30.872+00:00 host_mono_ns=2844190062449634 local_cell_num: 14
host_utc=2026-10-04T03:39:30.872+00:00 host_mono_ns=2844190062457859 locals.values.size: 14
host_utc=2026-10-04T03:39:30.872+00:00 host_mono_ns=2844190062466325 [2026-10-04 03:39:30.872] [info] restore label stack
host_utc=2026-10-04T03:39:30.872+00:00 host_mono_ns=2844190062474561 local_cell_num: 15
host_utc=2026-10-04T03:39:30.872+00:00 host_mono_ns=2844190062482746 locals.values.size: 15
host_utc=2026-10-04T03:39:30.872+00:00 host_mono_ns=2844190062490972 [2026-10-04 03:39:30.872] [info] restore label stack
host_utc=2026-10-04T03:39:30.872+00:00 host_mono_ns=2844190062499187 local_cell_num: 27
host_utc=2026-10-04T03:39:30.872+00:00 host_mono_ns=2844190062507283 locals.values.size: 27
host_utc=2026-10-04T03:39:30.872+00:00 host_mono_ns=2844190062515438 [2026-10-04 03:39:30.872] [info] restore label stack
host_utc=2026-10-04T03:39:30.872+00:00 host_mono_ns=2844190062523663 local_cell_num: 25
host_utc=2026-10-04T03:39:30.872+00:00 host_mono_ns=2844190062531719 locals.values.size: 25
host_utc=2026-10-04T03:39:30.872+00:00 host_mono_ns=2844190062539844 [2026-10-04 03:39:30.872] [info] restore label stack
host_utc=2026-10-04T03:39:30.872+00:00 host_mono_ns=2844190062548130 local_cell_num: 34
host_utc=2026-10-04T03:39:30.872+00:00 host_mono_ns=2844190062556195 locals.values.size: 34
host_utc=2026-10-04T03:39:30.872+00:00 host_mono_ns=2844190062564330 [2026-10-04 03:39:30.872] [info] restore label stack
host_utc=2026-10-04T03:39:30.872+00:00 host_mono_ns=2844190062572576 local_cell_num: 38
host_utc=2026-10-04T03:39:30.872+00:00 host_mono_ns=2844190062580661 locals.values.size: 38
host_utc=2026-10-04T03:39:30.872+00:00 host_mono_ns=2844190062588746 [2026-10-04 03:39:30.872] [info] restore label stack
host_utc=2026-10-04T03:39:30.872+00:00 host_mono_ns=2844190062596952 local_cell_num: 94
host_utc=2026-10-04T03:39:30.872+00:00 host_mono_ns=2844190062604967 locals.values.size: 94
host_utc=2026-10-04T03:39:30.872+00:00 host_mono_ns=2844190062613012 [2026-10-04 03:39:30.872] [info] restore label stack
host_utc=2026-10-04T03:39:30.872+00:00 host_mono_ns=2844190062621258 local_cell_num: 2
host_utc=2026-10-04T03:39:30.872+00:00 host_mono_ns=2844190062629363 locals.values.size: 2
host_utc=2026-10-04T03:39:30.872+00:00 host_mono_ns=2844190062637549 [2026-10-04 03:39:30.872] [info] restore label stack
host_utc=2026-10-04T03:39:30.872+00:00 host_mono_ns=2844190062645794 local_cell_num: 9
host_utc=2026-10-04T03:39:30.872+00:00 host_mono_ns=2844190062653950 locals.values.size: 9
host_utc=2026-10-04T03:39:30.872+00:00 host_mono_ns=2844190062662045 [2026-10-04 03:39:30.872] [info] restore label stack
host_utc=2026-10-04T03:39:30.872+00:00 host_mono_ns=2844190062670310 local_cell_num: 9
host_utc=2026-10-04T03:39:30.872+00:00 host_mono_ns=2844190062678376 locals.values.size: 9
host_utc=2026-10-04T03:39:30.872+00:00 host_mono_ns=2844190062686551 [2026-10-04 03:39:30.872] [info] restore label stack
host_utc=2026-10-04T03:39:30.872+00:00 host_mono_ns=2844190062694827 local_cell_num: 6
host_utc=2026-10-04T03:39:30.872+00:00 host_mono_ns=2844190062702932 locals.values.size: 6
host_utc=2026-10-04T03:39:30.872+00:00 host_mono_ns=2844190062711077 [2026-10-04 03:39:30.872] [info] restore label stack
host_utc=2026-10-04T03:39:30.872+00:00 host_mono_ns=2844190062720345 [2026-10-04 03:39:30.872] [info] Finish to restore stack
host_utc=2026-10-04T03:39:30.872+00:00 host_mono_ns=2844190062734351 
host_utc=2026-10-04T03:39:30.872+00:00 host_mono_ns=2844190062743699 stack, 150094
host_utc=2026-10-04T03:39:30.872+00:00 host_mono_ns=2844190062752325 global, 17833
host_utc=2026-10-04T03:39:30.872+00:00 host_mono_ns=2844190062760641 program counter, 12684
host_utc=2026-10-04T03:39:30.872+00:00 host_mono_ns=2844190062774317 initします
host_utc=2026-10-04T03:39:30.874+00:00 host_mono_ns=2844190064277987 wasm_cluster_increase_checkpointing_counter called 1
host_utc=2026-10-04T03:39:30.874+00:00 host_mono_ns=2844190064318473 Restoring wasm thread 7
host_utc=2026-10-04T03:39:30.874+00:00 host_mono_ns=2844190064334513 wasm_cluster_increase_checkpointing_counter called 2
host_utc=2026-10-04T03:39:30.874+00:00 host_mono_ns=2844190064348179 wasm_cluster_increase_checkpointing_counter called 3
host_utc=2026-10-04T03:39:30.874+00:00 host_mono_ns=2844190064360583 [2026-10-04 03:39:30.873] [info] wasm_restore_stack
host_utc=2026-10-04T03:39:30.874+00:00 host_mono_ns=2844190064373227 
host_utc=2026-10-04T03:39:30.874+00:00 host_mono_ns=2844190064382644 boot_end, 2844190064109128
host_utc=2026-10-04T03:39:30.874+00:00 host_mono_ns=2844190064398384 [22:03:10:186 - 74C1096EC840]: warning: failed to link import function (env, pthread_exit)
host_utc=2026-10-04T03:39:30.874+00:00 host_mono_ns=2844190064410166 thread 7 restore
host_utc=2026-10-04T03:39:30.874+00:00 host_mono_ns=2844190064421648 local_cell_num: 2
host_utc=2026-10-04T03:39:30.874+00:00 host_mono_ns=2844190064430374 locals.values.size: 2
host_utc=2026-10-04T03:39:30.874+00:00 host_mono_ns=2844190064441526 [2026-10-04 03:39:30.874] [info] restore label stack
host_utc=2026-10-04T03:39:30.874+00:00 host_mono_ns=2844190064453749 local_cell_num: 8
host_utc=2026-10-04T03:39:30.874+00:00 host_mono_ns=2844190064464088 locals.values.size: 8
host_utc=2026-10-04T03:39:30.874+00:00 host_mono_ns=2844190064472434 [2026-10-04 03:39:30.874] [info] restore label stack
host_utc=2026-10-04T03:39:30.874+00:00 host_mono_ns=2844190064480840 local_cell_num: 25
host_utc=2026-10-04T03:39:30.874+00:00 host_mono_ns=2844190064489065 locals.values.size: 25
host_utc=2026-10-04T03:39:30.874+00:00 host_mono_ns=2844190064497622 [2026-10-04 03:39:30.874] [info] restore label stack
host_utc=2026-10-04T03:39:30.874+00:00 host_mono_ns=2844190064505847 local_cell_num: 10
host_utc=2026-10-04T03:39:30.874+00:00 host_mono_ns=2844190064513892 locals.values.size: 10
host_utc=2026-10-04T03:39:30.874+00:00 host_mono_ns=2844190064522028 [2026-10-04 03:39:30.874] [info] restore label stack
host_utc=2026-10-04T03:39:30.874+00:00 host_mono_ns=2844190064530303 local_cell_num: 22
host_utc=2026-10-04T03:39:30.874+00:00 host_mono_ns=2844190064538479 locals.values.size: 22
host_utc=2026-10-04T03:39:30.874+00:00 host_mono_ns=2844190064546634 [2026-10-04 03:39:30.874] [info] restore label stack
host_utc=2026-10-04T03:39:30.874+00:00 host_mono_ns=2844190064554820 local_cell_num: 62
host_utc=2026-10-04T03:39:30.874+00:00 host_mono_ns=2844190064562915 locals.values.size: 62
host_utc=2026-10-04T03:39:30.874+00:00 host_mono_ns=2844190064571010 [2026-10-04 03:39:30.874] [info] restore label stack
host_utc=2026-10-04T03:39:30.874+00:00 host_mono_ns=2844190064579296 local_cell_num: 18
host_utc=2026-10-04T03:39:30.874+00:00 host_mono_ns=2844190064587291 locals.values.size: 18
host_utc=2026-10-04T03:39:30.874+00:00 host_mono_ns=2844190064595426 [2026-10-04 03:39:30.874] [info] restore label stack
host_utc=2026-10-04T03:39:30.874+00:00 host_mono_ns=2844190064603632 local_cell_num: 21
host_utc=2026-10-04T03:39:30.874+00:00 host_mono_ns=2844190064611647 locals.values.size: 21
host_utc=2026-10-04T03:39:30.874+00:00 host_mono_ns=2844190064619732 [2026-10-04 03:39:30.874] [info] restore label stack
host_utc=2026-10-04T03:39:30.874+00:00 host_mono_ns=2844190064628018 local_cell_num: 10
host_utc=2026-10-04T03:39:30.874+00:00 host_mono_ns=2844190064637876 locals.values.size: 10
host_utc=2026-10-04T03:39:30.874+00:00 host_mono_ns=2844190064648967 [2026-10-04 03:39:30.874] [info] restore label stack
host_utc=2026-10-04T03:39:30.874+00:00 host_mono_ns=2844190064670238 local_cell_num: 2
host_utc=2026-10-04T03:39:30.874+00:00 host_mono_ns=2844190064678884 locals.values.size: 2
host_utc=2026-10-04T03:39:30.874+00:00 host_mono_ns=2844190064687220 [2026-10-04 03:39:30.874] [info] restore label stack
host_utc=2026-10-04T03:39:30.874+00:00 host_mono_ns=2844190064695525 local_cell_num: 9
host_utc=2026-10-04T03:39:30.874+00:00 host_mono_ns=2844190064703631 locals.values.size: 9
host_utc=2026-10-04T03:39:30.874+00:00 host_mono_ns=2844190064711866 [2026-10-04 03:39:30.874] [info] restore label stack
host_utc=2026-10-04T03:39:30.874+00:00 host_mono_ns=2844190064721033 local_cell_num: 9
host_utc=2026-10-04T03:39:30.874+00:00 host_mono_ns=2844190064729239 locals.values.size: 9
host_utc=2026-10-04T03:39:30.874+00:00 host_mono_ns=2844190064737404 [2026-10-04 03:39:30.874] [info] restore label stack
host_utc=2026-10-04T03:39:30.874+00:00 host_mono_ns=2844190064745650 local_cell_num: 6
host_utc=2026-10-04T03:39:30.874+00:00 host_mono_ns=2844190064753785 locals.values.size: 6
host_utc=2026-10-04T03:39:30.874+00:00 host_mono_ns=2844190064762552 [2026-10-04 03:39:30.874] [info] restore label stack
host_utc=2026-10-04T03:39:30.874+00:00 host_mono_ns=2844190064770958 stack, 138091
host_utc=2026-10-04T03:39:30.874+00:00 host_mono_ns=2844190064779324 [2026-10-04 03:39:30.874] [info] Finish to restore stack
host_utc=2026-10-04T03:39:30.874+00:00 host_mono_ns=2844190064787920 
host_utc=2026-10-04T03:39:30.874+00:00 host_mono_ns=2844190064796085 global, 22523
host_utc=2026-10-04T03:39:30.874+00:00 host_mono_ns=2844190064810783 program counter, 18134
host_utc=2026-10-04T03:39:30.874+00:00 host_mono_ns=2844190064819770 initします
host_utc=2026-10-04T03:39:30.876+00:00 host_mono_ns=2844190066309694 boot_end, 2844190066149221
host_utc=2026-10-04T03:39:30.876+00:00 host_mono_ns=2844190066358557 wasm_cluster_increase_checkpointing_counter called 1
host_utc=2026-10-04T03:39:30.876+00:00 host_mono_ns=2844190066370840 Restoring wasm thread 6
host_utc=2026-10-04T03:39:30.876+00:00 host_mono_ns=2844190066380097 wasm_cluster_increase_checkpointing_counter called 2
host_utc=2026-10-04T03:39:30.876+00:00 host_mono_ns=2844190066389224 wasm_cluster_increase_checkpointing_counter called 3
host_utc=2026-10-04T03:39:30.876+00:00 host_mono_ns=2844190066397911 [2026-10-04 03:39:30.875] [info] wasm_restore_stack
host_utc=2026-10-04T03:39:30.876+00:00 host_mono_ns=2844190066406667 
host_utc=2026-10-04T03:39:30.876+00:00 host_mono_ns=2844190066424191 [22:03:10:226 - 74C1096EC840]: warning: failed to link import function (env, pthread_exit)
host_utc=2026-10-04T03:39:30.876+00:00 host_mono_ns=2844190066434851 thread 6 restore
host_utc=2026-10-04T03:39:30.876+00:00 host_mono_ns=2844190066443707 local_cell_num: 2
host_utc=2026-10-04T03:39:30.876+00:00 host_mono_ns=2844190066452073 locals.values.size: 2
host_utc=2026-10-04T03:39:30.876+00:00 host_mono_ns=2844190066460800 [2026-10-04 03:39:30.876] [info] restore label stack
host_utc=2026-10-04T03:39:30.876+00:00 host_mono_ns=2844190066469506 local_cell_num: 8
host_utc=2026-10-04T03:39:30.876+00:00 host_mono_ns=2844190066477651 locals.values.size: 8
host_utc=2026-10-04T03:39:30.876+00:00 host_mono_ns=2844190066485847 [2026-10-04 03:39:30.876] [info] restore label stack
host_utc=2026-10-04T03:39:30.876+00:00 host_mono_ns=2844190066494113 local_cell_num: 14
host_utc=2026-10-04T03:39:30.876+00:00 host_mono_ns=2844190066503410 locals.values.size: 14
host_utc=2026-10-04T03:39:30.876+00:00 host_mono_ns=2844190066512077 [2026-10-04 03:39:30.876] [info] restore label stack
host_utc=2026-10-04T03:39:30.876+00:00 host_mono_ns=2844190066520272 local_cell_num: 8
host_utc=2026-10-04T03:39:30.876+00:00 host_mono_ns=2844190066528357 locals.values.size: 8
host_utc=2026-10-04T03:39:30.876+00:00 host_mono_ns=2844190066536443 [2026-10-04 03:39:30.876] [info] restore label stack
host_utc=2026-10-04T03:39:30.876+00:00 host_mono_ns=2844190066544698 local_cell_num: 13
host_utc=2026-10-04T03:39:30.876+00:00 host_mono_ns=2844190066566018 locals.values.size: 13
host_utc=2026-10-04T03:39:30.876+00:00 host_mono_ns=2844190066574514 [2026-10-04 03:39:30.876] [info] restore label stack
host_utc=2026-10-04T03:39:30.876+00:00 host_mono_ns=2844190066582810 local_cell_num: 19
host_utc=2026-10-04T03:39:30.876+00:00 host_mono_ns=2844190066590865 locals.values.size: 19
host_utc=2026-10-04T03:39:30.876+00:00 host_mono_ns=2844190066599001 [2026-10-04 03:39:30.876] [info] restore label stack
host_utc=2026-10-04T03:39:30.876+00:00 host_mono_ns=2844190066607988 local_cell_num: 63
host_utc=2026-10-04T03:39:30.876+00:00 host_mono_ns=2844190066616233 locals.values.size: 63
host_utc=2026-10-04T03:39:30.876+00:00 host_mono_ns=2844190066624369 [2026-10-04 03:39:30.876] [info] restore label stack
host_utc=2026-10-04T03:39:30.876+00:00 host_mono_ns=2844190066632534 local_cell_num: 9
host_utc=2026-10-04T03:39:30.876+00:00 host_mono_ns=2844190066641110 locals.values.size: 9
host_utc=2026-10-04T03:39:30.876+00:00 host_mono_ns=2844190066652181 [2026-10-04 03:39:30.876] [info] restore label stack
host_utc=2026-10-04T03:39:30.876+00:00 host_mono_ns=2844190066663803 local_cell_num: 9
host_utc=2026-10-04T03:39:30.876+00:00 host_mono_ns=2844190066672580 locals.values.size: 9
host_utc=2026-10-04T03:39:30.876+00:00 host_mono_ns=2844190066681026 [2026-10-04 03:39:30.876] [info] restore label stack
host_utc=2026-10-04T03:39:30.876+00:00 host_mono_ns=2844190066689261 local_cell_num: 6
host_utc=2026-10-04T03:39:30.876+00:00 host_mono_ns=2844190066697316 locals.values.size: 6
host_utc=2026-10-04T03:39:30.876+00:00 host_mono_ns=2844190066705382 [2026-10-04 03:39:30.876] [info] restore label stack
host_utc=2026-10-04T03:39:30.876+00:00 host_mono_ns=2844190066713677 [2026-10-04 03:39:30.876] [info] Finish to restore stack
host_utc=2026-10-04T03:39:30.876+00:00 host_mono_ns=2844190066722264 
host_utc=2026-10-04T03:39:30.876+00:00 host_mono_ns=2844190066730649 stack, 118614
host_utc=2026-10-04T03:39:30.876+00:00 host_mono_ns=2844190066739125 global, 25658
host_utc=2026-10-04T03:39:30.876+00:00 host_mono_ns=2844190066747301 program counter, 13465
host_utc=2026-10-04T03:39:30.876+00:00 host_mono_ns=2844190066782066 initします
host_utc=2026-10-04T03:39:30.878+00:00 host_mono_ns=2844190068492056 wasm_cluster_increase_checkpointing_counter called 1
host_utc=2026-10-04T03:39:30.878+00:00 host_mono_ns=2844190068506814 Restoring wasm thread 5
host_utc=2026-10-04T03:39:30.878+00:00 host_mono_ns=2844190068515701 wasm_cluster_increase_checkpointing_counter called 2
host_utc=2026-10-04T03:39:30.878+00:00 host_mono_ns=2844190068524297 wasm_cluster_increase_checkpointing_counter called 3
host_utc=2026-10-04T03:39:30.878+00:00 host_mono_ns=2844190068532793 [2026-10-04 03:39:30.878] [info] wasm_restore_stack
host_utc=2026-10-04T03:39:30.878+00:00 host_mono_ns=2844190068541379 
host_utc=2026-10-04T03:39:30.878+00:00 host_mono_ns=2844190068549805 boot_end, 2844190068339658
host_utc=2026-10-04T03:39:30.878+00:00 host_mono_ns=2844190068562219 stack, 118945
host_utc=2026-10-04T03:39:30.878+00:00 host_mono_ns=2844190068570845 [22:03:10:409 - 74C1096EC840]: warning: failed to link import function (env, pthread_exit)
host_utc=2026-10-04T03:39:30.878+00:00 host_mono_ns=2844190068579441 thread 5 restore
host_utc=2026-10-04T03:39:30.878+00:00 host_mono_ns=2844190068587887 local_cell_num: 2
host_utc=2026-10-04T03:39:30.878+00:00 host_mono_ns=2844190068596073 locals.values.size: 2
host_utc=2026-10-04T03:39:30.878+00:00 host_mono_ns=2844190068604238 [2026-10-04 03:39:30.878] [info] restore label stack
host_utc=2026-10-04T03:39:30.878+00:00 host_mono_ns=2844190068612624 local_cell_num: 8
host_utc=2026-10-04T03:39:30.878+00:00 host_mono_ns=2844190068620719 locals.values.size: 8
host_utc=2026-10-04T03:39:30.878+00:00 host_mono_ns=2844190068628915 [2026-10-04 03:39:30.878] [info] restore label stack
host_utc=2026-10-04T03:39:30.878+00:00 host_mono_ns=2844190068637150 local_cell_num: 14
host_utc=2026-10-04T03:39:30.878+00:00 host_mono_ns=2844190068645235 locals.values.size: 14
host_utc=2026-10-04T03:39:30.878+00:00 host_mono_ns=2844190068660043 [2026-10-04 03:39:30.878] [info] restore label stack
host_utc=2026-10-04T03:39:30.878+00:00 host_mono_ns=2844190068668399 local_cell_num: 8
host_utc=2026-10-04T03:39:30.878+00:00 host_mono_ns=2844190068676434 locals.values.size: 8
host_utc=2026-10-04T03:39:30.878+00:00 host_mono_ns=2844190068684590 [2026-10-04 03:39:30.878] [info] restore label stack
host_utc=2026-10-04T03:39:30.878+00:00 host_mono_ns=2844190068692725 local_cell_num: 13
host_utc=2026-10-04T03:39:30.878+00:00 host_mono_ns=2844190068700760 locals.values.size: 13
host_utc=2026-10-04T03:39:30.878+00:00 host_mono_ns=2844190068708826 [2026-10-04 03:39:30.878] [info] restore label stack
host_utc=2026-10-04T03:39:30.878+00:00 host_mono_ns=2844190068717041 local_cell_num: 19
host_utc=2026-10-04T03:39:30.878+00:00 host_mono_ns=2844190068725106 locals.values.size: 19
host_utc=2026-10-04T03:39:30.878+00:00 host_mono_ns=2844190068733222 [2026-10-04 03:39:30.878] [info] restore label stack
host_utc=2026-10-04T03:39:30.878+00:00 host_mono_ns=2844190068741387 local_cell_num: 63
host_utc=2026-10-04T03:39:30.878+00:00 host_mono_ns=2844190068749803 locals.values.size: 63
host_utc=2026-10-04T03:39:30.878+00:00 host_mono_ns=2844190068760914 [2026-10-04 03:39:30.878] [info] restore label stack
host_utc=2026-10-04T03:39:30.878+00:00 host_mono_ns=2844190068770492 local_cell_num: 9
host_utc=2026-10-04T03:39:30.878+00:00 host_mono_ns=2844190068778697 locals.values.size: 9
host_utc=2026-10-04T03:39:30.878+00:00 host_mono_ns=2844190068786933 [2026-10-04 03:39:30.878] [info] restore label stack
host_utc=2026-10-04T03:39:30.878+00:00 host_mono_ns=2844190068795229 local_cell_num: 9
host_utc=2026-10-04T03:39:30.878+00:00 host_mono_ns=2844190068803294 locals.values.size: 9
host_utc=2026-10-04T03:39:30.878+00:00 host_mono_ns=2844190068811369 [2026-10-04 03:39:30.878] [info] restore label stack
host_utc=2026-10-04T03:39:30.878+00:00 host_mono_ns=2844190068819635 local_cell_num: 6
host_utc=2026-10-04T03:39:30.878+00:00 host_mono_ns=2844190068827650 locals.values.size: 6
host_utc=2026-10-04T03:39:30.878+00:00 host_mono_ns=2844190068835865 [2026-10-04 03:39:30.878] [info] restore label stack
host_utc=2026-10-04T03:39:30.878+00:00 host_mono_ns=2844190068844101 [2026-10-04 03:39:30.878] [info] Finish to restore stack
host_utc=2026-10-04T03:39:30.878+00:00 host_mono_ns=2844190068852437 
host_utc=2026-10-04T03:39:30.878+00:00 host_mono_ns=2844190068864499 global, 15208
host_utc=2026-10-04T03:39:30.878+00:00 host_mono_ns=2844190068872996 program counter, 9848
host_utc=2026-10-04T03:39:30.878+00:00 host_mono_ns=2844190068884688 initします
host_utc=2026-10-04T03:39:30.880+00:00 host_mono_ns=2844190070237453 boot_end, 2844190070057853
host_utc=2026-10-04T03:39:30.880+00:00 host_mono_ns=2844190070262310 stack, 90912
host_utc=2026-10-04T03:39:30.880+00:00 host_mono_ns=2844190070278681 wasm_cluster_increase_checkpointing_counter called 1
host_utc=2026-10-04T03:39:30.880+00:00 host_mono_ns=2844190070288750 Restoring wasm thread 4
host_utc=2026-10-04T03:39:30.880+00:00 host_mono_ns=2844190070297666 wasm_cluster_increase_checkpointing_counter called 2
host_utc=2026-10-04T03:39:30.880+00:00 host_mono_ns=2844190070306283 wasm_cluster_increase_checkpointing_counter called 3
host_utc=2026-10-04T03:39:30.880+00:00 host_mono_ns=2844190070314709 [2026-10-04 03:39:30.879] [info] wasm_restore_stack
host_utc=2026-10-04T03:39:30.880+00:00 host_mono_ns=2844190070323365 
host_utc=2026-10-04T03:39:30.880+00:00 host_mono_ns=2844190070332071 local_cell_num: 2
host_utc=2026-10-04T03:39:30.880+00:00 host_mono_ns=2844190070340527 locals.values.size: 2
host_utc=2026-10-04T03:39:30.880+00:00 host_mono_ns=2844190070348963 [2026-10-04 03:39:30.879] [info] restore label stack
host_utc=2026-10-04T03:39:30.880+00:00 host_mono_ns=2844190070357359 local_cell_num: 8
host_utc=2026-10-04T03:39:30.880+00:00 host_mono_ns=2844190070365515 locals.values.size: 8
host_utc=2026-10-04T03:39:30.880+00:00 host_mono_ns=2844190070373770 [2026-10-04 03:39:30.879] [info] restore label stack
host_utc=2026-10-04T03:39:30.880+00:00 host_mono_ns=2844190070389991 local_cell_num: 14
host_utc=2026-10-04T03:39:30.880+00:00 host_mono_ns=2844190070398557 [22:03:10:137 - 74C1096EC840]: locals.values.size: 14
host_utc=2026-10-04T03:39:30.880+00:00 host_mono_ns=2844190070406983 [2026-10-04 03:39:30.879] [info] restore label stack
host_utc=2026-10-04T03:39:30.880+00:00 host_mono_ns=2844190070415229 local_cell_num: 215
host_utc=2026-10-04T03:39:30.880+00:00 host_mono_ns=2844190070423424 locals.values.size: 215
host_utc=2026-10-04T03:39:30.880+00:00 host_mono_ns=2844190070431830 [2026-10-04 03:39:30.879] [info] restore label stack
host_utc=2026-10-04T03:39:30.880+00:00 host_mono_ns=2844190070440015 local_cell_num: 77
host_utc=2026-10-04T03:39:30.880+00:00 host_mono_ns=2844190070448151 locals.values.size: 77
host_utc=2026-10-04T03:39:30.880+00:00 host_mono_ns=2844190070456547 [2026-10-04 03:39:30.879] [info] restore label stack
host_utc=2026-10-04T03:39:30.880+00:00 host_mono_ns=2844190070464832 local_cell_num: 22
host_utc=2026-10-04T03:39:30.880+00:00 host_mono_ns=2844190070472917 locals.values.size: 22
host_utc=2026-10-04T03:39:30.880+00:00 host_mono_ns=2844190070481143 warning: failed to link import function (env, pthread_exit)[2026-10-04 03:39:30.879] [info] Finish to restore stack
host_utc=2026-10-04T03:39:30.880+00:00 host_mono_ns=2844190070490250 
host_utc=2026-10-04T03:39:30.880+00:00 host_mono_ns=2844190070502383 global, 16872
host_utc=2026-10-04T03:39:30.880+00:00 host_mono_ns=2844190070510909 program counter, 10700
host_utc=2026-10-04T03:39:30.880+00:00 host_mono_ns=2844190070656524 initします
host_utc=2026-10-04T03:39:30.881+00:00 host_mono_ns=2844190071966318 boot_end, 2844190071825082
host_utc=2026-10-04T03:39:30.881+00:00 host_mono_ns=2844190071980305 stack, 79911
host_utc=2026-10-04T03:39:30.881+00:00 host_mono_ns=2844190071989662 
host_utc=2026-10-04T03:39:30.881+00:00 host_mono_ns=2844190072006364 thread 4 restore
host_utc=2026-10-04T03:39:30.881+00:00 host_mono_ns=2844190072017806 wasm_cluster_increase_checkpointing_counter called 1
host_utc=2026-10-04T03:39:30.881+00:00 host_mono_ns=2844190072026502 Restoring wasm thread 3
host_utc=2026-10-04T03:39:30.881+00:00 host_mono_ns=2844190072034968 wasm_cluster_increase_checkpointing_counter called 2
host_utc=2026-10-04T03:39:30.881+00:00 host_mono_ns=2844190072043514 wasm_cluster_increase_checkpointing_counter called 3
host_utc=2026-10-04T03:39:30.881+00:00 host_mono_ns=2844190072051930 [2026-10-04 03:39:30.881] [info] wasm_restore_stack
host_utc=2026-10-04T03:39:30.881+00:00 host_mono_ns=2844190072060436 
host_utc=2026-10-04T03:39:30.881+00:00 host_mono_ns=2844190072068712 local_cell_num: 2
host_utc=2026-10-04T03:39:30.881+00:00 host_mono_ns=2844190072076827 locals.values.size: 2
host_utc=2026-10-04T03:39:30.881+00:00 host_mono_ns=2844190072085063 [2026-10-04 03:39:30.881] [info] restore label stack
host_utc=2026-10-04T03:39:30.881+00:00 host_mono_ns=2844190072093248 local_cell_num: 8
host_utc=2026-10-04T03:39:30.881+00:00 host_mono_ns=2844190072101353 locals.values.size: 8
host_utc=2026-10-04T03:39:30.881+00:00 host_mono_ns=2844190072109609 [2026-10-04 03:39:30.881] [info] restore label stack
host_utc=2026-10-04T03:39:30.881+00:00 host_mono_ns=2844190072117804 local_cell_num: 14
host_utc=2026-10-04T03:39:30.881+00:00 host_mono_ns=2844190072125960 locals.values.size: 14
host_utc=2026-10-04T03:39:30.881+00:00 host_mono_ns=2844190072134155 [2026-10-04 03:39:30.881] [info] restore label stack
host_utc=2026-10-04T03:39:30.881+00:00 host_mono_ns=2844190072142351 local_cell_num: 215
host_utc=2026-10-04T03:39:30.881+00:00 host_mono_ns=2844190072150486 locals.values.size: 215
host_utc=2026-10-04T03:39:30.881+00:00 host_mono_ns=2844190072158782 [2026-10-04 03:39:30.881] [info] restore label stack
host_utc=2026-10-04T03:39:30.881+00:00 host_mono_ns=2844190072166927 local_cell_num: 77
host_utc=2026-10-04T03:39:30.882+00:00 host_mono_ns=2844190072175002 locals.values.size: 77
host_utc=2026-10-04T03:39:30.882+00:00 host_mono_ns=2844190072183128 [2026-10-04 03:39:30.881] [info] restore label stack
host_utc=2026-10-04T03:39:30.882+00:00 host_mono_ns=2844190072197785 local_cell_num: 22
host_utc=2026-10-04T03:39:30.882+00:00 host_mono_ns=2844190072205961 locals.values.size: 22
host_utc=2026-10-04T03:39:30.882+00:00 host_mono_ns=2844190072214016 [2026-10-04 03:39:30.881] [info] restore label stack
host_utc=2026-10-04T03:39:30.882+00:00 host_mono_ns=2844190072222272 [22:03:10:910 - 74C1096EC840]: warning: failed to link import function (env, pthread_exit)
host_utc=2026-10-04T03:39:30.882+00:00 host_mono_ns=2844190072230838 [2026-10-04 03:39:30.881] [info] Finish to restore stack
host_utc=2026-10-04T03:39:30.882+00:00 host_mono_ns=2844190072239374 
host_utc=2026-10-04T03:39:30.882+00:00 host_mono_ns=2844190072252579 global, 17984
host_utc=2026-10-04T03:39:30.882+00:00 host_mono_ns=2844190072261015 program counter, 10099
host_utc=2026-10-04T03:39:30.882+00:00 host_mono_ns=2844190072478896 initします
host_utc=2026-10-04T03:39:30.884+00:00 host_mono_ns=2844190074194887 boot_end, 2844190074062978
host_utc=2026-10-04T03:39:30.884+00:00 host_mono_ns=2844190074208994 thread 3 restore
host_utc=2026-10-04T03:39:30.884+00:00 host_mono_ns=2844190074217480 wasm_cluster_increase_checkpointing_counter called 1
host_utc=2026-10-04T03:39:30.884+00:00 host_mono_ns=2844190074226056 Restoring wasm thread 2
host_utc=2026-10-04T03:39:30.884+00:00 host_mono_ns=2844190074234402 wasm_cluster_increase_checkpointing_counter called 2
host_utc=2026-10-04T03:39:30.884+00:00 host_mono_ns=2844190074242868 wasm_cluster_increase_checkpointing_counter called 3
host_utc=2026-10-04T03:39:30.884+00:00 host_mono_ns=2844190074251184 [2026-10-04 03:39:30.883] [info] wasm_restore_stack
host_utc=2026-10-04T03:39:30.884+00:00 host_mono_ns=2844190074260822 
host_utc=2026-10-04T03:39:30.884+00:00 host_mono_ns=2844190074275870 local_cell_num: 2
host_utc=2026-10-04T03:39:30.884+00:00 host_mono_ns=2844190074284727 locals.values.size: 2
host_utc=2026-10-04T03:39:30.884+00:00 host_mono_ns=2844190074293003 [2026-10-04 03:39:30.883] [info] restore label stack
host_utc=2026-10-04T03:39:30.884+00:00 host_mono_ns=2844190074301288 local_cell_num: 8
host_utc=2026-10-04T03:39:30.884+00:00 host_mono_ns=2844190074309454 locals.values.size: 8
host_utc=2026-10-04T03:39:30.884+00:00 host_mono_ns=2844190074317549 [2026-10-04 03:39:30.883] [info] restore label stack
host_utc=2026-10-04T03:39:30.884+00:00 host_mono_ns=2844190074325724 local_cell_num: 14
host_utc=2026-10-04T03:39:30.884+00:00 host_mono_ns=2844190074333800 locals.values.size: 14
host_utc=2026-10-04T03:39:30.884+00:00 host_mono_ns=2844190074341895 [2026-10-04 03:39:30.883] [info] restore label stack
host_utc=2026-10-04T03:39:30.884+00:00 host_mono_ns=2844190074350131 local_cell_num: 215
host_utc=2026-10-04T03:39:30.884+00:00 host_mono_ns=2844190074358256 locals.values.size: 215
host_utc=2026-10-04T03:39:30.884+00:00 host_mono_ns=2844190074366421 [22:03:10:144 - 74C1096EC840]: warning: failed to link import function (env, pthread_exit)
host_utc=2026-10-04T03:39:30.884+00:00 host_mono_ns=2844190074374827 [2026-10-04 03:39:30.883] [info] restore label stack
host_utc=2026-10-04T03:39:30.884+00:00 host_mono_ns=2844190074383133 local_cell_num: 77
host_utc=2026-10-04T03:39:30.884+00:00 host_mono_ns=2844190074391168 locals.values.size: 77
host_utc=2026-10-04T03:39:30.884+00:00 host_mono_ns=2844190074399253 [2026-10-04 03:39:30.883] [info] restore label stack
host_utc=2026-10-04T03:39:30.884+00:00 host_mono_ns=2844190074407469 local_cell_num: 22
host_utc=2026-10-04T03:39:30.884+00:00 host_mono_ns=2844190074415504 locals.values.size: 22
host_utc=2026-10-04T03:39:30.884+00:00 host_mono_ns=2844190074423669 [2026-10-04 03:39:30.883] [info] restore label stack
host_utc=2026-10-04T03:39:30.884+00:00 host_mono_ns=2844190074431935 [2026-10-04 03:39:30.884] [info] Finish to restore stack
host_utc=2026-10-04T03:39:30.884+00:00 host_mono_ns=2844190074440271 
host_utc=2026-10-04T03:39:30.884+00:00 host_mono_ns=2844190074448376 stack, 92645
host_utc=2026-10-04T03:39:30.884+00:00 host_mono_ns=2844190074456471 global, 18174
host_utc=2026-10-04T03:39:30.884+00:00 host_mono_ns=2844190074471740 program counter, 10059
host_utc=2026-10-04T03:39:30.884+00:00 host_mono_ns=2844190074623427 initします
host_utc=2026-10-04T03:39:30.885+00:00 host_mono_ns=2844190075962847 boot_end, 2844190075844163
host_utc=2026-10-04T03:39:30.885+00:00 host_mono_ns=2844190075976733 thread 2 restore
host_utc=2026-10-04T03:39:30.885+00:00 host_mono_ns=2844190075985640 wasm_cluster_increase_checkpointing_counter called 1
host_utc=2026-10-04T03:39:30.885+00:00 host_mono_ns=2844190075997091 Restoring wasm thread 1
host_utc=2026-10-04T03:39:30.885+00:00 host_mono_ns=2844190076014624 wasm_cluster_increase_checkpointing_counter called 2
host_utc=2026-10-04T03:39:30.885+00:00 host_mono_ns=2844190076028671 wasm_cluster_increase_checkpointing_counter called 3
host_utc=2026-10-04T03:39:30.885+00:00 host_mono_ns=2844190076037518 [2026-10-04 03:39:30.885] [info] wasm_restore_stack
host_utc=2026-10-04T03:39:30.885+00:00 host_mono_ns=2844190076045934 
host_utc=2026-10-04T03:39:30.885+00:00 host_mono_ns=2844190076058938 local_cell_num: 2
host_utc=2026-10-04T03:39:30.885+00:00 host_mono_ns=2844190076067384 locals.values.size: 2
host_utc=2026-10-04T03:39:30.885+00:00 host_mono_ns=2844190076075730 [2026-10-04 03:39:30.885] [info] restore label stack
host_utc=2026-10-04T03:39:30.885+00:00 host_mono_ns=2844190076083975 local_cell_num: 8
host_utc=2026-10-04T03:39:30.885+00:00 host_mono_ns=2844190076092041 locals.values.size: 8
host_utc=2026-10-04T03:39:30.885+00:00 host_mono_ns=2844190076100126 [2026-10-04 03:39:30.885] [info] restore label stack
host_utc=2026-10-04T03:39:30.885+00:00 host_mono_ns=2844190076108341 local_cell_num: 14
host_utc=2026-10-04T03:39:30.885+00:00 host_mono_ns=2844190076116497 locals.values.size: 14
host_utc=2026-10-04T03:39:30.885+00:00 host_mono_ns=2844190076124672 [2026-10-04 03:39:30.885] [info] restore label stack
host_utc=2026-10-04T03:39:30.885+00:00 host_mono_ns=2844190076132868 local_cell_num: 215
host_utc=2026-10-04T03:39:30.885+00:00 host_mono_ns=2844190076141063 locals.values.size: 215
host_utc=2026-10-04T03:39:30.885+00:00 host_mono_ns=2844190076149249 [2026-10-04 03:39:30.885] [info] restore label stack
host_utc=2026-10-04T03:39:30.885+00:00 host_mono_ns=2844190076157474 local_cell_num: 77
host_utc=2026-10-04T03:39:30.885+00:00 host_mono_ns=2844190076165550 locals.values.size: 77
host_utc=2026-10-04T03:39:30.886+00:00 host_mono_ns=2844190076173975 [2026-10-04 03:39:30.885] [info] restore label stack
host_utc=2026-10-04T03:39:30.886+00:00 host_mono_ns=2844190076182772 local_cell_num: 22
host_utc=2026-10-04T03:39:30.886+00:00 host_mono_ns=2844190076190958 locals.values.size: 22
host_utc=2026-10-04T03:39:30.886+00:00 host_mono_ns=2844190076199033 [2026-10-04 03:39:30.885] [info] restore label stack
host_utc=2026-10-04T03:39:30.886+00:00 host_mono_ns=2844190076207278 [2026-10-04 03:39:30.885] [info] Finish to restore stack
host_utc=2026-10-04T03:39:30.886+00:00 host_mono_ns=2844190076215594 
host_utc=2026-10-04T03:39:30.886+00:00 host_mono_ns=2844190076223629 stack, 81484
host_utc=2026-10-04T03:39:30.886+00:00 host_mono_ns=2844190076231755 global, 16662
host_utc=2026-10-04T03:39:30.886+00:00 host_mono_ns=2844190076239870 program counter, 9728
host_utc=2026-10-04T03:39:30.886+00:00 host_mono_ns=2844190076425511 initします
host_utc=2026-10-04T03:39:30.886+00:00 host_mono_ns=2844190076437213 [22:03:10:919 - 74C1096EC840]: warning: failed to link import function (env, pthread_exit)
host_utc=2026-10-04T03:39:30.886+00:00 host_mono_ns=2844190076446270 thread 1 restore
host_utc=2026-10-04T03:39:30.886+00:00 host_mono_ns=2844190076455066 wasm_cluster_increase_checkpointing_counter called 1
host_utc=2026-10-04T03:39:30.886+00:00 host_mono_ns=2844190076464274 [2026-10-04 03:39:30.886] [info] wasm_restore_stack
host_utc=2026-10-04T03:39:30.886+00:00 host_mono_ns=2844190076472860 
host_utc=2026-10-04T03:39:30.887+00:00 host_mono_ns=2844190077850061 boot_end, 2844190077710217
host_utc=2026-10-04T03:39:30.887+00:00 host_mono_ns=2844190077863427 stack, 1460739
host_utc=2026-10-04T03:39:30.887+00:00 host_mono_ns=2844190077883094 wasm_cluster_increase_checkpointing_counter called 2
host_utc=2026-10-04T03:39:30.887+00:00 host_mono_ns=2844190077895106 wasm_cluster_increase_checkpointing_counter called 3
host_utc=2026-10-04T03:39:30.887+00:00 host_mono_ns=2844190077904554 local_cell_num: 1
host_utc=2026-10-04T03:39:30.887+00:00 host_mono_ns=2844190077912750 locals.values.size: 1
host_utc=2026-10-04T03:39:30.887+00:00 host_mono_ns=2844190077922308 [2026-10-04 03:39:30.887] [info] restore label stack
host_utc=2026-10-04T03:39:30.887+00:00 host_mono_ns=2844190077933379 local_cell_num: 3
host_utc=2026-10-04T03:39:30.887+00:00 host_mono_ns=2844190077941664 locals.values.size: 3
host_utc=2026-10-04T03:39:30.887+00:00 host_mono_ns=2844190077949970 [2026-10-04 03:39:30.887] [info] wasm_restore_stack
host_utc=2026-10-04T03:39:30.887+00:00 host_mono_ns=2844190077958436 
host_utc=2026-10-04T03:39:30.887+00:00 host_mono_ns=2844190077966692 [2026-10-04 03:39:30.887] [info] restore label stack
host_utc=2026-10-04T03:39:30.887+00:00 host_mono_ns=2844190077974887 local_cell_num: 170
host_utc=2026-10-04T03:39:30.887+00:00 host_mono_ns=2844190077983133 locals.values.size: 170
host_utc=2026-10-04T03:39:30.887+00:00 host_mono_ns=2844190077991428 [2026-10-04 03:39:30.887] [info] restore label stack
host_utc=2026-10-04T03:39:30.887+00:00 host_mono_ns=2844190077999714 local_cell_num: 19
host_utc=2026-10-04T03:39:30.887+00:00 host_mono_ns=2844190078017858 locals.values.size: 19
host_utc=2026-10-04T03:39:30.887+00:00 host_mono_ns=2844190078026274 [2026-10-04 03:39:30.887] [info] restore label stack
host_utc=2026-10-04T03:39:30.887+00:00 host_mono_ns=2844190078034650 local_cell_num: 63
host_utc=2026-10-04T03:39:30.887+00:00 host_mono_ns=2844190078042815 locals.values.size: 63
host_utc=2026-10-04T03:39:30.887+00:00 host_mono_ns=2844190078050991 [2026-10-04 03:39:30.887] [info] restore label stack
host_utc=2026-10-04T03:39:30.887+00:00 host_mono_ns=2844190078059166 local_cell_num: 9
host_utc=2026-10-04T03:39:30.887+00:00 host_mono_ns=2844190078067232 locals.values.size: 9
host_utc=2026-10-04T03:39:30.887+00:00 host_mono_ns=2844190078075357 [2026-10-04 03:39:30.887] [info] restore label stack
host_utc=2026-10-04T03:39:30.887+00:00 host_mono_ns=2844190078083582 local_cell_num: 9
host_utc=2026-10-04T03:39:30.887+00:00 host_mono_ns=2844190078091728 locals.values.size: 9
host_utc=2026-10-04T03:39:30.887+00:00 host_mono_ns=2844190078099833 [2026-10-04 03:39:30.887] [info] restore label stack
host_utc=2026-10-04T03:39:30.887+00:00 host_mono_ns=2844190078107988 local_cell_num: 6
host_utc=2026-10-04T03:39:30.887+00:00 host_mono_ns=2844190078116114 locals.values.size: 6
host_utc=2026-10-04T03:39:30.887+00:00 host_mono_ns=2844190078124319 [2026-10-04 03:39:30.887] [info] restore label stack
host_utc=2026-10-04T03:39:30.887+00:00 host_mono_ns=2844190078132545 [2026-10-04 03:39:30.887] [info] Finish to restore stack
host_utc=2026-10-04T03:39:30.887+00:00 host_mono_ns=2844190078140931 
host_utc=2026-10-04T03:39:30.887+00:00 host_mono_ns=2844190078154096 local_cell_num: 2
host_utc=2026-10-04T03:39:30.887+00:00 host_mono_ns=2844190078162511 locals.values.size: 2
host_utc=2026-10-04T03:39:30.888+00:00 host_mono_ns=2844190078170627 [2026-10-04 03:39:30.887] [info] restore label stack
host_utc=2026-10-04T03:39:30.888+00:00 host_mono_ns=2844190078178842 local_cell_num: 8
host_utc=2026-10-04T03:39:30.888+00:00 host_mono_ns=2844190078186877 locals.values.size: 8
host_utc=2026-10-04T03:39:30.888+00:00 host_mono_ns=2844190078195073 [2026-10-04 03:39:30.887] [info] restore label stack
host_utc=2026-10-04T03:39:30.888+00:00 host_mono_ns=2844190078203228 local_cell_num: 14
host_utc=2026-10-04T03:39:30.888+00:00 host_mono_ns=2844190078211284 locals.values.size: 14
host_utc=2026-10-04T03:39:30.888+00:00 host_mono_ns=2844190078219449 [2026-10-04 03:39:30.887] [info] restore label stack
host_utc=2026-10-04T03:39:30.888+00:00 host_mono_ns=2844190078227624 local_cell_num: 155
host_utc=2026-10-04T03:39:30.888+00:00 host_mono_ns=2844190078235690 locals.values.size: 155
host_utc=2026-10-04T03:39:30.888+00:00 host_mono_ns=2844190078249676 [2026-10-04 03:39:30.887] [info] restore label stack
host_utc=2026-10-04T03:39:30.888+00:00 host_mono_ns=2844190078257912 local_cell_num: 19
host_utc=2026-10-04T03:39:30.888+00:00 host_mono_ns=2844190078265987 locals.values.size: 19
host_utc=2026-10-04T03:39:30.888+00:00 host_mono_ns=2844190078274082 [2026-10-04 03:39:30.887] [info] restore label stack
host_utc=2026-10-04T03:39:30.888+00:00 host_mono_ns=2844190078282268 local_cell_num: 63
host_utc=2026-10-04T03:39:30.888+00:00 host_mono_ns=2844190078290303 locals.values.size: 63
host_utc=2026-10-04T03:39:30.888+00:00 host_mono_ns=2844190078298398 [2026-10-04 03:39:30.887] [info] restore label stack
host_utc=2026-10-04T03:39:30.888+00:00 host_mono_ns=2844190078306614 local_cell_num: 9
host_utc=2026-10-04T03:39:30.888+00:00 host_mono_ns=2844190078314649 locals.values.size: 9
host_utc=2026-10-04T03:39:30.888+00:00 host_mono_ns=2844190078322754 [2026-10-04 03:39:30.887] [info] restore label stack
host_utc=2026-10-04T03:39:30.888+00:00 host_mono_ns=2844190078331010 local_cell_num: 9
host_utc=2026-10-04T03:39:30.888+00:00 host_mono_ns=2844190078339075 locals.values.size: 9
host_utc=2026-10-04T03:39:30.888+00:00 host_mono_ns=2844190078347150 [2026-10-04 03:39:30.887] [info] restore label stack
host_utc=2026-10-04T03:39:30.888+00:00 host_mono_ns=2844190078355306 local_cell_num: 6
host_utc=2026-10-04T03:39:30.888+00:00 host_mono_ns=2844190078363301 locals.values.size: 6
host_utc=2026-10-04T03:39:30.888+00:00 host_mono_ns=2844190078371326 [2026-10-04 03:39:30.887] [info] restore label stack
host_utc=2026-10-04T03:39:30.888+00:00 host_mono_ns=2844190078379581 [2026-10-04 03:39:30.887] [info] Finish to restore stack
host_utc=2026-10-04T03:39:30.888+00:00 host_mono_ns=2844190078387857 
host_utc=2026-10-04T03:39:30.888+00:00 host_mono_ns=2844190078395872 stack, 105870
host_utc=2026-10-04T03:39:30.888+00:00 host_mono_ns=2844190078404118 global, 19236
host_utc=2026-10-04T03:39:30.888+00:00 host_mono_ns=2844190078412594 program counter, 12945
host_utc=2026-10-04T03:39:31.672+00:00 host_mono_ns=2844190862981494 memory, 784553101
host_utc=2026-10-04T03:39:31.672+00:00 host_mono_ns=2844190863057728 Restore: add_membership for fd 4 used destination default interface
host_utc=2026-10-04T03:39:31.672+00:00 host_mono_ns=2844190863075823 Restore: add_membership for fd 8 used destination default interface
host_utc=2026-10-04T03:39:31.672+00:00 host_mono_ns=2844190863088036 global, 10840
host_utc=2026-10-04T03:39:31.672+00:00 host_mono_ns=2844190863099587 program counter, 13425
host_utc=2026-10-04T03:39:33.676+00:00 host_mono_ns=2844192867100973 '
host_utc=2026-10-04T03:39:33.676+00:00 host_mono_ns=2844192867158712 LOG_ERROR : 00000018.149 : [CR-STATE] netif_refresh default=0x9bf18 self=0x9bf18 same=1 stored=0x030012ac probed=0x060012ac pending=0
host_utc=2026-10-04T03:39:33.677+00:00 host_mono_ns=2844192867174131 UDP_RECV_RECOVERY action=skip reason=EINTR fd=6netif_wasm: local ip changed to 0x060012ac
host_utc=2026-10-04T03:39:33.677+00:00 host_mono_ns=2844192867186475 
host_utc=2026-10-04T03:39:33.677+00:00 host_mono_ns=2844192867198187 LOG_ERROR : 00000018.149 : LOG_ERROR : 00000018.150 : UDP_RECV_RECOVERY action=skip reason=EINTR fd=3UDP_RECV_RECOVERY action=refresh status=1 reason=EINTR fd=4
host_utc=2026-10-04T03:39:33.677+00:00 host_mono_ns=2844192867210550 LOG_ERROR : 00000018.149 :
host_utc=2026-10-04T03:39:33.677+00:00 host_mono_ns=2844192867221691 UDP_RECV_RECOVERY action=skip reason=EINTR fd=8
host_utc=2026-10-04T03:39:33.677+00:00 host_mono_ns=2844192867233283 [CR-STATE] loop id=15 guest_before=0xa500000e host_before=0x00000000
host_utc=2026-10-04T03:39:33.677+00:00 host_mono_ns=2844192867244594 [CR-STATE] netif_refresh default=0x9bf18 self=0x9bf18 same=1 stored=0x060012ac probed=0x060012ac pending=1
host_utc=2026-10-04T03:39:33.677+00:00 host_mono_ns=2844192867256156 publishing msg: 'Hello from mros2-posix onto Linux: 15'
host_utc=2026-10-04T03:39:33.677+00:00 host_mono_ns=2844192867275222 [CR-STATE] armed id=15 value=0xa500000f
host_utc=2026-10-04T03:39:33.677+00:00 host_mono_ns=2844192867308134 [CR-STATE] loop id=16 guest_before=0xa500000f host_before=0xa500000f
host_utc=2026-10-04T03:39:33.677+00:00 host_mono_ns=2844192867319325 publishing msg: 'Hello from mros2-posix onto Linux: 16'
host_utc=2026-10-04T03:39:33.677+00:00 host_mono_ns=2844192867332350 [CR-STATE] netif_refresh default=0x9bf18 self=0x9bf18 same=1 stored=0x060012ac probed=0x060012ac pending=0
host_utc=2026-10-04T03:39:33.677+00:00 host_mono_ns=2844192867343541 [CR-STATE] armed id=16 value=0xa5000010
host_utc=2026-10-04T03:39:36.677+00:00 host_mono_ns=2844195867897101 LOG_DEBUG : 00000020.152 : [MROS2LIB] message get [callback_handler] msg_sn_high: 0 msg_sn_low: d
host_utc=2026-10-04T03:39:36.677+00:00 host_mono_ns=2844195867963136 subscribed msg: 'Hello from mros2-posix onto Linux: 16'
host_utc=2026-10-04T03:39:36.677+00:00 host_mono_ns=2844195867989155 [CR-STATE] loop id=17 guest_before=0xa5000010 host_before=0xa5000010
host_utc=2026-10-04T03:39:36.677+00:00 host_mono_ns=2844195868049128 [CR-STATE] netif_refresh default=0x9bf18 self=0x9bf18 same=1 stored=0x060012ac probed=0x060012ac pending=0
host_utc=2026-10-04T03:39:36.677+00:00 host_mono_ns=2844195868071681 publishing msg: 'Hello from mros2-posix onto Linux: 17'
host_utc=2026-10-04T03:39:36.677+00:00 host_mono_ns=2844195868087851 [CR-STATE] armed id=17 value=0xa5000011
host_utc=2026-10-04T03:39:36.677+00:00 host_mono_ns=2844195868101517 LOG_DEBUG : 00000021.153 : [MROS2LIB] message get [callback_handler] msg_sn_high: 0 msg_sn_low: e
host_utc=2026-10-04T03:39:36.677+00:00 host_mono_ns=2844195868114742 subscribed msg: 'Hello from mros2-posix onto Linux: 17'
host_utc=2026-10-04T03:39:36.677+00:00 host_mono_ns=2844195868128999 [CR-STATE] netif_refresh default=0x9bf18 self=0x9bf18 same=1 stored=0x060012ac probed=0x060012ac pending=0
host_utc=2026-10-04T03:39:36.677+00:00 host_mono_ns=2844195868142264 [CR-STATE] loop id=18 guest_before=0xa5000011 host_before=0xa5000011
host_utc=2026-10-04T03:39:36.677+00:00 host_mono_ns=2844195868155228 publishing msg: 'Hello from mros2-posix onto Linux: 18'
host_utc=2026-10-04T03:39:36.678+00:00 host_mono_ns=2844195868168694 [CR-STATE] armed id=18 value=0xa5000012
host_utc=2026-10-04T03:39:36.678+00:00 host_mono_ns=2844195868181428 LOG_DEBUG : 00000022.154 : [MROS2LIB] message get [callback_handler] msg_sn_high: 0 msg_sn_low: f
host_utc=2026-10-04T03:39:36.678+00:00 host_mono_ns=2844195868194332 subscribed msg: 'Hello from mros2-posix onto Linux: 18'
host_utc=2026-10-04T03:39:38.680+00:00 host_mono_ns=2844197871072095 [CR-STATE] netif_refresh default=0x9bf18 self=0x9bf18 same=1 stored=0x060012ac probed=0x060012ac pending=0
host_utc=2026-10-04T03:39:38.680+00:00 host_mono_ns=2844197871130796 [CR-STATE] loop id=19 guest_before=0xa5000012 host_before=0xa5000012
host_utc=2026-10-04T03:39:38.680+00:00 host_mono_ns=2844197871147287 publishing msg: 'Hello from mros2-posix onto Linux: 19'
host_utc=2026-10-04T03:39:38.681+00:00 host_mono_ns=2844197871170981 [CR-STATE] armed id=19 value=0xa5000013
host_utc=2026-10-04T03:39:38.681+00:00 host_mono_ns=2844197871186651 LOG_DEBUG : 00000023.155 : [MROS2LIB] message get [callback_handler] msg_sn_high: 0 msg_sn_low: 10
host_utc=2026-10-04T03:39:38.681+00:00 host_mono_ns=2844197871202762 subscribed msg: 'Hello from mros2-posix onto Linux: 19'
host_utc=2026-10-04T03:39:38.681+00:00 host_mono_ns=2844197871217860 [CR-STATE] netif_refresh default=0x9bf18 self=0x9bf18 same=1 stored=0x060012ac probed=0x060012ac pending=0
host_utc=2026-10-04T03:39:38.681+00:00 host_mono_ns=2844197871231426 [CR-STATE] loop id=20 guest_before=0xa5000013 host_before=0xa5000013
host_utc=2026-10-04T03:39:38.681+00:00 host_mono_ns=2844197871244390 publishing msg: 'Hello from mros2-posix onto Linux: 20'
host_utc=2026-10-04T03:39:38.681+00:00 host_mono_ns=2844197871258377 [CR-STATE] armed id=20 value=0xa5000014
host_utc=2026-10-04T03:39:38.681+00:00 host_mono_ns=2844197871271161 LOG_DEBUG : 00000024.156 : [MROS2LIB] message get [callback_handler] msg_sn_high: 0 msg_sn_low: 11
host_utc=2026-10-04T03:39:38.681+00:00 host_mono_ns=2844197871303121 subscribed msg: 'Hello from mros2-posix onto Linux: 20'
host_utc=2026-10-04T03:39:38.681+00:00 host_mono_ns=2844197871319763 [CR-STATE] netif_refresh default=0x9bf18 self=0x9bf18 same=1 stored=0x060012ac probed=0x060012ac pending=0
host_utc=2026-10-04T03:39:38.681+00:00 host_mono_ns=2844197871333298 [CR-STATE] loop id=21 guest_before=0xa5000014 host_before=0xa5000014
host_utc=2026-10-04T03:39:40.684+00:00 host_mono_ns=2844199874931406 publishing msg: 'Hello from mros2-posix onto Linux: 21'
host_utc=2026-10-04T03:39:40.684+00:00 host_mono_ns=2844199874996199 [CR-STATE] armed id=21 value=0xa5000015
host_utc=2026-10-04T03:39:40.684+00:00 host_mono_ns=2844199875027778 LOG_DEBUG : 00000025.157 : [MROS2LIB] message get [callback_handler] msg_sn_high: 0 msg_sn_low: 12
host_utc=2026-10-04T03:39:40.684+00:00 host_mono_ns=2844199875044420 subscribed msg: 'Hello from mros2-posix onto Linux: 21'
host_utc=2026-10-04T03:39:40.684+00:00 host_mono_ns=2844199875058236 [CR-STATE] netif_refresh default=0x9bf18 self=0x9bf18 same=1 stored=0x060012ac probed=0x060012ac pending=0
host_utc=2026-10-04T03:39:40.684+00:00 host_mono_ns=2844199875070409 [CR-STATE] loop id=22 guest_before=0xa5000015 host_before=0xa5000015
host_utc=2026-10-04T03:39:40.684+00:00 host_mono_ns=2844199875081860 publishing msg: 'Hello from mros2-posix onto Linux: 22'
host_utc=2026-10-04T03:39:40.684+00:00 host_mono_ns=2844199875093412 [CR-STATE] armed id=22 value=0xa5000016
host_utc=2026-10-04T03:39:40.684+00:00 host_mono_ns=2844199875104132 LOG_DEBUG : 00000026.158 : [MROS2LIB] message get [callback_handler] msg_sn_high: 0 msg_sn_low: 13
host_utc=2026-10-04T03:39:40.684+00:00 host_mono_ns=2844199875114993 subscribed msg: 'Hello from mros2-posix onto Linux: 22'
host_utc=2026-10-04T03:39:40.684+00:00 host_mono_ns=2844199875127066 [CR-STATE] netif_refresh default=0x9bf18 self=0x9bf18 same=1 stored=0x060012ac probed=0x060012ac pending=0
host_utc=2026-10-04T03:39:40.684+00:00 host_mono_ns=2844199875138177 [CR-STATE] loop id=23 guest_before=0xa5000016 host_before=0xa5000016
host_utc=2026-10-04T03:39:40.684+00:00 host_mono_ns=2844199875148807 publishing msg: 'Hello from mros2-posix onto Linux: 23'
host_utc=2026-10-04T03:39:40.684+00:00 host_mono_ns=2844199875160118 [CR-STATE] armed id=23 value=0xa5000017
host_utc=2026-10-04T03:39:40.685+00:00 host_mono_ns=2844199875170698 LOG_DEBUG : 00000027.159 : [MROS2LIB] message get [callback_handler] msg_sn_high: 0 msg_sn_low: 14
host_utc=2026-10-04T03:39:43.685+00:00 host_mono_ns=2844202875356381 subscribed msg: 'Hello from mros2-posix onto Linux: 23'
host_utc=2026-10-04T03:39:43.685+00:00 host_mono_ns=2844202875406406 [CR-STATE] netif_refresh default=0x9bf18 self=0x9bf18 same=1 stored=0x060012ac probed=0x060012ac pending=0
host_utc=2026-10-04T03:39:43.685+00:00 host_mono_ns=2844202875424269 [CR-STATE] loop id=24 guest_before=0xa5000017 host_before=0xa5000017
host_utc=2026-10-04T03:39:43.685+00:00 host_mono_ns=2844202875438426 publishing msg: 'Hello from mros2-posix onto Linux: 24'
host_utc=2026-10-04T03:39:43.685+00:00 host_mono_ns=2844202875453685 [CR-STATE] armed id=24 value=0xa5000018
host_utc=2026-10-04T03:39:43.685+00:00 host_mono_ns=2844202875467291 LOG_DEBUG : 00000028.160 : [MROS2LIB] message get [callback_handler] msg_sn_high: 0 msg_sn_low: 15
host_utc=2026-10-04T03:39:43.685+00:00 host_mono_ns=2844202875480786 subscribed msg: 'Hello from mros2-posix onto Linux: 24'
host_utc=2026-10-04T03:39:43.685+00:00 host_mono_ns=2844202875495063 [CR-STATE] netif_refresh default=0x9bf18 self=0x9bf18 same=1 stored=0x060012ac probed=0x060012ac pending=0
host_utc=2026-10-04T03:39:43.685+00:00 host_mono_ns=2844202875508729 [CR-STATE] loop id=25 guest_before=0xa5000018 host_before=0xa5000018
host_utc=2026-10-04T03:39:43.685+00:00 host_mono_ns=2844202875521884 publishing msg: 'Hello from mros2-posix onto Linux: 25'
host_utc=2026-10-04T03:39:43.685+00:00 host_mono_ns=2844202875535520 [CR-STATE] armed id=25 value=0xa5000019
host_utc=2026-10-04T03:39:43.685+00:00 host_mono_ns=2844202875567209 LOG_DEBUG : 00000029.161 : [MROS2LIB] message get [callback_handler] msg_sn_high: 0 msg_sn_low: 16
host_utc=2026-10-04T03:39:43.685+00:00 host_mono_ns=2844202875578471 subscribed msg: 'Hello from mros2-posix onto Linux: 25'
host_utc=2026-10-04T03:39:43.685+00:00 host_mono_ns=2844202875590353 [CR-STATE] netif_refresh default=0x9bf18 self=0x9bf18 same=1 stored=0x060012ac probed=0x060012ac pending=0
host_utc=2026-10-04T03:39:43.999+00:00 host_mono_ns=2844203189556459 [CR-STATE] loop id=26 guest_before=0xa5000019 host_before=0x
host_utc=2026-10-04T03:39:43.999+00:00 host_mono_ns=2844203189678149 event=collector_process_exit source=restore exit_status=143
