-- The CXX compiler identification is Clang 17.0.6
-- The C compiler identification is Clang 17.0.6
System is unknown to cmake, create:
Platform/WASI to use this system, please post your config file on discourse.cmake.org so it can be added to cmake
-- Detecting CXX compiler ABI info
System is unknown to cmake, create:
Platform/WASI to use this system, please post your config file on discourse.cmake.org so it can be added to cmake
-- Detecting CXX compiler ABI info - done
-- Check for working CXX compiler: /opt/wasi-sdk-21/bin/clang++ - skipped
-- Detecting CXX compile features
-- Detecting CXX compile features - done
-- Detecting C compiler ABI info
System is unknown to cmake, create:
Platform/WASI to use this system, please post your config file on discourse.cmake.org so it can be added to cmake
-- Detecting C compiler ABI info - done
-- Check for working C compiler: /opt/wasi-sdk-21/bin/clang - skipped
-- Detecting C compile features
-- Detecting C compile features - done
-- WAMR_ROOT=/tmp/mros2-wasm-sedp-hb-20260928/source/third_party/wamr
-- CARTOGRAPHER_ROOT=/tmp/mros2-wasm-sedp-hb-20260928/source/third_party/cartographer
-- CARTOGRAPHER_LIBRARY_ROOT=/tmp/mros2-wasm-sedp-hb-20260928/source/third_party/cartographer-library
-- ZLIB_LIBRARY=/home/osslab/mros2-wasm-service-communication-socket-journal/cmake_build/zlib-wasi/libz.a
-- CMAKE_APPNAME=echoback_string
-- BUILD_TYPE debug
-- GCOV disabled
-- cmsis_DIR=/tmp/mros2-wasm-sedp-hb-20260928/source/cmsis-wasm/public
-- cmsis_DIR=/tmp/mros2-wasm-sedp-hb-20260928/source/lwip-wasm/../cmsis-wasm/public
-- BUILD_TYPE debug
-- LWIP_DIR /tmp/mros2-wasm-sedp-hb-20260928/source/lwip-wasm
-- LWIP_CORE_DIR /tmp/mros2-wasm-sedp-hb-20260928/source/lwip-wasm/lwip
-- WAMR_SOCKET_CMAKE /tmp/mros2-wasm-sedp-hb-20260928/source/third_party/wamr/core/iwasm/libraries/lib-socket/lib_socket_wasi.cmake
-- lwip_DIR=/tmp/mros2-wasm-sedp-hb-20260928/source/lwip-wasm/public
-- mros2_DIR=/tmp/mros2-wasm-sedp-hb-20260928/source/mros2
-- apl_SRCS is : /tmp/mros2-wasm-sedp-hb-20260928/source/workspace/echoback_string/app.cpp
-- Configuring done
-- Generating done
-- Build files have been written to: /tmp/mros2-wasm-sedp-hb-20260928/build
