CMake Deprecation Warning at CMakeLists.txt:2 (cmake_minimum_required):
  Compatibility with CMake < 3.10 will be removed from a future version of
  CMake.

  Update the VERSION argument <min> value.  Or, use the <min>...<max> syntax
  to tell CMake that the project requires at least <min> but has been updated
  to work with policies introduced by <max> or earlier.


CMake Deprecation Warning at /opt/wasi-sdk-21/share/cmake/wasi-sdk-pthread.cmake:4 (cmake_minimum_required):
  Compatibility with CMake < 3.10 will be removed from a future version of
  CMake.

  Update the VERSION argument <min> value.  Or, use the <min>...<max> syntax
  to tell CMake that the project requires at least <min> but has been updated
  to work with policies introduced by <max> or earlier.
Call Stack (most recent call first):
  /home/osslab/.local/lib/python3.10/site-packages/cmake/data/share/cmake-3.31/Modules/CMakeDetermineSystem.cmake:146 (include)
  CMakeLists.txt:16 (project)


CMake Deprecation Warning at /opt/wasi-sdk-21/share/cmake/wasi-sdk-pthread.cmake:4 (cmake_minimum_required):
  Compatibility with CMake < 3.10 will be removed from a future version of
  CMake.

  Update the VERSION argument <min> value.  Or, use the <min>...<max> syntax
  to tell CMake that the project requires at least <min> but has been updated
  to work with policies introduced by <max> or earlier.
Call Stack (most recent call first):
  /tmp/mros2-wasm-cr-state-boundary-build/wasm-build/CMakeFiles/3.31.10/CMakeSystem.cmake:6 (include)
  CMakeLists.txt:16 (project)


-- The CXX compiler identification is Clang 17.0.6
-- The C compiler identification is Clang 17.0.6
-- Detecting CXX compiler ABI info
CMake Deprecation Warning at /opt/wasi-sdk-21/share/cmake/wasi-sdk-pthread.cmake:4 (cmake_minimum_required):
  Compatibility with CMake < 3.10 will be removed from a future version of
  CMake.

  Update the VERSION argument <min> value.  Or, use the <min>...<max> syntax
  to tell CMake that the project requires at least <min> but has been updated
  to work with policies introduced by <max> or earlier.
Call Stack (most recent call first):
  /tmp/mros2-wasm-cr-state-boundary-build/wasm-build/CMakeFiles/3.31.10/CMakeSystem.cmake:6 (include)
  /tmp/mros2-wasm-cr-state-boundary-build/wasm-build/CMakeFiles/CMakeScratch/TryCompile-XiCVHy/CMakeLists.txt:4 (project)


-- Detecting CXX compiler ABI info - done
-- Check for working CXX compiler: /opt/wasi-sdk-21/bin/clang++ - skipped
-- Detecting CXX compile features
-- Detecting CXX compile features - done
-- Detecting C compiler ABI info
CMake Deprecation Warning at /opt/wasi-sdk-21/share/cmake/wasi-sdk-pthread.cmake:4 (cmake_minimum_required):
  Compatibility with CMake < 3.10 will be removed from a future version of
  CMake.

  Update the VERSION argument <min> value.  Or, use the <min>...<max> syntax
  to tell CMake that the project requires at least <min> but has been updated
  to work with policies introduced by <max> or earlier.
Call Stack (most recent call first):
  /tmp/mros2-wasm-cr-state-boundary-build/wasm-build/CMakeFiles/3.31.10/CMakeSystem.cmake:6 (include)
  /tmp/mros2-wasm-cr-state-boundary-build/wasm-build/CMakeFiles/CMakeScratch/TryCompile-mkKpxj/CMakeLists.txt:4 (project)


-- Detecting C compiler ABI info - done
-- Check for working C compiler: /opt/wasi-sdk-21/bin/clang - skipped
-- Detecting C compile features
-- Detecting C compile features - done
-- WAMR_ROOT=/home/osslab/20261004-mros2-wasm-cr-state-boundary/third_party/wamr
-- CARTOGRAPHER_ROOT=/home/osslab/20261004-mros2-wasm-cr-state-boundary/third_party/cartographer
-- CARTOGRAPHER_LIBRARY_ROOT=/home/osslab/20261004-mros2-wasm-cr-state-boundary/third_party/cartographer-library
-- ZLIB_LIBRARY=/tmp/mros2-wasm-eintr-integration-build/zlib-wasi/libz.a
-- CMAKE_APPNAME=echoback_string
CMake Deprecation Warning at cmsis-wasm/CMakeLists.txt:2 (cmake_minimum_required):
  Compatibility with CMake < 3.10 will be removed from a future version of
  CMake.

  Update the VERSION argument <min> value.  Or, use the <min>...<max> syntax
  to tell CMake that the project requires at least <min> but has been updated
  to work with policies introduced by <max> or earlier.


-- BUILD_TYPE debug
-- GCOV disabled
CMake Deprecation Warning at cmsis-wasm/src/CMakeLists.txt:1 (cmake_minimum_required):
  Compatibility with CMake < 3.10 will be removed from a future version of
  CMake.

  Update the VERSION argument <min> value.  Or, use the <min>...<max> syntax
  to tell CMake that the project requires at least <min> but has been updated
  to work with policies introduced by <max> or earlier.


-- cmsis_DIR=/home/osslab/20261004-mros2-wasm-cr-state-boundary/cmsis-wasm/public
CMake Deprecation Warning at lwip-wasm/CMakeLists.txt:2 (cmake_minimum_required):
  Compatibility with CMake < 3.10 will be removed from a future version of
  CMake.

  Update the VERSION argument <min> value.  Or, use the <min>...<max> syntax
  to tell CMake that the project requires at least <min> but has been updated
  to work with policies introduced by <max> or earlier.


-- cmsis_DIR=/home/osslab/20261004-mros2-wasm-cr-state-boundary/lwip-wasm/../cmsis-wasm/public
-- BUILD_TYPE debug
-- LWIP_DIR /home/osslab/20261004-mros2-wasm-cr-state-boundary/lwip-wasm
-- LWIP_CORE_DIR /home/osslab/20261004-mros2-wasm-cr-state-boundary/lwip-wasm/lwip
-- WAMR_SOCKET_CMAKE /home/osslab/20261004-mros2-wasm-cr-state-boundary/third_party/wamr/core/iwasm/libraries/lib-socket/lib_socket_wasi.cmake
-- lwip_DIR=/home/osslab/20261004-mros2-wasm-cr-state-boundary/lwip-wasm/public
-- mros2_DIR=/home/osslab/20261004-mros2-wasm-cr-state-boundary/mros2
-- apl_SRCS is : /home/osslab/20261004-mros2-wasm-cr-state-boundary/workspace/echoback_string/app.cpp
-- Configuring done (0.2s)
-- Generating done (0.0s)
-- Build files have been written to: /tmp/mros2-wasm-cr-state-boundary-build/wasm-build
