CMake Deprecation Warning at CMakeLists.txt:2 (cmake_minimum_required):
  Compatibility with CMake < 3.10 will be removed from a future version of
  CMake.

  Update the VERSION argument <min> value.  Or, use the <min>...<max> syntax
  to tell CMake that the project requires at least <min> but has been updated
  to work with policies introduced by <max> or earlier.


CMake Deprecation Warning at /opt/wasi-sdk-21/share/cmake/wasi-sdk-pthread.cmake:4 (cmake_minimum_required):
  Compatibility with CMake < 3.10 will be removed from a future version of
  CMake.

  Update the VERSION argument <min> value.  Or, use the <min>...<max> syntax
  to tell CMake that the project requires at least <min> but has been updated
  to work with policies introduced by <max> or earlier.
Call Stack (most recent call first):
  /home/osslab/.local/lib/python3.10/site-packages/cmake/data/share/cmake-3.31/Modules/CMakeDetermineSystem.cmake:146 (include)
  CMakeLists.txt:12 (project)


CMake Deprecation Warning at /opt/wasi-sdk-21/share/cmake/wasi-sdk-pthread.cmake:4 (cmake_minimum_required):
  Compatibility with CMake < 3.10 will be removed from a future version of
  CMake.

  Update the VERSION argument <min> value.  Or, use the <min>...<max> syntax
  to tell CMake that the project requires at least <min> but has been updated
  to work with policies introduced by <max> or earlier.
Call Stack (most recent call first):
  build/CMakeFiles/3.31.10/CMakeSystem.cmake:6 (include)
  CMakeLists.txt:12 (project)


-- The C compiler identification is Clang 17.0.6
-- Detecting C compiler ABI info
CMake Deprecation Warning at /opt/wasi-sdk-21/share/cmake/wasi-sdk-pthread.cmake:4 (cmake_minimum_required):
  Compatibility with CMake < 3.10 will be removed from a future version of
  CMake.

  Update the VERSION argument <min> value.  Or, use the <min>...<max> syntax
  to tell CMake that the project requires at least <min> but has been updated
  to work with policies introduced by <max> or earlier.
Call Stack (most recent call first):
  /home/osslab/20261004-mros2-wasm-cr-state-boundary/lwip-wasm/build/CMakeFiles/3.31.10/CMakeSystem.cmake:6 (include)
  /home/osslab/20261004-mros2-wasm-cr-state-boundary/lwip-wasm/build/CMakeFiles/CMakeScratch/TryCompile-DlnfTS/CMakeLists.txt:4 (project)


-- Detecting C compiler ABI info - done
-- Check for working C compiler: /opt/wasi-sdk-21/bin/clang - skipped
-- Detecting C compile features
-- Detecting C compile features - done
-- cmsis_DIR=/home/osslab/20261004-mros2-wasm-cr-state-boundary/lwip-wasm/../cmsis-wasm/public
-- BUILD_TYPE debug
-- LWIP_DIR /home/osslab/20261004-mros2-wasm-cr-state-boundary/lwip-wasm
-- LWIP_CORE_DIR /home/osslab/20261004-mros2-wasm-cr-state-boundary/lwip-wasm/lwip
-- WAMR_SOCKET_CMAKE /home/osslab/20261004-mros2-wasm-cr-state-boundary/lwip-wasm/../third_party/wamr/core/iwasm/libraries/lib-socket/lib_socket_wasi.cmake
-- The CXX compiler identification is Clang 17.0.6
-- Detecting CXX compiler ABI info
CMake Deprecation Warning at /opt/wasi-sdk-21/share/cmake/wasi-sdk-pthread.cmake:4 (cmake_minimum_required):
  Compatibility with CMake < 3.10 will be removed from a future version of
  CMake.

  Update the VERSION argument <min> value.  Or, use the <min>...<max> syntax
  to tell CMake that the project requires at least <min> but has been updated
  to work with policies introduced by <max> or earlier.
Call Stack (most recent call first):
  /home/osslab/20261004-mros2-wasm-cr-state-boundary/lwip-wasm/build/CMakeFiles/3.31.10/CMakeSystem.cmake:6 (include)
  /home/osslab/20261004-mros2-wasm-cr-state-boundary/lwip-wasm/build/CMakeFiles/CMakeScratch/TryCompile-wq3XIg/CMakeLists.txt:4 (project)


-- Detecting CXX compiler ABI info - done
-- Check for working CXX compiler: /opt/wasi-sdk-21/bin/clang++ - skipped
-- Detecting CXX compile features
-- Detecting CXX compile features - done
-- Configuring done (0.3s)
-- Generating done (0.0s)
-- Build files have been written to: /home/osslab/20261004-mros2-wasm-cr-state-boundary/lwip-wasm/build
[  5%] Building C object CMakeFiles/socket_wasi_ext.dir/home/osslab/20261004-mros2-wasm-cr-state-boundary/third_party/wamr/core/iwasm/libraries/lib-socket/src/wasi/wasi_socket_ext.c.obj
[ 11%] Linking C static library libsocket_wasi_ext.a
[ 11%] Built target socket_wasi_ext
[ 17%] Building C object CMakeFiles/lwip.dir/src/netif/netif_wasm.c.obj
[ 23%] Building C object CMakeFiles/lwip.dir/src/core/lwip.c.obj
[ 29%] Building C object CMakeFiles/lwip.dir/src/core/igmp.c.obj
[ 35%] Building C object CMakeFiles/lwip.dir/src/core/udp.c.obj
[ 41%] Building C object CMakeFiles/lwip.dir/src/core/sys_utils.c.obj
[ 47%] Building C object CMakeFiles/lwip.dir/src/core/udp_multicast.c.obj
/home/osslab/20261004-mros2-wasm-cr-state-boundary/lwip-wasm/src/core/udp_multicast.c:50:53: warning: format specifies type 'int' but the argument has type 'unsigned long' [-Wformat]
   50 |   printf("set TTL: ttl=%d, optlen=%d\n", info->ttl, sizeof(info->ttl));
      |                                   ~~                ^~~~~~~~~~~~~~~~~
      |                                   %lu
/home/osslab/20261004-mros2-wasm-cr-state-boundary/lwip-wasm/src/core/udp_multicast.c:29:13: warning: variable 'ipaddr' set but not used [-Wunused-but-set-variable]
   29 |   in_addr_t ipaddr;
      |             ^
2 warnings generated.
[ 52%] Building C object CMakeFiles/lwip.dir/src/core/udp_multicast_manager.c.obj
[ 58%] Building C object CMakeFiles/lwip.dir/Third_Party/STM32CubeF7/Middlewares/Third_Party/LwIP/system/OS/sys_arch.c.obj
[ 64%] Building C object CMakeFiles/lwip.dir/lwip/src/core/ipv4/ip4_addr.c.obj
[ 70%] Building C object CMakeFiles/lwip.dir/lwip/src/core/pbuf.c.obj
[ 76%] Building C object CMakeFiles/lwip.dir/lwip/src/core/mem.c.obj
[ 82%] Building C object CMakeFiles/lwip.dir/lwip/src/core/memp.c.obj
[ 88%] Building C object CMakeFiles/lwip.dir/lwip/src/core/stats.c.obj
[ 94%] Building C object CMakeFiles/lwip.dir/lwip/src/core/sys.c.obj
[100%] Linking C static library liblwip.a
[100%] Built target lwip
[ 11%] Built target socket_wasi_ext
[100%] Built target lwip
Install the project...
-- Install configuration: ""
-- Installing: /home/osslab/20261004-mros2-wasm-cr-state-boundary/lwip-wasm/public/include/system/arch
-- Installing: /home/osslab/20261004-mros2-wasm-cr-state-boundary/lwip-wasm/public/include/system/arch/cc.h
-- Installing: /home/osslab/20261004-mros2-wasm-cr-state-boundary/lwip-wasm/public/include/system/arch/sys_arch.h
-- Installing: /home/osslab/20261004-mros2-wasm-cr-state-boundary/lwip-wasm/public/include/system/arch/cpu.h
-- Installing: /home/osslab/20261004-mros2-wasm-cr-state-boundary/lwip-wasm/public/include/lwip
-- Installing: /home/osslab/20261004-mros2-wasm-cr-state-boundary/lwip-wasm/public/include/lwip/compat
-- Installing: /home/osslab/20261004-mros2-wasm-cr-state-boundary/lwip-wasm/public/include/lwip/compat/posix
-- Installing: /home/osslab/20261004-mros2-wasm-cr-state-boundary/lwip-wasm/public/include/lwip/compat/posix/arpa
-- Installing: /home/osslab/20261004-mros2-wasm-cr-state-boundary/lwip-wasm/public/include/lwip/compat/posix/arpa/inet.h
-- Installing: /home/osslab/20261004-mros2-wasm-cr-state-boundary/lwip-wasm/public/include/lwip/compat/posix/net
-- Installing: /home/osslab/20261004-mros2-wasm-cr-state-boundary/lwip-wasm/public/include/lwip/compat/posix/net/if.h
-- Installing: /home/osslab/20261004-mros2-wasm-cr-state-boundary/lwip-wasm/public/include/lwip/compat/posix/sys
-- Installing: /home/osslab/20261004-mros2-wasm-cr-state-boundary/lwip-wasm/public/include/lwip/compat/posix/sys/socket.h
-- Installing: /home/osslab/20261004-mros2-wasm-cr-state-boundary/lwip-wasm/public/include/lwip/compat/posix/netdb.h
-- Installing: /home/osslab/20261004-mros2-wasm-cr-state-boundary/lwip-wasm/public/include/lwip/compat/stdc
-- Installing: /home/osslab/20261004-mros2-wasm-cr-state-boundary/lwip-wasm/public/include/lwip/compat/stdc/errno.h
-- Installing: /home/osslab/20261004-mros2-wasm-cr-state-boundary/lwip-wasm/public/include/lwip/lwip
-- Installing: /home/osslab/20261004-mros2-wasm-cr-state-boundary/lwip-wasm/public/include/lwip/lwip/igmp.h
-- Installing: /home/osslab/20261004-mros2-wasm-cr-state-boundary/lwip-wasm/public/include/lwip/lwip/mem.h
-- Installing: /home/osslab/20261004-mros2-wasm-cr-state-boundary/lwip-wasm/public/include/lwip/lwip/dns.h
-- Installing: /home/osslab/20261004-mros2-wasm-cr-state-boundary/lwip-wasm/public/include/lwip/lwip/api.h
-- Installing: /home/osslab/20261004-mros2-wasm-cr-state-boundary/lwip-wasm/public/include/lwip/lwip/ip4_addr.h
-- Installing: /home/osslab/20261004-mros2-wasm-cr-state-boundary/lwip-wasm/public/include/lwip/lwip/inet.h
-- Installing: /home/osslab/20261004-mros2-wasm-cr-state-boundary/lwip-wasm/public/include/lwip/lwip/etharp.h
-- Installing: /home/osslab/20261004-mros2-wasm-cr-state-boundary/lwip-wasm/public/include/lwip/lwip/if_api.h
-- Installing: /home/osslab/20261004-mros2-wasm-cr-state-boundary/lwip-wasm/public/include/lwip/lwip/pbuf.h
-- Installing: /home/osslab/20261004-mros2-wasm-cr-state-boundary/lwip-wasm/public/include/lwip/lwip/priv
-- Installing: /home/osslab/20261004-mros2-wasm-cr-state-boundary/lwip-wasm/public/include/lwip/lwip/priv/nd6_priv.h
-- Installing: /home/osslab/20261004-mros2-wasm-cr-state-boundary/lwip-wasm/public/include/lwip/lwip/priv/tcp_priv.h
-- Installing: /home/osslab/20261004-mros2-wasm-cr-state-boundary/lwip-wasm/public/include/lwip/lwip/priv/raw_priv.h
-- Installing: /home/osslab/20261004-mros2-wasm-cr-state-boundary/lwip-wasm/public/include/lwip/lwip/priv/memp_std.h
-- Installing: /home/osslab/20261004-mros2-wasm-cr-state-boundary/lwip-wasm/public/include/lwip/lwip/priv/api_msg.h
-- Installing: /home/osslab/20261004-mros2-wasm-cr-state-boundary/lwip-wasm/public/include/lwip/lwip/priv/sockets_priv.h
-- Installing: /home/osslab/20261004-mros2-wasm-cr-state-boundary/lwip-wasm/public/include/lwip/lwip/priv/mem_priv.h
-- Installing: /home/osslab/20261004-mros2-wasm-cr-state-boundary/lwip-wasm/public/include/lwip/lwip/priv/altcp_priv.h
-- Installing: /home/osslab/20261004-mros2-wasm-cr-state-boundary/lwip-wasm/public/include/lwip/lwip/priv/memp_priv.h
-- Installing: /home/osslab/20261004-mros2-wasm-cr-state-boundary/lwip-wasm/public/include/lwip/lwip/priv/tcpip_priv.h
-- Installing: /home/osslab/20261004-mros2-wasm-cr-state-boundary/lwip-wasm/public/include/lwip/lwip/def.h
-- Installing: /home/osslab/20261004-mros2-wasm-cr-state-boundary/lwip-wasm/public/include/lwip/lwip/snmp.h
-- Installing: /home/osslab/20261004-mros2-wasm-cr-state-boundary/lwip-wasm/public/include/lwip/lwip/err.h
-- Installing: /home/osslab/20261004-mros2-wasm-cr-state-boundary/lwip-wasm/public/include/lwip/lwip/sys.h
-- Installing: /home/osslab/20261004-mros2-wasm-cr-state-boundary/lwip-wasm/public/include/lwip/lwip/dhcp6.h
-- Installing: /home/osslab/20261004-mros2-wasm-cr-state-boundary/lwip-wasm/public/include/lwip/lwip/timeouts.h
-- Installing: /home/osslab/20261004-mros2-wasm-cr-state-boundary/lwip-wasm/public/include/lwip/lwip/arch.h
-- Installing: /home/osslab/20261004-mros2-wasm-cr-state-boundary/lwip-wasm/public/include/lwip/lwip/icmp.h
-- Installing: /home/osslab/20261004-mros2-wasm-cr-state-boundary/lwip-wasm/public/include/lwip/lwip/altcp.h
-- Installing: /home/osslab/20261004-mros2-wasm-cr-state-boundary/lwip-wasm/public/include/lwip/lwip/opt.h
-- Installing: /home/osslab/20261004-mros2-wasm-cr-state-boundary/lwip-wasm/public/include/lwip/lwip/errno.h
-- Installing: /home/osslab/20261004-mros2-wasm-cr-state-boundary/lwip-wasm/public/include/lwip/lwip/netif.h
-- Installing: /home/osslab/20261004-mros2-wasm-cr-state-boundary/lwip-wasm/public/include/lwip/lwip/netifapi.h
-- Installing: /home/osslab/20261004-mros2-wasm-cr-state-boundary/lwip-wasm/public/include/lwip/lwip/ip.h
-- Installing: /home/osslab/20261004-mros2-wasm-cr-state-boundary/lwip-wasm/public/include/lwip/lwip/raw.h
-- Installing: /home/osslab/20261004-mros2-wasm-cr-state-boundary/lwip-wasm/public/include/lwip/lwip/ip6_addr.h
-- Installing: /home/osslab/20261004-mros2-wasm-cr-state-boundary/lwip-wasm/public/include/lwip/lwip/icmp6.h
-- Installing: /home/osslab/20261004-mros2-wasm-cr-state-boundary/lwip-wasm/public/include/lwip/lwip/ip_addr.h
-- Installing: /home/osslab/20261004-mros2-wasm-cr-state-boundary/lwip-wasm/public/include/lwip/lwip/ip6_zone.h
-- Installing: /home/osslab/20261004-mros2-wasm-cr-state-boundary/lwip-wasm/public/include/lwip/lwip/ip4.h
-- Installing: /home/osslab/20261004-mros2-wasm-cr-state-boundary/lwip-wasm/public/include/lwip/lwip/dhcp.h
-- Installing: /home/osslab/20261004-mros2-wasm-cr-state-boundary/lwip-wasm/public/include/lwip/lwip/nd6.h
-- Installing: /home/osslab/20261004-mros2-wasm-cr-state-boundary/lwip-wasm/public/include/lwip/lwip/inet_chksum.h
-- Installing: /home/osslab/20261004-mros2-wasm-cr-state-boundary/lwip-wasm/public/include/lwip/lwip/altcp_tcp.h
-- Installing: /home/osslab/20261004-mros2-wasm-cr-state-boundary/lwip-wasm/public/include/lwip/lwip/autoip.h
-- Installing: /home/osslab/20261004-mros2-wasm-cr-state-boundary/lwip-wasm/public/include/lwip/lwip/ip6.h
-- Installing: /home/osslab/20261004-mros2-wasm-cr-state-boundary/lwip-wasm/public/include/lwip/lwip/tcp.h
-- Installing: /home/osslab/20261004-mros2-wasm-cr-state-boundary/lwip-wasm/public/include/lwip/lwip/tcpbase.h
-- Installing: /home/osslab/20261004-mros2-wasm-cr-state-boundary/lwip-wasm/public/include/lwip/lwip/netdb.h
-- Installing: /home/osslab/20261004-mros2-wasm-cr-state-boundary/lwip-wasm/public/include/lwip/lwip/memp.h
-- Installing: /home/osslab/20261004-mros2-wasm-cr-state-boundary/lwip-wasm/public/include/lwip/lwip/apps
-- Installing: /home/osslab/20261004-mros2-wasm-cr-state-boundary/lwip-wasm/public/include/lwip/lwip/apps/snmp_opts.h
-- Installing: /home/osslab/20261004-mros2-wasm-cr-state-boundary/lwip-wasm/public/include/lwip/lwip/apps/smtp.h
-- Installing: /home/osslab/20261004-mros2-wasm-cr-state-boundary/lwip-wasm/public/include/lwip/lwip/apps/httpd_opts.h
-- Installing: /home/osslab/20261004-mros2-wasm-cr-state-boundary/lwip-wasm/public/include/lwip/lwip/apps/FILES
-- Installing: /home/osslab/20261004-mros2-wasm-cr-state-boundary/lwip-wasm/public/include/lwip/lwip/apps/snmp_mib2.h
-- Installing: /home/osslab/20261004-mros2-wasm-cr-state-boundary/lwip-wasm/public/include/lwip/lwip/apps/mdns_opts.h
-- Installing: /home/osslab/20261004-mros2-wasm-cr-state-boundary/lwip-wasm/public/include/lwip/lwip/apps/snmp.h
-- Installing: /home/osslab/20261004-mros2-wasm-cr-state-boundary/lwip-wasm/public/include/lwip/lwip/apps/lwiperf.h
-- Installing: /home/osslab/20261004-mros2-wasm-cr-state-boundary/lwip-wasm/public/include/lwip/lwip/apps/smtp_opts.h
-- Installing: /home/osslab/20261004-mros2-wasm-cr-state-boundary/lwip-wasm/public/include/lwip/lwip/apps/snmp_scalar.h
-- Installing: /home/osslab/20261004-mros2-wasm-cr-state-boundary/lwip-wasm/public/include/lwip/lwip/apps/snmp_threadsync.h
-- Installing: /home/osslab/20261004-mros2-wasm-cr-state-boundary/lwip-wasm/public/include/lwip/lwip/apps/http_client.h
-- Installing: /home/osslab/20261004-mros2-wasm-cr-state-boundary/lwip-wasm/public/include/lwip/lwip/apps/tftp_opts.h
-- Installing: /home/osslab/20261004-mros2-wasm-cr-state-boundary/lwip-wasm/public/include/lwip/lwip/apps/sntp.h
-- Installing: /home/osslab/20261004-mros2-wasm-cr-state-boundary/lwip-wasm/public/include/lwip/lwip/apps/snmp_snmpv2_framework.h
-- Installing: /home/osslab/20261004-mros2-wasm-cr-state-boundary/lwip-wasm/public/include/lwip/lwip/apps/mqtt_opts.h
-- Installing: /home/osslab/20261004-mros2-wasm-cr-state-boundary/lwip-wasm/public/include/lwip/lwip/apps/sntp_opts.h
-- Installing: /home/osslab/20261004-mros2-wasm-cr-state-boundary/lwip-wasm/public/include/lwip/lwip/apps/tftp_server.h
-- Installing: /home/osslab/20261004-mros2-wasm-cr-state-boundary/lwip-wasm/public/include/lwip/lwip/apps/mdns_priv.h
-- Installing: /home/osslab/20261004-mros2-wasm-cr-state-boundary/lwip-wasm/public/include/lwip/lwip/apps/mdns.h
-- Installing: /home/osslab/20261004-mros2-wasm-cr-state-boundary/lwip-wasm/public/include/lwip/lwip/apps/snmp_table.h
-- Installing: /home/osslab/20261004-mros2-wasm-cr-state-boundary/lwip-wasm/public/include/lwip/lwip/apps/altcp_proxyconnect.h
-- Installing: /home/osslab/20261004-mros2-wasm-cr-state-boundary/lwip-wasm/public/include/lwip/lwip/apps/netbiosns.h
-- Installing: /home/osslab/20261004-mros2-wasm-cr-state-boundary/lwip-wasm/public/include/lwip/lwip/apps/snmpv3.h
-- Installing: /home/osslab/20261004-mros2-wasm-cr-state-boundary/lwip-wasm/public/include/lwip/lwip/apps/fs.h
-- Installing: /home/osslab/20261004-mros2-wasm-cr-state-boundary/lwip-wasm/public/include/lwip/lwip/apps/snmp_snmpv2_usm.h
-- Installing: /home/osslab/20261004-mros2-wasm-cr-state-boundary/lwip-wasm/public/include/lwip/lwip/apps/altcp_tls_mbedtls_opts.h
-- Installing: /home/osslab/20261004-mros2-wasm-cr-state-boundary/lwip-wasm/public/include/lwip/lwip/apps/mqtt_priv.h
-- Installing: /home/osslab/20261004-mros2-wasm-cr-state-boundary/lwip-wasm/public/include/lwip/lwip/apps/httpd.h
-- Installing: /home/osslab/20261004-mros2-wasm-cr-state-boundary/lwip-wasm/public/include/lwip/lwip/apps/netbiosns_opts.h
-- Installing: /home/osslab/20261004-mros2-wasm-cr-state-boundary/lwip-wasm/public/include/lwip/lwip/apps/mqtt.h
-- Installing: /home/osslab/20261004-mros2-wasm-cr-state-boundary/lwip-wasm/public/include/lwip/lwip/apps/snmp_core.h
-- Installing: /home/osslab/20261004-mros2-wasm-cr-state-boundary/lwip-wasm/public/include/lwip/lwip/sockets.h
-- Installing: /home/osslab/20261004-mros2-wasm-cr-state-boundary/lwip-wasm/public/include/lwip/lwip/ethip6.h
-- Installing: /home/osslab/20261004-mros2-wasm-cr-state-boundary/lwip-wasm/public/include/lwip/lwip/sio.h
-- Installing: /home/osslab/20261004-mros2-wasm-cr-state-boundary/lwip-wasm/public/include/lwip/lwip/prot
-- Installing: /home/osslab/20261004-mros2-wasm-cr-state-boundary/lwip-wasm/public/include/lwip/lwip/prot/igmp.h
-- Installing: /home/osslab/20261004-mros2-wasm-cr-state-boundary/lwip-wasm/public/include/lwip/lwip/prot/dns.h
-- Installing: /home/osslab/20261004-mros2-wasm-cr-state-boundary/lwip-wasm/public/include/lwip/lwip/prot/etharp.h
-- Installing: /home/osslab/20261004-mros2-wasm-cr-state-boundary/lwip-wasm/public/include/lwip/lwip/prot/dhcp6.h
-- Installing: /home/osslab/20261004-mros2-wasm-cr-state-boundary/lwip-wasm/public/include/lwip/lwip/prot/icmp.h
-- Installing: /home/osslab/20261004-mros2-wasm-cr-state-boundary/lwip-wasm/public/include/lwip/lwip/prot/iana.h
-- Installing: /home/osslab/20261004-mros2-wasm-cr-state-boundary/lwip-wasm/public/include/lwip/lwip/prot/ip.h
-- Installing: /home/osslab/20261004-mros2-wasm-cr-state-boundary/lwip-wasm/public/include/lwip/lwip/prot/ieee.h
-- Installing: /home/osslab/20261004-mros2-wasm-cr-state-boundary/lwip-wasm/public/include/lwip/lwip/prot/icmp6.h
-- Installing: /home/osslab/20261004-mros2-wasm-cr-state-boundary/lwip-wasm/public/include/lwip/lwip/prot/ip4.h
-- Installing: /home/osslab/20261004-mros2-wasm-cr-state-boundary/lwip-wasm/public/include/lwip/lwip/prot/dhcp.h
-- Installing: /home/osslab/20261004-mros2-wasm-cr-state-boundary/lwip-wasm/public/include/lwip/lwip/prot/nd6.h
-- Installing: /home/osslab/20261004-mros2-wasm-cr-state-boundary/lwip-wasm/public/include/lwip/lwip/prot/ethernet.h
-- Installing: /home/osslab/20261004-mros2-wasm-cr-state-boundary/lwip-wasm/public/include/lwip/lwip/prot/autoip.h
-- Installing: /home/osslab/20261004-mros2-wasm-cr-state-boundary/lwip-wasm/public/include/lwip/lwip/prot/ip6.h
-- Installing: /home/osslab/20261004-mros2-wasm-cr-state-boundary/lwip-wasm/public/include/lwip/lwip/prot/tcp.h
-- Installing: /home/osslab/20261004-mros2-wasm-cr-state-boundary/lwip-wasm/public/include/lwip/lwip/prot/udp.h
-- Installing: /home/osslab/20261004-mros2-wasm-cr-state-boundary/lwip-wasm/public/include/lwip/lwip/prot/mld6.h
-- Installing: /home/osslab/20261004-mros2-wasm-cr-state-boundary/lwip-wasm/public/include/lwip/lwip/ip4_frag.h
-- Installing: /home/osslab/20261004-mros2-wasm-cr-state-boundary/lwip-wasm/public/include/lwip/lwip/init.h
-- Installing: /home/osslab/20261004-mros2-wasm-cr-state-boundary/lwip-wasm/public/include/lwip/lwip/netbuf.h
-- Installing: /home/osslab/20261004-mros2-wasm-cr-state-boundary/lwip-wasm/public/include/lwip/lwip/tcpip.h
-- Installing: /home/osslab/20261004-mros2-wasm-cr-state-boundary/lwip-wasm/public/include/lwip/lwip/udp.h
-- Installing: /home/osslab/20261004-mros2-wasm-cr-state-boundary/lwip-wasm/public/include/lwip/lwip/ip6_frag.h
-- Installing: /home/osslab/20261004-mros2-wasm-cr-state-boundary/lwip-wasm/public/include/lwip/lwip/debug.h
-- Installing: /home/osslab/20261004-mros2-wasm-cr-state-boundary/lwip-wasm/public/include/lwip/lwip/stats.h
-- Installing: /home/osslab/20261004-mros2-wasm-cr-state-boundary/lwip-wasm/public/include/lwip/lwip/mld6.h
-- Installing: /home/osslab/20261004-mros2-wasm-cr-state-boundary/lwip-wasm/public/include/lwip/lwip/init.h.cmake.in
-- Installing: /home/osslab/20261004-mros2-wasm-cr-state-boundary/lwip-wasm/public/include/lwip/lwip/altcp_tls.h
-- Installing: /home/osslab/20261004-mros2-wasm-cr-state-boundary/lwip-wasm/public/include/lwip/netif
-- Installing: /home/osslab/20261004-mros2-wasm-cr-state-boundary/lwip-wasm/public/include/lwip/netif/etharp.h
-- Installing: /home/osslab/20261004-mros2-wasm-cr-state-boundary/lwip-wasm/public/include/lwip/netif/bridgeif_opts.h
-- Installing: /home/osslab/20261004-mros2-wasm-cr-state-boundary/lwip-wasm/public/include/lwip/netif/lowpan6_common.h
-- Installing: /home/osslab/20261004-mros2-wasm-cr-state-boundary/lwip-wasm/public/include/lwip/netif/zepif.h
-- Installing: /home/osslab/20261004-mros2-wasm-cr-state-boundary/lwip-wasm/public/include/lwip/netif/lowpan6_ble.h
-- Installing: /home/osslab/20261004-mros2-wasm-cr-state-boundary/lwip-wasm/public/include/lwip/netif/lowpan6_opts.h
-- Installing: /home/osslab/20261004-mros2-wasm-cr-state-boundary/lwip-wasm/public/include/lwip/netif/ieee802154.h
-- Installing: /home/osslab/20261004-mros2-wasm-cr-state-boundary/lwip-wasm/public/include/lwip/netif/ethernet.h
-- Installing: /home/osslab/20261004-mros2-wasm-cr-state-boundary/lwip-wasm/public/include/lwip/netif/ppp
-- Installing: /home/osslab/20261004-mros2-wasm-cr-state-boundary/lwip-wasm/public/include/lwip/netif/ppp/mppe.h
-- Installing: /home/osslab/20261004-mros2-wasm-cr-state-boundary/lwip-wasm/public/include/lwip/netif/ppp/ipv6cp.h
-- Installing: /home/osslab/20261004-mros2-wasm-cr-state-boundary/lwip-wasm/public/include/lwip/netif/ppp/chap-md5.h
-- Installing: /home/osslab/20261004-mros2-wasm-cr-state-boundary/lwip-wasm/public/include/lwip/netif/ppp/pppol2tp.h
-- Installing: /home/osslab/20261004-mros2-wasm-cr-state-boundary/lwip-wasm/public/include/lwip/netif/ppp/chap_ms.h
-- Installing: /home/osslab/20261004-mros2-wasm-cr-state-boundary/lwip-wasm/public/include/lwip/netif/ppp/pppcrypt.h
-- Installing: /home/osslab/20261004-mros2-wasm-cr-state-boundary/lwip-wasm/public/include/lwip/netif/ppp/ppp_impl.h
-- Installing: /home/osslab/20261004-mros2-wasm-cr-state-boundary/lwip-wasm/public/include/lwip/netif/ppp/magic.h
-- Installing: /home/osslab/20261004-mros2-wasm-cr-state-boundary/lwip-wasm/public/include/lwip/netif/ppp/vj.h
-- Installing: /home/osslab/20261004-mros2-wasm-cr-state-boundary/lwip-wasm/public/include/lwip/netif/ppp/ipcp.h
-- Installing: /home/osslab/20261004-mros2-wasm-cr-state-boundary/lwip-wasm/public/include/lwip/netif/ppp/lcp.h
-- Installing: /home/osslab/20261004-mros2-wasm-cr-state-boundary/lwip-wasm/public/include/lwip/netif/ppp/fsm.h
-- Installing: /home/osslab/20261004-mros2-wasm-cr-state-boundary/lwip-wasm/public/include/lwip/netif/ppp/ppp_opts.h
-- Installing: /home/osslab/20261004-mros2-wasm-cr-state-boundary/lwip-wasm/public/include/lwip/netif/ppp/eap.h
-- Installing: /home/osslab/20261004-mros2-wasm-cr-state-boundary/lwip-wasm/public/include/lwip/netif/ppp/pppdebug.h
-- Installing: /home/osslab/20261004-mros2-wasm-cr-state-boundary/lwip-wasm/public/include/lwip/netif/ppp/pppoe.h
-- Installing: /home/osslab/20261004-mros2-wasm-cr-state-boundary/lwip-wasm/public/include/lwip/netif/ppp/pppapi.h
-- Installing: /home/osslab/20261004-mros2-wasm-cr-state-boundary/lwip-wasm/public/include/lwip/netif/ppp/ppp.h
-- Installing: /home/osslab/20261004-mros2-wasm-cr-state-boundary/lwip-wasm/public/include/lwip/netif/ppp/eui64.h
-- Installing: /home/osslab/20261004-mros2-wasm-cr-state-boundary/lwip-wasm/public/include/lwip/netif/ppp/chap-new.h
-- Installing: /home/osslab/20261004-mros2-wasm-cr-state-boundary/lwip-wasm/public/include/lwip/netif/ppp/pppos.h
-- Installing: /home/osslab/20261004-mros2-wasm-cr-state-boundary/lwip-wasm/public/include/lwip/netif/ppp/upap.h
-- Installing: /home/osslab/20261004-mros2-wasm-cr-state-boundary/lwip-wasm/public/include/lwip/netif/ppp/polarssl
-- Installing: /home/osslab/20261004-mros2-wasm-cr-state-boundary/lwip-wasm/public/include/lwip/netif/ppp/polarssl/des.h
-- Installing: /home/osslab/20261004-mros2-wasm-cr-state-boundary/lwip-wasm/public/include/lwip/netif/ppp/polarssl/md4.h
-- Installing: /home/osslab/20261004-mros2-wasm-cr-state-boundary/lwip-wasm/public/include/lwip/netif/ppp/polarssl/md5.h
-- Installing: /home/osslab/20261004-mros2-wasm-cr-state-boundary/lwip-wasm/public/include/lwip/netif/ppp/polarssl/arc4.h
-- Installing: /home/osslab/20261004-mros2-wasm-cr-state-boundary/lwip-wasm/public/include/lwip/netif/ppp/polarssl/sha1.h
-- Installing: /home/osslab/20261004-mros2-wasm-cr-state-boundary/lwip-wasm/public/include/lwip/netif/ppp/ecp.h
-- Installing: /home/osslab/20261004-mros2-wasm-cr-state-boundary/lwip-wasm/public/include/lwip/netif/ppp/ccp.h
-- Installing: /home/osslab/20261004-mros2-wasm-cr-state-boundary/lwip-wasm/public/include/lwip/netif/bridgeif.h
-- Installing: /home/osslab/20261004-mros2-wasm-cr-state-boundary/lwip-wasm/public/include/lwip/netif/slipif.h
-- Installing: /home/osslab/20261004-mros2-wasm-cr-state-boundary/lwip-wasm/public/include/lwip/netif/lowpan6.h
-- Installing: /home/osslab/20261004-mros2-wasm-cr-state-boundary/lwip-wasm/public/include/posix
-- Installing: /home/osslab/20261004-mros2-wasm-cr-state-boundary/lwip-wasm/public/include/posix/lwipopts.h
-- Installing: /home/osslab/20261004-mros2-wasm-cr-state-boundary/lwip-wasm/public/include/posix/lwip.h
-- Installing: /home/osslab/20261004-mros2-wasm-cr-state-boundary/lwip-wasm/public/include/posix/netif_wasm_add.h
-- Installing: /home/osslab/20261004-mros2-wasm-cr-state-boundary/lwip-wasm/public/liblwip.a
-- Installing: /home/osslab/20261004-mros2-wasm-cr-state-boundary/lwip-wasm/public/libsocket_wasi_ext.a
-- Installing: /home/osslab/20261004-mros2-wasm-cr-state-boundary/lwip-wasm/public/lwip-config.cmake
-- Installing: /home/osslab/20261004-mros2-wasm-cr-state-boundary/lwip-wasm/public/lwip-config-noconfig.cmake
