host_utc=2026-10-03T06:51:43.015+00:00 host_mono_ns=2769322205343528 boot_start, 2769322205097302
host_utc=2026-10-03T06:51:43.206+00:00 host_mono_ns=2769322397122667 11 stderr
host_utc=2026-10-03T06:51:43.207+00:00 host_mono_ns=2769322397180447 22 stderr
host_utc=2026-10-03T06:51:43.207+00:00 host_mono_ns=2769322397194543 signal init: 129326712784448
host_utc=2026-10-03T06:51:43.207+00:00 host_mono_ns=2769322397207298 initします
host_utc=2026-10-03T06:51:43.207+00:00 host_mono_ns=2769322397643895 boot_end, 2769322397490554
host_utc=2026-10-03T06:51:43.207+00:00 host_mono_ns=2769322397874061 3 stderr
host_utc=2026-10-03T06:51:43.208+00:00 host_mono_ns=2769322398270111 initします
host_utc=2026-10-03T06:51:43.209+00:00 host_mono_ns=2769322399419418 boot_end, 2769322399199562
host_utc=2026-10-03T06:51:43.209+00:00 host_mono_ns=2769322399473290 [01:15:22:858 - 759F38EA6840]: Load type section success.
host_utc=2026-10-03T06:51:43.209+00:00 host_mono_ns=2769322399491334 
host_utc=2026-10-03T06:51:43.209+00:00 host_mono_ns=2769322399505291 [01:15:22:882 - 759F38EA6840]: Load import section success.
host_utc=2026-10-03T06:51:43.209+00:00 host_mono_ns=2769322399518736 
host_utc=2026-10-03T06:51:43.209+00:00 host_mono_ns=2769322399531220 [01:15:22:635 - 759F38EA6840]: Load function section success.
host_utc=2026-10-03T06:51:43.209+00:00 host_mono_ns=2769322399543834 
host_utc=2026-10-03T06:51:43.209+00:00 host_mono_ns=2769322399556598 [01:15:22:637 - 759F38EA6840]: Load table section success.
host_utc=2026-10-03T06:51:43.209+00:00 host_mono_ns=2769322399569332 
host_utc=2026-10-03T06:51:43.209+00:00 host_mono_ns=2769322399581295 [01:15:22:638 - 759F38EA6840]: Load global section success.
host_utc=2026-10-03T06:51:43.209+00:00 host_mono_ns=2769322399593728 
host_utc=2026-10-03T06:51:43.209+00:00 host_mono_ns=2769322399605601 [01:15:22:639 - 759F38EA6840]: Load export section success.
host_utc=2026-10-03T06:51:43.209+00:00 host_mono_ns=2769322399619818 
host_utc=2026-10-03T06:51:43.209+00:00 host_mono_ns=2769322399632812 [01:15:22:640 - 759F38EA6840]: Load start section success.
host_utc=2026-10-03T06:51:43.209+00:00 host_mono_ns=2769322399645927 
host_utc=2026-10-03T06:51:43.209+00:00 host_mono_ns=2769322399657920 [01:15:22:642 - 759F38EA6840]: Load table segment section success.
host_utc=2026-10-03T06:51:43.209+00:00 host_mono_ns=2769322399670604 
host_utc=2026-10-03T06:51:43.209+00:00 host_mono_ns=2769322399682587 [01:15:22:643 - 759F38EA6840]: Load datacount section success.
host_utc=2026-10-03T06:51:43.209+00:00 host_mono_ns=2769322399695140 
host_utc=2026-10-03T06:51:43.209+00:00 host_mono_ns=2769322399707564 [01:15:22:643 - 759F38EA6840]: Load code segment section success.
host_utc=2026-10-03T06:51:43.209+00:00 host_mono_ns=2769322399720268 
host_utc=2026-10-03T06:51:43.209+00:00 host_mono_ns=2769322399732140 [01:15:22:644 - 759F38EA6840]: Load data segment section success.
host_utc=2026-10-03T06:51:43.209+00:00 host_mono_ns=2769322399744664 
host_utc=2026-10-03T06:51:43.209+00:00 host_mono_ns=2769322399756537 [01:15:22:644 - 759F38EA6840]: Ignore custom section [.debug_abbrev].
host_utc=2026-10-03T06:51:43.209+00:00 host_mono_ns=2769322399769070 [01:15:22:645 - 759F38EA6840]: Ignore custom section [.debug_info].
host_utc=2026-10-03T06:51:43.209+00:00 host_mono_ns=2769322399781544 [01:15:22:645 - 759F38EA6840]: Ignore custom section [.debug_ranges].
host_utc=2026-10-03T06:51:43.209+00:00 host_mono_ns=2769322399794048 [01:15:22:646 - 759F38EA6840]: Ignore custom section [.debug_str].
host_utc=2026-10-03T06:51:43.209+00:00 host_mono_ns=2769322399806561 [01:15:22:646 - 759F38EA6840]: Ignore custom section [.debug_line].
host_utc=2026-10-03T06:51:43.209+00:00 host_mono_ns=2769322399818915 [01:15:22:646 - 759F38EA6840]: Ignore custom section [.debug_loc].
host_utc=2026-10-03T06:51:43.209+00:00 host_mono_ns=2769322399831258 [01:15:22:647 - 759F38EA6840]: Ignore custom section [name].
host_utc=2026-10-03T06:51:43.209+00:00 host_mono_ns=2769322399843802 [01:15:22:647 - 759F38EA6840]: Ignore custom section [producers].
host_utc=2026-10-03T06:51:43.209+00:00 host_mono_ns=2769322399856506 [01:15:22:648 - 759F38EA6840]: Ignore custom section [target_features].
host_utc=2026-10-03T06:51:43.209+00:00 host_mono_ns=2769322399884128 [01:15:22:648 - 759F38EA6840]: Found aux __heap_base global, value: 7855216
host_utc=2026-10-03T06:51:43.209+00:00 host_mono_ns=2769322399897283 [01:15:22:648 - 759F38EA6840]: Found aux __data_end global, value: 1301604
host_utc=2026-10-03T06:51:43.209+00:00 host_mono_ns=2769322399910037 [01:15:22:649 - 759F38EA6840]: Found aux stack top global, value: 7855216, global index: 0, stack size: 6553600
host_utc=2026-10-03T06:51:43.209+00:00 host_mono_ns=2769322399923473 [01:15:22:650 - 759F38EA6840]: Found malloc function, name: malloc, index: 3154
host_utc=2026-10-03T06:51:43.209+00:00 host_mono_ns=2769322399936087 [01:15:22:650 - 759F38EA6840]: Found free function, name: free, index: 3156
host_utc=2026-10-03T06:51:43.209+00:00 host_mono_ns=2769322399948781 [01:15:22:282 - 759F38EA6840]: Load module success.
host_utc=2026-10-03T06:51:43.209+00:00 host_mono_ns=2769322399961375 
host_utc=2026-10-03T06:51:43.209+00:00 host_mono_ns=2769322399973457 [01:15:22:291 - 759F38EA6840]: Memory instantiate:
host_utc=2026-10-03T06:51:43.209+00:00 host_mono_ns=2769322399985891 [01:15:22:291 - 759F38EA6840]:   page bytes: 65536, init pages: 16384, max pages: 16384
host_utc=2026-10-03T06:51:43.209+00:00 host_mono_ns=2769322399998765 [01:15:22:292 - 759F38EA6840]:   heap offset: 1073741824, heap size: 0
host_utc=2026-10-03T06:51:43.209+00:00 host_mono_ns=2769322400029784 
host_utc=2026-10-03T06:51:43.209+00:00 host_mono_ns=2769322400042027 [01:15:22:318 - 759F38EA6840]: Memory instantiate success.
host_utc=2026-10-03T06:51:43.209+00:00 host_mono_ns=2769322400054641 [01:15:22:441 - 759F38EA6840]: warning: failed to link import function (env, pthread_exit)
host_utc=2026-10-03T06:51:43.209+00:00 host_mono_ns=2769322400067476 Restoring wasm thread 11
host_utc=2026-10-03T06:51:43.209+00:00 host_mono_ns=2769322400080110 [01:15:22:623 - 759F38EA6840]: warning: failed to link import function (env, pthread_exit)
host_utc=2026-10-03T06:51:43.209+00:00 host_mono_ns=2769322400092593 thread 11 restore
host_utc=2026-10-03T06:51:43.209+00:00 host_mono_ns=2769322400105147 Restoring wasm thread 10
host_utc=2026-10-03T06:51:43.209+00:00 host_mono_ns=2769322400117330 [01:15:22:274 - 759F38EA6840]: warning: failed to link import function (env, pthread_exit)
host_utc=2026-10-03T06:51:43.209+00:00 host_mono_ns=2769322400129814 [2026-10-03 06:51:43.209] [info] wasm_restore_stack
host_utc=2026-10-03T06:51:43.209+00:00 host_mono_ns=2769322400142347 
host_utc=2026-10-03T06:51:43.209+00:00 host_mono_ns=2769322400164499 stack, 197875
host_utc=2026-10-03T06:51:43.210+00:00 host_mono_ns=2769322400177965 global, 22673
host_utc=2026-10-03T06:51:43.210+00:00 host_mono_ns=2769322400190298 program counter, 11020
host_utc=2026-10-03T06:51:43.210+00:00 host_mono_ns=2769322400202762 thread 10 restore
host_utc=2026-10-03T06:51:43.210+00:00 host_mono_ns=2769322400214875 local_cell_num: 2
host_utc=2026-10-03T06:51:43.210+00:00 host_mono_ns=2769322400227138 locals.values.size: 2
host_utc=2026-10-03T06:51:43.210+00:00 host_mono_ns=2769322400239742 [2026-10-03 06:51:43.209] [info] restore label stack
host_utc=2026-10-03T06:51:43.210+00:00 host_mono_ns=2769322400252456 local_cell_num: 8
host_utc=2026-10-03T06:51:43.210+00:00 host_mono_ns=2769322400264629 locals.values.size: 8
host_utc=2026-10-03T06:51:43.210+00:00 host_mono_ns=2769322400277093 [2026-10-03 06:51:43.209] [info] restore label stack
host_utc=2026-10-03T06:51:43.210+00:00 host_mono_ns=2769322400289586 local_cell_num: 14
host_utc=2026-10-03T06:51:43.210+00:00 host_mono_ns=2769322400301990 locals.values.size: 14
host_utc=2026-10-03T06:51:43.210+00:00 host_mono_ns=2769322400314323 [2026-10-03 06:51:43.209] [info] restore label stack
host_utc=2026-10-03T06:51:43.210+00:00 host_mono_ns=2769322400326697 local_cell_num: 45
host_utc=2026-10-03T06:51:43.210+00:00 host_mono_ns=2769322400338870 locals.values.size: 45
host_utc=2026-10-03T06:51:43.210+00:00 host_mono_ns=2769322400351133 [2026-10-03 06:51:43.209] [info] restore label stack
host_utc=2026-10-03T06:51:43.210+00:00 host_mono_ns=2769322400372193 local_cell_num: 19
host_utc=2026-10-03T06:51:43.210+00:00 host_mono_ns=2769322400384396 locals.values.size: 19
host_utc=2026-10-03T06:51:43.210+00:00 host_mono_ns=2769322400396709 [2026-10-03 06:51:43.209] [info] restore label stack
host_utc=2026-10-03T06:51:43.210+00:00 host_mono_ns=2769322400409003 local_cell_num: 63
host_utc=2026-10-03T06:51:43.210+00:00 host_mono_ns=2769322400420895 locals.values.size: 63
host_utc=2026-10-03T06:51:43.210+00:00 host_mono_ns=2769322400433088 [2026-10-03 06:51:43.209] [info] restore label stack
host_utc=2026-10-03T06:51:43.210+00:00 host_mono_ns=2769322400445291 local_cell_num: 9
host_utc=2026-10-03T06:51:43.210+00:00 host_mono_ns=2769322400457424 locals.values.size: 9
host_utc=2026-10-03T06:51:43.210+00:00 host_mono_ns=2769322400469537 [2026-10-03 06:51:43.209] [info] restore label stack
host_utc=2026-10-03T06:51:43.210+00:00 host_mono_ns=2769322400481770 local_cell_num: 9
host_utc=2026-10-03T06:51:43.210+00:00 host_mono_ns=2769322400493773 locals.values.size: 9
host_utc=2026-10-03T06:51:43.210+00:00 host_mono_ns=2769322400505906 [2026-10-03 06:51:43.209] [info] restore label stack
host_utc=2026-10-03T06:51:43.210+00:00 host_mono_ns=2769322400518089 local_cell_num: 6
host_utc=2026-10-03T06:51:43.210+00:00 host_mono_ns=2769322400530012 locals.values.size: 6
host_utc=2026-10-03T06:51:43.210+00:00 host_mono_ns=2769322400541984 [2026-10-03 06:51:43.209] [info] restore label stack
host_utc=2026-10-03T06:51:43.210+00:00 host_mono_ns=2769322400554408 [2026-10-03 06:51:43.209] [info] Finish to restore stack
host_utc=2026-10-03T06:51:43.210+00:00 host_mono_ns=2769322400567052 
host_utc=2026-10-03T06:51:43.210+00:00 host_mono_ns=2769322400580287 initします
host_utc=2026-10-03T06:51:43.210+00:00 host_mono_ns=2769322400602890 boot_end, 2769322400361452
host_utc=2026-10-03T06:51:43.210+00:00 host_mono_ns=2769322400616195 stack, 104849
host_utc=2026-10-03T06:51:43.210+00:00 host_mono_ns=2769322400628578 global, 11051
host_utc=2026-10-03T06:51:43.210+00:00 host_mono_ns=2769322400640862 program counter, 6763
host_utc=2026-10-03T06:51:43.210+00:00 host_mono_ns=2769322400653075 wasm_cluster_increase_checkpointing_counter called 1
host_utc=2026-10-03T06:51:43.210+00:00 host_mono_ns=2769322400665619 Restoring wasm thread 9
host_utc=2026-10-03T06:51:43.210+00:00 host_mono_ns=2769322400677782 wasm_cluster_increase_checkpointing_counter called 2
host_utc=2026-10-03T06:51:43.210+00:00 host_mono_ns=2769322400690255 wasm_cluster_increase_checkpointing_counter called 3
host_utc=2026-10-03T06:51:43.210+00:00 host_mono_ns=2769322400702478 [2026-10-03 06:51:43.210] [info] wasm_restore_stack
host_utc=2026-10-03T06:51:43.210+00:00 host_mono_ns=2769322400714782 
host_utc=2026-10-03T06:51:43.210+00:00 host_mono_ns=2769322400726654 local_cell_num: 2
host_utc=2026-10-03T06:51:43.210+00:00 host_mono_ns=2769322400738707 locals.values.size: 2
host_utc=2026-10-03T06:51:43.210+00:00 host_mono_ns=2769322400750720 [2026-10-03 06:51:43.210] [info] restore label stack
host_utc=2026-10-03T06:51:43.210+00:00 host_mono_ns=2769322400762963 local_cell_num: 8
host_utc=2026-10-03T06:51:43.210+00:00 host_mono_ns=2769322400774916 [01:15:22:446 - 759F38EA6840]: locals.values.size: 8
host_utc=2026-10-03T06:51:43.210+00:00 host_mono_ns=2769322400787309 warning: failed to link import function (env, pthread_exit)
host_utc=2026-10-03T06:51:43.210+00:00 host_mono_ns=2769322400799703 [2026-10-03 06:51:43.210] [info] restore label stack
host_utc=2026-10-03T06:51:43.210+00:00 host_mono_ns=2769322400811876 local_cell_num: 14
host_utc=2026-10-03T06:51:43.210+00:00 host_mono_ns=2769322400823989 locals.values.size: 14
host_utc=2026-10-03T06:51:43.210+00:00 host_mono_ns=2769322400836262 [2026-10-03 06:51:43.210] [info] restore label stack
host_utc=2026-10-03T06:51:43.210+00:00 host_mono_ns=2769322400848405 local_cell_num: 15
host_utc=2026-10-03T06:51:43.210+00:00 host_mono_ns=2769322400860488 locals.values.size: 15
host_utc=2026-10-03T06:51:43.210+00:00 host_mono_ns=2769322400880245 [2026-10-03 06:51:43.210] [info] restore label stack
host_utc=2026-10-03T06:51:43.210+00:00 host_mono_ns=2769322400892669 local_cell_num: 37
host_utc=2026-10-03T06:51:43.210+00:00 host_mono_ns=2769322400904571 locals.values.size: 37
host_utc=2026-10-03T06:51:43.210+00:00 host_mono_ns=2769322400916774 [2026-10-03 06:51:43.210] [info] restore label stack
host_utc=2026-10-03T06:51:43.210+00:00 host_mono_ns=2769322400929368 local_cell_num: 25
host_utc=2026-10-03T06:51:43.210+00:00 host_mono_ns=2769322400941832 locals.values.size: 25
host_utc=2026-10-03T06:51:43.210+00:00 host_mono_ns=2769322400953825 [2026-10-03 06:51:43.210] [info] restore label stack
host_utc=2026-10-03T06:51:43.210+00:00 host_mono_ns=2769322400965968 local_cell_num: 34
host_utc=2026-10-03T06:51:43.210+00:00 host_mono_ns=2769322400977930 locals.values.size: 34
host_utc=2026-10-03T06:51:43.210+00:00 host_mono_ns=2769322400989893 [2026-10-03 06:51:43.210] [info] restore label stack
host_utc=2026-10-03T06:51:43.210+00:00 host_mono_ns=2769322401011323 local_cell_num: 38
host_utc=2026-10-03T06:51:43.210+00:00 host_mono_ns=2769322401027564 locals.values.size: 38
host_utc=2026-10-03T06:51:43.210+00:00 host_mono_ns=2769322401039687 [2026-10-03 06:51:43.210] [info] restore label stack
host_utc=2026-10-03T06:51:43.210+00:00 host_mono_ns=2769322401051900 thread 9 restore
host_utc=2026-10-03T06:51:43.210+00:00 host_mono_ns=2769322401064324 local_cell_num: 94
host_utc=2026-10-03T06:51:43.210+00:00 host_mono_ns=2769322401076457 locals.values.size: 94
host_utc=2026-10-03T06:51:43.210+00:00 host_mono_ns=2769322401088389 [2026-10-03 06:51:43.210] [info] restore label stack
host_utc=2026-10-03T06:51:43.210+00:00 host_mono_ns=2769322401100542 local_cell_num: 2
host_utc=2026-10-03T06:51:43.210+00:00 host_mono_ns=2769322401112635 locals.values.size: 2
host_utc=2026-10-03T06:51:43.210+00:00 host_mono_ns=2769322401124738 [2026-10-03 06:51:43.210] [info] restore label stack
host_utc=2026-10-03T06:51:43.210+00:00 host_mono_ns=2769322401136851 local_cell_num: 9
host_utc=2026-10-03T06:51:43.210+00:00 host_mono_ns=2769322401148904 locals.values.size: 9
host_utc=2026-10-03T06:51:43.210+00:00 host_mono_ns=2769322401161117 [2026-10-03 06:51:43.210] [info] restore label stack
host_utc=2026-10-03T06:51:43.211+00:00 host_mono_ns=2769322401173320 local_cell_num: 9
host_utc=2026-10-03T06:51:43.211+00:00 host_mono_ns=2769322401185323 locals.values.size: 9
host_utc=2026-10-03T06:51:43.211+00:00 host_mono_ns=2769322401197416 [2026-10-03 06:51:43.210] [info] restore label stack
host_utc=2026-10-03T06:51:43.211+00:00 host_mono_ns=2769322401209609 local_cell_num: 6
host_utc=2026-10-03T06:51:43.211+00:00 host_mono_ns=2769322401221682 locals.values.size: 6
host_utc=2026-10-03T06:51:43.211+00:00 host_mono_ns=2769322401233875 [2026-10-03 06:51:43.210] [info] restore label stack
host_utc=2026-10-03T06:51:43.211+00:00 host_mono_ns=2769322401246098 [2026-10-03 06:51:43.210] [info] Finish to restore stack
host_utc=2026-10-03T06:51:43.211+00:00 host_mono_ns=2769322401258512 
host_utc=2026-10-03T06:51:43.211+00:00 host_mono_ns=2769322401277267 initします
host_utc=2026-10-03T06:51:43.212+00:00 host_mono_ns=2769322402334350 boot_end, 2769322402137477
host_utc=2026-10-03T06:51:43.212+00:00 host_mono_ns=2769322402384735 wasm_cluster_increase_checkpointing_counter called 1
host_utc=2026-10-03T06:51:43.212+00:00 host_mono_ns=2769322402400806 Restoring wasm thread 8
host_utc=2026-10-03T06:51:43.212+00:00 host_mono_ns=2769322402413139 wasm_cluster_increase_checkpointing_counter called 2
host_utc=2026-10-03T06:51:43.212+00:00 host_mono_ns=2769322402424771 wasm_cluster_increase_checkpointing_counter called 3
host_utc=2026-10-03T06:51:43.212+00:00 host_mono_ns=2769322402435922 [2026-10-03 06:51:43.211] [info] wasm_restore_stack
host_utc=2026-10-03T06:51:43.212+00:00 host_mono_ns=2769322402447574 
host_utc=2026-10-03T06:51:43.212+00:00 host_mono_ns=2769322402459307 [01:15:22:221 - 759F38EA6840]: warning: failed to link import function (env, pthread_exit)
host_utc=2026-10-03T06:51:43.212+00:00 host_mono_ns=2769322402488883 thread 8 restore
host_utc=2026-10-03T06:51:43.212+00:00 host_mono_ns=2769322402500715 local_cell_num: 2
host_utc=2026-10-03T06:51:43.212+00:00 host_mono_ns=2769322402512207 locals.values.size: 2
host_utc=2026-10-03T06:51:43.212+00:00 host_mono_ns=2769322402523608 [2026-10-03 06:51:43.212] [info] restore label stack
host_utc=2026-10-03T06:51:43.212+00:00 host_mono_ns=2769322402534940 local_cell_num: 8
host_utc=2026-10-03T06:51:43.212+00:00 host_mono_ns=2769322402545871 locals.values.size: 8
host_utc=2026-10-03T06:51:43.212+00:00 host_mono_ns=2769322402556901 [2026-10-03 06:51:43.212] [info] restore label stack
host_utc=2026-10-03T06:51:43.212+00:00 host_mono_ns=2769322402567972 local_cell_num: 14
host_utc=2026-10-03T06:51:43.212+00:00 host_mono_ns=2769322402578833 locals.values.size: 14
host_utc=2026-10-03T06:51:43.212+00:00 host_mono_ns=2769322402590114 [2026-10-03 06:51:43.212] [info] restore label stack
host_utc=2026-10-03T06:51:43.212+00:00 host_mono_ns=2769322402601075 local_cell_num: 15
host_utc=2026-10-03T06:51:43.212+00:00 host_mono_ns=2769322402609511 locals.values.size: 15
host_utc=2026-10-03T06:51:43.212+00:00 host_mono_ns=2769322402617737 [2026-10-03 06:51:43.212] [info] restore label stack
host_utc=2026-10-03T06:51:43.212+00:00 host_mono_ns=2769322402626032 local_cell_num: 27
host_utc=2026-10-03T06:51:43.212+00:00 host_mono_ns=2769322402634058 locals.values.size: 27
host_utc=2026-10-03T06:51:43.212+00:00 host_mono_ns=2769322402642153 [2026-10-03 06:51:43.212] [info] restore label stack
host_utc=2026-10-03T06:51:43.212+00:00 host_mono_ns=2769322402650318 local_cell_num: 25
host_utc=2026-10-03T06:51:43.212+00:00 host_mono_ns=2769322402658414 locals.values.size: 25
host_utc=2026-10-03T06:51:43.212+00:00 host_mono_ns=2769322402666459 [2026-10-03 06:51:43.212] [info] restore label stack
host_utc=2026-10-03T06:51:43.212+00:00 host_mono_ns=2769322402674765 local_cell_num: 34
host_utc=2026-10-03T06:51:43.212+00:00 host_mono_ns=2769322402682860 locals.values.size: 34
host_utc=2026-10-03T06:51:43.212+00:00 host_mono_ns=2769322402690935 [2026-10-03 06:51:43.212] [info] restore label stack
host_utc=2026-10-03T06:51:43.212+00:00 host_mono_ns=2769322402699121 local_cell_num: 38
host_utc=2026-10-03T06:51:43.212+00:00 host_mono_ns=2769322402707206 locals.values.size: 38
host_utc=2026-10-03T06:51:43.212+00:00 host_mono_ns=2769322402715221 [2026-10-03 06:51:43.212] [info] restore label stack
host_utc=2026-10-03T06:51:43.212+00:00 host_mono_ns=2769322402728186 local_cell_num: 94
host_utc=2026-10-03T06:51:43.212+00:00 host_mono_ns=2769322402736612 locals.values.size: 94
host_utc=2026-10-03T06:51:43.212+00:00 host_mono_ns=2769322402744737 [2026-10-03 06:51:43.212] [info] restore label stack
host_utc=2026-10-03T06:51:43.212+00:00 host_mono_ns=2769322402752943 local_cell_num: 2
host_utc=2026-10-03T06:51:43.212+00:00 host_mono_ns=2769322402761138 locals.values.size: 2
host_utc=2026-10-03T06:51:43.212+00:00 host_mono_ns=2769322402769304 [2026-10-03 06:51:43.212] [info] restore label stack
host_utc=2026-10-03T06:51:43.212+00:00 host_mono_ns=2769322402777509 local_cell_num: 9
host_utc=2026-10-03T06:51:43.212+00:00 host_mono_ns=2769322402785625 locals.values.size: 9
host_utc=2026-10-03T06:51:43.212+00:00 host_mono_ns=2769322402793710 [2026-10-03 06:51:43.212] [info] restore label stack
host_utc=2026-10-03T06:51:43.212+00:00 host_mono_ns=2769322402801886 local_cell_num: 9
host_utc=2026-10-03T06:51:43.212+00:00 host_mono_ns=2769322402809961 locals.values.size: 9
host_utc=2026-10-03T06:51:43.212+00:00 host_mono_ns=2769322402818076 [2026-10-03 06:51:43.212] [info] restore label stack
host_utc=2026-10-03T06:51:43.212+00:00 host_mono_ns=2769322402826262 local_cell_num: 6
host_utc=2026-10-03T06:51:43.212+00:00 host_mono_ns=2769322402834277 locals.values.size: 6
host_utc=2026-10-03T06:51:43.212+00:00 host_mono_ns=2769322402842442 [2026-10-03 06:51:43.212] [info] restore label stack
host_utc=2026-10-03T06:51:43.212+00:00 host_mono_ns=2769322402850618 [2026-10-03 06:51:43.212] [info] Finish to restore stack
host_utc=2026-10-03T06:51:43.212+00:00 host_mono_ns=2769322402864394 
host_utc=2026-10-03T06:51:43.212+00:00 host_mono_ns=2769322402872900 stack, 152509
host_utc=2026-10-03T06:51:43.212+00:00 host_mono_ns=2769322402881236 global, 19997
host_utc=2026-10-03T06:51:43.212+00:00 host_mono_ns=2769322402889321 program counter, 12945
host_utc=2026-10-03T06:51:43.212+00:00 host_mono_ns=2769322402902136 initします
host_utc=2026-10-03T06:51:43.214+00:00 host_mono_ns=2769322404365167 boot_end, 2769322404119462
host_utc=2026-10-03T06:51:43.214+00:00 host_mono_ns=2769322404410713 wasm_cluster_increase_checkpointing_counter called 1
host_utc=2026-10-03T06:51:43.214+00:00 host_mono_ns=2769322404427605 Restoring wasm thread 7
host_utc=2026-10-03T06:51:43.214+00:00 host_mono_ns=2769322404441131 wasm_cluster_increase_checkpointing_counter called 2
host_utc=2026-10-03T06:51:43.214+00:00 host_mono_ns=2769322404454276 wasm_cluster_increase_checkpointing_counter called 3
host_utc=2026-10-03T06:51:43.214+00:00 host_mono_ns=2769322404467581 [2026-10-03 06:51:43.213] [info] wasm_restore_stack
host_utc=2026-10-03T06:51:43.214+00:00 host_mono_ns=2769322404480415 
host_utc=2026-10-03T06:51:43.214+00:00 host_mono_ns=2769322404501886 [01:15:22:193 - 759F38EA6840]: warning: failed to link import function (env, pthread_exit)
host_utc=2026-10-03T06:51:43.214+00:00 host_mono_ns=2769322404516303 thread 7 restore
host_utc=2026-10-03T06:51:43.214+00:00 host_mono_ns=2769322404529158 local_cell_num: 2
host_utc=2026-10-03T06:51:43.214+00:00 host_mono_ns=2769322404541661 locals.values.size: 2
host_utc=2026-10-03T06:51:43.214+00:00 host_mono_ns=2769322404554335 [2026-10-03 06:51:43.214] [info] restore label stack
host_utc=2026-10-03T06:51:43.214+00:00 host_mono_ns=2769322404566969 local_cell_num: 8
host_utc=2026-10-03T06:51:43.214+00:00 host_mono_ns=2769322404579243 locals.values.size: 8
host_utc=2026-10-03T06:51:43.214+00:00 host_mono_ns=2769322404591466 [2026-10-03 06:51:43.214] [info] restore label stack
host_utc=2026-10-03T06:51:43.214+00:00 host_mono_ns=2769322404603739 local_cell_num: 25
host_utc=2026-10-03T06:51:43.214+00:00 host_mono_ns=2769322404611914 locals.values.size: 25
host_utc=2026-10-03T06:51:43.214+00:00 host_mono_ns=2769322404620250 [2026-10-03 06:51:43.214] [info] restore label stack
host_utc=2026-10-03T06:51:43.214+00:00 host_mono_ns=2769322404628396 local_cell_num: 10
host_utc=2026-10-03T06:51:43.214+00:00 host_mono_ns=2769322404636511 locals.values.size: 10
host_utc=2026-10-03T06:51:43.214+00:00 host_mono_ns=2769322404644747 [2026-10-03 06:51:43.214] [info] restore label stack
host_utc=2026-10-03T06:51:43.214+00:00 host_mono_ns=2769322404652902 local_cell_num: 22
host_utc=2026-10-03T06:51:43.214+00:00 host_mono_ns=2769322404660897 locals.values.size: 22
host_utc=2026-10-03T06:51:43.214+00:00 host_mono_ns=2769322404668942 [2026-10-03 06:51:43.214] [info] restore label stack
host_utc=2026-10-03T06:51:43.214+00:00 host_mono_ns=2769322404677098 local_cell_num: 62
host_utc=2026-10-03T06:51:43.214+00:00 host_mono_ns=2769322404685123 locals.values.size: 62
host_utc=2026-10-03T06:51:43.214+00:00 host_mono_ns=2769322404693138 [2026-10-03 06:51:43.214] [info] restore label stack
host_utc=2026-10-03T06:51:43.214+00:00 host_mono_ns=2769322404701404 local_cell_num: 18
host_utc=2026-10-03T06:51:43.214+00:00 host_mono_ns=2769322404709399 locals.values.size: 18
host_utc=2026-10-03T06:51:43.214+00:00 host_mono_ns=2769322404717374 [2026-10-03 06:51:43.214] [info] restore label stack
host_utc=2026-10-03T06:51:43.214+00:00 host_mono_ns=2769322404725510 local_cell_num: 21
host_utc=2026-10-03T06:51:43.214+00:00 host_mono_ns=2769322404733535 locals.values.size: 21
host_utc=2026-10-03T06:51:43.214+00:00 host_mono_ns=2769322404741530 [2026-10-03 06:51:43.214] [info] restore label stack
host_utc=2026-10-03T06:51:43.214+00:00 host_mono_ns=2769322404749695 local_cell_num: 10
host_utc=2026-10-03T06:51:43.214+00:00 host_mono_ns=2769322404757711 locals.values.size: 10
host_utc=2026-10-03T06:51:43.214+00:00 host_mono_ns=2769322404765746 [2026-10-03 06:51:43.214] [info] restore label stack
host_utc=2026-10-03T06:51:43.214+00:00 host_mono_ns=2769322404787527 local_cell_num: 2
host_utc=2026-10-03T06:51:43.214+00:00 host_mono_ns=2769322404795833 locals.values.size: 2
host_utc=2026-10-03T06:51:43.214+00:00 host_mono_ns=2769322404804990 [2026-10-03 06:51:43.214] [info] restore label stack
host_utc=2026-10-03T06:51:43.214+00:00 host_mono_ns=2769322404813246 local_cell_num: 9
host_utc=2026-10-03T06:51:43.214+00:00 host_mono_ns=2769322404821231 locals.values.size: 9
host_utc=2026-10-03T06:51:43.214+00:00 host_mono_ns=2769322404829236 [2026-10-03 06:51:43.214] [info] restore label stack
host_utc=2026-10-03T06:51:43.214+00:00 host_mono_ns=2769322404837422 local_cell_num: 9
host_utc=2026-10-03T06:51:43.214+00:00 host_mono_ns=2769322404845407 locals.values.size: 9
host_utc=2026-10-03T06:51:43.214+00:00 host_mono_ns=2769322404853472 [2026-10-03 06:51:43.214] [info] restore label stack
host_utc=2026-10-03T06:51:43.214+00:00 host_mono_ns=2769322404861688 local_cell_num: 6
host_utc=2026-10-03T06:51:43.214+00:00 host_mono_ns=2769322404869753 locals.values.size: 6
host_utc=2026-10-03T06:51:43.214+00:00 host_mono_ns=2769322404877778 [2026-10-03 06:51:43.214] [info] restore label stack
host_utc=2026-10-03T06:51:43.214+00:00 host_mono_ns=2769322404886054 [2026-10-03 06:51:43.214] [info] Finish to restore stack
host_utc=2026-10-03T06:51:43.214+00:00 host_mono_ns=2769322404894420 
host_utc=2026-10-03T06:51:43.214+00:00 host_mono_ns=2769322404902835 stack, 149673
host_utc=2026-10-03T06:51:43.214+00:00 host_mono_ns=2769322404911121 global, 21571
host_utc=2026-10-03T06:51:43.214+00:00 host_mono_ns=2769322404919176 program counter, 12523
host_utc=2026-10-03T06:51:43.214+00:00 host_mono_ns=2769322404932522 initします
host_utc=2026-10-03T06:51:43.216+00:00 host_mono_ns=2769322406405462 boot_end, 2769322406222054
host_utc=2026-10-03T06:51:43.216+00:00 host_mono_ns=2769322406442191 wasm_cluster_increase_checkpointing_counter called 1
host_utc=2026-10-03T06:51:43.216+00:00 host_mono_ns=2769322406457541 Restoring wasm thread 6
host_utc=2026-10-03T06:51:43.216+00:00 host_mono_ns=2769322406469633 wasm_cluster_increase_checkpointing_counter called 2
host_utc=2026-10-03T06:51:43.216+00:00 host_mono_ns=2769322406481105 wasm_cluster_increase_checkpointing_counter called 3
host_utc=2026-10-03T06:51:43.216+00:00 host_mono_ns=2769322406492226 [2026-10-03 06:51:43.216] [info] wasm_restore_stack
host_utc=2026-10-03T06:51:43.216+00:00 host_mono_ns=2769322406503628 
host_utc=2026-10-03T06:51:43.216+00:00 host_mono_ns=2769322406522704 [01:15:22:300 - 759F38EA6840]: warning: failed to link import function (env, pthread_exit)
host_utc=2026-10-03T06:51:43.216+00:00 host_mono_ns=2769322406535689 local_cell_num: 2
host_utc=2026-10-03T06:51:43.216+00:00 host_mono_ns=2769322406547040 locals.values.size: 2
host_utc=2026-10-03T06:51:43.216+00:00 host_mono_ns=2769322406558382 [2026-10-03 06:51:43.216] [info] restore label stack
host_utc=2026-10-03T06:51:43.216+00:00 host_mono_ns=2769322406569523 local_cell_num: 8
host_utc=2026-10-03T06:51:43.216+00:00 host_mono_ns=2769322406580223 locals.values.size: 8
host_utc=2026-10-03T06:51:43.216+00:00 host_mono_ns=2769322406591063 [2026-10-03 06:51:43.216] [info] restore label stack
host_utc=2026-10-03T06:51:43.216+00:00 host_mono_ns=2769322406602044 local_cell_num: 14
host_utc=2026-10-03T06:51:43.216+00:00 host_mono_ns=2769322406612885 locals.values.size: 14
host_utc=2026-10-03T06:51:43.216+00:00 host_mono_ns=2769322406624146 [2026-10-03 06:51:43.216] [info] restore label stack
host_utc=2026-10-03T06:51:43.216+00:00 host_mono_ns=2769322406636379 thread 6 restore
host_utc=2026-10-03T06:51:43.216+00:00 host_mono_ns=2769322406648011 local_cell_num: 8
host_utc=2026-10-03T06:51:43.216+00:00 host_mono_ns=2769322406659573 locals.values.size: 8
host_utc=2026-10-03T06:51:43.216+00:00 host_mono_ns=2769322406670424 [2026-10-03 06:51:43.216] [info] restore label stack
host_utc=2026-10-03T06:51:43.216+00:00 host_mono_ns=2769322406681244 local_cell_num: 13
host_utc=2026-10-03T06:51:43.216+00:00 host_mono_ns=2769322406705600 locals.values.size: 13
host_utc=2026-10-03T06:51:43.216+00:00 host_mono_ns=2769322406716691 [2026-10-03 06:51:43.216] [info] restore label stack
host_utc=2026-10-03T06:51:43.216+00:00 host_mono_ns=2769322406727502 local_cell_num: 19
host_utc=2026-10-03T06:51:43.216+00:00 host_mono_ns=2769322406738132 locals.values.size: 19
host_utc=2026-10-03T06:51:43.216+00:00 host_mono_ns=2769322406748912 [2026-10-03 06:51:43.216] [info] restore label stack
host_utc=2026-10-03T06:51:43.216+00:00 host_mono_ns=2769322406759743 local_cell_num: 63
host_utc=2026-10-03T06:51:43.216+00:00 host_mono_ns=2769322406770373 locals.values.size: 63
host_utc=2026-10-03T06:51:43.216+00:00 host_mono_ns=2769322406781184 [2026-10-03 06:51:43.216] [info] restore label stack
host_utc=2026-10-03T06:51:43.216+00:00 host_mono_ns=2769322406792064 local_cell_num: 9
host_utc=2026-10-03T06:51:43.216+00:00 host_mono_ns=2769322406802825 locals.values.size: 9
host_utc=2026-10-03T06:51:43.216+00:00 host_mono_ns=2769322406813525 [2026-10-03 06:51:43.216] [info] restore label stack
host_utc=2026-10-03T06:51:43.216+00:00 host_mono_ns=2769322406824295 local_cell_num: 9
host_utc=2026-10-03T06:51:43.216+00:00 host_mono_ns=2769322406834935 locals.values.size: 9
host_utc=2026-10-03T06:51:43.216+00:00 host_mono_ns=2769322406845656 [2026-10-03 06:51:43.216] [info] restore label stack
host_utc=2026-10-03T06:51:43.216+00:00 host_mono_ns=2769322406856536 local_cell_num: 6
host_utc=2026-10-03T06:51:43.216+00:00 host_mono_ns=2769322406867307 locals.values.size: 6
host_utc=2026-10-03T06:51:43.216+00:00 host_mono_ns=2769322406878037 [2026-10-03 06:51:43.216] [info] restore label stack
host_utc=2026-10-03T06:51:43.216+00:00 host_mono_ns=2769322406888898 [2026-10-03 06:51:43.216] [info] Finish to restore stack
host_utc=2026-10-03T06:51:43.216+00:00 host_mono_ns=2769322406900059 
host_utc=2026-10-03T06:51:43.216+00:00 host_mono_ns=2769322406911110 stack, 105891
host_utc=2026-10-03T06:51:43.216+00:00 host_mono_ns=2769322406922040 global, 18555
host_utc=2026-10-03T06:51:43.216+00:00 host_mono_ns=2769322406933011 program counter, 9568
host_utc=2026-10-03T06:51:43.216+00:00 host_mono_ns=2769322406949873 initします
host_utc=2026-10-03T06:51:43.217+00:00 host_mono_ns=2769322407576119 boot_end, 2769322407408612
host_utc=2026-10-03T06:51:43.217+00:00 host_mono_ns=2769322407618399 stack, 69021
host_utc=2026-10-03T06:51:43.217+00:00 host_mono_ns=2769322407632977 global, 12924
host_utc=2026-10-03T06:51:43.217+00:00 host_mono_ns=2769322407645060 program counter, 7454
host_utc=2026-10-03T06:51:43.217+00:00 host_mono_ns=2769322407657063 wasm_cluster_increase_checkpointing_counter called 1
host_utc=2026-10-03T06:51:43.217+00:00 host_mono_ns=2769322407669256 Restoring wasm thread 5
host_utc=2026-10-03T06:51:43.217+00:00 host_mono_ns=2769322407680818 wasm_cluster_increase_checkpointing_counter called 2
host_utc=2026-10-03T06:51:43.217+00:00 host_mono_ns=2769322407692089 wasm_cluster_increase_checkpointing_counter called 3
host_utc=2026-10-03T06:51:43.217+00:00 host_mono_ns=2769322407703050 [2026-10-03 06:51:43.217] [info] wasm_restore_stack
host_utc=2026-10-03T06:51:43.217+00:00 host_mono_ns=2769322407714401 
host_utc=2026-10-03T06:51:43.217+00:00 host_mono_ns=2769322407726114 local_cell_num: 2
host_utc=2026-10-03T06:51:43.217+00:00 host_mono_ns=2769322407737365 locals.values.size: 2
host_utc=2026-10-03T06:51:43.217+00:00 host_mono_ns=2769322407748466 [2026-10-03 06:51:43.217] [info] restore label stack
host_utc=2026-10-03T06:51:43.217+00:00 host_mono_ns=2769322407759757 local_cell_num: 8
host_utc=2026-10-03T06:51:43.217+00:00 host_mono_ns=2769322407770808 locals.values.size: 8
host_utc=2026-10-03T06:51:43.217+00:00 host_mono_ns=2769322407781869 [2026-10-03 06:51:43.217] [info] restore label stack
host_utc=2026-10-03T06:51:43.217+00:00 host_mono_ns=2769322407792870 local_cell_num: 14
host_utc=2026-10-03T06:51:43.217+00:00 host_mono_ns=2769322407803881 locals.values.size: 14
host_utc=2026-10-03T06:51:43.217+00:00 host_mono_ns=2769322407815212 [2026-10-03 06:51:43.217] [info] restore label stack
host_utc=2026-10-03T06:51:43.217+00:00 host_mono_ns=2769322407841352 local_cell_num: 8
host_utc=2026-10-03T06:51:43.217+00:00 host_mono_ns=2769322407852463 locals.values.size: 8
host_utc=2026-10-03T06:51:43.217+00:00 host_mono_ns=2769322407863343 [2026-10-03 06:51:43.217] [info] restore label stack
host_utc=2026-10-03T06:51:43.217+00:00 host_mono_ns=2769322407874134 local_cell_num: 13
host_utc=2026-10-03T06:51:43.217+00:00 host_mono_ns=2769322407884954 locals.values.size: 13
host_utc=2026-10-03T06:51:43.217+00:00 host_mono_ns=2769322407895915 [2026-10-03 06:51:43.217] [info] restore label stack
host_utc=2026-10-03T06:51:43.217+00:00 host_mono_ns=2769322407906866 local_cell_num: 19
host_utc=2026-10-03T06:51:43.217+00:00 host_mono_ns=2769322407917676 locals.values.size: 19
host_utc=2026-10-03T06:51:43.217+00:00 host_mono_ns=2769322407928427 [2026-10-03 06:51:43.217] [info] restore label stack
host_utc=2026-10-03T06:51:43.217+00:00 host_mono_ns=2769322407939398 local_cell_num: 63
host_utc=2026-10-03T06:51:43.217+00:00 host_mono_ns=2769322407950088 locals.values.size: 63
host_utc=2026-10-03T06:51:43.217+00:00 host_mono_ns=2769322407960808 [2026-10-03 06:51:43.217] [info] restore label stack
host_utc=2026-10-03T06:51:43.217+00:00 host_mono_ns=2769322407972099 local_cell_num: 9
host_utc=2026-10-03T06:51:43.217+00:00 host_mono_ns=2769322407982860 locals.values.size: 9
host_utc=2026-10-03T06:51:43.217+00:00 host_mono_ns=2769322407993700 [2026-10-03 06:51:43.217] [info] restore label stack
host_utc=2026-10-03T06:51:43.217+00:00 host_mono_ns=2769322408021713 local_cell_num: 9
host_utc=2026-10-03T06:51:43.217+00:00 host_mono_ns=2769322408036281 locals.values.size: 9
host_utc=2026-10-03T06:51:43.217+00:00 host_mono_ns=2769322408047232 [2026-10-03 06:51:43.217] [info] restore label stack
host_utc=2026-10-03T06:51:43.217+00:00 host_mono_ns=2769322408058233 local_cell_num: 6
host_utc=2026-10-03T06:51:43.217+00:00 host_mono_ns=2769322408069063 locals.values.size: 6
host_utc=2026-10-03T06:51:43.217+00:00 host_mono_ns=2769322408080064 [2026-10-03 06:51:43.217] [info] restore label stack
host_utc=2026-10-03T06:51:43.217+00:00 host_mono_ns=2769322408091035 [2026-10-03 06:51:43.217] [info] Finish to restore stack
host_utc=2026-10-03T06:51:43.217+00:00 host_mono_ns=2769322408102236 
host_utc=2026-10-03T06:51:43.217+00:00 host_mono_ns=2769322408120390 initします
host_utc=2026-10-03T06:51:43.218+00:00 host_mono_ns=2769322409157154 [01:15:22:497 - 759F38EA6840]: warning: failed to link import function (env, pthread_exit)
host_utc=2026-10-03T06:51:43.219+00:00 host_mono_ns=2769322409189415 wasm_cluster_increase_checkpointing_counter called 1
host_utc=2026-10-03T06:51:43.219+00:00 host_mono_ns=2769322409204304 wasm_cluster_increase_checkpointing_counter called 2
host_utc=2026-10-03T06:51:43.219+00:00 host_mono_ns=2769322409216246 wasm_cluster_increase_checkpointing_counter called 3
host_utc=2026-10-03T06:51:43.219+00:00 host_mono_ns=2769322409227488 thread 5 restore
host_utc=2026-10-03T06:51:43.219+00:00 host_mono_ns=2769322409239220 Restoring wasm thread 4
host_utc=2026-10-03T06:51:43.219+00:00 host_mono_ns=2769322409250581 [2026-10-03 06:51:43.218] [info] wasm_restore_stack
host_utc=2026-10-03T06:51:43.219+00:00 host_mono_ns=2769322409261933 
host_utc=2026-10-03T06:51:43.219+00:00 host_mono_ns=2769322409273505 local_cell_num: 2
host_utc=2026-10-03T06:51:43.219+00:00 host_mono_ns=2769322409284846 locals.values.size: 2
host_utc=2026-10-03T06:51:43.219+00:00 host_mono_ns=2769322409296027 [2026-10-03 06:51:43.218] [info] restore label stack
host_utc=2026-10-03T06:51:43.219+00:00 host_mono_ns=2769322409307239 local_cell_num: 8
host_utc=2026-10-03T06:51:43.219+00:00 host_mono_ns=2769322409318280 locals.values.size: 8
host_utc=2026-10-03T06:51:43.219+00:00 host_mono_ns=2769322409329521 [2026-10-03 06:51:43.218] [info] restore label stack
host_utc=2026-10-03T06:51:43.219+00:00 host_mono_ns=2769322409340522 local_cell_num: 14
host_utc=2026-10-03T06:51:43.219+00:00 host_mono_ns=2769322409351573 locals.values.size: 14
host_utc=2026-10-03T06:51:43.219+00:00 host_mono_ns=2769322409388402 [2026-10-03 06:51:43.218] [info] restore label stack
host_utc=2026-10-03T06:51:43.219+00:00 host_mono_ns=2769322409400495 local_cell_num: 219
host_utc=2026-10-03T06:51:43.219+00:00 host_mono_ns=2769322409411646 locals.values.size: 219
host_utc=2026-10-03T06:51:43.219+00:00 host_mono_ns=2769322409423038 [2026-10-03 06:51:43.218] [info] restore label stack
host_utc=2026-10-03T06:51:43.219+00:00 host_mono_ns=2769322409434159 local_cell_num: 77
host_utc=2026-10-03T06:51:43.219+00:00 host_mono_ns=2769322409447053 locals.values.size: 77
host_utc=2026-10-03T06:51:43.219+00:00 host_mono_ns=2769322409462392 [2026-10-03 06:51:43.218] [info] restore label stack
host_utc=2026-10-03T06:51:43.219+00:00 host_mono_ns=2769322409473924 local_cell_num: 22
host_utc=2026-10-03T06:51:43.219+00:00 host_mono_ns=2769322409484715 locals.values.size: 22
host_utc=2026-10-03T06:51:43.219+00:00 host_mono_ns=2769322409495645 [2026-10-03 06:51:43.218] [info] restore label stack
host_utc=2026-10-03T06:51:43.219+00:00 host_mono_ns=2769322409506646 [2026-10-03 06:51:43.218] [info] Finish to restore stack
host_utc=2026-10-03T06:51:43.219+00:00 host_mono_ns=2769322409517938 
host_utc=2026-10-03T06:51:43.219+00:00 host_mono_ns=2769322409537805 boot_end, 2769322408961514
host_utc=2026-10-03T06:51:43.219+00:00 host_mono_ns=2769322409549578 stack, 63470
host_utc=2026-10-03T06:51:43.219+00:00 host_mono_ns=2769322409560769 global, 13605
host_utc=2026-10-03T06:51:43.219+00:00 host_mono_ns=2769322409571810 program counter, 8836
host_utc=2026-10-03T06:51:43.219+00:00 host_mono_ns=2769322409583181 initします
host_utc=2026-10-03T06:51:43.220+00:00 host_mono_ns=2769322410388286 boot_end, 2769322410217443
host_utc=2026-10-03T06:51:43.220+00:00 host_mono_ns=2769322410406972 stack, 54694
host_utc=2026-10-03T06:51:43.220+00:00 host_mono_ns=2769322410414155 global, 10860
host_utc=2026-10-03T06:51:43.220+00:00 host_mono_ns=2769322410420117 program counter, 6863
host_utc=2026-10-03T06:51:43.220+00:00 host_mono_ns=2769322410425908 [01:15:22:053 - 759F38EA6840]: warning: failed to link import function (env, pthread_exit)
host_utc=2026-10-03T06:51:43.220+00:00 host_mono_ns=2769322410432941 wasm_cluster_increase_checkpointing_counter called 1
host_utc=2026-10-03T06:51:43.220+00:00 host_mono_ns=2769322410439654 wasm_cluster_increase_checkpointing_counter called 2
host_utc=2026-10-03T06:51:43.220+00:00 host_mono_ns=2769322410446346 wasm_cluster_increase_checkpointing_counter called 3
host_utc=2026-10-03T06:51:43.220+00:00 host_mono_ns=2769322410452318 thread 4 restore
host_utc=2026-10-03T06:51:43.220+00:00 host_mono_ns=2769322410458039 Restoring wasm thread 3
host_utc=2026-10-03T06:51:43.220+00:00 host_mono_ns=2769322410463769 [2026-10-03 06:51:43.220] [info] wasm_restore_stack
host_utc=2026-10-03T06:51:43.220+00:00 host_mono_ns=2769322410469500 
host_utc=2026-10-03T06:51:43.220+00:00 host_mono_ns=2769322410475482 local_cell_num: 2
host_utc=2026-10-03T06:51:43.220+00:00 host_mono_ns=2769322410481112 locals.values.size: 2
host_utc=2026-10-03T06:51:43.220+00:00 host_mono_ns=2769322410486743 [2026-10-03 06:51:43.220] [info] restore label stack
host_utc=2026-10-03T06:51:43.220+00:00 host_mono_ns=2769322410492354 local_cell_num: 8
host_utc=2026-10-03T06:51:43.220+00:00 host_mono_ns=2769322410497904 locals.values.size: 8
host_utc=2026-10-03T06:51:43.220+00:00 host_mono_ns=2769322410503324 [2026-10-03 06:51:43.220] [info] restore label stack
host_utc=2026-10-03T06:51:43.220+00:00 host_mono_ns=2769322410508885 local_cell_num: 14
host_utc=2026-10-03T06:51:43.220+00:00 host_mono_ns=2769322410514355 locals.values.size: 14
host_utc=2026-10-03T06:51:43.220+00:00 host_mono_ns=2769322410519996 [2026-10-03 06:51:43.220] [info] restore label stack
host_utc=2026-10-03T06:51:43.220+00:00 host_mono_ns=2769322410525486 local_cell_num: 219
host_utc=2026-10-03T06:51:43.220+00:00 host_mono_ns=2769322410530917 locals.values.size: 219
host_utc=2026-10-03T06:51:43.220+00:00 host_mono_ns=2769322410536547 [2026-10-03 06:51:43.220] [info] restore label stack
host_utc=2026-10-03T06:51:43.220+00:00 host_mono_ns=2769322410551496 local_cell_num: 77
host_utc=2026-10-03T06:51:43.220+00:00 host_mono_ns=2769322410557076 locals.values.size: 77
host_utc=2026-10-03T06:51:43.220+00:00 host_mono_ns=2769322410562577 [2026-10-03 06:51:43.220] [info] restore label stack
host_utc=2026-10-03T06:51:43.220+00:00 host_mono_ns=2769322410568107 local_cell_num: 22
host_utc=2026-10-03T06:51:43.220+00:00 host_mono_ns=2769322410573517 locals.values.size: 22
host_utc=2026-10-03T06:51:43.220+00:00 host_mono_ns=2769322410579008 [2026-10-03 06:51:43.220] [info] restore label stack
host_utc=2026-10-03T06:51:43.220+00:00 host_mono_ns=2769322410584548 [2026-10-03 06:51:43.220] [info] Finish to restore stack
host_utc=2026-10-03T06:51:43.220+00:00 host_mono_ns=2769322410590259 
host_utc=2026-10-03T06:51:43.220+00:00 host_mono_ns=2769322410683716 initします
host_utc=2026-10-03T06:51:43.221+00:00 host_mono_ns=2769322411591706 wasm_cluster_increase_checkpointing_counter called 1
host_utc=2026-10-03T06:51:43.221+00:00 host_mono_ns=2769322411612045 wasm_cluster_increase_checkpointing_counter called 2
host_utc=2026-10-03T06:51:43.221+00:00 host_mono_ns=2769322411619830 wasm_cluster_increase_checkpointing_counter called 3
host_utc=2026-10-03T06:51:43.221+00:00 host_mono_ns=2769322411625791 [01:15:22:305 - 759F38EA6840]: warning: failed to link import function (env, pthread_exit)
host_utc=2026-10-03T06:51:43.221+00:00 host_mono_ns=2769322411632443 thread 3 restore
host_utc=2026-10-03T06:51:43.221+00:00 host_mono_ns=2769322411638345 Restoring wasm thread 2
host_utc=2026-10-03T06:51:43.221+00:00 host_mono_ns=2769322411644266 [2026-10-03 06:51:43.221] [info] wasm_restore_stack
host_utc=2026-10-03T06:51:43.221+00:00 host_mono_ns=2769322411650187 
host_utc=2026-10-03T06:51:43.221+00:00 host_mono_ns=2769322411656359 boot_end, 2769322411476989
host_utc=2026-10-03T06:51:43.221+00:00 host_mono_ns=2769322411668211 local_cell_num: 2
host_utc=2026-10-03T06:51:43.221+00:00 host_mono_ns=2769322411674203 locals.values.size: 2
host_utc=2026-10-03T06:51:43.221+00:00 host_mono_ns=2769322411679923 [2026-10-03 06:51:43.221] [info] restore label stack
host_utc=2026-10-03T06:51:43.221+00:00 host_mono_ns=2769322411685664 local_cell_num: 8
host_utc=2026-10-03T06:51:43.221+00:00 host_mono_ns=2769322411691175 locals.values.size: 8
host_utc=2026-10-03T06:51:43.221+00:00 host_mono_ns=2769322411696705 [2026-10-03 06:51:43.221] [info] restore label stack
host_utc=2026-10-03T06:51:43.221+00:00 host_mono_ns=2769322411702286 local_cell_num: 14
host_utc=2026-10-03T06:51:43.221+00:00 host_mono_ns=2769322411707746 locals.values.size: 14
host_utc=2026-10-03T06:51:43.221+00:00 host_mono_ns=2769322411713457 [2026-10-03 06:51:43.221] [info] restore label stack
host_utc=2026-10-03T06:51:43.221+00:00 host_mono_ns=2769322411719007 local_cell_num: 219
host_utc=2026-10-03T06:51:43.221+00:00 host_mono_ns=2769322411724538 locals.values.size: 219
host_utc=2026-10-03T06:51:43.221+00:00 host_mono_ns=2769322411730159 [2026-10-03 06:51:43.221] [info] restore label stack
host_utc=2026-10-03T06:51:43.221+00:00 host_mono_ns=2769322411735699 local_cell_num: 77
host_utc=2026-10-03T06:51:43.221+00:00 host_mono_ns=2769322411741149 locals.values.size: 77
host_utc=2026-10-03T06:51:43.221+00:00 host_mono_ns=2769322411746660 [2026-10-03 06:51:43.221] [info] restore label stack
host_utc=2026-10-03T06:51:43.221+00:00 host_mono_ns=2769322411752160 local_cell_num: 22
host_utc=2026-10-03T06:51:43.221+00:00 host_mono_ns=2769322411757571 locals.values.size: 22
host_utc=2026-10-03T06:51:43.221+00:00 host_mono_ns=2769322411763071 [2026-10-03 06:51:43.221] [info] restore label stack
host_utc=2026-10-03T06:51:43.221+00:00 host_mono_ns=2769322411768581 [2026-10-03 06:51:43.221] [info] Finish to restore stack
host_utc=2026-10-03T06:51:43.221+00:00 host_mono_ns=2769322411774222 
host_utc=2026-10-03T06:51:43.221+00:00 host_mono_ns=2769322411779883 stack, 63169
host_utc=2026-10-03T06:51:43.221+00:00 host_mono_ns=2769322411785483 global, 14548
host_utc=2026-10-03T06:51:43.221+00:00 host_mono_ns=2769322411800091 program counter, 12063
host_utc=2026-10-03T06:51:43.221+00:00 host_mono_ns=2769322412032281 initします
host_utc=2026-10-03T06:51:43.223+00:00 host_mono_ns=2769322413450007 [01:15:22:566 - 759F38EA6840]: warning: failed to link import function (env, pthread_exit)
host_utc=2026-10-03T06:51:43.223+00:00 host_mono_ns=2769322413486185 thread 2 restore
host_utc=2026-10-03T06:51:43.223+00:00 host_mono_ns=2769322413502807 wasm_cluster_increase_checkpointing_counter called 1
host_utc=2026-10-03T06:51:43.223+00:00 host_mono_ns=2769322413518576 Restoring wasm thread 1
host_utc=2026-10-03T06:51:43.223+00:00 host_mono_ns=2769322413532312 wasm_cluster_increase_checkpointing_counter called 2
host_utc=2026-10-03T06:51:43.223+00:00 host_mono_ns=2769322413545157 wasm_cluster_increase_checkpointing_counter called 3
host_utc=2026-10-03T06:51:43.223+00:00 host_mono_ns=2769322413557761 [2026-10-03 06:51:43.223] [info] wasm_restore_stack
host_utc=2026-10-03T06:51:43.223+00:00 host_mono_ns=2769322413570545 
host_utc=2026-10-03T06:51:43.223+00:00 host_mono_ns=2769322413583830 boot_end, 2769322413268342
host_utc=2026-10-03T06:51:43.223+00:00 host_mono_ns=2769322413596494 local_cell_num: 2
host_utc=2026-10-03T06:51:43.223+00:00 host_mono_ns=2769322413609028 locals.values.size: 2
host_utc=2026-10-03T06:51:43.223+00:00 host_mono_ns=2769322413621862 [2026-10-03 06:51:43.223] [info] restore label stack
host_utc=2026-10-03T06:51:43.223+00:00 host_mono_ns=2769322413634636 local_cell_num: 8
host_utc=2026-10-03T06:51:43.223+00:00 host_mono_ns=2769322413647070 locals.values.size: 8
host_utc=2026-10-03T06:51:43.223+00:00 host_mono_ns=2769322413659624 [2026-10-03 06:51:43.223] [info] restore label stack
host_utc=2026-10-03T06:51:43.223+00:00 host_mono_ns=2769322413672117 local_cell_num: 14
host_utc=2026-10-03T06:51:43.223+00:00 host_mono_ns=2769322413688358 locals.values.size: 14
host_utc=2026-10-03T06:51:43.223+00:00 host_mono_ns=2769322413706072 [2026-10-03 06:51:43.223] [info] restore label stack
host_utc=2026-10-03T06:51:43.223+00:00 host_mono_ns=2769322413719287 local_cell_num: 219
host_utc=2026-10-03T06:51:43.223+00:00 host_mono_ns=2769322413731470 locals.values.size: 219
host_utc=2026-10-03T06:51:43.223+00:00 host_mono_ns=2769322413743953 [2026-10-03 06:51:43.223] [info] restore label stack
host_utc=2026-10-03T06:51:43.223+00:00 host_mono_ns=2769322413756227 local_cell_num: 77
host_utc=2026-10-03T06:51:43.223+00:00 host_mono_ns=2769322413768440 locals.values.size: 77
host_utc=2026-10-03T06:51:43.223+00:00 host_mono_ns=2769322413780693 [2026-10-03 06:51:43.223] [info] restore label stack
host_utc=2026-10-03T06:51:43.223+00:00 host_mono_ns=2769322413792906 local_cell_num: 22
host_utc=2026-10-03T06:51:43.223+00:00 host_mono_ns=2769322413805069 locals.values.size: 22
host_utc=2026-10-03T06:51:43.223+00:00 host_mono_ns=2769322413817272 [2026-10-03 06:51:43.223] [info] restore label stack
host_utc=2026-10-03T06:51:43.223+00:00 host_mono_ns=2769322413829515 [2026-10-03 06:51:43.223] [info] Finish to restore stack
host_utc=2026-10-03T06:51:43.223+00:00 host_mono_ns=2769322413842300 
host_utc=2026-10-03T06:51:43.223+00:00 host_mono_ns=2769322413865373 stack, 88287
host_utc=2026-10-03T06:51:43.223+00:00 host_mono_ns=2769322413878779 global, 21300
host_utc=2026-10-03T06:51:43.223+00:00 host_mono_ns=2769322413891232 program counter, 13385
host_utc=2026-10-03T06:51:43.223+00:00 host_mono_ns=2769322413903926 initします
host_utc=2026-10-03T06:51:43.223+00:00 host_mono_ns=2769322413920658 [01:15:22:378 - 759F38EA6840]: warning: failed to link import function (env, pthread_exit)
host_utc=2026-10-03T06:51:43.223+00:00 host_mono_ns=2769322413933993 thread 1 restore
host_utc=2026-10-03T06:51:43.223+00:00 host_mono_ns=2769322413946848 wasm_cluster_increase_checkpointing_counter called 1
host_utc=2026-10-03T06:51:43.223+00:00 host_mono_ns=2769322413959782 [2026-10-03 06:51:43.223] [info] wasm_restore_stack
host_utc=2026-10-03T06:51:43.223+00:00 host_mono_ns=2769322413972366 
host_utc=2026-10-03T06:51:43.224+00:00 host_mono_ns=2769322414776960 wasm_cluster_increase_checkpointing_counter called 2
host_utc=2026-10-03T06:51:43.224+00:00 host_mono_ns=2769322414819681 wasm_cluster_increase_checkpointing_counter called 3
host_utc=2026-10-03T06:51:43.224+00:00 host_mono_ns=2769322414834098 [2026-10-03 06:51:43.224] [info] wasm_restore_stack
host_utc=2026-10-03T06:51:43.224+00:00 host_mono_ns=2769322414846271 
host_utc=2026-10-03T06:51:43.224+00:00 host_mono_ns=2769322414858334 local_cell_num: 1
host_utc=2026-10-03T06:51:43.224+00:00 host_mono_ns=2769322414869986 locals.values.size: 1
host_utc=2026-10-03T06:51:43.224+00:00 host_mono_ns=2769322414881478 [2026-10-03 06:51:43.224] [info] restore label stack
host_utc=2026-10-03T06:51:43.224+00:00 host_mono_ns=2769322414892749 local_cell_num: 3
host_utc=2026-10-03T06:51:43.224+00:00 host_mono_ns=2769322414903780 locals.values.size: 3
host_utc=2026-10-03T06:51:43.224+00:00 host_mono_ns=2769322414914691 [2026-10-03 06:51:43.224] [info] restore label stack
host_utc=2026-10-03T06:51:43.224+00:00 host_mono_ns=2769322414925712 local_cell_num: 147
host_utc=2026-10-03T06:51:43.224+00:00 host_mono_ns=2769322414936653 locals.values.size: 147
host_utc=2026-10-03T06:51:43.224+00:00 host_mono_ns=2769322414947874 [2026-10-03 06:51:43.224] [info] restore label stack
host_utc=2026-10-03T06:51:43.224+00:00 host_mono_ns=2769322414958875 local_cell_num: 19
host_utc=2026-10-03T06:51:43.224+00:00 host_mono_ns=2769322414969956 locals.values.size: 19
host_utc=2026-10-03T06:51:43.224+00:00 host_mono_ns=2769322414981187 [2026-10-03 06:51:43.224] [info] restore label stack
host_utc=2026-10-03T06:51:43.224+00:00 host_mono_ns=2769322414992118 local_cell_num: 63
host_utc=2026-10-03T06:51:43.224+00:00 host_mono_ns=2769322415011274 locals.values.size: 63
host_utc=2026-10-03T06:51:43.224+00:00 host_mono_ns=2769322415025842 [2026-10-03 06:51:43.224] [info] restore label stack
host_utc=2026-10-03T06:51:43.224+00:00 host_mono_ns=2769322415036872 local_cell_num: 9
host_utc=2026-10-03T06:51:43.224+00:00 host_mono_ns=2769322415047633 locals.values.size: 9
host_utc=2026-10-03T06:51:43.224+00:00 host_mono_ns=2769322415058554 [2026-10-03 06:51:43.224] [info] restore label stack
host_utc=2026-10-03T06:51:43.224+00:00 host_mono_ns=2769322415069404 local_cell_num: 9
host_utc=2026-10-03T06:51:43.224+00:00 host_mono_ns=2769322415080124 locals.values.size: 9
host_utc=2026-10-03T06:51:43.224+00:00 host_mono_ns=2769322415090895 [2026-10-03 06:51:43.224] [info] restore label stack
host_utc=2026-10-03T06:51:43.224+00:00 host_mono_ns=2769322415101765 local_cell_num: 6
host_utc=2026-10-03T06:51:43.224+00:00 host_mono_ns=2769322415112546 locals.values.size: 6
host_utc=2026-10-03T06:51:43.224+00:00 host_mono_ns=2769322415123336 [2026-10-03 06:51:43.224] [info] restore label stack
host_utc=2026-10-03T06:51:43.224+00:00 host_mono_ns=2769322415134247 [2026-10-03 06:51:43.224] [info] Finish to restore stack
host_utc=2026-10-03T06:51:43.224+00:00 host_mono_ns=2769322415145558 
host_utc=2026-10-03T06:51:43.224+00:00 host_mono_ns=2769322415156409 local_cell_num: 2
host_utc=2026-10-03T06:51:43.224+00:00 host_mono_ns=2769322415167249 locals.values.size: 2
host_utc=2026-10-03T06:51:43.225+00:00 host_mono_ns=2769322415178030 [2026-10-03 06:51:43.224] [info] restore label stack
host_utc=2026-10-03T06:51:43.225+00:00 host_mono_ns=2769322415188890 local_cell_num: 8
host_utc=2026-10-03T06:51:43.225+00:00 host_mono_ns=2769322415199581 locals.values.size: 8
host_utc=2026-10-03T06:51:43.225+00:00 host_mono_ns=2769322415210311 [2026-10-03 06:51:43.224] [info] restore label stack
host_utc=2026-10-03T06:51:43.225+00:00 host_mono_ns=2769322415221071 local_cell_num: 14
host_utc=2026-10-03T06:51:43.225+00:00 host_mono_ns=2769322415231722 locals.values.size: 14
host_utc=2026-10-03T06:51:43.225+00:00 host_mono_ns=2769322415242532 [2026-10-03 06:51:43.224] [info] restore label stack
host_utc=2026-10-03T06:51:43.225+00:00 host_mono_ns=2769322415253413 local_cell_num: 155
host_utc=2026-10-03T06:51:43.225+00:00 host_mono_ns=2769322415264373 locals.values.size: 155
host_utc=2026-10-03T06:51:43.225+00:00 host_mono_ns=2769322415282558 [2026-10-03 06:51:43.224] [info] restore label stack
host_utc=2026-10-03T06:51:43.225+00:00 host_mono_ns=2769322415293459 local_cell_num: 19
host_utc=2026-10-03T06:51:43.225+00:00 host_mono_ns=2769322415304229 locals.values.size: 19
host_utc=2026-10-03T06:51:43.225+00:00 host_mono_ns=2769322415315079 [2026-10-03 06:51:43.224] [info] restore label stack
host_utc=2026-10-03T06:51:43.225+00:00 host_mono_ns=2769322415325890 local_cell_num: 63
host_utc=2026-10-03T06:51:43.225+00:00 host_mono_ns=2769322415336490 locals.values.size: 63
host_utc=2026-10-03T06:51:43.225+00:00 host_mono_ns=2769322415347311 [2026-10-03 06:51:43.224] [info] restore label stack
host_utc=2026-10-03T06:51:43.225+00:00 host_mono_ns=2769322415358171 local_cell_num: 9
host_utc=2026-10-03T06:51:43.225+00:00 host_mono_ns=2769322415368871 locals.values.size: 9
host_utc=2026-10-03T06:51:43.225+00:00 host_mono_ns=2769322415379632 [2026-10-03 06:51:43.224] [info] restore label stack
host_utc=2026-10-03T06:51:43.225+00:00 host_mono_ns=2769322415390382 local_cell_num: 9
host_utc=2026-10-03T06:51:43.225+00:00 host_mono_ns=2769322415401082 locals.values.size: 9
host_utc=2026-10-03T06:51:43.225+00:00 host_mono_ns=2769322415411803 [2026-10-03 06:51:43.224] [info] restore label stack
host_utc=2026-10-03T06:51:43.225+00:00 host_mono_ns=2769322415422643 local_cell_num: 6
host_utc=2026-10-03T06:51:43.225+00:00 host_mono_ns=2769322415433233 locals.values.size: 6
host_utc=2026-10-03T06:51:43.225+00:00 host_mono_ns=2769322415444014 [2026-10-03 06:51:43.224] [info] restore label stack
host_utc=2026-10-03T06:51:43.225+00:00 host_mono_ns=2769322415454874 [2026-10-03 06:51:43.224] [info] Finish to restore stack
host_utc=2026-10-03T06:51:43.225+00:00 host_mono_ns=2769322415465755 
host_utc=2026-10-03T06:51:43.225+00:00 host_mono_ns=2769322415476515 boot_end, 2769322414584676
host_utc=2026-10-03T06:51:43.225+00:00 host_mono_ns=2769322415487767 stack, 999263
host_utc=2026-10-03T06:51:43.225+00:00 host_mono_ns=2769322415498737 stack, 68440
host_utc=2026-10-03T06:51:43.225+00:00 host_mono_ns=2769322415509598 global, 12594
host_utc=2026-10-03T06:51:43.225+00:00 host_mono_ns=2769322415520428 program counter, 6762
host_utc=2026-10-03T06:51:44.574+00:00 host_mono_ns=2769323764724900 memory, 1349453563
host_utc=2026-10-03T06:51:44.574+00:00 host_mono_ns=2769323764783091 global, 10169
host_utc=2026-10-03T06:51:44.574+00:00 host_mono_ns=2769323764796737 program counter, 12003
host_utc=2026-10-03T06:51:44.575+00:00 host_mono_ns=2769323766097511 PROBE_LOCAL_IP addr=172.18.0.3 port=41983
host_utc=2026-10-03T06:51:44.576+00:00 host_mono_ns=2769323766856869 RTPS_GETSOCKNAME phase=eintr_skip fd=10 role=builtin_multicast_discovery bound_port=7400 rc=0 socket_addr=0.0.0.0 socket_port=7400 probe_addr=172.18.0.3
host_utc=2026-10-03T06:51:44.576+00:00 host_mono_ns=2769323767095842 RTPS_GETSOCKNAME phase=eintr_skip fd=15 role=user_unicast_participant0 bound_port=7411 rc=0 socket_addr=0.0.0.0 socket_port=7411 probe_addr=172.18.0.3
host_utc=2026-10-03T06:51:44.577+00:00 host_mono_ns=2769323767240506 RTPS_GETSOCKNAME phase=eintr_skip fd=3 role=builtin_unicast_participant0 bound_port=7410 rc=0 socket_addr=0.0.0.0 socket_port=7410 probe_addr=172.18.0.3
host_utc=2026-10-03T06:51:44.577+00:00 host_mono_ns=2769323767388185 RTPS_GETSOCKNAME phase=eintr_refresh fd=7 role=user_multicast bound_port=7401 rc=0 socket_addr=0.0.0.0 socket_port=7401 probe_addr=172.18.0.3
host_utc=2026-10-03T06:51:45.575+00:00 host_mono_ns=2769324766133640 PROBE_LOCAL_IP addr=172.18.0.3 port=60463
host_utc=2026-10-03T06:51:46.577+00:00 host_mono_ns=2769325767821289 PROBE_LOCAL_IP addr=172.18.0.3 port=37528
host_utc=2026-10-03T06:51:47.578+00:00 host_mono_ns=2769326768477871 PROBE_LOCAL_IP addr=172.18.0.3 port=32987
host_utc=2026-10-03T06:51:47.579+00:00 host_mono_ns=2769326770111145 0 msg_sn_low: 4e1
host_utc=2026-10-03T06:51:47.579+00:00 host_mono_ns=2769326770148005 subscribed msg: 'Hello from mros2-posix onto Linux: 39'
host_utc=2026-10-03T06:51:47.580+00:00 host_mono_ns=2769326770169195 LOG_ERROR : 00000042.662 : LOG_ERROR : 00000042.662 : LOG_ERROR : 00000042.662 : UDP_RECV_RECOVERY action=skip reason=EINTR fd=10UDP_RECV_RECOVERY action=refresh status=0 reason=EINTR fd=7
host_utc=2026-10-03T06:51:47.580+00:00 host_mono_ns=2769326770199493 UDP_RECV_RECOVERY action=skip reason=EINTR fd=15LOG_ERROR : 00000042.662 :
host_utc=2026-10-03T06:51:47.580+00:00 host_mono_ns=2769326770211115 
host_utc=2026-10-03T06:51:47.580+00:00 host_mono_ns=2769326770222396 UDP_RECV_RECOVERY action=skip reason=EINTR fd=3
host_utc=2026-10-03T06:51:47.580+00:00 host_mono_ns=2769326770233878 publishing msg: 'Hello from mros2-posix onto Linux: 40'
host_utc=2026-10-03T06:51:47.580+00:00 host_mono_ns=2769326770246422 LOG_DEBUG : 00000043.664 : [MROS2LIB] message get [callback_handler] msg_sn_high: 0 msg_sn_low: 4e2
host_utc=2026-10-03T06:51:47.580+00:00 host_mono_ns=2769326770258244 subscribed msg: 'Hello from mros2-posix onto Linux: 40'
host_utc=2026-10-03T06:51:47.580+00:00 host_mono_ns=2769326770270217 publishing msg: 'Hello from mros2-posix onto Linux: 41'
host_utc=2026-10-03T06:51:47.580+00:00 host_mono_ns=2769326770281618 LOG_DEBUG : 00000044.665 : [MROS2LIB] message get [callback_handler] msg_sn_high: 0 msg_sn_low: 4e3
host_utc=2026-10-03T06:51:47.580+00:00 host_mono_ns=2769326770292569 subscribed msg: 'Hello from mros2-posix onto Linux: 41'
host_utc=2026-10-03T06:51:47.580+00:00 host_mono_ns=2769326770304071 publishing msg: 'Hello from mros2-posix onto Linux: 42'
host_utc=2026-10-03T06:51:47.580+00:00 host_mono_ns=2769326770315302 LOG_DEBUG : 00000045.665 : [MROS2LIB] message get [callback_handler] msg_sn_high: 0 msg_sn_low: 4e4
host_utc=2026-10-03T06:51:48.578+00:00 host_mono_ns=2769327769146341 subscribed msg: 'Hello from mros2-posix onto Linux: 42PROBE_LOCAL_IP addr=172.18.0.3 port=52366
host_utc=2026-10-03T06:51:49.579+00:00 host_mono_ns=2769328769878307 PROBE_LOCAL_IP addr=172.18.0.3 port=46222
host_utc=2026-10-03T06:51:50.580+00:00 host_mono_ns=2769329770596086 PROBE_LOCAL_IP addr=172.18.0.3 port=50395
host_utc=2026-10-03T06:51:51.581+00:00 host_mono_ns=2769330771337753 PROBE_LOCAL_IP addr=172.18.0.3 port=57363
host_utc=2026-10-03T06:51:52.581+00:00 host_mono_ns=2769331771874430 PROBE_LOCAL_IP addr=172.18.0.3 port=39681
host_utc=2026-10-03T06:51:52.583+00:00 host_mono_ns=2769331773474972 '
host_utc=2026-10-03T06:51:52.583+00:00 host_mono_ns=2769331773531339 publishing msg: 'Hello from mros2-posix onto Linux: 43'
host_utc=2026-10-03T06:51:52.583+00:00 host_mono_ns=2769331773556156 LOG_DEBUG : 00000046.666 : [MROS2LIB] message get [callback_handler] msg_sn_high: 0 msg_sn_low: 4e5
host_utc=2026-10-03T06:51:52.583+00:00 host_mono_ns=2769331773572076 subscribed msg: 'Hello from mros2-posix onto Linux: 43'
host_utc=2026-10-03T06:51:52.583+00:00 host_mono_ns=2769331773587706 publishing msg: 'Hello from mros2-posix onto Linux: 44'
host_utc=2026-10-03T06:51:52.583+00:00 host_mono_ns=2769331773602033 LOG_DEBUG : 00000047.667 : [MROS2LIB] message get [callback_handler] msg_sn_high: 0 msg_sn_low: 4e6
host_utc=2026-10-03T06:51:52.583+00:00 host_mono_ns=2769331773615608 subscribed msg: 'Hello from mros2-posix onto Linux: 44'
host_utc=2026-10-03T06:51:52.583+00:00 host_mono_ns=2769331773629795 publishing msg: 'Hello from mros2-posix onto Linux: 45'
host_utc=2026-10-03T06:51:52.583+00:00 host_mono_ns=2769331773643732 LOG_DEBUG : 00000048.667 : [MROS2LIB] message get [callback_handler] msg_sn_high: 0 msg_sn_low: 4e7
host_utc=2026-10-03T06:51:52.583+00:00 host_mono_ns=2769331773656746 subscribed msg: 'Hello from mros2-posix onto Linux: 45'
host_utc=2026-10-03T06:51:52.583+00:00 host_mono_ns=2769331773671624 publishing msg: 'Hello from mros2-posix onto Linux: 46'
host_utc=2026-10-03T06:51:52.583+00:00 host_mono_ns=2769331773685591 LOG_DEBUG : 00000049.668 : [MROS2LIB] message get [callback_handler] msg_sn_high: 0 msg_sn_low: 4e8
host_utc=2026-10-03T06:51:52.583+00:00 host_mono_ns=2769331773698515 subscribed msg: 'Hello from mros2-posix onto Linux: 46'
host_utc=2026-10-03T06:51:52.583+00:00 host_mono_ns=2769331773712342 publishing msg: 'Hello from mros2-posix onto Linux: 47'
host_utc=2026-10-03T06:51:52.583+00:00 host_mono_ns=2769331773745504 LOG_DEBUG : 00000050.669 : [MROS2LIB] message get [callback_handler] msg_sn_high: 0 msg_sn_low: 4e9
host_utc=2026-10-03T06:51:53.582+00:00 host_mono_ns=2769332772651772 subscribed msg: 'PROBE_LOCAL_IP addr=172.18.0.3 port=40824
host_utc=2026-10-03T06:51:54.583+00:00 host_mono_ns=2769333773456438 PROBE_LOCAL_IP addr=172.18.0.3 port=46452
host_utc=2026-10-03T06:51:55.584+00:00 host_mono_ns=2769334774346043 PROBE_LOCAL_IP addr=172.18.0.3 port=55600
host_utc=2026-10-03T06:51:56.584+00:00 host_mono_ns=2769335774881388 PROBE_LOCAL_IP addr=172.18.0.3 port=60461
host_utc=2026-10-03T06:51:57.585+00:00 host_mono_ns=2769336775675241 PROBE_LOCAL_IP addr=172.18.0.3 port=54512
host_utc=2026-10-03T06:51:57.586+00:00 host_mono_ns=2769336777087286 Hello from mros2-posix onto Linux: 47'
host_utc=2026-10-03T06:51:57.586+00:00 host_mono_ns=2769336777123815 publishing msg: 'Hello from mros2-posix onto Linux: 48'
host_utc=2026-10-03T06:51:57.586+00:00 host_mono_ns=2769336777143833 LOG_DEBUG : 00000051.670 : [MROS2LIB] message get [callback_handler] msg_sn_high: 0 msg_sn_low: 4ea
host_utc=2026-10-03T06:51:57.586+00:00 host_mono_ns=2769336777159132 subscribed msg: 'Hello from mros2-posix onto Linux: 48'
host_utc=2026-10-03T06:51:57.587+00:00 host_mono_ns=2769336777174471 publishing msg: 'Hello from mros2-posix onto Linux: 49'
host_utc=2026-10-03T06:51:57.587+00:00 host_mono_ns=2769336777188808 LOG_DEBUG : 00000052.670 : [MROS2LIB] message get [callback_handler] msg_sn_high: 0 msg_sn_low: 4eb
host_utc=2026-10-03T06:51:57.587+00:00 host_mono_ns=2769336777212373 subscribed msg: 'Hello from mros2-posix onto Linux: 49'
host_utc=2026-10-03T06:51:57.587+00:00 host_mono_ns=2769336777226840 publishing msg: 'Hello from mros2-posix onto Linux: 50'
host_utc=2026-10-03T06:51:57.587+00:00 host_mono_ns=2769336777242761 LOG_DEBUG : 00000053.671 : [MROS2LIB] message get [callback_handler] msg_sn_high: 0 msg_sn_low: 4ec
host_utc=2026-10-03T06:51:57.587+00:00 host_mono_ns=2769336777255835 subscribed msg: 'Hello from mros2-posix onto Linux: 50'
host_utc=2026-10-03T06:51:57.587+00:00 host_mono_ns=2769336777269421 publishing msg: 'Hello from mros2-posix onto Linux: 51'
host_utc=2026-10-03T06:51:57.587+00:00 host_mono_ns=2769336777282887 LOG_DEBUG : 00000054.672 : [MROS2LIB] message get [callback_handler] msg_sn_high: 0 msg_sn_low: 4ed
host_utc=2026-10-03T06:51:57.587+00:00 host_mono_ns=2769336777295491 subscribed msg: 'Hello from mros2-posix onto Linux: 51'
host_utc=2026-10-03T06:51:57.587+00:00 host_mono_ns=2769336777309166 publishing msg: 'Hello from mros2-posix onto Linux: 52'
host_utc=2026-10-03T06:51:58.586+00:00 host_mono_ns=2769337776364939 LOG_DEBUG : 00000055.673 : [MROS2LIB] message get [callback_handler] msg_sn_high: PROBE_LOCAL_IP addr=172.18.0.3 port=35923
host_utc=2026-10-03T06:51:59.586+00:00 host_mono_ns=2769338777117113 PROBE_LOCAL_IP addr=172.18.0.3 port=45145
host_utc=2026-10-03T06:52:00.587+00:00 host_mono_ns=2769339777842145 PROBE_LOCAL_IP addr=172.18.0.3 port=51570
host_utc=2026-10-03T06:52:01.588+00:00 host_mono_ns=2769340778574110 PROBE_LOCAL_IP addr=172.18.0.3 port=48262
host_utc=2026-10-03T06:52:02.589+00:00 host_mono_ns=2769341779285277 PROBE_LOCAL_IP addr=172.18.0.3 port=53488
host_utc=2026-10-03T06:52:02.590+00:00 host_mono_ns=2769341780375332 0 msg_sn_low: 4ee
host_utc=2026-10-03T06:52:02.590+00:00 host_mono_ns=2769341780423122 subscribed msg: 'Hello from mros2-posix onto Linux: 52'
host_utc=2026-10-03T06:52:02.590+00:00 host_mono_ns=2769341780466545 publishing msg: 'Hello from mros2-posix onto Linux: 53'
host_utc=2026-10-03T06:52:02.590+00:00 host_mono_ns=2769341780486172 LOG_DEBUG : 00000056.673 : [MROS2LIB] message get [callback_handler] msg_sn_high: 0 msg_sn_low: 4ef
host_utc=2026-10-03T06:52:02.590+00:00 host_mono_ns=2769341780503805 subscribed msg: 'Hello from mros2-posix onto Linux: 53'
host_utc=2026-10-03T06:52:02.590+00:00 host_mono_ns=2769341780518794 publishing msg: 'Hello from mros2-posix onto Linux: 54'
host_utc=2026-10-03T06:52:02.590+00:00 host_mono_ns=2769341780550093 LOG_DEBUG : 00000057.674 : [MROS2LIB] message get [callback_handler] msg_sn_high: 0 msg_sn_low: 4f0
host_utc=2026-10-03T06:52:02.590+00:00 host_mono_ns=2769341780561535 subscribed msg: 'Hello from mros2-posix onto Linux: 54'
host_utc=2026-10-03T06:52:02.590+00:00 host_mono_ns=2769341780573327 publishing msg: 'Hello from mros2-posix onto Linux: 55'
host_utc=2026-10-03T06:52:02.590+00:00 host_mono_ns=2769341780584909 LOG_DEBUG : 00000058.675 : [MROS2LIB] message get [callback_handler] msg_sn_high: 0 msg_sn_low: 4f1
host_utc=2026-10-03T06:52:02.590+00:00 host_mono_ns=2769341780595830 subscribed msg: 'Hello from mros2-posix onto Linux: 55'
host_utc=2026-10-03T06:52:02.590+00:00 host_mono_ns=2769341780607542 publishing msg: 'Hello from mros2-posix onto Linux: 56'
host_utc=2026-10-03T06:52:02.590+00:00 host_mono_ns=2769341780618963 LOG_DEBUG : 00000059.676 : [MROS2LIB] message get [callback_handler] msg_sn_high: 0 msg_sn_low: 4f2
host_utc=2026-10-03T06:52:02.590+00:00 host_mono_ns=2769341780629584 subscribed msg: 'Hello from mros2-posix onto Linux: 56'
host_utc=2026-10-03T06:52:02.590+00:00 host_mono_ns=2769341780641346 publishing msg: 'Hello from mros2-posix onto Linux: 57'
host_utc=2026-10-03T06:52:03.589+00:00 host_mono_ns=2769342780069902 LOG_DEBUG : 00000060.676 : [MROS2LIB] message get [callback_handler] msg_sn_high: PROBE_LOCAL_IP addr=172.18.0.3 port=40144
host_utc=2026-10-03T06:52:04.590+00:00 host_mono_ns=2769343780719902 PROBE_LOCAL_IP addr=172.18.0.3 port=33354
host_utc=2026-10-03T06:52:05.591+00:00 host_mono_ns=2769344781447783 PROBE_LOCAL_IP addr=172.18.0.3 port=38403
host_utc=2026-10-03T06:52:06.592+00:00 host_mono_ns=2769345782248191 PROBE_LOCAL_IP addr=172.18.0.3 port=40105
host_utc=2026-10-03T06:52:07.592+00:00 host_mono_ns=2769346782976823 PROBE_LOCAL_IP addr=172.18.0.3 port=49696
host_utc=2026-10-03T06:52:07.593+00:00 host_mono_ns=2769346784122653 0 msg_sn_low: 4f3
host_utc=2026-10-03T06:52:07.594+00:00 host_mono_ns=2769346784172688 subscribed msg: 'Hello from mros2-posix onto Linux: 57'
host_utc=2026-10-03T06:52:07.594+00:00 host_mono_ns=2769346784198296 publishing msg: 'Hello from mros2-posix onto Linux: 58'
host_utc=2026-10-03T06:52:07.594+00:00 host_mono_ns=2769346784215198 LOG_DEBUG : 00000061.677 : [MROS2LIB] message get [callback_handler] msg_sn_high: 0 msg_sn_low: 4f4
host_utc=2026-10-03T06:52:07.594+00:00 host_mono_ns=2769346784230678 subscribed msg: 'Hello from mros2-posix onto Linux: 58'
host_utc=2026-10-03T06:52:07.594+00:00 host_mono_ns=2769346784245616 publishing msg: 'Hello from mros2-posix onto Linux: 59'
host_utc=2026-10-03T06:52:07.594+00:00 host_mono_ns=2769346784259883 LOG_DEBUG : 00000062.677 : [MROS2LIB] message get [callback_handler] msg_sn_high: 0 msg_sn_low: 4f5
host_utc=2026-10-03T06:52:07.594+00:00 host_mono_ns=2769346784273328 subscribed msg: 'Hello from mros2-posix onto Linux: 59'
host_utc=2026-10-03T06:52:07.594+00:00 host_mono_ns=2769346784287185 publishing msg: 'Hello from mros2-posix onto Linux: 60'
host_utc=2026-10-03T06:52:07.594+00:00 host_mono_ns=2769346784302233 LOG_DEBUG : 00000063.679 : [MROS2LIB] message get [callback_handler] msg_sn_high: 0 msg_sn_low: 4f6
host_utc=2026-10-03T06:52:07.594+00:00 host_mono_ns=2769346784315669 subscribed msg: 'Hello from mros2-posix onto Linux: 60'
host_utc=2026-10-03T06:52:07.594+00:00 host_mono_ns=2769346784329976 publishing msg: 'Hello from mros2-posix onto Linux: 61'
host_utc=2026-10-03T06:52:07.594+00:00 host_mono_ns=2769346784344373 LOG_DEBUG : 00000064.679 : [MROS2LIB] message get [callback_handler] msg_sn_high: 0 msg_sn_low: 4f7
host_utc=2026-10-03T06:52:07.594+00:00 host_mono_ns=2769346784357448 subscribed msg: 'Hello from mros2-posix onto Linux: 61'
host_utc=2026-10-03T06:52:07.594+00:00 host_mono_ns=2769346784371454 publishing msg: 'Hello from mros2-posix onto Linux: 62'
host_utc=2026-10-03T06:52:07.975+00:00 host_mono_ns=2769347165949129 LOG_DEBUG : 00000065.680 : [MROS2LIB] message get [callback_handler] msg_sn_high:
host_utc=2026-10-03T06:52:07.975+00:00 host_mono_ns=2769347166073555 event=collector_process_exit source=restore exit_status=143
