boot_start, 2661171635829750
11 stderr
22 stderr
signal init: 134692285949504
initします
boot_end, 2661171652123902
stack, 163108
[19:12:51:156 - 7A807DE3F840]: Load type section success.

[19:12:51:172 - 7A807DE3F840]: Load import section success.

[19:12:51:205 - 7A807DE3F840]: Load function section success.

[19:12:51:206 - 7A807DE3F840]: Load table section success.

[19:12:51:207 - 7A807DE3F840]: Load global section success.

[19:12:51:208 - 7A807DE3F840]: Load export section success.

[19:12:51:209 - 7A807DE3F840]: Load start section success.

[19:12:51:210 - 7A807DE3F840]: Load table segment section success.

[19:12:51:211 - 7A807DE3F840]: Load datacount section success.

[19:12:51:211 - 7A807DE3F840]: Load code segment section success.

[19:12:51:212 - 7A807DE3F840]: Load data segment section success.

[19:12:51:213 - 7A807DE3F840]: Ignore custom section [.debug_abbrev].
[19:12:51:213 - 7A807DE3F840]: Ignore custom section [.debug_info].
[19:12:51:214 - 7A807DE3F840]: Ignore custom section [.debug_ranges].
[19:12:51:214 - 7A807DE3F840]: Ignore custom section [.debug_str].
[19:12:51:215 - 7A807DE3F840]: Ignore custom section [.debug_line].
[19:12:51:216 - 7A807DE3F840]: Ignore custom section [name].
[19:12:51:216 - 7A807DE3F840]: Ignore custom section [producers].
[19:12:51:217 - 7A807DE3F840]: Ignore custom section [target_features].
[19:12:51:710 - 7A807DE3F840]: Load module success.

[19:12:51:714 - 7A807DE3F840]: Memory instantiate:
[19:12:51:715 - 7A807DE3F840]:   page bytes: 65536, init pages: 16384, max pages: 16384
[19:12:51:716 - 7A807DE3F840]:   heap offset: 1073741824, heap size: 0

[19:12:51:736 - 7A807DE3F840]: Memory instantiate success.
[2026-10-02 00:49:12.462] [info] wasm_restore_stack

3 stderr
local_cell_num: 1
locals.values.size: 1
[2026-10-02 00:49:12.462] [info] restore label stack
local_cell_num: 28
locals.values.size: 28
[2026-10-02 00:49:12.462] [info] restore label stack
local_cell_num: 28
locals.values.size: 28
[2026-10-02 00:49:12.462] [info] restore label stack
local_cell_num: 108
locals.values.size: 108
[2026-10-02 00:49:12.462] [info] restore label stack
local_cell_num: 16
locals.values.size: 16
[2026-10-02 00:49:12.462] [info] restore label stack
local_cell_num: 7
locals.values.size: 7
[2026-10-02 00:49:12.462] [info] restore label stack
local_cell_num: 5
locals.values.size: 5
[2026-10-02 00:49:12.462] [info] restore label stack
local_cell_num: 6
locals.values.size: 6
[2026-10-02 00:49:12.462] [info] restore label stack
[2026-10-02 00:49:12.462] [info] Finish to restore stack

memory, 1788232203
global, 7855
program counter, 10640
event=PROBE_HOOK_CONTINUED stage=1
event=PROBE_SUCCESS stage=1
event=SUBSEQUENT_WIN stage=1
event=RELEASED stage=1
wasm_cluster_increase_checkpointing_counter called 1
wasm_cluster_increase_checkpointing_counter called 2
wasm_cluster_increase_checkpointing_counter called 3
