Consolidate compiler generated dependencies of target socket_wasi_ext
Consolidate compiler generated dependencies of target cmsis
[  4%] Built target socket_wasi_ext
[ 30%] Built target cmsis
Consolidate compiler generated dependencies of target lwip
[ 60%] Built target lwip
Consolidate compiler generated dependencies of target MODULE_echoback_string
[ 64%] Building CXX object CMakeFiles/MODULE_echoback_string.dir/mros2/src/mros2.cpp.obj
[ 64%] Building CXX object CMakeFiles/MODULE_echoback_string.dir/workspace/echoback_string/app.cpp.obj
[ 66%] Building CXX object CMakeFiles/MODULE_echoback_string.dir/mros2/embeddedRTPS/src/entities/Domain.cpp.obj
In file included from /home/osslab/mros2-wasm-service-communication-socket-journal/mros2/embeddedRTPS/src/entities/Domain.cpp:25:
In file included from /home/osslab/mros2-wasm-service-communication-socket-journal/mros2/embeddedRTPS/include/rtps/entities/Domain.h:28:
In file included from /home/osslab/mros2-wasm-service-communication-socket-journal/mros2/embeddedRTPS/include/rtps/ThreadPool.h:33:
In file included from /home/osslab/mros2-wasm-service-communication-socket-journal/mros2/embeddedRTPS/include/rtps/storages/ThreadSafeCircularBuffer.h:71:
In file included from /home/osslab/mros2-wasm-service-communication-socket-journal/mros2/embeddedRTPS/include/rtps/storages/ThreadSafeCircularBuffer.tpp:6:
/home/osslab/mros2-wasm-service-communication-socket-journal/mros2/embeddedRTPS/include/rtps/utils/Log.h:39:9: warning: 'PARTICIPANT_VERBOSE' macro redefined [-Wmacro-redefined]
   39 | #define PARTICIPANT_VERBOSE 1
      |         ^
/home/osslab/mros2-wasm-service-communication-socket-journal/mros2/embeddedRTPS/include/rtps/utils/Log.h:38:9: note: previous definition is here
   38 | #define PARTICIPANT_VERBOSE 0
      |         ^
In file included from /home/osslab/mros2-wasm-service-communication-socket-journal/mros2/embeddedRTPS/src/entities/Domain.cpp:25:
In file included from /home/osslab/mros2-wasm-service-communication-socket-journal/mros2/embeddedRTPS/include/rtps/entities/Domain.h:30:
In file included from /home/osslab/mros2-wasm-service-communication-socket-journal/mros2/embeddedRTPS/include/rtps/entities/Participant.h:30:
In file included from /home/osslab/mros2-wasm-service-communication-socket-journal/mros2/embeddedRTPS/include/rtps/discovery/SEDPAgent.h:28:
In file included from /home/osslab/mros2-wasm-service-communication-socket-journal/mros2/embeddedRTPS/include/rtps/discovery/BuiltInEndpoints.h:28:
In file included from /home/osslab/mros2-wasm-service-communication-socket-journal/mros2/embeddedRTPS/include/rtps/entities/StatefulReader.h:31:
In file included from /home/osslab/mros2-wasm-service-communication-socket-journal/mros2/embeddedRTPS/include/rtps/entities/Reader.h:30:
In file included from /home/osslab/mros2-wasm-service-communication-socket-journal/mros2/embeddedRTPS/include/rtps/discovery/TopicData.h:34:
/home/osslab/mros2-wasm-service-communication-socket-journal/mros2/embeddedRTPS/include/rtps/common/Locator.h:87:3: warning: non-void function does not return a value in all control paths [-Wreturn-type]
   87 |   }
      |   ^
In file included from /home/osslab/mros2-wasm-service-communication-socket-journal/mros2/src/mros2.cpp:1:
In file included from /home/osslab/mros2-wasm-service-communication-socket-journal/mros2/include/mros2.h:5:
In file included from /home/osslab/mros2-wasm-service-communication-socket-journal/mros2/embeddedRTPS/include/rtps/rtps.h:28:
In file included from /home/osslab/mros2-wasm-service-communication-socket-journal/mros2/embeddedRTPS/include/rtps/entities/Domain.h:28:
In file included from /home/osslab/mros2-wasm-service-communication-socket-journal/mros2/embeddedRTPS/include/rtps/ThreadPool.h:33:
In file included from /home/osslab/mros2-wasm-service-communication-socket-journal/mros2/embeddedRTPS/include/rtps/storages/ThreadSafeCircularBuffer.h:71:
In file included from /home/osslab/mros2-wasm-service-communication-socket-journal/mros2/embeddedRTPS/include/rtps/storages/ThreadSafeCircularBuffer.tpp:6:
/home/osslab/mros2-wasm-service-communication-socket-journal/mros2/embeddedRTPS/include/rtps/utils/Log.h:39:9: warning: 'PARTICIPANT_VERBOSE' macro redefined [-Wmacro-redefined]
In file included from    /home/osslab/mros2-wasm-service-communication-socket-journal/workspace/echoback_string/app.cpp39: | 1#:
dIn file included from e/home/osslab/mros2-wasm-service-communication-socket-journal/mros2/include/mros2.hf:i5n:
eIn file included from  /home/osslab/mros2-wasm-service-communication-socket-journal/mros2/embeddedRTPS/include/rtps/rtps.hP:A28R:
TIn file included from I/home/osslab/mros2-wasm-service-communication-socket-journal/mros2/embeddedRTPS/include/rtps/entities/Domain.hC:I28P:
AIn file included from N/home/osslab/mros2-wasm-service-communication-socket-journal/mros2/embeddedRTPS/include/rtps/ThreadPool.hT:_33V:
EIn file included from R/home/osslab/mros2-wasm-service-communication-socket-journal/mros2/embeddedRTPS/include/rtps/storages/ThreadSafeCircularBuffer.hB:O71S:
EIn file included from  /home/osslab/mros2-wasm-service-communication-socket-journal/mros2/embeddedRTPS/include/rtps/storages/ThreadSafeCircularBuffer.tpp1:
6      :
| /home/osslab/mros2-wasm-service-communication-socket-journal/mros2/embeddedRTPS/include/rtps/utils/Log.h        ^:
39:/home/osslab/mros2-wasm-service-communication-socket-journal/mros2/embeddedRTPS/include/rtps/utils/Log.h9::38 :warning: 9'PARTICIPANT_VERBOSE' macro redefined [-Wmacro-redefined]:
 note: previous definition is here
   39    | 38# | d#edfeifnien eP APRATRITCIICPIAPNATN_TV_EVREBROBSOES E1 
0      
|               ^| 
        ^
/home/osslab/mros2-wasm-service-communication-socket-journal/mros2/embeddedRTPS/include/rtps/utils/Log.h:38:9: note: previous definition is here
   38 | #define PARTICIPANT_VERBOSE 0
      |         ^
In file included from /home/osslab/mros2-wasm-service-communication-socket-journal/mros2/src/mros2.cpp:1:
In file included from /home/osslab/mros2-wasm-service-communication-socket-journal/mros2/include/mros2.h:5:
In file included from /home/osslab/mros2-wasm-service-communication-socket-journal/mros2/embeddedRTPS/include/rtps/rtps.h:28:
In file included from /home/osslab/mros2-wasm-service-communication-socket-journal/mros2/embeddedRTPS/include/rtps/entities/Domain.h:30:
In file included from /home/osslab/mros2-wasm-service-communication-socket-journal/mros2/embeddedRTPS/include/rtps/entities/Participant.h:30:
In file included from /home/osslab/mros2-wasm-service-communication-socket-journal/mros2/embeddedRTPS/include/rtps/discovery/SEDPAgent.h:28:
In file included from /home/osslab/mros2-wasm-service-communication-socket-journal/mros2/embeddedRTPS/include/rtps/discovery/BuiltInEndpoints.h:28:
In file included from /home/osslab/mros2-wasm-service-communication-socket-journal/mros2/embeddedRTPS/include/rtps/entities/StatefulReader.h:31:
In file included from /home/osslab/mros2-wasm-service-communication-socket-journal/mros2/embeddedRTPS/include/rtps/entities/Reader.h:30:
In file included from /home/osslab/mros2-wasm-service-communication-socket-journal/mros2/embeddedRTPS/include/rtps/discovery/TopicData.h:34:
/home/osslab/mros2-wasm-service-communication-socket-journal/mros2/embeddedRTPS/include/rtps/common/Locator.h:87:3: warning: non-void function does not return a value in all control paths [-Wreturn-type]
   87 |   }
      |   ^
In file included from /home/osslab/mros2-wasm-service-communication-socket-journal/workspace/echoback_string/app.cpp:1:
In file included from /home/osslab/mros2-wasm-service-communication-socket-journal/mros2/include/mros2.h:5:
In file included from /home/osslab/mros2-wasm-service-communication-socket-journal/mros2/embeddedRTPS/include/rtps/rtps.h:28:
In file included from /home/osslab/mros2-wasm-service-communication-socket-journal/mros2/embeddedRTPS/include/rtps/entities/Domain.h:30:
In file included from /home/osslab/mros2-wasm-service-communication-socket-journal/mros2/embeddedRTPS/include/rtps/entities/Participant.h:30:
In file included from /home/osslab/mros2-wasm-service-communication-socket-journal/mros2/embeddedRTPS/include/rtps/discovery/SEDPAgent.h:28:
In file included from /home/osslab/mros2-wasm-service-communication-socket-journal/mros2/embeddedRTPS/include/rtps/discovery/BuiltInEndpoints.h:28:
In file included from /home/osslab/mros2-wasm-service-communication-socket-journal/mros2/embeddedRTPS/include/rtps/entities/StatefulReader.h:31:
In file included from /home/osslab/mros2-wasm-service-communication-socket-journal/mros2/embeddedRTPS/include/rtps/entities/Reader.h:30:
In file included from /home/osslab/mros2-wasm-service-communication-socket-journal/mros2/embeddedRTPS/include/rtps/discovery/TopicData.h:34:
/home/osslab/mros2-wasm-service-communication-socket-journal/mros2/embeddedRTPS/include/rtps/common/Locator.h:87:3: warning: non-void function does not return a value in all control paths [-Wreturn-type]
   87 |   }
      |   ^
/home/osslab/mros2-wasm-service-communication-socket-journal/mros2/src/mros2.cpp:282:17: warning: anonymous non-C-compatible type given name for linkage purposes by typedef declaration; add a tag name here [-Wnon-c-typedef-for-linkage]
  282 |   typedef struct
      |                 ^
      |                  SubscribeDataType
/home/osslab/mros2-wasm-service-communication-socket-journal/mros2/src/mros2.cpp:290:34: note: type is not C-compatible due to this default member initializer
  290 |     bool service_response_only = false;
      |                                  ^~~~~
/home/osslab/mros2-wasm-service-communication-socket-journal/mros2/src/mros2.cpp:292:5: note: type is given name 'SubscribeDataType' for linkage purposes by this typedef declaration
  292 |   } SubscribeDataType;
      |     ^
2 warnings generated.
/home/osslab/mros2-wasm-service-communication-socket-journal/mros2/src/mros2.cpp:1017:95: warning: format specifies type 'unsigned long' but the argument has type 'int32_t' (aka 'int') [-Wformat]
 1017 |     MROS2_DEBUG("[MROS2LIB] message get [callback_handler] msg_sn_high: %lx msg_sn_low: %lx", cacheChange.sn.high, cacheChange.sn.low);
      |                                                                         ~~~                   ^~~~~~~~~~~~~~~~~~~
      |                                                                         %x
/home/osslab/mros2-wasm-service-communication-socket-journal/mros2/include/mros2/logging.h:30:44: note: expanded from macro 'MROS2_DEBUG'
   30 | #define MROS2_DEBUG(...)  CMSIS_IMPL_DEBUG(__VA_ARGS__)
      |                                            ^~~~~~~~~~~
/home/osslab/mros2-wasm-service-communication-socket-journal/cmsis-wasm/public/include/cmsis_impl_logger.h:24:51: note: expanded from macro 'CMSIS_IMPL_DEBUG'
   24 | #define CMSIS_IMPL_DEBUG(...)           syslog(LOG_DEBUG, __VA_ARGS__)
      |                                                           ^~~~~~~~~~~
/home/osslab/mros2-wasm-service-communication-socket-journal/cmsis-wasm/public/include/cmsis_impl_logger.h:13:10: note: expanded from macro 'syslog'
   13 |                 printf(__VA_ARGS__);    \
      |                        ^~~~~~~~~~~
/home/osslab/mros2-wasm-service-communication-socket-journal/workspace/echoback_string/templates.hpp:11:34: note: in instantiation of function template specialization 'mros2::Subscriber::callback_handler<std_msgs::msg::String>' requested here
   11 | template void mros2::Subscriber::callback_handler<std_msgs::msg::String>(void *callee, const rtps::ReaderCacheChange &cacheChange);
      |                                  ^
/home/osslab/mros2-wasm-service-communication-socket-journal/mros2/src/mros2.cpp:1017:116: warning: format specifies type 'unsigned long' but the argument has type 'uint32_t' (aka 'unsigned int') [-Wformat]
 1017 |     MROS2_DEBUG("[MROS2LIB] message get [callback_handler] msg_sn_high: %lx msg_sn_low: %lx", cacheChange.sn.high, cacheChange.sn.low);
      |                                                                                         ~~~                        ^~~~~~~~~~~~~~~~~~
      |                                                                                         %x
/home/osslab/mros2-wasm-service-communication-socket-journal/mros2/include/mros2/logging.h:30:44: note: expanded from macro 'MROS2_DEBUG'
   30 | #define MROS2_DEBUG(...)  CMSIS_IMPL_DEBUG(__VA_ARGS__)
      |                                            ^~~~~~~~~~~
/home/osslab/mros2-wasm-service-communication-socket-journal/cmsis-wasm/public/include/cmsis_impl_logger.h:24:51: note: expanded from macro 'CMSIS_IMPL_DEBUG'
   24 | #define CMSIS_IMPL_DEBUG(...)           syslog(LOG_DEBUG, __VA_ARGS__)
      |                                                           ^~~~~~~~~~~
/home/osslab/mros2-wasm-service-communication-socket-journal/cmsis-wasm/public/include/cmsis_impl_logger.h:13:10: note: expanded from macro 'syslog'
   13 |                 printf(__VA_ARGS__);    \
      |                        ^~~~~~~~~~~
2 warnings generated.
5 warnings generated.
[ 68%] Linking CXX executable echoback_string.wasm
[100%] Built target MODULE_echoback_string
