host_utc=2026-09-30T08:30:50.600+00:00 host_mono_ns=2516069790736046 boot_start, 2516069790470494
host_utc=2026-09-30T08:30:50.794+00:00 host_mono_ns=2516069984986859 11 stderr
host_utc=2026-09-30T08:30:50.794+00:00 host_mono_ns=2516069985064997 22 stderr
host_utc=2026-09-30T08:30:50.794+00:00 host_mono_ns=2516069985079114 signal init: 132679960036928
host_utc=2026-09-30T08:30:50.794+00:00 host_mono_ns=2516069985091617 initします
host_utc=2026-09-30T08:30:50.795+00:00 host_mono_ns=2516069985418024 boot_end, 2516069985278641
host_utc=2026-09-30T08:30:50.795+00:00 host_mono_ns=2516069985754610 3 stderr
host_utc=2026-09-30T08:30:50.795+00:00 host_mono_ns=2516069985944489 initします
host_utc=2026-09-30T08:30:50.797+00:00 host_mono_ns=2516069987494436 boot_end, 2516069987327491
host_utc=2026-09-30T08:30:50.797+00:00 host_mono_ns=2516069987557105 [02:54:29:345 - 78ABF606C840]: Load type section success.
host_utc=2026-09-30T08:30:50.797+00:00 host_mono_ns=2516069987569308 
host_utc=2026-09-30T08:30:50.797+00:00 host_mono_ns=2516069987578465 [02:54:29:364 - 78ABF606C840]: Load import section success.
host_utc=2026-09-30T08:30:50.797+00:00 host_mono_ns=2516069987587522 
host_utc=2026-09-30T08:30:50.797+00:00 host_mono_ns=2516069987595828 [02:54:29:115 - 78ABF606C840]: Load function section success.
host_utc=2026-09-30T08:30:50.797+00:00 host_mono_ns=2516069987604304 
host_utc=2026-09-30T08:30:50.797+00:00 host_mono_ns=2516069987612770 [02:54:29:116 - 78ABF606C840]: Load table section success.
host_utc=2026-09-30T08:30:50.797+00:00 host_mono_ns=2516069987624081 
host_utc=2026-09-30T08:30:50.797+00:00 host_mono_ns=2516069987635463 [02:54:29:119 - 78ABF606C840]: Load global section success.
host_utc=2026-09-30T08:30:50.797+00:00 host_mono_ns=2516069987647676 
host_utc=2026-09-30T08:30:50.797+00:00 host_mono_ns=2516069987660009 [02:54:29:121 - 78ABF606C840]: Load export section success.
host_utc=2026-09-30T08:30:50.797+00:00 host_mono_ns=2516069987669126 
host_utc=2026-09-30T08:30:50.797+00:00 host_mono_ns=2516069987677362 [02:54:29:121 - 78ABF606C840]: Load start section success.
host_utc=2026-09-30T08:30:50.797+00:00 host_mono_ns=2516069987685808 
host_utc=2026-09-30T08:30:50.797+00:00 host_mono_ns=2516069987693923 [02:54:29:124 - 78ABF606C840]: Load table segment section success.
host_utc=2026-09-30T08:30:50.797+00:00 host_mono_ns=2516069987702469 
host_utc=2026-09-30T08:30:50.797+00:00 host_mono_ns=2516069987710424 [02:54:29:125 - 78ABF606C840]: Load datacount section success.
host_utc=2026-09-30T08:30:50.797+00:00 host_mono_ns=2516069987718931 
host_utc=2026-09-30T08:30:50.797+00:00 host_mono_ns=2516069987726896 [02:54:29:125 - 78ABF606C840]: Load code segment section success.
host_utc=2026-09-30T08:30:50.797+00:00 host_mono_ns=2516069987735311 
host_utc=2026-09-30T08:30:50.797+00:00 host_mono_ns=2516069987743307 [02:54:29:126 - 78ABF606C840]: Load data segment section success.
host_utc=2026-09-30T08:30:50.797+00:00 host_mono_ns=2516069987751592 
host_utc=2026-09-30T08:30:50.797+00:00 host_mono_ns=2516069987759537 [02:54:29:126 - 78ABF606C840]: Ignore custom section [.debug_abbrev].
host_utc=2026-09-30T08:30:50.797+00:00 host_mono_ns=2516069987767953 [02:54:29:127 - 78ABF606C840]: Ignore custom section [.debug_info].
host_utc=2026-09-30T08:30:50.797+00:00 host_mono_ns=2516069987776369 [02:54:29:127 - 78ABF606C840]: Ignore custom section [.debug_ranges].
host_utc=2026-09-30T08:30:50.797+00:00 host_mono_ns=2516069987784785 [02:54:29:127 - 78ABF606C840]: Ignore custom section [.debug_str].
host_utc=2026-09-30T08:30:50.797+00:00 host_mono_ns=2516069987793071 [02:54:29:128 - 78ABF606C840]: Ignore custom section [.debug_line].
host_utc=2026-09-30T08:30:50.797+00:00 host_mono_ns=2516069987801246 [02:54:29:128 - 78ABF606C840]: Ignore custom section [.debug_loc].
host_utc=2026-09-30T08:30:50.797+00:00 host_mono_ns=2516069987809462 [02:54:29:128 - 78ABF606C840]: Ignore custom section [name].
host_utc=2026-09-30T08:30:50.797+00:00 host_mono_ns=2516069987817847 [02:54:29:129 - 78ABF606C840]: Ignore custom section [producers].
host_utc=2026-09-30T08:30:50.797+00:00 host_mono_ns=2516069987826263 [02:54:29:129 - 78ABF606C840]: Ignore custom section [target_features].
host_utc=2026-09-30T08:30:50.797+00:00 host_mono_ns=2516069987849718 [02:54:29:130 - 78ABF606C840]: Found aux __heap_base global, value: 7855008
host_utc=2026-09-30T08:30:50.797+00:00 host_mono_ns=2516069987858354 [02:54:29:130 - 78ABF606C840]: Found aux __data_end global, value: 1301396
host_utc=2026-09-30T08:30:50.797+00:00 host_mono_ns=2516069987866860 [02:54:29:131 - 78ABF606C840]: Found aux stack top global, value: 7855008, global index: 0, stack size: 6553600
host_utc=2026-09-30T08:30:50.797+00:00 host_mono_ns=2516069987876067 [02:54:29:131 - 78ABF606C840]: Found malloc function, name: malloc, index: 3154
host_utc=2026-09-30T08:30:50.797+00:00 host_mono_ns=2516069987884553 [02:54:29:132 - 78ABF606C840]: Found free function, name: free, index: 3156
host_utc=2026-09-30T08:30:50.797+00:00 host_mono_ns=2516069987892949 [02:54:29:097 - 78ABF606C840]: Load module success.
host_utc=2026-09-30T08:30:50.797+00:00 host_mono_ns=2516069987901355 
host_utc=2026-09-30T08:30:50.797+00:00 host_mono_ns=2516069987909511 [02:54:29:108 - 78ABF606C840]: Memory instantiate:
host_utc=2026-09-30T08:30:50.797+00:00 host_mono_ns=2516069987917786 [02:54:29:108 - 78ABF606C840]:   page bytes: 65536, init pages: 16384, max pages: 16384
host_utc=2026-09-30T08:30:50.797+00:00 host_mono_ns=2516069987926272 [02:54:29:109 - 78ABF606C840]:   heap offset: 1073741824, heap size: 0
host_utc=2026-09-30T08:30:50.797+00:00 host_mono_ns=2516069987934798 
host_utc=2026-09-30T08:30:50.797+00:00 host_mono_ns=2516069987942834 [02:54:29:137 - 78ABF606C840]: Memory instantiate success.
host_utc=2026-09-30T08:30:50.797+00:00 host_mono_ns=2516069987951159 [02:54:29:264 - 78ABF606C840]: warning: failed to link import function (env, pthread_exit)
host_utc=2026-09-30T08:30:50.797+00:00 host_mono_ns=2516069987962350 Restoring wasm thread 11
host_utc=2026-09-30T08:30:50.797+00:00 host_mono_ns=2516069987973962 [02:54:29:404 - 78ABF606C840]: warning: failed to link import function (env, pthread_exit)
host_utc=2026-09-30T08:30:50.797+00:00 host_mono_ns=2516069987986125 thread 11 restore
host_utc=2026-09-30T08:30:50.797+00:00 host_mono_ns=2516069987996044 Restoring wasm thread 10
host_utc=2026-09-30T08:30:50.797+00:00 host_mono_ns=2516069988012124 [02:54:29:401 - 78ABF606C840]: warning: failed to link import function (env, pthread_exit)
host_utc=2026-09-30T08:30:50.797+00:00 host_mono_ns=2516069988027293 [2026-09-30 08:30:50.797] [info] wasm_restore_stack
host_utc=2026-09-30T08:30:50.797+00:00 host_mono_ns=2516069988036771 
host_utc=2026-09-30T08:30:50.797+00:00 host_mono_ns=2516069988052230 stack, 195329
host_utc=2026-09-30T08:30:50.797+00:00 host_mono_ns=2516069988061207 global, 20248
host_utc=2026-09-30T08:30:50.797+00:00 host_mono_ns=2516069988069723 program counter, 12754
host_utc=2026-09-30T08:30:50.797+00:00 host_mono_ns=2516069988078049 thread 10 restore
host_utc=2026-09-30T08:30:50.797+00:00 host_mono_ns=2516069988086295 local_cell_num: 2
host_utc=2026-09-30T08:30:50.797+00:00 host_mono_ns=2516069988094540 locals.values.size: 2
host_utc=2026-09-30T08:30:50.797+00:00 host_mono_ns=2516069988102906 [2026-09-30 08:30:50.797] [info] restore label stack
host_utc=2026-09-30T08:30:50.797+00:00 host_mono_ns=2516069988111422 local_cell_num: 8
host_utc=2026-09-30T08:30:50.797+00:00 host_mono_ns=2516069988119588 locals.values.size: 8
host_utc=2026-09-30T08:30:50.797+00:00 host_mono_ns=2516069988127803 [2026-09-30 08:30:50.797] [info] restore label stack
host_utc=2026-09-30T08:30:50.797+00:00 host_mono_ns=2516069988136199 local_cell_num: 14
host_utc=2026-09-30T08:30:50.797+00:00 host_mono_ns=2516069988144424 locals.values.size: 14
host_utc=2026-09-30T08:30:50.797+00:00 host_mono_ns=2516069988152690 [2026-09-30 08:30:50.797] [info] restore label stack
host_utc=2026-09-30T08:30:50.797+00:00 host_mono_ns=2516069988160956 local_cell_num: 45
host_utc=2026-09-30T08:30:50.798+00:00 host_mono_ns=2516069988169091 locals.values.size: 45
host_utc=2026-09-30T08:30:50.798+00:00 host_mono_ns=2516069988177337 [2026-09-30 08:30:50.797] [info] restore label stack
host_utc=2026-09-30T08:30:50.798+00:00 host_mono_ns=2516069988194980 local_cell_num: 19
host_utc=2026-09-30T08:30:50.798+00:00 host_mono_ns=2516069988205951 locals.values.size: 19
host_utc=2026-09-30T08:30:50.798+00:00 host_mono_ns=2516069988216841 [2026-09-30 08:30:50.797] [info] restore label stack
host_utc=2026-09-30T08:30:50.798+00:00 host_mono_ns=2516069988227722 local_cell_num: 63
host_utc=2026-09-30T08:30:50.798+00:00 host_mono_ns=2516069988238562 locals.values.size: 63
host_utc=2026-09-30T08:30:50.798+00:00 host_mono_ns=2516069988249463 [2026-09-30 08:30:50.797] [info] restore label stack
host_utc=2026-09-30T08:30:50.798+00:00 host_mono_ns=2516069988260484 local_cell_num: 9
host_utc=2026-09-30T08:30:50.798+00:00 host_mono_ns=2516069988271354 locals.values.size: 9
host_utc=2026-09-30T08:30:50.798+00:00 host_mono_ns=2516069988282265 [2026-09-30 08:30:50.797] [info] restore label stack
host_utc=2026-09-30T08:30:50.798+00:00 host_mono_ns=2516069988293296 local_cell_num: 9
host_utc=2026-09-30T08:30:50.798+00:00 host_mono_ns=2516069988304066 locals.values.size: 9
host_utc=2026-09-30T08:30:50.798+00:00 host_mono_ns=2516069988314846 [2026-09-30 08:30:50.797] [info] restore label stack
host_utc=2026-09-30T08:30:50.798+00:00 host_mono_ns=2516069988325847 local_cell_num: 6
host_utc=2026-09-30T08:30:50.798+00:00 host_mono_ns=2516069988336577 locals.values.size: 6
host_utc=2026-09-30T08:30:50.798+00:00 host_mono_ns=2516069988347478 [2026-09-30 08:30:50.797] [info] restore label stack
host_utc=2026-09-30T08:30:50.798+00:00 host_mono_ns=2516069988358609 [2026-09-30 08:30:50.797] [info] Finish to restore stack
host_utc=2026-09-30T08:30:50.798+00:00 host_mono_ns=2516069988370171 
host_utc=2026-09-30T08:30:50.798+00:00 host_mono_ns=2516069988381092 initします
host_utc=2026-09-30T08:30:50.799+00:00 host_mono_ns=2516069989378095 wasm_cluster_increase_checkpointing_counter called 1
host_utc=2026-09-30T08:30:50.799+00:00 host_mono_ns=2516069989414384 Restoring wasm thread 9
host_utc=2026-09-30T08:30:50.799+00:00 host_mono_ns=2516069989432488 wasm_cluster_increase_checkpointing_counter called 2
host_utc=2026-09-30T08:30:50.799+00:00 host_mono_ns=2516069989449470 wasm_cluster_increase_checkpointing_counter called 3
host_utc=2026-09-30T08:30:50.799+00:00 host_mono_ns=2516069989465540 [2026-09-30 08:30:50.799] [info] wasm_restore_stack
host_utc=2026-09-30T08:30:50.799+00:00 host_mono_ns=2516069989477293 
host_utc=2026-09-30T08:30:50.799+00:00 host_mono_ns=2516069989488804 boot_end, 2516069989182766
host_utc=2026-09-30T08:30:50.799+00:00 host_mono_ns=2516069989507630 [02:54:29:261 - 78ABF606C840]: warning: failed to link import function (env, pthread_exit)
host_utc=2026-09-30T08:30:50.799+00:00 host_mono_ns=2516069989520083 thread 9 restore
host_utc=2026-09-30T08:30:50.799+00:00 host_mono_ns=2516069989531425 local_cell_num: 2
host_utc=2026-09-30T08:30:50.799+00:00 host_mono_ns=2516069989542516 locals.values.size: 2
host_utc=2026-09-30T08:30:50.799+00:00 host_mono_ns=2516069989553697 [2026-09-30 08:30:50.799] [info] restore label stack
host_utc=2026-09-30T08:30:50.799+00:00 host_mono_ns=2516069989564968 local_cell_num: 8
host_utc=2026-09-30T08:30:50.799+00:00 host_mono_ns=2516069989575699 locals.values.size: 8
host_utc=2026-09-30T08:30:50.799+00:00 host_mono_ns=2516069989586569 [2026-09-30 08:30:50.799] [info] restore label stack
host_utc=2026-09-30T08:30:50.799+00:00 host_mono_ns=2516069989597460 local_cell_num: 14
host_utc=2026-09-30T08:30:50.799+00:00 host_mono_ns=2516069989608280 locals.values.size: 14
host_utc=2026-09-30T08:30:50.799+00:00 host_mono_ns=2516069989619351 [2026-09-30 08:30:50.799] [info] restore label stack
host_utc=2026-09-30T08:30:50.799+00:00 host_mono_ns=2516069989630252 local_cell_num: 15
host_utc=2026-09-30T08:30:50.799+00:00 host_mono_ns=2516069989641142 locals.values.size: 15
host_utc=2026-09-30T08:30:50.799+00:00 host_mono_ns=2516069989652023 [2026-09-30 08:30:50.799] [info] restore label stack
host_utc=2026-09-30T08:30:50.799+00:00 host_mono_ns=2516069989662833 local_cell_num: 37
host_utc=2026-09-30T08:30:50.799+00:00 host_mono_ns=2516069989684594 locals.values.size: 37
host_utc=2026-09-30T08:30:50.799+00:00 host_mono_ns=2516069989696898 [2026-09-30 08:30:50.799] [info] restore label stack
host_utc=2026-09-30T08:30:50.799+00:00 host_mono_ns=2516069989711866 local_cell_num: 25
host_utc=2026-09-30T08:30:50.799+00:00 host_mono_ns=2516069989727255 locals.values.size: 25
host_utc=2026-09-30T08:30:50.799+00:00 host_mono_ns=2516069989741051 [2026-09-30 08:30:50.799] [info] restore label stack
host_utc=2026-09-30T08:30:50.799+00:00 host_mono_ns=2516069989752142 local_cell_num: 34
host_utc=2026-09-30T08:30:50.799+00:00 host_mono_ns=2516069989762952 locals.values.size: 34
host_utc=2026-09-30T08:30:50.799+00:00 host_mono_ns=2516069989773653 [2026-09-30 08:30:50.799] [info] restore label stack
host_utc=2026-09-30T08:30:50.799+00:00 host_mono_ns=2516069989784563 local_cell_num: 38
host_utc=2026-09-30T08:30:50.799+00:00 host_mono_ns=2516069989795233 locals.values.size: 38
host_utc=2026-09-30T08:30:50.799+00:00 host_mono_ns=2516069989805984 [2026-09-30 08:30:50.799] [info] restore label stack
host_utc=2026-09-30T08:30:50.799+00:00 host_mono_ns=2516069989816924 local_cell_num: 94
host_utc=2026-09-30T08:30:50.799+00:00 host_mono_ns=2516069989827665 locals.values.size: 94
host_utc=2026-09-30T08:30:50.799+00:00 host_mono_ns=2516069989838305 [2026-09-30 08:30:50.799] [info] restore label stack
host_utc=2026-09-30T08:30:50.799+00:00 host_mono_ns=2516069989849195 local_cell_num: 2
host_utc=2026-09-30T08:30:50.799+00:00 host_mono_ns=2516069989860016 locals.values.size: 2
host_utc=2026-09-30T08:30:50.799+00:00 host_mono_ns=2516069989870846 [2026-09-30 08:30:50.799] [info] restore label stack
host_utc=2026-09-30T08:30:50.799+00:00 host_mono_ns=2516069989881667 local_cell_num: 9
host_utc=2026-09-30T08:30:50.799+00:00 host_mono_ns=2516069989892387 locals.values.size: 9
host_utc=2026-09-30T08:30:50.799+00:00 host_mono_ns=2516069989903087 [2026-09-30 08:30:50.799] [info] restore label stack
host_utc=2026-09-30T08:30:50.799+00:00 host_mono_ns=2516069989914048 local_cell_num: 9
host_utc=2026-09-30T08:30:50.799+00:00 host_mono_ns=2516069989924748 locals.values.size: 9
host_utc=2026-09-30T08:30:50.799+00:00 host_mono_ns=2516069989935448 [2026-09-30 08:30:50.799] [info] restore label stack
host_utc=2026-09-30T08:30:50.799+00:00 host_mono_ns=2516069989946810 stack, 162938
host_utc=2026-09-30T08:30:50.799+00:00 host_mono_ns=2516069989957680 local_cell_num: 6
host_utc=2026-09-30T08:30:50.799+00:00 host_mono_ns=2516069989968531 locals.values.size: 6
host_utc=2026-09-30T08:30:50.799+00:00 host_mono_ns=2516069989979231 [2026-09-30 08:30:50.799] [info] restore label stack
host_utc=2026-09-30T08:30:50.799+00:00 host_mono_ns=2516069989990162 [2026-09-30 08:30:50.799] [info] Finish to restore stack
host_utc=2026-09-30T08:30:50.799+00:00 host_mono_ns=2516069990012514 
host_utc=2026-09-30T08:30:50.799+00:00 host_mono_ns=2516069990029275 global, 22412
host_utc=2026-09-30T08:30:50.799+00:00 host_mono_ns=2516069990040517 program counter, 13996
host_utc=2026-09-30T08:30:50.799+00:00 host_mono_ns=2516069990058681 initします
host_utc=2026-09-30T08:30:50.800+00:00 host_mono_ns=2516069991017432 boot_end, 2516069990829557
host_utc=2026-09-30T08:30:50.800+00:00 host_mono_ns=2516069991034895 wasm_cluster_increase_checkpointing_counter called 1
host_utc=2026-09-30T08:30:50.800+00:00 host_mono_ns=2516069991046677 Restoring wasm thread 8
host_utc=2026-09-30T08:30:50.800+00:00 host_mono_ns=2516069991057798 wasm_cluster_increase_checkpointing_counter called 2
host_utc=2026-09-30T08:30:50.800+00:00 host_mono_ns=2516069991069019 wasm_cluster_increase_checkpointing_counter called 3
host_utc=2026-09-30T08:30:50.800+00:00 host_mono_ns=2516069991080130 [2026-09-30 08:30:50.800] [info] wasm_restore_stack
host_utc=2026-09-30T08:30:50.800+00:00 host_mono_ns=2516069991091291 
host_utc=2026-09-30T08:30:50.800+00:00 host_mono_ns=2516069991106951 [02:54:29:914 - 78ABF606C840]: warning: failed to link import function (env, pthread_exit)
host_utc=2026-09-30T08:30:50.800+00:00 host_mono_ns=2516069991127810 thread 8 restore
host_utc=2026-09-30T08:30:50.800+00:00 host_mono_ns=2516069991139052 local_cell_num: 2
host_utc=2026-09-30T08:30:50.800+00:00 host_mono_ns=2516069991149912 locals.values.size: 2
host_utc=2026-09-30T08:30:50.800+00:00 host_mono_ns=2516069991160783 [2026-09-30 08:30:50.800] [info] restore label stack
host_utc=2026-09-30T08:30:50.801+00:00 host_mono_ns=2516069991171804 local_cell_num: 8
host_utc=2026-09-30T08:30:50.801+00:00 host_mono_ns=2516069991182514 locals.values.size: 8
host_utc=2026-09-30T08:30:50.801+00:00 host_mono_ns=2516069991193444 [2026-09-30 08:30:50.800] [info] restore label stack
host_utc=2026-09-30T08:30:50.801+00:00 host_mono_ns=2516069991204325 local_cell_num: 14
host_utc=2026-09-30T08:30:50.801+00:00 host_mono_ns=2516069991215095 locals.values.size: 14
host_utc=2026-09-30T08:30:50.801+00:00 host_mono_ns=2516069991225886 [2026-09-30 08:30:50.800] [info] restore label stack
host_utc=2026-09-30T08:30:50.801+00:00 host_mono_ns=2516069991236776 local_cell_num: 15
host_utc=2026-09-30T08:30:50.801+00:00 host_mono_ns=2516069991247497 locals.values.size: 15
host_utc=2026-09-30T08:30:50.801+00:00 host_mono_ns=2516069991258397 [2026-09-30 08:30:50.800] [info] restore label stack
host_utc=2026-09-30T08:30:50.801+00:00 host_mono_ns=2516069991269218 local_cell_num: 27
host_utc=2026-09-30T08:30:50.801+00:00 host_mono_ns=2516069991279948 locals.values.size: 27
host_utc=2026-09-30T08:30:50.801+00:00 host_mono_ns=2516069991290708 [2026-09-30 08:30:50.800] [info] restore label stack
host_utc=2026-09-30T08:30:50.801+00:00 host_mono_ns=2516069991301619 local_cell_num: 25
host_utc=2026-09-30T08:30:50.801+00:00 host_mono_ns=2516069991312289 locals.values.size: 25
host_utc=2026-09-30T08:30:50.801+00:00 host_mono_ns=2516069991323099 [2026-09-30 08:30:50.800] [info] restore label stack
host_utc=2026-09-30T08:30:50.801+00:00 host_mono_ns=2516069991334010 local_cell_num: 34
host_utc=2026-09-30T08:30:50.801+00:00 host_mono_ns=2516069991344831 locals.values.size: 34
host_utc=2026-09-30T08:30:50.801+00:00 host_mono_ns=2516069991355621 [2026-09-30 08:30:50.800] [info] restore label stack
host_utc=2026-09-30T08:30:50.801+00:00 host_mono_ns=2516069991366592 local_cell_num: 38
host_utc=2026-09-30T08:30:50.801+00:00 host_mono_ns=2516069991378534 locals.values.size: 38
host_utc=2026-09-30T08:30:50.801+00:00 host_mono_ns=2516069991389435 [2026-09-30 08:30:50.800] [info] restore label stack
host_utc=2026-09-30T08:30:50.801+00:00 host_mono_ns=2516069991400335 local_cell_num: 94
host_utc=2026-09-30T08:30:50.801+00:00 host_mono_ns=2516069991411046 locals.values.size: 94
host_utc=2026-09-30T08:30:50.801+00:00 host_mono_ns=2516069991421766 [2026-09-30 08:30:50.800] [info] restore label stack
host_utc=2026-09-30T08:30:50.801+00:00 host_mono_ns=2516069991432676 local_cell_num: 2
host_utc=2026-09-30T08:30:50.801+00:00 host_mono_ns=2516069991443377 locals.values.size: 2
host_utc=2026-09-30T08:30:50.801+00:00 host_mono_ns=2516069991454177 [2026-09-30 08:30:50.800] [info] restore label stack
host_utc=2026-09-30T08:30:50.801+00:00 host_mono_ns=2516069991464957 local_cell_num: 9
host_utc=2026-09-30T08:30:50.801+00:00 host_mono_ns=2516069991475728 locals.values.size: 9
host_utc=2026-09-30T08:30:50.801+00:00 host_mono_ns=2516069991486428 [2026-09-30 08:30:50.800] [info] restore label stack
host_utc=2026-09-30T08:30:50.801+00:00 host_mono_ns=2516069991497389 local_cell_num: 9
host_utc=2026-09-30T08:30:50.801+00:00 host_mono_ns=2516069991508159 locals.values.size: 9
host_utc=2026-09-30T08:30:50.801+00:00 host_mono_ns=2516069991518939 [2026-09-30 08:30:50.800] [info] restore label stack
host_utc=2026-09-30T08:30:50.801+00:00 host_mono_ns=2516069991529780 local_cell_num: 6
host_utc=2026-09-30T08:30:50.801+00:00 host_mono_ns=2516069991540550 locals.values.size: 6
host_utc=2026-09-30T08:30:50.801+00:00 host_mono_ns=2516069991551351 [2026-09-30 08:30:50.800] [info] restore label stack
host_utc=2026-09-30T08:30:50.801+00:00 host_mono_ns=2516069991562311 [2026-09-30 08:30:50.800] [info] Finish to restore stack
host_utc=2026-09-30T08:30:50.801+00:00 host_mono_ns=2516069991579834 
host_utc=2026-09-30T08:30:50.801+00:00 host_mono_ns=2516069991590795 stack, 133923
host_utc=2026-09-30T08:30:50.801+00:00 host_mono_ns=2516069991601736 global, 16932
host_utc=2026-09-30T08:30:50.801+00:00 host_mono_ns=2516069991612667 program counter, 16702
host_utc=2026-09-30T08:30:50.801+00:00 host_mono_ns=2516069991628526 initします
host_utc=2026-09-30T08:30:50.802+00:00 host_mono_ns=2516069992966063 boot_end, 2516069992771656
host_utc=2026-09-30T08:30:50.802+00:00 host_mono_ns=2516069992995098 wasm_cluster_increase_checkpointing_counter called 1
host_utc=2026-09-30T08:30:50.802+00:00 host_mono_ns=2516069993023943 Restoring wasm thread 7
host_utc=2026-09-30T08:30:50.802+00:00 host_mono_ns=2516069993039081 wasm_cluster_increase_checkpointing_counter called 2
host_utc=2026-09-30T08:30:50.802+00:00 host_mono_ns=2516069993050713 wasm_cluster_increase_checkpointing_counter called 3
host_utc=2026-09-30T08:30:50.802+00:00 host_mono_ns=2516069993061674 [2026-09-30 08:30:50.802] [info] wasm_restore_stack
host_utc=2026-09-30T08:30:50.802+00:00 host_mono_ns=2516069993072895 
host_utc=2026-09-30T08:30:50.802+00:00 host_mono_ns=2516069993091480 [02:54:29:846 - 78ABF606C840]: warning: failed to link import function (env, pthread_exit)
host_utc=2026-09-30T08:30:50.802+00:00 host_mono_ns=2516069993103824 thread 7 restore
host_utc=2026-09-30T08:30:50.802+00:00 host_mono_ns=2516069993115125 local_cell_num: 2
host_utc=2026-09-30T08:30:50.802+00:00 host_mono_ns=2516069993126156 locals.values.size: 2
host_utc=2026-09-30T08:30:50.802+00:00 host_mono_ns=2516069993137397 [2026-09-30 08:30:50.802] [info] restore label stack
host_utc=2026-09-30T08:30:50.802+00:00 host_mono_ns=2516069993148698 local_cell_num: 8
host_utc=2026-09-30T08:30:50.802+00:00 host_mono_ns=2516069993159459 locals.values.size: 8
host_utc=2026-09-30T08:30:50.803+00:00 host_mono_ns=2516069993170369 [2026-09-30 08:30:50.802] [info] restore label stack
host_utc=2026-09-30T08:30:50.803+00:00 host_mono_ns=2516069993181350 local_cell_num: 25
host_utc=2026-09-30T08:30:50.803+00:00 host_mono_ns=2516069993192100 locals.values.size: 25
host_utc=2026-09-30T08:30:50.803+00:00 host_mono_ns=2516069993203161 [2026-09-30 08:30:50.802] [info] restore label stack
host_utc=2026-09-30T08:30:50.803+00:00 host_mono_ns=2516069993214132 local_cell_num: 10
host_utc=2026-09-30T08:30:50.803+00:00 host_mono_ns=2516069993224973 locals.values.size: 10
host_utc=2026-09-30T08:30:50.803+00:00 host_mono_ns=2516069993235783 [2026-09-30 08:30:50.802] [info] restore label stack
host_utc=2026-09-30T08:30:50.803+00:00 host_mono_ns=2516069993246563 local_cell_num: 22
host_utc=2026-09-30T08:30:50.803+00:00 host_mono_ns=2516069993257123 locals.values.size: 22
host_utc=2026-09-30T08:30:50.803+00:00 host_mono_ns=2516069993267763 [2026-09-30 08:30:50.802] [info] restore label stack
host_utc=2026-09-30T08:30:50.803+00:00 host_mono_ns=2516069993278584 local_cell_num: 62
host_utc=2026-09-30T08:30:50.803+00:00 host_mono_ns=2516069993289184 locals.values.size: 62
host_utc=2026-09-30T08:30:50.803+00:00 host_mono_ns=2516069993299854 [2026-09-30 08:30:50.802] [info] restore label stack
host_utc=2026-09-30T08:30:50.803+00:00 host_mono_ns=2516069993310594 local_cell_num: 18
host_utc=2026-09-30T08:30:50.803+00:00 host_mono_ns=2516069993321254 locals.values.size: 18
host_utc=2026-09-30T08:30:50.803+00:00 host_mono_ns=2516069993332035 [2026-09-30 08:30:50.802] [info] restore label stack
host_utc=2026-09-30T08:30:50.803+00:00 host_mono_ns=2516069993342895 local_cell_num: 21
host_utc=2026-09-30T08:30:50.803+00:00 host_mono_ns=2516069993353505 locals.values.size: 21
host_utc=2026-09-30T08:30:50.803+00:00 host_mono_ns=2516069993364145 [2026-09-30 08:30:50.802] [info] restore label stack
host_utc=2026-09-30T08:30:50.803+00:00 host_mono_ns=2516069993374906 local_cell_num: 10
host_utc=2026-09-30T08:30:50.803+00:00 host_mono_ns=2516069993385576 locals.values.size: 10
host_utc=2026-09-30T08:30:50.803+00:00 host_mono_ns=2516069993396306 [2026-09-30 08:30:50.802] [info] restore label stack
host_utc=2026-09-30T08:30:50.803+00:00 host_mono_ns=2516069993417396 local_cell_num: 2
host_utc=2026-09-30T08:30:50.803+00:00 host_mono_ns=2516069993428347 locals.values.size: 2
host_utc=2026-09-30T08:30:50.803+00:00 host_mono_ns=2516069993439167 [2026-09-30 08:30:50.802] [info] restore label stack
host_utc=2026-09-30T08:30:50.803+00:00 host_mono_ns=2516069993449988 local_cell_num: 9
host_utc=2026-09-30T08:30:50.803+00:00 host_mono_ns=2516069993460728 locals.values.size: 9
host_utc=2026-09-30T08:30:50.803+00:00 host_mono_ns=2516069993471428 [2026-09-30 08:30:50.802] [info] restore label stack
host_utc=2026-09-30T08:30:50.803+00:00 host_mono_ns=2516069993482249 local_cell_num: 9
host_utc=2026-09-30T08:30:50.803+00:00 host_mono_ns=2516069993492979 locals.values.size: 9
host_utc=2026-09-30T08:30:50.803+00:00 host_mono_ns=2516069993503729 [2026-09-30 08:30:50.802] [info] restore label stack
host_utc=2026-09-30T08:30:50.803+00:00 host_mono_ns=2516069993514469 local_cell_num: 6
host_utc=2026-09-30T08:30:50.803+00:00 host_mono_ns=2516069993525069 locals.values.size: 6
host_utc=2026-09-30T08:30:50.803+00:00 host_mono_ns=2516069993535800 [2026-09-30 08:30:50.802] [info] restore label stack
host_utc=2026-09-30T08:30:50.803+00:00 host_mono_ns=2516069993546620 [2026-09-30 08:30:50.802] [info] Finish to restore stack
host_utc=2026-09-30T08:30:50.803+00:00 host_mono_ns=2516069993557731 
host_utc=2026-09-30T08:30:50.803+00:00 host_mono_ns=2516069993568792 stack, 154573
host_utc=2026-09-30T08:30:50.803+00:00 host_mono_ns=2516069993579903 global, 19496
host_utc=2026-09-30T08:30:50.803+00:00 host_mono_ns=2516069993590773 program counter, 12764
host_utc=2026-09-30T08:30:50.803+00:00 host_mono_ns=2516069993607715 initします
host_utc=2026-09-30T08:30:50.804+00:00 host_mono_ns=2516069994203150 boot_end, 2516069994052676
host_utc=2026-09-30T08:30:50.804+00:00 host_mono_ns=2516069994238838 wasm_cluster_increase_checkpointing_counter called 1
host_utc=2026-09-30T08:30:50.804+00:00 host_mono_ns=2516069994253866 Restoring wasm thread 6
host_utc=2026-09-30T08:30:50.804+00:00 host_mono_ns=2516069994265939 wasm_cluster_increase_checkpointing_counter called 2
host_utc=2026-09-30T08:30:50.804+00:00 host_mono_ns=2516069994277421 wasm_cluster_increase_checkpointing_counter called 3
host_utc=2026-09-30T08:30:50.804+00:00 host_mono_ns=2516069994288502 [2026-09-30 08:30:50.803] [info] wasm_restore_stack
host_utc=2026-09-30T08:30:50.804+00:00 host_mono_ns=2516069994299733 
host_utc=2026-09-30T08:30:50.804+00:00 host_mono_ns=2516069994310994 local_cell_num: 2
host_utc=2026-09-30T08:30:50.804+00:00 host_mono_ns=2516069994322195 locals.values.size: 2
host_utc=2026-09-30T08:30:50.804+00:00 host_mono_ns=2516069994333276 [2026-09-30 08:30:50.803] [info] restore label stack
host_utc=2026-09-30T08:30:50.804+00:00 host_mono_ns=2516069994344487 local_cell_num: 8
host_utc=2026-09-30T08:30:50.804+00:00 host_mono_ns=2516069994355348 locals.values.size: 8
host_utc=2026-09-30T08:30:50.804+00:00 host_mono_ns=2516069994366198 [2026-09-30 08:30:50.803] [info] restore label stack
host_utc=2026-09-30T08:30:50.804+00:00 host_mono_ns=2516069994377119 local_cell_num: 14
host_utc=2026-09-30T08:30:50.804+00:00 host_mono_ns=2516069994387959 locals.values.size: 14
host_utc=2026-09-30T08:30:50.804+00:00 host_mono_ns=2516069994399121 [2026-09-30 08:30:50.803] [info] restore label stack
host_utc=2026-09-30T08:30:50.804+00:00 host_mono_ns=2516069994410011 local_cell_num: 8
host_utc=2026-09-30T08:30:50.804+00:00 host_mono_ns=2516069994420741 locals.values.size: 8
host_utc=2026-09-30T08:30:50.804+00:00 host_mono_ns=2516069994431452 [2026-09-30 08:30:50.803] [info] restore label stack
host_utc=2026-09-30T08:30:50.804+00:00 host_mono_ns=2516069994442262 local_cell_num: 13
host_utc=2026-09-30T08:30:50.804+00:00 host_mono_ns=2516069994453012 locals.values.size: 13
host_utc=2026-09-30T08:30:50.804+00:00 host_mono_ns=2516069994463763 [2026-09-30 08:30:50.803] [info] restore label stack
host_utc=2026-09-30T08:30:50.804+00:00 host_mono_ns=2516069994474733 local_cell_num: 19
host_utc=2026-09-30T08:30:50.804+00:00 host_mono_ns=2516069994495523 locals.values.size: 19
host_utc=2026-09-30T08:30:50.804+00:00 host_mono_ns=2516069994506584 [2026-09-30 08:30:50.803] [info] restore label stack
host_utc=2026-09-30T08:30:50.804+00:00 host_mono_ns=2516069994517514 local_cell_num: 63
host_utc=2026-09-30T08:30:50.804+00:00 host_mono_ns=2516069994528194 locals.values.size: 63
host_utc=2026-09-30T08:30:50.804+00:00 host_mono_ns=2516069994538975 [2026-09-30 08:30:50.803] [info] restore label stack
host_utc=2026-09-30T08:30:50.804+00:00 host_mono_ns=2516069994549835 local_cell_num: 9
host_utc=2026-09-30T08:30:50.804+00:00 host_mono_ns=2516069994560556 locals.values.size: 9
host_utc=2026-09-30T08:30:50.804+00:00 host_mono_ns=2516069994571366 [2026-09-30 08:30:50.803] [info] restore label stack
host_utc=2026-09-30T08:30:50.804+00:00 host_mono_ns=2516069994582236 local_cell_num: 9
host_utc=2026-09-30T08:30:50.804+00:00 host_mono_ns=2516069994592867 locals.values.size: 9
host_utc=2026-09-30T08:30:50.804+00:00 host_mono_ns=2516069994603507 [2026-09-30 08:30:50.803] [info] restore label stack
host_utc=2026-09-30T08:30:50.804+00:00 host_mono_ns=2516069994614277 local_cell_num: 6
host_utc=2026-09-30T08:30:50.804+00:00 host_mono_ns=2516069994624907 locals.values.size: 6
host_utc=2026-09-30T08:30:50.804+00:00 host_mono_ns=2516069994635617 [2026-09-30 08:30:50.803] [info] restore label stack
host_utc=2026-09-30T08:30:50.804+00:00 host_mono_ns=2516069994646578 [02:54:29:136 - 78ABF606C840]: warning: failed to link import function (env, pthread_exit)
host_utc=2026-09-30T08:30:50.804+00:00 host_mono_ns=2516069994658130 [2026-09-30 08:30:50.803] [info] Finish to restore stack
host_utc=2026-09-30T08:30:50.804+00:00 host_mono_ns=2516069994669481 
host_utc=2026-09-30T08:30:50.804+00:00 host_mono_ns=2516069994680582 stack, 83047
host_utc=2026-09-30T08:30:50.804+00:00 host_mono_ns=2516069994691593 global, 21611
host_utc=2026-09-30T08:30:50.804+00:00 host_mono_ns=2516069994702514 program counter, 9197
host_utc=2026-09-30T08:30:50.804+00:00 host_mono_ns=2516069994719386 initします
host_utc=2026-09-30T08:30:50.806+00:00 host_mono_ns=2516069996223487 boot_end, 2516069996088212
host_utc=2026-09-30T08:30:50.806+00:00 host_mono_ns=2516069996258323 thread 6 restore
host_utc=2026-09-30T08:30:50.806+00:00 host_mono_ns=2516069996272520 wasm_cluster_increase_checkpointing_counter called 1
host_utc=2026-09-30T08:30:50.806+00:00 host_mono_ns=2516069996284783 Restoring wasm thread 5
host_utc=2026-09-30T08:30:50.806+00:00 host_mono_ns=2516069996296235 wasm_cluster_increase_checkpointing_counter called 2
host_utc=2026-09-30T08:30:50.806+00:00 host_mono_ns=2516069996307556 wasm_cluster_increase_checkpointing_counter called 3
host_utc=2026-09-30T08:30:50.806+00:00 host_mono_ns=2516069996318457 [2026-09-30 08:30:50.805] [info] wasm_restore_stack
host_utc=2026-09-30T08:30:50.806+00:00 host_mono_ns=2516069996329758 
host_utc=2026-09-30T08:30:50.806+00:00 host_mono_ns=2516069996346179 [02:54:29:166 - 78ABF606C840]: warning: failed to link import function (env, pthread_exit)
host_utc=2026-09-30T08:30:50.806+00:00 host_mono_ns=2516069996358522 thread 5 restore
host_utc=2026-09-30T08:30:50.806+00:00 host_mono_ns=2516069996369684 local_cell_num: 2
host_utc=2026-09-30T08:30:50.806+00:00 host_mono_ns=2516069996380805 locals.values.size: 2
host_utc=2026-09-30T08:30:50.806+00:00 host_mono_ns=2516069996391926 [2026-09-30 08:30:50.806] [info] restore label stack
host_utc=2026-09-30T08:30:50.806+00:00 host_mono_ns=2516069996403127 local_cell_num: 8
host_utc=2026-09-30T08:30:50.806+00:00 host_mono_ns=2516069996413897 locals.values.size: 8
host_utc=2026-09-30T08:30:50.806+00:00 host_mono_ns=2516069996424818 [2026-09-30 08:30:50.806] [info] restore label stack
host_utc=2026-09-30T08:30:50.806+00:00 host_mono_ns=2516069996435718 local_cell_num: 14
host_utc=2026-09-30T08:30:50.806+00:00 host_mono_ns=2516069996446589 locals.values.size: 14
host_utc=2026-09-30T08:30:50.806+00:00 host_mono_ns=2516069996457710 [2026-09-30 08:30:50.806] [info] restore label stack
host_utc=2026-09-30T08:30:50.806+00:00 host_mono_ns=2516069996478820 local_cell_num: 8
host_utc=2026-09-30T08:30:50.806+00:00 host_mono_ns=2516069996489810 locals.values.size: 8
host_utc=2026-09-30T08:30:50.806+00:00 host_mono_ns=2516069996500581 [2026-09-30 08:30:50.806] [info] restore label stack
host_utc=2026-09-30T08:30:50.806+00:00 host_mono_ns=2516069996511381 local_cell_num: 13
host_utc=2026-09-30T08:30:50.806+00:00 host_mono_ns=2516069996522162 locals.values.size: 13
host_utc=2026-09-30T08:30:50.806+00:00 host_mono_ns=2516069996533122 [2026-09-30 08:30:50.806] [info] restore label stack
host_utc=2026-09-30T08:30:50.806+00:00 host_mono_ns=2516069996543973 local_cell_num: 19
host_utc=2026-09-30T08:30:50.806+00:00 host_mono_ns=2516069996554613 locals.values.size: 19
host_utc=2026-09-30T08:30:50.806+00:00 host_mono_ns=2516069996565303 [2026-09-30 08:30:50.806] [info] restore label stack
host_utc=2026-09-30T08:30:50.806+00:00 host_mono_ns=2516069996576073 local_cell_num: 63
host_utc=2026-09-30T08:30:50.806+00:00 host_mono_ns=2516069996586794 locals.values.size: 63
host_utc=2026-09-30T08:30:50.806+00:00 host_mono_ns=2516069996597604 [2026-09-30 08:30:50.806] [info] restore label stack
host_utc=2026-09-30T08:30:50.806+00:00 host_mono_ns=2516069996608364 local_cell_num: 9
host_utc=2026-09-30T08:30:50.806+00:00 host_mono_ns=2516069996619155 locals.values.size: 9
host_utc=2026-09-30T08:30:50.806+00:00 host_mono_ns=2516069996629795 [2026-09-30 08:30:50.806] [info] restore label stack
host_utc=2026-09-30T08:30:50.806+00:00 host_mono_ns=2516069996640625 local_cell_num: 9
host_utc=2026-09-30T08:30:50.806+00:00 host_mono_ns=2516069996651205 locals.values.size: 9
host_utc=2026-09-30T08:30:50.806+00:00 host_mono_ns=2516069996662026 [2026-09-30 08:30:50.806] [info] restore label stack
host_utc=2026-09-30T08:30:50.806+00:00 host_mono_ns=2516069996672836 local_cell_num: 6
host_utc=2026-09-30T08:30:50.806+00:00 host_mono_ns=2516069996683496 locals.values.size: 6
host_utc=2026-09-30T08:30:50.806+00:00 host_mono_ns=2516069996694187 [2026-09-30 08:30:50.806] [info] restore label stack
host_utc=2026-09-30T08:30:50.806+00:00 host_mono_ns=2516069996705017 [2026-09-30 08:30:50.806] [info] Finish to restore stack
host_utc=2026-09-30T08:30:50.806+00:00 host_mono_ns=2516069996716138 
host_utc=2026-09-30T08:30:50.806+00:00 host_mono_ns=2516069996727009 stack, 122411
host_utc=2026-09-30T08:30:50.806+00:00 host_mono_ns=2516069996737989 global, 20528
host_utc=2026-09-30T08:30:50.806+00:00 host_mono_ns=2516069996748850 program counter, 13014
host_utc=2026-09-30T08:30:50.806+00:00 host_mono_ns=2516069996765181 initします
host_utc=2026-09-30T08:30:50.807+00:00 host_mono_ns=2516069997501632 boot_end, 2516069997315049
host_utc=2026-09-30T08:30:50.807+00:00 host_mono_ns=2516069997530617 stack, 58530
host_utc=2026-09-30T08:30:50.807+00:00 host_mono_ns=2516069997544473 wasm_cluster_increase_checkpointing_counter called 1
host_utc=2026-09-30T08:30:50.807+00:00 host_mono_ns=2516069997556856 Restoring wasm thread 4
host_utc=2026-09-30T08:30:50.807+00:00 host_mono_ns=2516069997568538 wasm_cluster_increase_checkpointing_counter called 2
host_utc=2026-09-30T08:30:50.807+00:00 host_mono_ns=2516069997579940 wasm_cluster_increase_checkpointing_counter called 3
host_utc=2026-09-30T08:30:50.807+00:00 host_mono_ns=2516069997590870 [2026-09-30 08:30:50.807] [info] wasm_restore_stack
host_utc=2026-09-30T08:30:50.807+00:00 host_mono_ns=2516069997602222 
host_utc=2026-09-30T08:30:50.807+00:00 host_mono_ns=2516069997613623 local_cell_num: 2
host_utc=2026-09-30T08:30:50.807+00:00 host_mono_ns=2516069997624835 locals.values.size: 2
host_utc=2026-09-30T08:30:50.807+00:00 host_mono_ns=2516069997636006 [2026-09-30 08:30:50.807] [info] restore label stack
host_utc=2026-09-30T08:30:50.807+00:00 host_mono_ns=2516069997647157 local_cell_num: 8
host_utc=2026-09-30T08:30:50.807+00:00 host_mono_ns=2516069997658037 locals.values.size: 8
host_utc=2026-09-30T08:30:50.807+00:00 host_mono_ns=2516069997669018 [2026-09-30 08:30:50.807] [info] restore label stack
host_utc=2026-09-30T08:30:50.807+00:00 host_mono_ns=2516069997690358 local_cell_num: 14
host_utc=2026-09-30T08:30:50.807+00:00 host_mono_ns=2516069997701580 locals.values.size: 14
host_utc=2026-09-30T08:30:50.807+00:00 host_mono_ns=2516069997712811 [2026-09-30 08:30:50.807] [info] restore label stack
host_utc=2026-09-30T08:30:50.807+00:00 host_mono_ns=2516069997723721 local_cell_num: 215
host_utc=2026-09-30T08:30:50.807+00:00 host_mono_ns=2516069997734542 locals.values.size: 215
host_utc=2026-09-30T08:30:50.807+00:00 host_mono_ns=2516069997745643 [2026-09-30 08:30:50.807] [info] restore label stack
host_utc=2026-09-30T08:30:50.807+00:00 host_mono_ns=2516069997756483 local_cell_num: 77
host_utc=2026-09-30T08:30:50.807+00:00 host_mono_ns=2516069997767314 locals.values.size: 77
host_utc=2026-09-30T08:30:50.807+00:00 host_mono_ns=2516069997778194 [2026-09-30 08:30:50.807] [info] restore label stack
host_utc=2026-09-30T08:30:50.807+00:00 host_mono_ns=2516069997789155 local_cell_num: 22
host_utc=2026-09-30T08:30:50.807+00:00 host_mono_ns=2516069997800066 locals.values.size: 22
host_utc=2026-09-30T08:30:50.807+00:00 host_mono_ns=2516069997810886 [2026-09-30 08:30:50.807] [info] restore label stack
host_utc=2026-09-30T08:30:50.807+00:00 host_mono_ns=2516069997821737 [2026-09-30 08:30:50.807] [info] Finish to restore stack
host_utc=2026-09-30T08:30:50.807+00:00 host_mono_ns=2516069997833118 
host_utc=2026-09-30T08:30:50.807+00:00 host_mono_ns=2516069997850471 global, 12023
host_utc=2026-09-30T08:30:50.807+00:00 host_mono_ns=2516069997862013 program counter, 8366
host_utc=2026-09-30T08:30:50.807+00:00 host_mono_ns=2516069998048695 initします
host_utc=2026-09-30T08:30:50.808+00:00 host_mono_ns=2516069999134447 boot_end, 2516069998980916
host_utc=2026-09-30T08:30:50.808+00:00 host_mono_ns=2516069999151308 stack, 62588
host_utc=2026-09-30T08:30:50.808+00:00 host_mono_ns=2516069999162790 wasm_cluster_increase_checkpointing_counter called 1
host_utc=2026-09-30T08:30:50.809+00:00 host_mono_ns=2516069999174212 wasm_cluster_increase_checkpointing_counter called 2
host_utc=2026-09-30T08:30:50.809+00:00 host_mono_ns=2516069999185413 wasm_cluster_increase_checkpointing_counter called 3
host_utc=2026-09-30T08:30:50.809+00:00 host_mono_ns=2516069999196424 [02:54:29:404 - 78ABF606C840]: warning: failed to link import function (env, pthread_exit)
host_utc=2026-09-30T08:30:50.809+00:00 host_mono_ns=2516069999208106 thread 4 restore
host_utc=2026-09-30T08:30:50.809+00:00 host_mono_ns=2516069999219387 Restoring wasm thread 3
host_utc=2026-09-30T08:30:50.809+00:00 host_mono_ns=2516069999230568 [2026-09-30 08:30:50.808] [info] wasm_restore_stack
host_utc=2026-09-30T08:30:50.809+00:00 host_mono_ns=2516069999241739 
host_utc=2026-09-30T08:30:50.809+00:00 host_mono_ns=2516069999252590 local_cell_num: 2
host_utc=2026-09-30T08:30:50.809+00:00 host_mono_ns=2516069999263320 locals.values.size: 2
host_utc=2026-09-30T08:30:50.809+00:00 host_mono_ns=2516069999274231 [2026-09-30 08:30:50.808] [info] restore label stack
host_utc=2026-09-30T08:30:50.809+00:00 host_mono_ns=2516069999285161 local_cell_num: 8
host_utc=2026-09-30T08:30:50.809+00:00 host_mono_ns=2516069999295872 locals.values.size: 8
host_utc=2026-09-30T08:30:50.809+00:00 host_mono_ns=2516069999306702 [2026-09-30 08:30:50.808] [info] restore label stack
host_utc=2026-09-30T08:30:50.809+00:00 host_mono_ns=2516069999317663 local_cell_num: 14
host_utc=2026-09-30T08:30:50.809+00:00 host_mono_ns=2516069999328303 locals.values.size: 14
host_utc=2026-09-30T08:30:50.809+00:00 host_mono_ns=2516069999339173 [2026-09-30 08:30:50.808] [info] restore label stack
host_utc=2026-09-30T08:30:50.809+00:00 host_mono_ns=2516069999350104 local_cell_num: 215
host_utc=2026-09-30T08:30:50.809+00:00 host_mono_ns=2516069999360894 locals.values.size: 215
host_utc=2026-09-30T08:30:50.809+00:00 host_mono_ns=2516069999371775 [2026-09-30 08:30:50.808] [info] restore label stack
host_utc=2026-09-30T08:30:50.809+00:00 host_mono_ns=2516069999382665 local_cell_num: 77
host_utc=2026-09-30T08:30:50.809+00:00 host_mono_ns=2516069999393235 locals.values.size: 77
host_utc=2026-09-30T08:30:50.809+00:00 host_mono_ns=2516069999412041 [2026-09-30 08:30:50.808] [info] restore label stack
host_utc=2026-09-30T08:30:50.809+00:00 host_mono_ns=2516069999423012 local_cell_num: 22
host_utc=2026-09-30T08:30:50.809+00:00 host_mono_ns=2516069999433752 locals.values.size: 22
host_utc=2026-09-30T08:30:50.809+00:00 host_mono_ns=2516069999444582 [2026-09-30 08:30:50.808] [info] restore label stack
host_utc=2026-09-30T08:30:50.809+00:00 host_mono_ns=2516069999455543 [2026-09-30 08:30:50.808] [info] Finish to restore stack
host_utc=2026-09-30T08:30:50.809+00:00 host_mono_ns=2516069999466584 
host_utc=2026-09-30T08:30:50.809+00:00 host_mono_ns=2516069999482083 global, 17172
host_utc=2026-09-30T08:30:50.809+00:00 host_mono_ns=2516069999493174 program counter, 9728
host_utc=2026-09-30T08:30:50.809+00:00 host_mono_ns=2516069999583896 initします
host_utc=2026-09-30T08:30:50.810+00:00 host_mono_ns=2516070001126460 [02:54:29:068 - 78ABF606C840]: warning: failed to link import function (env, pthread_exit)
host_utc=2026-09-30T08:30:50.810+00:00 host_mono_ns=2516070001142069 wasm_cluster_increase_checkpointing_counter called 1
host_utc=2026-09-30T08:30:50.810+00:00 host_mono_ns=2516070001153721 wasm_cluster_increase_checkpointing_counter called 2
host_utc=2026-09-30T08:30:50.810+00:00 host_mono_ns=2516070001164902 wasm_cluster_increase_checkpointing_counter called 3
host_utc=2026-09-30T08:30:50.811+00:00 host_mono_ns=2516070001175983 thread 3 restore
host_utc=2026-09-30T08:30:50.811+00:00 host_mono_ns=2516070001186874 Restoring wasm thread 2
host_utc=2026-09-30T08:30:50.811+00:00 host_mono_ns=2516070001197794 [2026-09-30 08:30:50.810] [info] wasm_restore_stack
host_utc=2026-09-30T08:30:50.811+00:00 host_mono_ns=2516070001208755 
host_utc=2026-09-30T08:30:50.811+00:00 host_mono_ns=2516070001224304 boot_end, 2516070001015881
host_utc=2026-09-30T08:30:50.811+00:00 host_mono_ns=2516070001236568 local_cell_num: 2
host_utc=2026-09-30T08:30:50.811+00:00 host_mono_ns=2516070001248300 locals.values.size: 2
host_utc=2026-09-30T08:30:50.811+00:00 host_mono_ns=2516070001259741 [02:54:30:096 - 78ABF606C840]: warning: failed to link import function (env, pthread_exit)
host_utc=2026-09-30T08:30:50.811+00:00 host_mono_ns=2516070001271203 [2026-09-30 08:30:50.810] [info] restore label stack
host_utc=2026-09-30T08:30:50.811+00:00 host_mono_ns=2516070001282214 local_cell_num: 8
host_utc=2026-09-30T08:30:50.811+00:00 host_mono_ns=2516070001292854 locals.values.size: 8
host_utc=2026-09-30T08:30:50.811+00:00 host_mono_ns=2516070001303574 [2026-09-30 08:30:50.810] [info] restore label stack
host_utc=2026-09-30T08:30:50.811+00:00 host_mono_ns=2516070001314455 local_cell_num: 14
host_utc=2026-09-30T08:30:50.811+00:00 host_mono_ns=2516070001325205 locals.values.size: 14
host_utc=2026-09-30T08:30:50.811+00:00 host_mono_ns=2516070001336076 [2026-09-30 08:30:50.810] [info] restore label stack
host_utc=2026-09-30T08:30:50.811+00:00 host_mono_ns=2516070001346866 local_cell_num: 215
host_utc=2026-09-30T08:30:50.811+00:00 host_mono_ns=2516070001357666 locals.values.size: 215
host_utc=2026-09-30T08:30:50.811+00:00 host_mono_ns=2516070001368517 [2026-09-30 08:30:50.810] [info] restore label stack
host_utc=2026-09-30T08:30:50.811+00:00 host_mono_ns=2516070001379297 local_cell_num: 77
host_utc=2026-09-30T08:30:50.811+00:00 host_mono_ns=2516070001389937 locals.values.size: 77
host_utc=2026-09-30T08:30:50.811+00:00 host_mono_ns=2516070001400638 [2026-09-30 08:30:50.810] [info] restore label stack
host_utc=2026-09-30T08:30:50.811+00:00 host_mono_ns=2516070001411348 thread 2 restore
host_utc=2026-09-30T08:30:50.811+00:00 host_mono_ns=2516070001422098 local_cell_num: 22
host_utc=2026-09-30T08:30:50.811+00:00 host_mono_ns=2516070001432698 locals.values.size: 22
host_utc=2026-09-30T08:30:50.811+00:00 host_mono_ns=2516070001443469 [2026-09-30 08:30:50.810] [info] restore label stack
host_utc=2026-09-30T08:30:50.811+00:00 host_mono_ns=2516070001454309 [2026-09-30 08:30:50.810] [info] Finish to restore stack
host_utc=2026-09-30T08:30:50.811+00:00 host_mono_ns=2516070001472844 
host_utc=2026-09-30T08:30:50.811+00:00 host_mono_ns=2516070001483815 stack, 97494
host_utc=2026-09-30T08:30:50.811+00:00 host_mono_ns=2516070001494505 global, 22814
host_utc=2026-09-30T08:30:50.811+00:00 host_mono_ns=2516070001505305 program counter, 13205
host_utc=2026-09-30T08:30:50.811+00:00 host_mono_ns=2516070001531014 initします
host_utc=2026-09-30T08:30:50.812+00:00 host_mono_ns=2516070002926060 wasm_cluster_increase_checkpointing_counter called 1
host_utc=2026-09-30T08:30:50.812+00:00 host_mono_ns=2516070002942050 Restoring wasm thread 1
host_utc=2026-09-30T08:30:50.812+00:00 host_mono_ns=2516070002953301 wasm_cluster_increase_checkpointing_counter called 2
host_utc=2026-09-30T08:30:50.812+00:00 host_mono_ns=2516070002964302 wasm_cluster_increase_checkpointing_counter called 3
host_utc=2026-09-30T08:30:50.812+00:00 host_mono_ns=2516070002975423 [2026-09-30 08:30:50.812] [info] wasm_restore_stack
host_utc=2026-09-30T08:30:50.812+00:00 host_mono_ns=2516070002986444 
host_utc=2026-09-30T08:30:50.812+00:00 host_mono_ns=2516070002997314 boot_end, 2516070002820690
host_utc=2026-09-30T08:30:50.812+00:00 host_mono_ns=2516070003027501 local_cell_num: 2
host_utc=2026-09-30T08:30:50.812+00:00 host_mono_ns=2516070003043121 locals.values.size: 2
host_utc=2026-09-30T08:30:50.812+00:00 host_mono_ns=2516070003054232 [2026-09-30 08:30:50.812] [info] restore label stack
host_utc=2026-09-30T08:30:50.812+00:00 host_mono_ns=2516070003065263 local_cell_num: 8
host_utc=2026-09-30T08:30:50.812+00:00 host_mono_ns=2516070003076033 locals.values.size: 8
host_utc=2026-09-30T08:30:50.812+00:00 host_mono_ns=2516070003086813 [02:54:30:899 - 78ABF606C840]: local_cell_num: 14
host_utc=2026-09-30T08:30:50.812+00:00 host_mono_ns=2516070003097754 locals.values.size: 14
host_utc=2026-09-30T08:30:50.812+00:00 host_mono_ns=2516070003108614 [2026-09-30 08:30:50.812] [info] restore label stack
host_utc=2026-09-30T08:30:50.812+00:00 host_mono_ns=2516070003119435 local_cell_num: 215
host_utc=2026-09-30T08:30:50.812+00:00 host_mono_ns=2516070003130185 locals.values.size: 215
host_utc=2026-09-30T08:30:50.812+00:00 host_mono_ns=2516070003140986 [2026-09-30 08:30:50.812] [info] restore label stack
host_utc=2026-09-30T08:30:50.812+00:00 host_mono_ns=2516070003151836 local_cell_num: 77
host_utc=2026-09-30T08:30:50.812+00:00 host_mono_ns=2516070003162496 locals.values.size: 77
host_utc=2026-09-30T08:30:50.813+00:00 host_mono_ns=2516070003173297 [2026-09-30 08:30:50.812] [info] restore label stack
host_utc=2026-09-30T08:30:50.813+00:00 host_mono_ns=2516070003184097 local_cell_num: 22
host_utc=2026-09-30T08:30:50.813+00:00 host_mono_ns=2516070003194797 locals.values.size: 22
host_utc=2026-09-30T08:30:50.813+00:00 host_mono_ns=2516070003205648 [2026-09-30 08:30:50.812] [info] restore label stack
host_utc=2026-09-30T08:30:50.813+00:00 host_mono_ns=2516070003216548 warning: failed to link import function (env, pthread_exit)[2026-09-30 08:30:50.812] [info] Finish to restore stack
host_utc=2026-09-30T08:30:50.813+00:00 host_mono_ns=2516070003228401 
host_utc=2026-09-30T08:30:50.813+00:00 host_mono_ns=2516070003239372 stack, 91874
host_utc=2026-09-30T08:30:50.813+00:00 host_mono_ns=2516070003250162 global, 18184
host_utc=2026-09-30T08:30:50.813+00:00 host_mono_ns=2516070003260972 program counter, 10219
host_utc=2026-09-30T08:30:50.813+00:00 host_mono_ns=2516070003325945 initします
host_utc=2026-09-30T08:30:50.813+00:00 host_mono_ns=2516070003339561 
host_utc=2026-09-30T08:30:50.813+00:00 host_mono_ns=2516070003350722 thread 1 restore
host_utc=2026-09-30T08:30:50.813+00:00 host_mono_ns=2516070003362003 wasm_cluster_increase_checkpointing_counter called 1
host_utc=2026-09-30T08:30:50.813+00:00 host_mono_ns=2516070003373385 [2026-09-30 08:30:50.813] [info] wasm_restore_stack
host_utc=2026-09-30T08:30:50.813+00:00 host_mono_ns=2516070003384556 
host_utc=2026-09-30T08:30:50.814+00:00 host_mono_ns=2516070004299895 boot_end, 2516070004138260
host_utc=2026-09-30T08:30:50.814+00:00 host_mono_ns=2516070004314963 stack, 1004908
host_utc=2026-09-30T08:30:50.814+00:00 host_mono_ns=2516070004334390 wasm_cluster_increase_checkpointing_counter called 2
host_utc=2026-09-30T08:30:50.814+00:00 host_mono_ns=2516070004345571 wasm_cluster_increase_checkpointing_counter called 3
host_utc=2026-09-30T08:30:50.814+00:00 host_mono_ns=2516070004356622 [2026-09-30 08:30:50.813] [info] wasm_restore_stack
host_utc=2026-09-30T08:30:50.814+00:00 host_mono_ns=2516070004367633 
host_utc=2026-09-30T08:30:50.814+00:00 host_mono_ns=2516070004378453 local_cell_num: 1
host_utc=2026-09-30T08:30:50.814+00:00 host_mono_ns=2516070004389254 locals.values.size: 1
host_utc=2026-09-30T08:30:50.814+00:00 host_mono_ns=2516070004400174 [2026-09-30 08:30:50.814] [info] restore label stack
host_utc=2026-09-30T08:30:50.814+00:00 host_mono_ns=2516070004410975 local_cell_num: 3
host_utc=2026-09-30T08:30:50.814+00:00 host_mono_ns=2516070004421665 locals.values.size: 3
host_utc=2026-09-30T08:30:50.814+00:00 host_mono_ns=2516070004432445 [2026-09-30 08:30:50.814] [info] restore label stack
host_utc=2026-09-30T08:30:50.814+00:00 host_mono_ns=2516070004443356 local_cell_num: 147
host_utc=2026-09-30T08:30:50.814+00:00 host_mono_ns=2516070004454076 locals.values.size: 147
host_utc=2026-09-30T08:30:50.814+00:00 host_mono_ns=2516070004464947 [2026-09-30 08:30:50.814] [info] restore label stack
host_utc=2026-09-30T08:30:50.814+00:00 host_mono_ns=2516070004475847 local_cell_num: 19
host_utc=2026-09-30T08:30:50.814+00:00 host_mono_ns=2516070004486658 locals.values.size: 19
host_utc=2026-09-30T08:30:50.814+00:00 host_mono_ns=2516070004497498 [2026-09-30 08:30:50.814] [info] restore label stack
host_utc=2026-09-30T08:30:50.814+00:00 host_mono_ns=2516070004508289 local_cell_num: 63
host_utc=2026-09-30T08:30:50.814+00:00 host_mono_ns=2516070004518959 locals.values.size: 63
host_utc=2026-09-30T08:30:50.814+00:00 host_mono_ns=2516070004529879 [2026-09-30 08:30:50.814] [info] restore label stack
host_utc=2026-09-30T08:30:50.814+00:00 host_mono_ns=2516070004540680 local_cell_num: 9
host_utc=2026-09-30T08:30:50.814+00:00 host_mono_ns=2516070004551440 locals.values.size: 9
host_utc=2026-09-30T08:30:50.814+00:00 host_mono_ns=2516070004562180 [2026-09-30 08:30:50.814] [info] restore label stack
host_utc=2026-09-30T08:30:50.814+00:00 host_mono_ns=2516070004573081 local_cell_num: 9
host_utc=2026-09-30T08:30:50.814+00:00 host_mono_ns=2516070004583671 locals.values.size: 9
host_utc=2026-09-30T08:30:50.814+00:00 host_mono_ns=2516070004594471 [2026-09-30 08:30:50.814] [info] restore label stack
host_utc=2026-09-30T08:30:50.814+00:00 host_mono_ns=2516070004605232 local_cell_num: 6
host_utc=2026-09-30T08:30:50.814+00:00 host_mono_ns=2516070004615942 locals.values.size: 6
host_utc=2026-09-30T08:30:50.814+00:00 host_mono_ns=2516070004626632 [2026-09-30 08:30:50.814] [info] restore label stack
host_utc=2026-09-30T08:30:50.814+00:00 host_mono_ns=2516070004637633 [2026-09-30 08:30:50.814] [info] Finish to restore stack
host_utc=2026-09-30T08:30:50.814+00:00 host_mono_ns=2516070004648694 
host_utc=2026-09-30T08:30:50.814+00:00 host_mono_ns=2516070004659344 local_cell_num: 2
host_utc=2026-09-30T08:30:50.814+00:00 host_mono_ns=2516070004670074 locals.values.size: 2
host_utc=2026-09-30T08:30:50.814+00:00 host_mono_ns=2516070004680955 [2026-09-30 08:30:50.814] [info] restore label stack
host_utc=2026-09-30T08:30:50.814+00:00 host_mono_ns=2516070004691725 local_cell_num: 8
host_utc=2026-09-30T08:30:50.814+00:00 host_mono_ns=2516070004702435 locals.values.size: 8
host_utc=2026-09-30T08:30:50.814+00:00 host_mono_ns=2516070004713256 [2026-09-30 08:30:50.814] [info] restore label stack
host_utc=2026-09-30T08:30:50.814+00:00 host_mono_ns=2516070004724166 local_cell_num: 14
host_utc=2026-09-30T08:30:50.814+00:00 host_mono_ns=2516070004734837 locals.values.size: 14
host_utc=2026-09-30T08:30:50.814+00:00 host_mono_ns=2516070004745687 [2026-09-30 08:30:50.814] [info] restore label stack
host_utc=2026-09-30T08:30:50.814+00:00 host_mono_ns=2516070004756558 local_cell_num: 155
host_utc=2026-09-30T08:30:50.814+00:00 host_mono_ns=2516070004767468 locals.values.size: 155
host_utc=2026-09-30T08:30:50.814+00:00 host_mono_ns=2516070004784861 [2026-09-30 08:30:50.814] [info] restore label stack
host_utc=2026-09-30T08:30:50.814+00:00 host_mono_ns=2516070004795842 local_cell_num: 19
host_utc=2026-09-30T08:30:50.814+00:00 host_mono_ns=2516070004806422 locals.values.size: 19
host_utc=2026-09-30T08:30:50.814+00:00 host_mono_ns=2516070004817292 [2026-09-30 08:30:50.814] [info] restore label stack
host_utc=2026-09-30T08:30:50.814+00:00 host_mono_ns=2516070004828233 local_cell_num: 63
host_utc=2026-09-30T08:30:50.814+00:00 host_mono_ns=2516070004839023 locals.values.size: 63
host_utc=2026-09-30T08:30:50.814+00:00 host_mono_ns=2516070004849814 [2026-09-30 08:30:50.814] [info] restore label stack
host_utc=2026-09-30T08:30:50.814+00:00 host_mono_ns=2516070004860754 local_cell_num: 9
host_utc=2026-09-30T08:30:50.814+00:00 host_mono_ns=2516070004871405 locals.values.size: 9
host_utc=2026-09-30T08:30:50.814+00:00 host_mono_ns=2516070004882245 [2026-09-30 08:30:50.814] [info] restore label stack
host_utc=2026-09-30T08:30:50.814+00:00 host_mono_ns=2516070004893015 local_cell_num: 9
host_utc=2026-09-30T08:30:50.814+00:00 host_mono_ns=2516070004903796 locals.values.size: 9
host_utc=2026-09-30T08:30:50.814+00:00 host_mono_ns=2516070004914496 [2026-09-30 08:30:50.814] [info] restore label stack
host_utc=2026-09-30T08:30:50.814+00:00 host_mono_ns=2516070004925296 local_cell_num: 6
host_utc=2026-09-30T08:30:50.814+00:00 host_mono_ns=2516070004935976 locals.values.size: 6
host_utc=2026-09-30T08:30:50.814+00:00 host_mono_ns=2516070004946837 [2026-09-30 08:30:50.814] [info] restore label stack
host_utc=2026-09-30T08:30:50.814+00:00 host_mono_ns=2516070004957657 [2026-09-30 08:30:50.814] [info] Finish to restore stack
host_utc=2026-09-30T08:30:50.814+00:00 host_mono_ns=2516070004968628 
host_utc=2026-09-30T08:30:50.814+00:00 host_mono_ns=2516070004984047 stack, 79210
host_utc=2026-09-30T08:30:50.814+00:00 host_mono_ns=2516070004994908 global, 17743
host_utc=2026-09-30T08:30:50.814+00:00 host_mono_ns=2516070005023602 program counter, 9077
host_utc=2026-09-30T08:30:51.571+00:00 host_mono_ns=2516070761237682 memory, 756687685
host_utc=2026-09-30T08:30:51.571+00:00 host_mono_ns=2516070761305280 Restore: add_membership for fd 6 used destination default interface
host_utc=2026-09-30T08:30:51.571+00:00 host_mono_ns=2516070761322583 Restore: add_membership for fd 10 used destination default interface
host_utc=2026-09-30T08:30:51.571+00:00 host_mono_ns=2516070761343953 global, 15860
host_utc=2026-09-30T08:30:51.571+00:00 host_mono_ns=2516070761356176 program counter, 11131
host_utc=2026-09-30T08:30:51.575+00:00 host_mono_ns=2516070765532656 '
host_utc=2026-09-30T08:30:51.575+00:00 host_mono_ns=2516070765562011 LOG_DEBUG : 00000015.233 : [MROS2LIB] message get [callback_handler] msg_sn_high: 0 msg_sn_low: c
host_utc=2026-09-30T08:30:51.575+00:00 host_mono_ns=2516070765577761 subscribed msg: 'Hello from mros2-posix onto Linux: 15'
host_utc=2026-09-30T08:30:51.575+00:00 host_mono_ns=2516070765598851 LOG_ERROR : 00000019.139 : LOG_ERROR : 00000019.139 : UDP_RECV result=error errno=27 fd=6 recv=-1UDP_RECV result=error errno=27 fd=4 recv=-1
host_utc=2026-09-30T08:30:51.575+00:00 host_mono_ns=2516070765612918 LOG_ERROR : 00000019.139 :
host_utc=2026-09-30T08:30:51.575+00:00 host_mono_ns=2516070765624369 LOG_ERROR : 00000019.139 : UDP_RECV result=error errno=27 fd=10 recv=-1UDP_RECV_RECOVERY action=start fd=4
host_utc=2026-09-30T08:30:51.575+00:00 host_mono_ns=2516070765636272 LOG_ERROR : 00000019.140 :
host_utc=2026-09-30T08:30:51.575+00:00 host_mono_ns=2516070765647172 LOG_ERROR : 00000019.139 : netif_wasm: local ip changed to 0x060012ac
host_utc=2026-09-30T08:30:51.575+00:00 host_mono_ns=2516070765658484 UDP_RECV_RECOVERY action=start fd=6UDP_RECV_RECOVERY action=start fd=10
host_utc=2026-09-30T08:30:51.575+00:00 host_mono_ns=2516070765669615 LOG_ERROR : 00000019.140 :
host_utc=2026-09-30T08:30:51.575+00:00 host_mono_ns=2516070765680415 LOG_ERROR : 00000019.139 : set TTL: ttl=255, optlen=4
host_utc=2026-09-30T08:30:51.575+00:00 host_mono_ns=2516070765710462 UDP_RECV result=error errno=27 fd=14 recv=-1LOG_ERROR : 00000019.141 :
host_utc=2026-09-30T08:30:51.575+00:00 host_mono_ns=2516070765722054 UDP_RECV_RECOVERY result=ok rc=0 old_fd=4 new_fd=4UDP_RECV_RECOVERY result=ok rc=0 old_fd=10 new_fd=15
host_utc=2026-09-30T08:30:51.575+00:00 host_mono_ns=2516070765733676 
host_utc=2026-09-30T08:30:51.575+00:00 host_mono_ns=2516070765745127 LOG_ERROR : 00000019.141 : set TTL: ttl=255, optlen=4
host_utc=2026-09-30T08:30:51.575+00:00 host_mono_ns=2516070765756128 UDP_RECV_RECOVERY action=start fd=14LOG_ERROR : 00000019.141 :
host_utc=2026-09-30T08:30:57.575+00:00 host_mono_ns=2516076766114969 UDP_RECV_RECOVERY result=ok rc=0 old_fd=6 new_fd=5
host_utc=2026-09-30T08:30:57.576+00:00 host_mono_ns=2516076766180783 LOG_ERROR : 00000019.142 : UDP_RECV_RECOVERY result=ok rc=0 old_fd=14 new_fd=7
host_utc=2026-09-30T08:30:57.576+00:00 host_mono_ns=2516076766197254 publishing msg: 'Hello from mros2-posix onto Linux: 16'
host_utc=2026-09-30T08:30:57.576+00:00 host_mono_ns=2516076766219997 publishing msg: 'Hello from mros2-posix onto Linux: 17'
host_utc=2026-09-30T08:30:57.576+00:00 host_mono_ns=2516076766235146 LOG_DEBUG : 00000021.141 : [MROS2LIB] message get [callback_handler] msg_sn_high: 0 msg_sn_low: e
host_utc=2026-09-30T08:30:57.576+00:00 host_mono_ns=2516076766249593 subscribed msg: 'Hello from mros2-posix onto Linux: 17'
host_utc=2026-09-30T08:30:57.576+00:00 host_mono_ns=2516076766264040 publishing msg: 'Hello from mros2-posix onto Linux: 18'
host_utc=2026-09-30T08:30:57.576+00:00 host_mono_ns=2516076766278367 LOG_DEBUG : 00000022.141 : [MROS2LIB] message get [callback_handler] msg_sn_high: 0 msg_sn_low: f
host_utc=2026-09-30T08:30:57.576+00:00 host_mono_ns=2516076766291923 subscribed msg: 'Hello from mros2-posix onto Linux: 18'
host_utc=2026-09-30T08:30:57.576+00:00 host_mono_ns=2516076766305819 publishing msg: 'Hello from mros2-posix onto Linux: 19'
host_utc=2026-09-30T08:30:57.576+00:00 host_mono_ns=2516076766319665 LOG_DEBUG : 00000023.142 : [MROS2LIB] message get [callback_handler] msg_sn_high: 0 msg_sn_low: 10
host_utc=2026-09-30T08:30:57.576+00:00 host_mono_ns=2516076766332921 subscribed msg: 'Hello from mros2-posix onto Linux: 19'
host_utc=2026-09-30T08:30:57.576+00:00 host_mono_ns=2516076766346697 publishing msg: 'Hello from mros2-posix onto Linux: 20'
host_utc=2026-09-30T08:30:57.576+00:00 host_mono_ns=2516076766360212 LOG_DEBUG : 00000024.142 : [MROS2LIB] message get [callback_handler] msg_sn_high: 0 msg_sn_low: 11
host_utc=2026-09-30T08:30:57.576+00:00 host_mono_ns=2516076766373227 subscribed msg: 'Hello from mros2-posix onto Linux: 20'
host_utc=2026-09-30T08:31:02.579+00:00 host_mono_ns=2516081769245972 publishing msg: 'Hello from mros2-posix onto Linux: 21'
host_utc=2026-09-30T08:31:02.579+00:00 host_mono_ns=2516081769291167 LOG_DEBUG : 00000025.143 : [MROS2LIB] message get [callback_handler] msg_sn_high: 0 msg_sn_low: 12
host_utc=2026-09-30T08:31:02.579+00:00 host_mono_ns=2516081769308550 subscribed msg: 'Hello from mros2-posix onto Linux: 21'
host_utc=2026-09-30T08:31:02.579+00:00 host_mono_ns=2516081769324410 publishing msg: 'Hello from mros2-posix onto Linux: 22'
host_utc=2026-09-30T08:31:02.579+00:00 host_mono_ns=2516081769339499 LOG_DEBUG : 00000026.144 : [MROS2LIB] message get [callback_handler] msg_sn_high: 0 msg_sn_low: 13
host_utc=2026-09-30T08:31:02.579+00:00 host_mono_ns=2516081769353295 subscribed msg: 'Hello from mros2-posix onto Linux: 22'
host_utc=2026-09-30T08:31:02.579+00:00 host_mono_ns=2516081769368724 publishing msg: 'Hello from mros2-posix onto Linux: 23'
host_utc=2026-09-30T08:31:02.579+00:00 host_mono_ns=2516081769382791 LOG_DEBUG : 00000027.144 : [MROS2LIB] message get [callback_handler] msg_sn_high: 0 msg_sn_low: 14
host_utc=2026-09-30T08:31:02.579+00:00 host_mono_ns=2516081769396697 subscribed msg: 'Hello from mros2-posix onto Linux: 23'
host_utc=2026-09-30T08:31:02.579+00:00 host_mono_ns=2516081769412106 publishing msg: 'Hello from mros2-posix onto Linux: 24'
host_utc=2026-09-30T08:31:02.579+00:00 host_mono_ns=2516081769442744 LOG_DEBUG : 00000028.145 : [MROS2LIB] message get [callback_handler] msg_sn_high: 0 msg_sn_low: 15
host_utc=2026-09-30T08:31:02.579+00:00 host_mono_ns=2516081769454226 subscribed msg: 'Hello from mros2-posix onto Linux: 24'
host_utc=2026-09-30T08:31:02.579+00:00 host_mono_ns=2516081769466028 publishing msg: 'Hello from mros2-posix onto Linux: 25'
host_utc=2026-09-30T08:31:02.579+00:00 host_mono_ns=2516081769477369 LOG_DEBUG : 00000029.146 : [MROS2LIB] message get [callback_handler] msg_sn_high: 0 msg_sn_low: 16
host_utc=2026-09-30T08:31:02.579+00:00 host_mono_ns=2516081769488140 subscribed msg: 'Hello from mros2-posix onto Linux: 25'
host_utc=2026-09-30T08:31:06.583+00:00 host_mono_ns=2516085774181331 publishing msg: 'Hello from mros2-posix onto Linux: 26'
host_utc=2026-09-30T08:31:06.584+00:00 host_mono_ns=2516085774247946 LOG_DEBUG : 00000030.146 : [MROS2LIB] message get [callback_handler] msg_sn_high: 0 msg_sn_low: 17
host_utc=2026-09-30T08:31:06.584+00:00 host_mono_ns=2516085774263836 subscribed msg: 'Hello from mros2-posix onto Linux: 26'
host_utc=2026-09-30T08:31:06.584+00:00 host_mono_ns=2516085774277783 publishing msg: 'Hello from mros2-posix onto Linux: 27'
host_utc=2026-09-30T08:31:06.584+00:00 host_mono_ns=2516085774289785 LOG_DEBUG : 00000031.147 : [MROS2LIB] message get [callback_handler] msg_sn_high: 0 msg_sn_low: 18
host_utc=2026-09-30T08:31:06.584+00:00 host_mono_ns=2516085774301417 subscribed msg: 'Hello from mros2-posix onto Linux: 27'
host_utc=2026-09-30T08:31:06.584+00:00 host_mono_ns=2516085774313370 publishing msg: 'Hello from mros2-posix onto Linux: 28'
host_utc=2026-09-30T08:31:06.584+00:00 host_mono_ns=2516085774325002 LOG_DEBUG : 00000032.148 : [MROS2LIB] message get [callback_handler] msg_sn_high: 0 msg_sn_low: 19
host_utc=2026-09-30T08:31:06.584+00:00 host_mono_ns=2516085774336113 subscribed msg: 'Hello from mros2-posix onto Linux: 28'
host_utc=2026-09-30T08:31:06.584+00:00 host_mono_ns=2516085774347675 publishing msg: 'Hello from mros2-posix onto Linux: 29'
host_utc=2026-09-30T08:31:06.584+00:00 host_mono_ns=2516085774359247 LOG_DEBUG : 00000033.148 : [MROS2LIB] message get [callback_handler] msg_sn_high: 0 msg_sn_low: 1a
host_utc=2026-09-30T08:31:06.584+00:00 host_mono_ns=2516085774370127 subscribed msg: 'Hello from mros2-posix onto Linux: 29'
host_utc=2026-09-30T08:31:06.584+00:00 host_mono_ns=2516085774381679 publishing msg: 'Hello from mros2-posix onto Linux: 30'
host_utc=2026-09-30T08:31:06.584+00:00 host_mono_ns=2516085774393341 LOG_DEBUG : 00000034.149 : [MROS2LIB] message get [callback_handler] msg_sn_high: 0 msg_sn_low: 1b
host_utc=2026-09-30T08:31:06.866+00:00 host_mono_ns=2516086056954258 subscribed msg: 'Hello from mros2-posix onto Linux: 30
host_utc=2026-09-30T08:31:06.866+00:00 host_mono_ns=2516086057056821 event=collector_process_exit source=restore exit_status=143
