host_utc=2026-09-30T08:09:40.428+00:00 host_mono_ns=2514799619155203 boot_start, 2514799618917594
host_utc=2026-09-30T08:09:40.636+00:00 host_mono_ns=2514799826688826 11 stderr
host_utc=2026-09-30T08:09:40.636+00:00 host_mono_ns=2514799826743649 22 stderr
host_utc=2026-09-30T08:09:40.636+00:00 host_mono_ns=2514799826757756 signal init: 129816978708032
host_utc=2026-09-30T08:09:40.636+00:00 host_mono_ns=2514799826769959 initします
host_utc=2026-09-30T08:09:40.637+00:00 host_mono_ns=2514799827465293 boot_end, 2514799827314368
host_utc=2026-09-30T08:09:40.637+00:00 host_mono_ns=2514799827760501 3 stderr
host_utc=2026-09-30T08:09:40.637+00:00 host_mono_ns=2514799828038506 initします
host_utc=2026-09-30T08:09:40.639+00:00 host_mono_ns=2514799829462416 boot_end, 2514799829303706
host_utc=2026-09-30T08:09:40.639+00:00 host_mono_ns=2514799829599224 [02:33:19:783 - 76115F0A9840]: Load type section success.
host_utc=2026-09-30T08:09:40.639+00:00 host_mono_ns=2514799829620174 
host_utc=2026-09-30T08:09:40.639+00:00 host_mono_ns=2514799829631075 [02:33:19:808 - 76115F0A9840]: Load import section success.
host_utc=2026-09-30T08:09:40.639+00:00 host_mono_ns=2514799829640583 
host_utc=2026-09-30T08:09:40.639+00:00 host_mono_ns=2514799829649039 [02:33:19:148 - 76115F0A9840]: Load function section success.
host_utc=2026-09-30T08:09:40.639+00:00 host_mono_ns=2514799829657625 
host_utc=2026-09-30T08:09:40.639+00:00 host_mono_ns=2514799829665750 [02:33:19:150 - 76115F0A9840]: Load table section success.
host_utc=2026-09-30T08:09:40.639+00:00 host_mono_ns=2514799829674186 
host_utc=2026-09-30T08:09:40.639+00:00 host_mono_ns=2514799829682281 [02:33:19:151 - 76115F0A9840]: Load global section success.
host_utc=2026-09-30T08:09:40.639+00:00 host_mono_ns=2514799829691298 
host_utc=2026-09-30T08:09:40.639+00:00 host_mono_ns=2514799829699604 [02:33:19:153 - 76115F0A9840]: Load export section success.
host_utc=2026-09-30T08:09:40.639+00:00 host_mono_ns=2514799829707830 
host_utc=2026-09-30T08:09:40.639+00:00 host_mono_ns=2514799829715805 [02:33:19:154 - 76115F0A9840]: Load start section success.
host_utc=2026-09-30T08:09:40.639+00:00 host_mono_ns=2514799829724080 
host_utc=2026-09-30T08:09:40.639+00:00 host_mono_ns=2514799829732115 [02:33:19:158 - 76115F0A9840]: Load table segment section success.
host_utc=2026-09-30T08:09:40.639+00:00 host_mono_ns=2514799829740732 
host_utc=2026-09-30T08:09:40.639+00:00 host_mono_ns=2514799829748677 [02:33:19:158 - 76115F0A9840]: Load datacount section success.
host_utc=2026-09-30T08:09:40.639+00:00 host_mono_ns=2514799829757223 
host_utc=2026-09-30T08:09:40.639+00:00 host_mono_ns=2514799829765208 [02:33:19:159 - 76115F0A9840]: Load code segment section success.
host_utc=2026-09-30T08:09:40.639+00:00 host_mono_ns=2514799829773724 
host_utc=2026-09-30T08:09:40.639+00:00 host_mono_ns=2514799829781649 [02:33:19:160 - 76115F0A9840]: Load data segment section success.
host_utc=2026-09-30T08:09:40.639+00:00 host_mono_ns=2514799829789915 
host_utc=2026-09-30T08:09:40.639+00:00 host_mono_ns=2514799829797890 [02:33:19:160 - 76115F0A9840]: Ignore custom section [.debug_abbrev].
host_utc=2026-09-30T08:09:40.639+00:00 host_mono_ns=2514799829806316 [02:33:19:161 - 76115F0A9840]: Ignore custom section [.debug_info].
host_utc=2026-09-30T08:09:40.639+00:00 host_mono_ns=2514799829814692 [02:33:19:162 - 76115F0A9840]: Ignore custom section [.debug_ranges].
host_utc=2026-09-30T08:09:40.639+00:00 host_mono_ns=2514799829822987 [02:33:19:163 - 76115F0A9840]: Ignore custom section [.debug_str].
host_utc=2026-09-30T08:09:40.639+00:00 host_mono_ns=2514799829831343 [02:33:19:163 - 76115F0A9840]: Ignore custom section [.debug_line].
host_utc=2026-09-30T08:09:40.639+00:00 host_mono_ns=2514799829839649 [02:33:19:164 - 76115F0A9840]: Ignore custom section [.debug_loc].
host_utc=2026-09-30T08:09:40.639+00:00 host_mono_ns=2514799829847944 [02:33:19:164 - 76115F0A9840]: Ignore custom section [name].
host_utc=2026-09-30T08:09:40.639+00:00 host_mono_ns=2514799829856531 [02:33:19:165 - 76115F0A9840]: Ignore custom section [producers].
host_utc=2026-09-30T08:09:40.639+00:00 host_mono_ns=2514799829865167 [02:33:19:165 - 76115F0A9840]: Ignore custom section [target_features].
host_utc=2026-09-30T08:09:40.639+00:00 host_mono_ns=2514799829885125 [02:33:19:166 - 76115F0A9840]: Found aux __heap_base global, value: 7855056
host_utc=2026-09-30T08:09:40.639+00:00 host_mono_ns=2514799829894162 [02:33:19:167 - 76115F0A9840]: Found aux __data_end global, value: 1301444
host_utc=2026-09-30T08:09:40.639+00:00 host_mono_ns=2514799829902918 [02:33:19:167 - 76115F0A9840]: Found aux stack top global, value: 7855056, global index: 0, stack size: 6553600
host_utc=2026-09-30T08:09:40.639+00:00 host_mono_ns=2514799829911735 [02:33:19:169 - 76115F0A9840]: Found malloc function, name: malloc, index: 3154
host_utc=2026-09-30T08:09:40.639+00:00 host_mono_ns=2514799829920241 [02:33:19:169 - 76115F0A9840]: Found free function, name: free, index: 3156
host_utc=2026-09-30T08:09:40.639+00:00 host_mono_ns=2514799829928777 [02:33:19:133 - 76115F0A9840]: Load module success.
host_utc=2026-09-30T08:09:40.639+00:00 host_mono_ns=2514799829937153 
host_utc=2026-09-30T08:09:40.639+00:00 host_mono_ns=2514799829945268 [02:33:19:141 - 76115F0A9840]: Memory instantiate:
host_utc=2026-09-30T08:09:40.639+00:00 host_mono_ns=2514799829953594 [02:33:19:142 - 76115F0A9840]:   page bytes: 65536, init pages: 16384, max pages: 16384
host_utc=2026-09-30T08:09:40.639+00:00 host_mono_ns=2514799829962270 [02:33:19:142 - 76115F0A9840]:   heap offset: 1073741824, heap size: 0
host_utc=2026-09-30T08:09:40.639+00:00 host_mono_ns=2514799829970756 
host_utc=2026-09-30T08:09:40.639+00:00 host_mono_ns=2514799829978772 [02:33:19:169 - 76115F0A9840]: Memory instantiate success.
host_utc=2026-09-30T08:09:40.639+00:00 host_mono_ns=2514799829987087 [02:33:19:296 - 76115F0A9840]: warning: failed to link import function (env, pthread_exit)
host_utc=2026-09-30T08:09:40.639+00:00 host_mono_ns=2514799829995623 Restoring wasm thread 11
host_utc=2026-09-30T08:09:40.639+00:00 host_mono_ns=2514799830014339 [02:33:19:452 - 76115F0A9840]: warning: failed to link import function (env, pthread_exit)
host_utc=2026-09-30T08:09:40.639+00:00 host_mono_ns=2514799830028455 thread 11 restore
host_utc=2026-09-30T08:09:40.639+00:00 host_mono_ns=2514799830036981 Restoring wasm thread 10
host_utc=2026-09-30T08:09:40.639+00:00 host_mono_ns=2514799830045307 [02:33:19:377 - 76115F0A9840]: warning: failed to link import function (env, pthread_exit)stack, 198355
host_utc=2026-09-30T08:09:40.639+00:00 host_mono_ns=2514799830061858 
host_utc=2026-09-30T08:09:40.639+00:00 host_mono_ns=2514799830070795 thread 10 restore
host_utc=2026-09-30T08:09:40.639+00:00 host_mono_ns=2514799830079191 local_cell_num: 2
host_utc=2026-09-30T08:09:40.639+00:00 host_mono_ns=2514799830087477 locals.values.size: 2
host_utc=2026-09-30T08:09:40.639+00:00 host_mono_ns=2514799830096083 [2026-09-30 08:09:40.639] [info] restore label stack
host_utc=2026-09-30T08:09:40.639+00:00 host_mono_ns=2514799830104709 local_cell_num: 8
host_utc=2026-09-30T08:09:40.639+00:00 host_mono_ns=2514799830112965 locals.values.size: 8
host_utc=2026-09-30T08:09:40.639+00:00 host_mono_ns=2514799830121281 [2026-09-30 08:09:40.639] [info] restore label stack
host_utc=2026-09-30T08:09:40.639+00:00 host_mono_ns=2514799830129637 local_cell_num: 14
host_utc=2026-09-30T08:09:40.639+00:00 host_mono_ns=2514799830138002 locals.values.size: 14
host_utc=2026-09-30T08:09:40.639+00:00 host_mono_ns=2514799830146478 [2026-09-30 08:09:40.639] [info] restore label stack
host_utc=2026-09-30T08:09:40.639+00:00 host_mono_ns=2514799830154844 local_cell_num: 45
host_utc=2026-09-30T08:09:40.639+00:00 host_mono_ns=2514799830163060 locals.values.size: 45
host_utc=2026-09-30T08:09:40.640+00:00 host_mono_ns=2514799830171355 [2026-09-30 08:09:40.639] [info] restore label stack
host_utc=2026-09-30T08:09:40.640+00:00 host_mono_ns=2514799830179691 local_cell_num: 19
host_utc=2026-09-30T08:09:40.640+00:00 host_mono_ns=2514799830187877 locals.values.size: 19
host_utc=2026-09-30T08:09:40.640+00:00 host_mono_ns=2514799830196102 [2026-09-30 08:09:40.639] [info] restore label stack
host_utc=2026-09-30T08:09:40.640+00:00 host_mono_ns=2514799830210159 local_cell_num: 63
host_utc=2026-09-30T08:09:40.640+00:00 host_mono_ns=2514799830218404 locals.values.size: 63
host_utc=2026-09-30T08:09:40.640+00:00 host_mono_ns=2514799830226630 [2026-09-30 08:09:40.639] [info] restore label stack
host_utc=2026-09-30T08:09:40.640+00:00 host_mono_ns=2514799830234905 local_cell_num: 9
host_utc=2026-09-30T08:09:40.640+00:00 host_mono_ns=2514799830243181 locals.values.size: 9
host_utc=2026-09-30T08:09:40.640+00:00 host_mono_ns=2514799830251517 [2026-09-30 08:09:40.639] [info] restore label stack
host_utc=2026-09-30T08:09:40.640+00:00 host_mono_ns=2514799830259802 local_cell_num: 9
host_utc=2026-09-30T08:09:40.640+00:00 host_mono_ns=2514799830268028 locals.values.size: 9
host_utc=2026-09-30T08:09:40.640+00:00 host_mono_ns=2514799830276193 [2026-09-30 08:09:40.639] [info] restore label stack
host_utc=2026-09-30T08:09:40.640+00:00 host_mono_ns=2514799830284399 local_cell_num: 6
host_utc=2026-09-30T08:09:40.640+00:00 host_mono_ns=2514799830292494 locals.values.size: 6
host_utc=2026-09-30T08:09:40.640+00:00 host_mono_ns=2514799830300730 [2026-09-30 08:09:40.639] [info] restore label stack
host_utc=2026-09-30T08:09:40.640+00:00 host_mono_ns=2514799830309196 [2026-09-30 08:09:40.639] [info] Finish to restore stack
host_utc=2026-09-30T08:09:40.640+00:00 host_mono_ns=2514799830318093 
host_utc=2026-09-30T08:09:40.640+00:00 host_mono_ns=2514799830326889 global, 22382
host_utc=2026-09-30T08:09:40.640+00:00 host_mono_ns=2514799830335315 program counter, 13686
host_utc=2026-09-30T08:09:40.640+00:00 host_mono_ns=2514799830343691 initします
host_utc=2026-09-30T08:09:40.640+00:00 host_mono_ns=2514799831082527 boot_end, 2514799830899431
host_utc=2026-09-30T08:09:40.640+00:00 host_mono_ns=2514799831104659 wasm_cluster_increase_checkpointing_counter called 1
host_utc=2026-09-30T08:09:40.640+00:00 host_mono_ns=2514799831112273 Restoring wasm thread 9
host_utc=2026-09-30T08:09:40.640+00:00 host_mono_ns=2514799831118064 wasm_cluster_increase_checkpointing_counter called 2
host_utc=2026-09-30T08:09:40.640+00:00 host_mono_ns=2514799831123655 wasm_cluster_increase_checkpointing_counter called 3
host_utc=2026-09-30T08:09:40.640+00:00 host_mono_ns=2514799831129676 [2026-09-30 08:09:40.640] [info] wasm_restore_stack
host_utc=2026-09-30T08:09:40.640+00:00 host_mono_ns=2514799831135767 
host_utc=2026-09-30T08:09:40.641+00:00 host_mono_ns=2514799831260573 stack, 140115
host_utc=2026-09-30T08:09:40.641+00:00 host_mono_ns=2514799831340715 global, 28684
host_utc=2026-09-30T08:09:40.641+00:00 host_mono_ns=2514799831363177 [02:33:19:978 - 76115F0A9840]: warning: failed to link import function (env, pthread_exit)
host_utc=2026-09-30T08:09:40.641+00:00 host_mono_ns=2514799831376522 local_cell_num: 2
host_utc=2026-09-30T08:09:40.641+00:00 host_mono_ns=2514799831387733 locals.values.size: 2
host_utc=2026-09-30T08:09:40.641+00:00 host_mono_ns=2514799831398935 [2026-09-30 08:09:40.640] [info] restore label stack
host_utc=2026-09-30T08:09:40.641+00:00 host_mono_ns=2514799831410667 local_cell_num: 8
host_utc=2026-09-30T08:09:40.641+00:00 host_mono_ns=2514799831421307 locals.values.size: 8
host_utc=2026-09-30T08:09:40.641+00:00 host_mono_ns=2514799831431857 [2026-09-30 08:09:40.640] [info] restore label stack
host_utc=2026-09-30T08:09:40.641+00:00 host_mono_ns=2514799831442557 local_cell_num: 14
host_utc=2026-09-30T08:09:40.641+00:00 host_mono_ns=2514799831453287 locals.values.size: 14
host_utc=2026-09-30T08:09:40.641+00:00 host_mono_ns=2514799831464128 [2026-09-30 08:09:40.640] [info] restore label stack
host_utc=2026-09-30T08:09:40.641+00:00 host_mono_ns=2514799831474768 local_cell_num: 15
host_utc=2026-09-30T08:09:40.641+00:00 host_mono_ns=2514799831485097 locals.values.size: 15
host_utc=2026-09-30T08:09:40.641+00:00 host_mono_ns=2514799831495467 [2026-09-30 08:09:40.640] [info] restore label stack
host_utc=2026-09-30T08:09:40.641+00:00 host_mono_ns=2514799831505917 local_cell_num: 37
host_utc=2026-09-30T08:09:40.641+00:00 host_mono_ns=2514799831516216 locals.values.size: 37
host_utc=2026-09-30T08:09:40.641+00:00 host_mono_ns=2514799831537787 [2026-09-30 08:09:40.640] [info] restore label stack
host_utc=2026-09-30T08:09:40.641+00:00 host_mono_ns=2514799831548577 local_cell_num: 25
host_utc=2026-09-30T08:09:40.641+00:00 host_mono_ns=2514799831558767 locals.values.size: 25
host_utc=2026-09-30T08:09:40.641+00:00 host_mono_ns=2514799831569026 [2026-09-30 08:09:40.640] [info] restore label stack
host_utc=2026-09-30T08:09:40.641+00:00 host_mono_ns=2514799831579486 thread 9 restore
host_utc=2026-09-30T08:09:40.641+00:00 host_mono_ns=2514799831590256 local_cell_num: 34
host_utc=2026-09-30T08:09:40.641+00:00 host_mono_ns=2514799831600515 locals.values.size: 34
host_utc=2026-09-30T08:09:40.641+00:00 host_mono_ns=2514799831610745 [2026-09-30 08:09:40.640] [info] restore label stack
host_utc=2026-09-30T08:09:40.641+00:00 host_mono_ns=2514799831621185 local_cell_num: 38
host_utc=2026-09-30T08:09:40.641+00:00 host_mono_ns=2514799831631354 locals.values.size: 38
host_utc=2026-09-30T08:09:40.641+00:00 host_mono_ns=2514799831641643 [2026-09-30 08:09:40.640] [info] restore label stack
host_utc=2026-09-30T08:09:40.641+00:00 host_mono_ns=2514799831652053 local_cell_num: 94
host_utc=2026-09-30T08:09:40.641+00:00 host_mono_ns=2514799831662282 locals.values.size: 94
host_utc=2026-09-30T08:09:40.641+00:00 host_mono_ns=2514799831672632 [2026-09-30 08:09:40.640] [info] restore label stack
host_utc=2026-09-30T08:09:40.641+00:00 host_mono_ns=2514799831683051 local_cell_num: 2
host_utc=2026-09-30T08:09:40.641+00:00 host_mono_ns=2514799831693551 locals.values.size: 2
host_utc=2026-09-30T08:09:40.641+00:00 host_mono_ns=2514799831703961 [2026-09-30 08:09:40.640] [info] restore label stack
host_utc=2026-09-30T08:09:40.641+00:00 host_mono_ns=2514799831714351 local_cell_num: 9
host_utc=2026-09-30T08:09:40.641+00:00 host_mono_ns=2514799831724590 locals.values.size: 9
host_utc=2026-09-30T08:09:40.641+00:00 host_mono_ns=2514799831734869 [2026-09-30 08:09:40.640] [info] restore label stack
host_utc=2026-09-30T08:09:40.641+00:00 host_mono_ns=2514799831745209 local_cell_num: 9
host_utc=2026-09-30T08:09:40.641+00:00 host_mono_ns=2514799831755438 locals.values.size: 9
host_utc=2026-09-30T08:09:40.641+00:00 host_mono_ns=2514799831765698 [2026-09-30 08:09:40.640] [info] restore label stack
host_utc=2026-09-30T08:09:40.641+00:00 host_mono_ns=2514799831776067 local_cell_num: 6
host_utc=2026-09-30T08:09:40.641+00:00 host_mono_ns=2514799831786266 locals.values.size: 6
host_utc=2026-09-30T08:09:40.641+00:00 host_mono_ns=2514799831796526 [2026-09-30 08:09:40.640] [info] restore label stack
host_utc=2026-09-30T08:09:40.641+00:00 host_mono_ns=2514799831807126 [2026-09-30 08:09:40.640] [info] Finish to restore stack
host_utc=2026-09-30T08:09:40.641+00:00 host_mono_ns=2514799831818758 
host_utc=2026-09-30T08:09:40.641+00:00 host_mono_ns=2514799831829729 program counter, 11141
host_utc=2026-09-30T08:09:40.641+00:00 host_mono_ns=2514799831847021 initします
host_utc=2026-09-30T08:09:40.642+00:00 host_mono_ns=2514799833104176 boot_end, 2514799832923374
host_utc=2026-09-30T08:09:40.642+00:00 host_mono_ns=2514799833137479 wasm_cluster_increase_checkpointing_counter called 1
host_utc=2026-09-30T08:09:40.642+00:00 host_mono_ns=2514799833148530 Restoring wasm thread 8
host_utc=2026-09-30T08:09:40.642+00:00 host_mono_ns=2514799833156725 wasm_cluster_increase_checkpointing_counter called 2
host_utc=2026-09-30T08:09:40.642+00:00 host_mono_ns=2514799833163889 wasm_cluster_increase_checkpointing_counter called 3
host_utc=2026-09-30T08:09:40.643+00:00 host_mono_ns=2514799833171393 [2026-09-30 08:09:40.642] [info] wasm_restore_stack
host_utc=2026-09-30T08:09:40.643+00:00 host_mono_ns=2514799833179198 
host_utc=2026-09-30T08:09:40.643+00:00 host_mono_ns=2514799833192342 [02:33:19:999 - 76115F0A9840]: warning: failed to link import function (env, pthread_exit)
host_utc=2026-09-30T08:09:40.643+00:00 host_mono_ns=2514799833201129 thread 8 restore
host_utc=2026-09-30T08:09:40.643+00:00 host_mono_ns=2514799833207671 local_cell_num: 2
host_utc=2026-09-30T08:09:40.643+00:00 host_mono_ns=2514799833225064 locals.values.size: 2
host_utc=2026-09-30T08:09:40.643+00:00 host_mono_ns=2514799833230695 [2026-09-30 08:09:40.642] [info] restore label stack
host_utc=2026-09-30T08:09:40.643+00:00 host_mono_ns=2514799833236155 local_cell_num: 8
host_utc=2026-09-30T08:09:40.643+00:00 host_mono_ns=2514799833241355 locals.values.size: 8
host_utc=2026-09-30T08:09:40.643+00:00 host_mono_ns=2514799833246605 [2026-09-30 08:09:40.642] [info] restore label stack
host_utc=2026-09-30T08:09:40.643+00:00 host_mono_ns=2514799833251885 local_cell_num: 14
host_utc=2026-09-30T08:09:40.643+00:00 host_mono_ns=2514799833257195 locals.values.size: 14
host_utc=2026-09-30T08:09:40.643+00:00 host_mono_ns=2514799833262816 [2026-09-30 08:09:40.642] [info] restore label stack
host_utc=2026-09-30T08:09:40.643+00:00 host_mono_ns=2514799833268536 local_cell_num: 15
host_utc=2026-09-30T08:09:40.643+00:00 host_mono_ns=2514799833273987 locals.values.size: 15
host_utc=2026-09-30T08:09:40.643+00:00 host_mono_ns=2514799833279177 [2026-09-30 08:09:40.642] [info] restore label stack
host_utc=2026-09-30T08:09:40.643+00:00 host_mono_ns=2514799833284406 local_cell_num: 27
host_utc=2026-09-30T08:09:40.643+00:00 host_mono_ns=2514799833289486 locals.values.size: 27
host_utc=2026-09-30T08:09:40.643+00:00 host_mono_ns=2514799833294586 [2026-09-30 08:09:40.642] [info] restore label stack
host_utc=2026-09-30T08:09:40.643+00:00 host_mono_ns=2514799833300296 local_cell_num: 25
host_utc=2026-09-30T08:09:40.643+00:00 host_mono_ns=2514799833305697 locals.values.size: 25
host_utc=2026-09-30T08:09:40.643+00:00 host_mono_ns=2514799833310786 [2026-09-30 08:09:40.642] [info] restore label stack
host_utc=2026-09-30T08:09:40.643+00:00 host_mono_ns=2514799833315986 local_cell_num: 34
host_utc=2026-09-30T08:09:40.643+00:00 host_mono_ns=2514799833321106 locals.values.size: 34
host_utc=2026-09-30T08:09:40.643+00:00 host_mono_ns=2514799833326296 [2026-09-30 08:09:40.642] [info] restore label stack
host_utc=2026-09-30T08:09:40.643+00:00 host_mono_ns=2514799833331535 local_cell_num: 38
host_utc=2026-09-30T08:09:40.643+00:00 host_mono_ns=2514799833336605 locals.values.size: 38
host_utc=2026-09-30T08:09:40.643+00:00 host_mono_ns=2514799833341745 [2026-09-30 08:09:40.642] [info] restore label stack
host_utc=2026-09-30T08:09:40.643+00:00 host_mono_ns=2514799833346935 local_cell_num: 94
host_utc=2026-09-30T08:09:40.643+00:00 host_mono_ns=2514799833352014 locals.values.size: 94
host_utc=2026-09-30T08:09:40.643+00:00 host_mono_ns=2514799833357084 [2026-09-30 08:09:40.642] [info] restore label stack
host_utc=2026-09-30T08:09:40.643+00:00 host_mono_ns=2514799833362233 local_cell_num: 2
host_utc=2026-09-30T08:09:40.643+00:00 host_mono_ns=2514799833367413 locals.values.size: 2
host_utc=2026-09-30T08:09:40.643+00:00 host_mono_ns=2514799833372553 [2026-09-30 08:09:40.642] [info] restore label stack
host_utc=2026-09-30T08:09:40.643+00:00 host_mono_ns=2514799833377753 local_cell_num: 9
host_utc=2026-09-30T08:09:40.643+00:00 host_mono_ns=2514799833382832 locals.values.size: 9
host_utc=2026-09-30T08:09:40.643+00:00 host_mono_ns=2514799833387932 [2026-09-30 08:09:40.642] [info] restore label stack
host_utc=2026-09-30T08:09:40.643+00:00 host_mono_ns=2514799833393122 local_cell_num: 9
host_utc=2026-09-30T08:09:40.643+00:00 host_mono_ns=2514799833398221 locals.values.size: 9
host_utc=2026-09-30T08:09:40.643+00:00 host_mono_ns=2514799833403341 [2026-09-30 08:09:40.642] [info] restore label stack
host_utc=2026-09-30T08:09:40.643+00:00 host_mono_ns=2514799833409613 local_cell_num: 6
host_utc=2026-09-30T08:09:40.643+00:00 host_mono_ns=2514799833416496 locals.values.size: 6
host_utc=2026-09-30T08:09:40.643+00:00 host_mono_ns=2514799833423840 [2026-09-30 08:09:40.642] [info] restore label stack
host_utc=2026-09-30T08:09:40.643+00:00 host_mono_ns=2514799833431073 [2026-09-30 08:09:40.642] [info] Finish to restore stack
host_utc=2026-09-30T08:09:40.643+00:00 host_mono_ns=2514799833438217 
host_utc=2026-09-30T08:09:40.643+00:00 host_mono_ns=2514799833445461 stack, 176223
host_utc=2026-09-30T08:09:40.643+00:00 host_mono_ns=2514799833458525 global, 25358
host_utc=2026-09-30T08:09:40.643+00:00 host_mono_ns=2514799833463986 program counter, 14387
host_utc=2026-09-30T08:09:40.643+00:00 host_mono_ns=2514799833604030 initします
host_utc=2026-09-30T08:09:40.644+00:00 host_mono_ns=2514799835120836 boot_end, 2514799834970522
host_utc=2026-09-30T08:09:40.644+00:00 host_mono_ns=2514799835168386 wasm_cluster_increase_checkpointing_counter called 1
host_utc=2026-09-30T08:09:40.645+00:00 host_mono_ns=2514799835191610 Restoring wasm thread 7
host_utc=2026-09-30T08:09:40.645+00:00 host_mono_ns=2514799835211157 wasm_cluster_increase_checkpointing_counter called 2
host_utc=2026-09-30T08:09:40.645+00:00 host_mono_ns=2514799835227497 wasm_cluster_increase_checkpointing_counter called 3
host_utc=2026-09-30T08:09:40.645+00:00 host_mono_ns=2514799835245772 [2026-09-30 08:09:40.644] [info] wasm_restore_stack
host_utc=2026-09-30T08:09:40.645+00:00 host_mono_ns=2514799835260380 
host_utc=2026-09-30T08:09:40.645+00:00 host_mono_ns=2514799835282842 [02:33:19:063 - 76115F0A9840]: warning: failed to link import function (env, pthread_exit)
host_utc=2026-09-30T08:09:40.645+00:00 host_mono_ns=2514799835298101 thread 7 restore
host_utc=2026-09-30T08:09:40.645+00:00 host_mono_ns=2514799835311216 local_cell_num: 2
host_utc=2026-09-30T08:09:40.645+00:00 host_mono_ns=2514799835323649 locals.values.size: 2
host_utc=2026-09-30T08:09:40.645+00:00 host_mono_ns=2514799835336473 [2026-09-30 08:09:40.644] [info] restore label stack
host_utc=2026-09-30T08:09:40.645+00:00 host_mono_ns=2514799835349268 local_cell_num: 8
host_utc=2026-09-30T08:09:40.645+00:00 host_mono_ns=2514799835361511 locals.values.size: 8
host_utc=2026-09-30T08:09:40.645+00:00 host_mono_ns=2514799835373844 [2026-09-30 08:09:40.644] [info] restore label stack
host_utc=2026-09-30T08:09:40.645+00:00 host_mono_ns=2514799835386348 local_cell_num: 25
host_utc=2026-09-30T08:09:40.645+00:00 host_mono_ns=2514799835398701 locals.values.size: 25
host_utc=2026-09-30T08:09:40.645+00:00 host_mono_ns=2514799835411225 [2026-09-30 08:09:40.644] [info] restore label stack
host_utc=2026-09-30T08:09:40.645+00:00 host_mono_ns=2514799835423608 local_cell_num: 10
host_utc=2026-09-30T08:09:40.645+00:00 host_mono_ns=2514799835435841 locals.values.size: 10
host_utc=2026-09-30T08:09:40.645+00:00 host_mono_ns=2514799835448074 [2026-09-30 08:09:40.644] [info] restore label stack
host_utc=2026-09-30T08:09:40.645+00:00 host_mono_ns=2514799835460387 local_cell_num: 22
host_utc=2026-09-30T08:09:40.645+00:00 host_mono_ns=2514799835472510 locals.values.size: 22
host_utc=2026-09-30T08:09:40.645+00:00 host_mono_ns=2514799835484723 [2026-09-30 08:09:40.644] [info] restore label stack
host_utc=2026-09-30T08:09:40.645+00:00 host_mono_ns=2514799835496967 local_cell_num: 62
host_utc=2026-09-30T08:09:40.645+00:00 host_mono_ns=2514799835508959 locals.values.size: 62
host_utc=2026-09-30T08:09:40.645+00:00 host_mono_ns=2514799835521032 [2026-09-30 08:09:40.644] [info] restore label stack
host_utc=2026-09-30T08:09:40.645+00:00 host_mono_ns=2514799835533355 local_cell_num: 18
host_utc=2026-09-30T08:09:40.645+00:00 host_mono_ns=2514799835545298 locals.values.size: 18
host_utc=2026-09-30T08:09:40.645+00:00 host_mono_ns=2514799835557421 [2026-09-30 08:09:40.644] [info] restore label stack
host_utc=2026-09-30T08:09:40.645+00:00 host_mono_ns=2514799835569864 local_cell_num: 21
host_utc=2026-09-30T08:09:40.645+00:00 host_mono_ns=2514799835581847 locals.values.size: 21
host_utc=2026-09-30T08:09:40.645+00:00 host_mono_ns=2514799835593830 [2026-09-30 08:09:40.644] [info] restore label stack
host_utc=2026-09-30T08:09:40.645+00:00 host_mono_ns=2514799835606133 local_cell_num: 10
host_utc=2026-09-30T08:09:40.645+00:00 host_mono_ns=2514799835618316 locals.values.size: 10
host_utc=2026-09-30T08:09:40.645+00:00 host_mono_ns=2514799835630629 [2026-09-30 08:09:40.644] [info] restore label stack
host_utc=2026-09-30T08:09:40.645+00:00 host_mono_ns=2514799835642912 local_cell_num: 2
host_utc=2026-09-30T08:09:40.645+00:00 host_mono_ns=2514799835654985 locals.values.size: 2
host_utc=2026-09-30T08:09:40.645+00:00 host_mono_ns=2514799835680213 [2026-09-30 08:09:40.644] [info] restore label stack
host_utc=2026-09-30T08:09:40.645+00:00 host_mono_ns=2514799835692887 local_cell_num: 9
host_utc=2026-09-30T08:09:40.645+00:00 host_mono_ns=2514799835704909 locals.values.size: 9
host_utc=2026-09-30T08:09:40.645+00:00 host_mono_ns=2514799835717283 [2026-09-30 08:09:40.644] [info] restore label stack
host_utc=2026-09-30T08:09:40.645+00:00 host_mono_ns=2514799835729506 local_cell_num: 9
host_utc=2026-09-30T08:09:40.645+00:00 host_mono_ns=2514799835741589 locals.values.size: 9
host_utc=2026-09-30T08:09:40.645+00:00 host_mono_ns=2514799835753702 [2026-09-30 08:09:40.644] [info] restore label stack
host_utc=2026-09-30T08:09:40.645+00:00 host_mono_ns=2514799835766115 local_cell_num: 6
host_utc=2026-09-30T08:09:40.645+00:00 host_mono_ns=2514799835778238 locals.values.size: 6
host_utc=2026-09-30T08:09:40.645+00:00 host_mono_ns=2514799835790341 [2026-09-30 08:09:40.644] [info] restore label stack
host_utc=2026-09-30T08:09:40.645+00:00 host_mono_ns=2514799835802674 [2026-09-30 08:09:40.644] [info] Finish to restore stack
host_utc=2026-09-30T08:09:40.645+00:00 host_mono_ns=2514799835815448 
host_utc=2026-09-30T08:09:40.645+00:00 host_mono_ns=2514799835828002 stack, 164871
host_utc=2026-09-30T08:09:40.645+00:00 host_mono_ns=2514799835840466 global, 22242
host_utc=2026-09-30T08:09:40.645+00:00 host_mono_ns=2514799835852699 program counter, 13355
host_utc=2026-09-30T08:09:40.645+00:00 host_mono_ns=2514799835871985 initします
host_utc=2026-09-30T08:09:40.647+00:00 host_mono_ns=2514799837277501 boot_end, 2514799837160039
host_utc=2026-09-30T08:09:40.647+00:00 host_mono_ns=2514799837312066 wasm_cluster_increase_checkpointing_counter called 1
host_utc=2026-09-30T08:09:40.647+00:00 host_mono_ns=2514799837328968 Restoring wasm thread 6
host_utc=2026-09-30T08:09:40.647+00:00 host_mono_ns=2514799837342954 wasm_cluster_increase_checkpointing_counter called 2
host_utc=2026-09-30T08:09:40.647+00:00 host_mono_ns=2514799837356860 wasm_cluster_increase_checkpointing_counter called 3
host_utc=2026-09-30T08:09:40.647+00:00 host_mono_ns=2514799837370697 [2026-09-30 08:09:40.647] [info] wasm_restore_stack
host_utc=2026-09-30T08:09:40.647+00:00 host_mono_ns=2514799837381146 
host_utc=2026-09-30T08:09:40.647+00:00 host_mono_ns=2514799837399040 [02:33:19:237 - 76115F0A9840]: warning: failed to link import function (env, pthread_exit)
host_utc=2026-09-30T08:09:40.647+00:00 host_mono_ns=2514799837409841 thread 6 restore
host_utc=2026-09-30T08:09:40.647+00:00 host_mono_ns=2514799837419399 local_cell_num: 2
host_utc=2026-09-30T08:09:40.647+00:00 host_mono_ns=2514799837428636 locals.values.size: 2
host_utc=2026-09-30T08:09:40.647+00:00 host_mono_ns=2514799837438084 [2026-09-30 08:09:40.647] [info] restore label stack
host_utc=2026-09-30T08:09:40.647+00:00 host_mono_ns=2514799837447472 local_cell_num: 8
host_utc=2026-09-30T08:09:40.647+00:00 host_mono_ns=2514799837456439 locals.values.size: 8
host_utc=2026-09-30T08:09:40.647+00:00 host_mono_ns=2514799837465506 [2026-09-30 08:09:40.647] [info] restore label stack
host_utc=2026-09-30T08:09:40.647+00:00 host_mono_ns=2514799837474703 local_cell_num: 14
host_utc=2026-09-30T08:09:40.647+00:00 host_mono_ns=2514799837483850 locals.values.size: 14
host_utc=2026-09-30T08:09:40.647+00:00 host_mono_ns=2514799837493088 [2026-09-30 08:09:40.647] [info] restore label stack
host_utc=2026-09-30T08:09:40.647+00:00 host_mono_ns=2514799837502265 local_cell_num: 8
host_utc=2026-09-30T08:09:40.647+00:00 host_mono_ns=2514799837511162 locals.values.size: 8
host_utc=2026-09-30T08:09:40.647+00:00 host_mono_ns=2514799837520189 [2026-09-30 08:09:40.647] [info] restore label stack
host_utc=2026-09-30T08:09:40.647+00:00 host_mono_ns=2514799837529186 local_cell_num: 13
host_utc=2026-09-30T08:09:40.647+00:00 host_mono_ns=2514799837538143 locals.values.size: 13
host_utc=2026-09-30T08:09:40.647+00:00 host_mono_ns=2514799837547150 [2026-09-30 08:09:40.647] [info] restore label stack
host_utc=2026-09-30T08:09:40.647+00:00 host_mono_ns=2514799837572277 local_cell_num: 19
host_utc=2026-09-30T08:09:40.647+00:00 host_mono_ns=2514799837584390 locals.values.size: 19
host_utc=2026-09-30T08:09:40.647+00:00 host_mono_ns=2514799837596143 [2026-09-30 08:09:40.647] [info] restore label stack
host_utc=2026-09-30T08:09:40.647+00:00 host_mono_ns=2514799837605500 local_cell_num: 63
host_utc=2026-09-30T08:09:40.647+00:00 host_mono_ns=2514799837614487 locals.values.size: 63
host_utc=2026-09-30T08:09:40.647+00:00 host_mono_ns=2514799837623414 [2026-09-30 08:09:40.647] [info] restore label stack
host_utc=2026-09-30T08:09:40.647+00:00 host_mono_ns=2514799837632521 local_cell_num: 9
host_utc=2026-09-30T08:09:40.647+00:00 host_mono_ns=2514799837641488 locals.values.size: 9
host_utc=2026-09-30T08:09:40.647+00:00 host_mono_ns=2514799837650425 [2026-09-30 08:09:40.647] [info] restore label stack
host_utc=2026-09-30T08:09:40.647+00:00 host_mono_ns=2514799837659442 local_cell_num: 9
host_utc=2026-09-30T08:09:40.647+00:00 host_mono_ns=2514799837668339 locals.values.size: 9
host_utc=2026-09-30T08:09:40.647+00:00 host_mono_ns=2514799837677326 [2026-09-30 08:09:40.647] [info] restore label stack
host_utc=2026-09-30T08:09:40.647+00:00 host_mono_ns=2514799837686363 local_cell_num: 6
host_utc=2026-09-30T08:09:40.647+00:00 host_mono_ns=2514799837695160 locals.values.size: 6
host_utc=2026-09-30T08:09:40.647+00:00 host_mono_ns=2514799837704167 [2026-09-30 08:09:40.647] [info] restore label stack
host_utc=2026-09-30T08:09:40.647+00:00 host_mono_ns=2514799837713154 [2026-09-30 08:09:40.647] [info] Finish to restore stack
host_utc=2026-09-30T08:09:40.647+00:00 host_mono_ns=2514799837722551 
host_utc=2026-09-30T08:09:40.647+00:00 host_mono_ns=2514799837731969 stack, 130377
host_utc=2026-09-30T08:09:40.647+00:00 host_mono_ns=2514799837741177 global, 29876
host_utc=2026-09-30T08:09:40.647+00:00 host_mono_ns=2514799837750204 program counter, 15749
host_utc=2026-09-30T08:09:40.647+00:00 host_mono_ns=2514799837765863 initします
host_utc=2026-09-30T08:09:40.648+00:00 host_mono_ns=2514799839016596 boot_end, 2514799838848058
host_utc=2026-09-30T08:09:40.648+00:00 host_mono_ns=2514799839053947 wasm_cluster_increase_checkpointing_counter called 1
host_utc=2026-09-30T08:09:40.648+00:00 host_mono_ns=2514799839065919 Restoring wasm thread 5
host_utc=2026-09-30T08:09:40.648+00:00 host_mono_ns=2514799839075337 wasm_cluster_increase_checkpointing_counter called 2
host_utc=2026-09-30T08:09:40.648+00:00 host_mono_ns=2514799839084254 wasm_cluster_increase_checkpointing_counter called 3
host_utc=2026-09-30T08:09:40.648+00:00 host_mono_ns=2514799839093121 [2026-09-30 08:09:40.648] [info] wasm_restore_stack
host_utc=2026-09-30T08:09:40.648+00:00 host_mono_ns=2514799839101968 
host_utc=2026-09-30T08:09:40.648+00:00 host_mono_ns=2514799839110854 [02:33:19:928 - 76115F0A9840]: warning: failed to link import function (env, pthread_exit)
host_utc=2026-09-30T08:09:40.648+00:00 host_mono_ns=2514799839120362 local_cell_num: 2
host_utc=2026-09-30T08:09:40.648+00:00 host_mono_ns=2514799839128838 locals.values.size: 2
host_utc=2026-09-30T08:09:40.648+00:00 host_mono_ns=2514799839137465 [2026-09-30 08:09:40.648] [info] restore label stack
host_utc=2026-09-30T08:09:40.648+00:00 host_mono_ns=2514799839145931 local_cell_num: 8
host_utc=2026-09-30T08:09:40.648+00:00 host_mono_ns=2514799839154066 locals.values.size: 8
host_utc=2026-09-30T08:09:40.648+00:00 host_mono_ns=2514799839162251 [2026-09-30 08:09:40.648] [info] restore label stack
host_utc=2026-09-30T08:09:40.649+00:00 host_mono_ns=2514799839170537 local_cell_num: 14
host_utc=2026-09-30T08:09:40.649+00:00 host_mono_ns=2514799839178813 locals.values.size: 14
host_utc=2026-09-30T08:09:40.649+00:00 host_mono_ns=2514799839187209 [2026-09-30 08:09:40.648] [info] restore label stack
host_utc=2026-09-30T08:09:40.649+00:00 host_mono_ns=2514799839195504 local_cell_num: 8
host_utc=2026-09-30T08:09:40.649+00:00 host_mono_ns=2514799839203610 locals.values.size: 8
host_utc=2026-09-30T08:09:40.649+00:00 host_mono_ns=2514799839211845 [2026-09-30 08:09:40.648] [info] restore label stack
host_utc=2026-09-30T08:09:40.649+00:00 host_mono_ns=2514799839234698 local_cell_num: 13
host_utc=2026-09-30T08:09:40.649+00:00 host_mono_ns=2514799839244086 locals.values.size: 13
host_utc=2026-09-30T08:09:40.649+00:00 host_mono_ns=2514799839252472 [2026-09-30 08:09:40.648] [info] restore label stack
host_utc=2026-09-30T08:09:40.649+00:00 host_mono_ns=2514799839262601 local_cell_num: 19
host_utc=2026-09-30T08:09:40.649+00:00 host_mono_ns=2514799839273872 locals.values.size: 19
host_utc=2026-09-30T08:09:40.649+00:00 host_mono_ns=2514799839283130 [2026-09-30 08:09:40.648] [info] restore label stack
host_utc=2026-09-30T08:09:40.649+00:00 host_mono_ns=2514799839292037 local_cell_num: 63
host_utc=2026-09-30T08:09:40.649+00:00 host_mono_ns=2514799839300563 locals.values.size: 63
host_utc=2026-09-30T08:09:40.649+00:00 host_mono_ns=2514799839308718 thread 5 restore
host_utc=2026-09-30T08:09:40.649+00:00 host_mono_ns=2514799839317134 [2026-09-30 08:09:40.648] [info] restore label stack
host_utc=2026-09-30T08:09:40.649+00:00 host_mono_ns=2514799839325410 local_cell_num: 9
host_utc=2026-09-30T08:09:40.649+00:00 host_mono_ns=2514799839333555 locals.values.size: 9
host_utc=2026-09-30T08:09:40.649+00:00 host_mono_ns=2514799839341730 [2026-09-30 08:09:40.648] [info] restore label stack
host_utc=2026-09-30T08:09:40.649+00:00 host_mono_ns=2514799839349986 local_cell_num: 9
host_utc=2026-09-30T08:09:40.649+00:00 host_mono_ns=2514799839358071 locals.values.size: 9
host_utc=2026-09-30T08:09:40.649+00:00 host_mono_ns=2514799839366317 [2026-09-30 08:09:40.648] [info] restore label stack
host_utc=2026-09-30T08:09:40.649+00:00 host_mono_ns=2514799839374563 local_cell_num: 6
host_utc=2026-09-30T08:09:40.649+00:00 host_mono_ns=2514799839382628 locals.values.size: 6
host_utc=2026-09-30T08:09:40.649+00:00 host_mono_ns=2514799839390753 [2026-09-30 08:09:40.648] [info] restore label stack
host_utc=2026-09-30T08:09:40.649+00:00 host_mono_ns=2514799839399109 [2026-09-30 08:09:40.648] [info] Finish to restore stack
host_utc=2026-09-30T08:09:40.649+00:00 host_mono_ns=2514799839407775 
host_utc=2026-09-30T08:09:40.649+00:00 host_mono_ns=2514799839416171 stack, 103726
host_utc=2026-09-30T08:09:40.649+00:00 host_mono_ns=2514799839424527 global, 18364
host_utc=2026-09-30T08:09:40.649+00:00 host_mono_ns=2514799839432602 program counter, 12914
host_utc=2026-09-30T08:09:40.649+00:00 host_mono_ns=2514799839446949 initします
host_utc=2026-09-30T08:09:40.650+00:00 host_mono_ns=2514799840445977 boot_end, 2514799840320810
host_utc=2026-09-30T08:09:40.650+00:00 host_mono_ns=2514799840475893 wasm_cluster_increase_checkpointing_counter called 1
host_utc=2026-09-30T08:09:40.650+00:00 host_mono_ns=2514799840487315 Restoring wasm thread 4
host_utc=2026-09-30T08:09:40.650+00:00 host_mono_ns=2514799840496332 wasm_cluster_increase_checkpointing_counter called 2
host_utc=2026-09-30T08:09:40.650+00:00 host_mono_ns=2514799840505179 wasm_cluster_increase_checkpointing_counter called 3
host_utc=2026-09-30T08:09:40.650+00:00 host_mono_ns=2514799840513845 [2026-09-30 08:09:40.650] [info] wasm_restore_stack
host_utc=2026-09-30T08:09:40.650+00:00 host_mono_ns=2514799840523964 
host_utc=2026-09-30T08:09:40.650+00:00 host_mono_ns=2514799840601140 [02:33:19:404 - 76115F0A9840]: warning: failed to link import function (env, pthread_exit)
host_utc=2026-09-30T08:09:40.650+00:00 host_mono_ns=2514799840628942 thread 4 restore
host_utc=2026-09-30T08:09:40.650+00:00 host_mono_ns=2514799840645013 local_cell_num: 2
host_utc=2026-09-30T08:09:40.650+00:00 host_mono_ns=2514799840658278 locals.values.size: 2
host_utc=2026-09-30T08:09:40.650+00:00 host_mono_ns=2514799840671383 [2026-09-30 08:09:40.650] [info] restore label stack
host_utc=2026-09-30T08:09:40.650+00:00 host_mono_ns=2514799840684928 local_cell_num: 8
host_utc=2026-09-30T08:09:40.650+00:00 host_mono_ns=2514799840697752 locals.values.size: 8
host_utc=2026-09-30T08:09:40.650+00:00 host_mono_ns=2514799840710296 [2026-09-30 08:09:40.650] [info] restore label stack
host_utc=2026-09-30T08:09:40.650+00:00 host_mono_ns=2514799840743759 local_cell_num: 14
host_utc=2026-09-30T08:09:40.650+00:00 host_mono_ns=2514799840757054 locals.values.size: 14
host_utc=2026-09-30T08:09:40.650+00:00 host_mono_ns=2514799840769939 [2026-09-30 08:09:40.650] [info] restore label stack
host_utc=2026-09-30T08:09:40.650+00:00 host_mono_ns=2514799840782713 local_cell_num: 240
host_utc=2026-09-30T08:09:40.650+00:00 host_mono_ns=2514799840797641 locals.values.size: 240
host_utc=2026-09-30T08:09:40.650+00:00 host_mono_ns=2514799840809153 [2026-09-30 08:09:40.650] [info] restore label stack
host_utc=2026-09-30T08:09:40.650+00:00 host_mono_ns=2514799840817819 local_cell_num: 77
host_utc=2026-09-30T08:09:40.650+00:00 host_mono_ns=2514799840826175 locals.values.size: 77
host_utc=2026-09-30T08:09:40.650+00:00 host_mono_ns=2514799840834491 [2026-09-30 08:09:40.650] [info] restore label stack
host_utc=2026-09-30T08:09:40.650+00:00 host_mono_ns=2514799840842897 local_cell_num: 22
host_utc=2026-09-30T08:09:40.650+00:00 host_mono_ns=2514799840851102 locals.values.size: 22
host_utc=2026-09-30T08:09:40.650+00:00 host_mono_ns=2514799840859308 [2026-09-30 08:09:40.650] [info] restore label stack
host_utc=2026-09-30T08:09:40.650+00:00 host_mono_ns=2514799840867653 [2026-09-30 08:09:40.650] [info] Finish to restore stack
host_utc=2026-09-30T08:09:40.650+00:00 host_mono_ns=2514799840878674 
host_utc=2026-09-30T08:09:40.650+00:00 host_mono_ns=2514799840889775 stack, 139303
host_utc=2026-09-30T08:09:40.650+00:00 host_mono_ns=2514799840904283 global, 32321
host_utc=2026-09-30T08:09:40.650+00:00 host_mono_ns=2514799840913260 program counter, 18755
host_utc=2026-09-30T08:09:40.650+00:00 host_mono_ns=2514799840992449 initします
host_utc=2026-09-30T08:09:40.652+00:00 host_mono_ns=2514799842288117 wasm_cluster_increase_checkpointing_counter called 1
host_utc=2026-09-30T08:09:40.652+00:00 host_mono_ns=2514799842312603 Restoring wasm thread 3
host_utc=2026-09-30T08:09:40.652+00:00 host_mono_ns=2514799842323554 wasm_cluster_increase_checkpointing_counter called 2
host_utc=2026-09-30T08:09:40.652+00:00 host_mono_ns=2514799842332821 wasm_cluster_increase_checkpointing_counter called 3
host_utc=2026-09-30T08:09:40.652+00:00 host_mono_ns=2514799842342069 [2026-09-30 08:09:40.651] [info] wasm_restore_stack
host_utc=2026-09-30T08:09:40.652+00:00 host_mono_ns=2514799842351757 
host_utc=2026-09-30T08:09:40.652+00:00 host_mono_ns=2514799842361125 local_cell_num: 2
host_utc=2026-09-30T08:09:40.652+00:00 host_mono_ns=2514799842370813 locals.values.size: 2
host_utc=2026-09-30T08:09:40.652+00:00 host_mono_ns=2514799842379599 [2026-09-30 08:09:40.652] [info] restore label stack
host_utc=2026-09-30T08:09:40.652+00:00 host_mono_ns=2514799842388176 local_cell_num: 8
host_utc=2026-09-30T08:09:40.652+00:00 host_mono_ns=2514799842396471 locals.values.size: 8
host_utc=2026-09-30T08:09:40.652+00:00 host_mono_ns=2514799842404767 [2026-09-30 08:09:40.652] [info] restore label stack
host_utc=2026-09-30T08:09:40.652+00:00 host_mono_ns=2514799842413203 local_cell_num: 14
host_utc=2026-09-30T08:09:40.652+00:00 host_mono_ns=2514799842421709 locals.values.size: 14
host_utc=2026-09-30T08:09:40.652+00:00 host_mono_ns=2514799842430215 [2026-09-30 08:09:40.652] [info] restore label stack
host_utc=2026-09-30T08:09:40.652+00:00 host_mono_ns=2514799842438691 [02:33:19:176 - 76115F0A9840]: warning: failed to link import function (env, pthread_exit)
host_utc=2026-09-30T08:09:40.652+00:00 host_mono_ns=2514799842447969 local_cell_num: 240
host_utc=2026-09-30T08:09:40.652+00:00 host_mono_ns=2514799842456254 locals.values.size: 240
host_utc=2026-09-30T08:09:40.652+00:00 host_mono_ns=2514799842464810 [2026-09-30 08:09:40.652] [info] restore label stack
host_utc=2026-09-30T08:09:40.652+00:00 host_mono_ns=2514799842473156 local_cell_num: 77
host_utc=2026-09-30T08:09:40.652+00:00 host_mono_ns=2514799842481392 locals.values.size: 77
host_utc=2026-09-30T08:09:40.652+00:00 host_mono_ns=2514799842489617 [2026-09-30 08:09:40.652] [info] restore label stack
host_utc=2026-09-30T08:09:40.652+00:00 host_mono_ns=2514799842497903 local_cell_num: 22
host_utc=2026-09-30T08:09:40.652+00:00 host_mono_ns=2514799842516678 locals.values.size: 22
host_utc=2026-09-30T08:09:40.652+00:00 host_mono_ns=2514799842525996 [2026-09-30 08:09:40.652] [info] restore label stack
host_utc=2026-09-30T08:09:40.652+00:00 host_mono_ns=2514799842537257 [2026-09-30 08:09:40.652] [info] Finish to restore stack
host_utc=2026-09-30T08:09:40.652+00:00 host_mono_ns=2514799842548899 
host_utc=2026-09-30T08:09:40.652+00:00 host_mono_ns=2514799842564569 boot_end, 2514799842087858
host_utc=2026-09-30T08:09:40.652+00:00 host_mono_ns=2514799842573706 stack, 99037
host_utc=2026-09-30T08:09:40.652+00:00 host_mono_ns=2514799842582112 global, 22282
host_utc=2026-09-30T08:09:40.652+00:00 host_mono_ns=2514799842590748 program counter, 10209
host_utc=2026-09-30T08:09:40.652+00:00 host_mono_ns=2514799842686389 initします
host_utc=2026-09-30T08:09:40.653+00:00 host_mono_ns=2514799844056037 boot_end, 2514799843886466
host_utc=2026-09-30T08:09:40.653+00:00 host_mono_ns=2514799844097014 thread 3 restore
host_utc=2026-09-30T08:09:40.653+00:00 host_mono_ns=2514799844113485 wasm_cluster_increase_checkpointing_counter called 1
host_utc=2026-09-30T08:09:40.653+00:00 host_mono_ns=2514799844128013 Restoring wasm thread 2
host_utc=2026-09-30T08:09:40.653+00:00 host_mono_ns=2514799844141128 wasm_cluster_increase_checkpointing_counter called 2
host_utc=2026-09-30T08:09:40.653+00:00 host_mono_ns=2514799844154262 wasm_cluster_increase_checkpointing_counter called 3
host_utc=2026-09-30T08:09:40.653+00:00 host_mono_ns=2514799844167297 [2026-09-30 08:09:40.653] [info] wasm_restore_stack
host_utc=2026-09-30T08:09:40.654+00:00 host_mono_ns=2514799844180392 
host_utc=2026-09-30T08:09:40.654+00:00 host_mono_ns=2514799844193376 local_cell_num: 2
host_utc=2026-09-30T08:09:40.654+00:00 host_mono_ns=2514799844206030 locals.values.size: 2
host_utc=2026-09-30T08:09:40.654+00:00 host_mono_ns=2514799844218784 [2026-09-30 08:09:40.653] [info] restore label stack
host_utc=2026-09-30T08:09:40.654+00:00 host_mono_ns=2514799844231488 [02:33:19:967 - 76115F0A9840]: warning: failed to link import function (env, pthread_exit)
host_utc=2026-09-30T08:09:40.654+00:00 host_mono_ns=2514799844245254 local_cell_num: 8
host_utc=2026-09-30T08:09:40.654+00:00 host_mono_ns=2514799844257628 locals.values.size: 8
host_utc=2026-09-30T08:09:40.654+00:00 host_mono_ns=2514799844269971 [2026-09-30 08:09:40.653] [info] restore label stack
host_utc=2026-09-30T08:09:40.654+00:00 host_mono_ns=2514799844282475 local_cell_num: 14
host_utc=2026-09-30T08:09:40.654+00:00 host_mono_ns=2514799844294848 locals.values.size: 14
host_utc=2026-09-30T08:09:40.654+00:00 host_mono_ns=2514799844307312 [2026-09-30 08:09:40.653] [info] restore label stack
host_utc=2026-09-30T08:09:40.654+00:00 host_mono_ns=2514799844319685 local_cell_num: 240
host_utc=2026-09-30T08:09:40.654+00:00 host_mono_ns=2514799844331908 locals.values.size: 240
host_utc=2026-09-30T08:09:40.654+00:00 host_mono_ns=2514799844347447 [2026-09-30 08:09:40.653] [info] restore label stack
host_utc=2026-09-30T08:09:40.654+00:00 host_mono_ns=2514799844364830 local_cell_num: 77
host_utc=2026-09-30T08:09:40.654+00:00 host_mono_ns=2514799844377945 locals.values.size: 77
host_utc=2026-09-30T08:09:40.654+00:00 host_mono_ns=2514799844390459 [2026-09-30 08:09:40.653] [info] restore label stack
host_utc=2026-09-30T08:09:40.654+00:00 host_mono_ns=2514799844402782 thread 2 restore
host_utc=2026-09-30T08:09:40.654+00:00 host_mono_ns=2514799844415245 local_cell_num: 22
host_utc=2026-09-30T08:09:40.654+00:00 host_mono_ns=2514799844427448 locals.values.size: 22
host_utc=2026-09-30T08:09:40.654+00:00 host_mono_ns=2514799844439792 [2026-09-30 08:09:40.653] [info] restore label stack
host_utc=2026-09-30T08:09:40.654+00:00 host_mono_ns=2514799844452235 [2026-09-30 08:09:40.653] [info] Finish to restore stack
host_utc=2026-09-30T08:09:40.654+00:00 host_mono_ns=2514799844465019 
host_utc=2026-09-30T08:09:40.654+00:00 host_mono_ns=2514799844485288 stack, 95560
host_utc=2026-09-30T08:09:40.654+00:00 host_mono_ns=2514799844498623 global, 30127
host_utc=2026-09-30T08:09:40.654+00:00 host_mono_ns=2514799844522789 program counter, 12624
host_utc=2026-09-30T08:09:40.654+00:00 host_mono_ns=2514799844535623 initします
host_utc=2026-09-30T08:09:40.655+00:00 host_mono_ns=2514799845930699 boot_end, 2514799845835699
host_utc=2026-09-30T08:09:40.655+00:00 host_mono_ns=2514799845956938 wasm_cluster_increase_checkpointing_counter called 1
host_utc=2026-09-30T08:09:40.655+00:00 host_mono_ns=2514799845965705 Restoring wasm thread 1
host_utc=2026-09-30T08:09:40.655+00:00 host_mono_ns=2514799845973059 wasm_cluster_increase_checkpointing_counter called 2
host_utc=2026-09-30T08:09:40.655+00:00 host_mono_ns=2514799845978609 wasm_cluster_increase_checkpointing_counter called 3
host_utc=2026-09-30T08:09:40.655+00:00 host_mono_ns=2514799845984039 [2026-09-30 08:09:40.655] [info] wasm_restore_stack
host_utc=2026-09-30T08:09:40.655+00:00 host_mono_ns=2514799845989490 
host_utc=2026-09-30T08:09:40.655+00:00 host_mono_ns=2514799845997715 local_cell_num: 2
host_utc=2026-09-30T08:09:40.655+00:00 host_mono_ns=2514799846010890 locals.values.size: 2
host_utc=2026-09-30T08:09:40.655+00:00 host_mono_ns=2514799846018374 [2026-09-30 08:09:40.655] [info] restore label stack
host_utc=2026-09-30T08:09:40.655+00:00 host_mono_ns=2514799846023764 local_cell_num: 8
host_utc=2026-09-30T08:09:40.655+00:00 host_mono_ns=2514799846028874 locals.values.size: 8
host_utc=2026-09-30T08:09:40.655+00:00 host_mono_ns=2514799846034044 [2026-09-30 08:09:40.655] [info] restore label stack
host_utc=2026-09-30T08:09:40.655+00:00 host_mono_ns=2514799846039254 local_cell_num: 14
host_utc=2026-09-30T08:09:40.655+00:00 host_mono_ns=2514799846044494 locals.values.size: 14
host_utc=2026-09-30T08:09:40.655+00:00 host_mono_ns=2514799846049703 [2026-09-30 08:09:40.655] [info] restore label stack
host_utc=2026-09-30T08:09:40.655+00:00 host_mono_ns=2514799846054873 local_cell_num: 240
host_utc=2026-09-30T08:09:40.655+00:00 host_mono_ns=2514799846060083 locals.values.size: 240
host_utc=2026-09-30T08:09:40.655+00:00 host_mono_ns=2514799846065293 [2026-09-30 08:09:40.655] [info] restore label stack
host_utc=2026-09-30T08:09:40.655+00:00 host_mono_ns=2514799846070493 local_cell_num: 77
host_utc=2026-09-30T08:09:40.655+00:00 host_mono_ns=2514799846075612 locals.values.size: 77
host_utc=2026-09-30T08:09:40.655+00:00 host_mono_ns=2514799846080792 [2026-09-30 08:09:40.655] [info] restore label stack
host_utc=2026-09-30T08:09:40.655+00:00 host_mono_ns=2514799846085942 local_cell_num: 22
host_utc=2026-09-30T08:09:40.655+00:00 host_mono_ns=2514799846091032 locals.values.size: 22
host_utc=2026-09-30T08:09:40.655+00:00 host_mono_ns=2514799846096101 [2026-09-30 08:09:40.655] [info] restore label stack
host_utc=2026-09-30T08:09:40.655+00:00 host_mono_ns=2514799846101301 [2026-09-30 08:09:40.655] [info] Finish to restore stack
host_utc=2026-09-30T08:09:40.655+00:00 host_mono_ns=2514799846106681 
host_utc=2026-09-30T08:09:40.655+00:00 host_mono_ns=2514799846112232 stack, 60995
host_utc=2026-09-30T08:09:40.655+00:00 host_mono_ns=2514799846117552 global, 12794
host_utc=2026-09-30T08:09:40.655+00:00 host_mono_ns=2514799846122771 program counter, 7203
host_utc=2026-09-30T08:09:40.656+00:00 host_mono_ns=2514799846403532 [02:33:19:917 - 76115F0A9840]: warning: failed to link import function (env, pthread_exit)
host_utc=2026-09-30T08:09:40.656+00:00 host_mono_ns=2514799846411497 wasm_cluster_increase_checkpointing_counter called 1
host_utc=2026-09-30T08:09:40.656+00:00 host_mono_ns=2514799846416907 wasm_cluster_increase_checkpointing_counter called 2
host_utc=2026-09-30T08:09:40.656+00:00 host_mono_ns=2514799846422227 wasm_cluster_increase_checkpointing_counter called 3
host_utc=2026-09-30T08:09:40.656+00:00 host_mono_ns=2514799846427467 thread 1 restore
host_utc=2026-09-30T08:09:40.656+00:00 host_mono_ns=2514799846432767 [2026-09-30 08:09:40.656] [info] wasm_restore_stack
host_utc=2026-09-30T08:09:40.656+00:00 host_mono_ns=2514799846438037 
host_utc=2026-09-30T08:09:40.656+00:00 host_mono_ns=2514799846446012 initします
host_utc=2026-09-30T08:09:40.657+00:00 host_mono_ns=2514799847794169 boot_end, 2514799847640529
host_utc=2026-09-30T08:09:40.657+00:00 host_mono_ns=2514799847805230 stack, 1419161
host_utc=2026-09-30T08:09:40.657+00:00 host_mono_ns=2514799847815820 local_cell_num: 1
host_utc=2026-09-30T08:09:40.657+00:00 host_mono_ns=2514799847822032 locals.values.size: 1
host_utc=2026-09-30T08:09:40.657+00:00 host_mono_ns=2514799847828795 [2026-09-30 08:09:40.657] [info] restore label stack
host_utc=2026-09-30T08:09:40.657+00:00 host_mono_ns=2514799847835658 local_cell_num: 3
host_utc=2026-09-30T08:09:40.657+00:00 host_mono_ns=2514799847841869 locals.values.size: 3
host_utc=2026-09-30T08:09:40.657+00:00 host_mono_ns=2514799847847029 [2026-09-30 08:09:40.657] [info] restore label stack
host_utc=2026-09-30T08:09:40.657+00:00 host_mono_ns=2514799847852199 local_cell_num: 147
host_utc=2026-09-30T08:09:40.657+00:00 host_mono_ns=2514799847857299 locals.values.size: 147
host_utc=2026-09-30T08:09:40.657+00:00 host_mono_ns=2514799847862839 [2026-09-30 08:09:40.657] [info] restore label stack
host_utc=2026-09-30T08:09:40.657+00:00 host_mono_ns=2514799847869331 local_cell_num: 19
host_utc=2026-09-30T08:09:40.657+00:00 host_mono_ns=2514799847875272 locals.values.size: 19
host_utc=2026-09-30T08:09:40.657+00:00 host_mono_ns=2514799847882366 [2026-09-30 08:09:40.657] [info] restore label stack
host_utc=2026-09-30T08:09:40.657+00:00 host_mono_ns=2514799847891483 local_cell_num: 63
host_utc=2026-09-30T08:09:40.657+00:00 host_mono_ns=2514799847897404 locals.values.size: 63
host_utc=2026-09-30T08:09:40.657+00:00 host_mono_ns=2514799847902975 [2026-09-30 08:09:40.657] [info] restore label stack
host_utc=2026-09-30T08:09:40.657+00:00 host_mono_ns=2514799847909377 local_cell_num: 9
host_utc=2026-09-30T08:09:40.657+00:00 host_mono_ns=2514799847915208 locals.values.size: 9
host_utc=2026-09-30T08:09:40.657+00:00 host_mono_ns=2514799847920338 [2026-09-30 08:09:40.657] [info] wasm_restore_stack
host_utc=2026-09-30T08:09:40.657+00:00 host_mono_ns=2514799847925567 
host_utc=2026-09-30T08:09:40.657+00:00 host_mono_ns=2514799847930707 [2026-09-30 08:09:40.657] [info] restore label stack
host_utc=2026-09-30T08:09:40.657+00:00 host_mono_ns=2514799847935887 local_cell_num: 9
host_utc=2026-09-30T08:09:40.657+00:00 host_mono_ns=2514799847940916 locals.values.size: 9
host_utc=2026-09-30T08:09:40.657+00:00 host_mono_ns=2514799847946096 [2026-09-30 08:09:40.657] [info] restore label stack
host_utc=2026-09-30T08:09:40.657+00:00 host_mono_ns=2514799847951236 local_cell_num: 6
host_utc=2026-09-30T08:09:40.657+00:00 host_mono_ns=2514799847956326 locals.values.size: 6
host_utc=2026-09-30T08:09:40.657+00:00 host_mono_ns=2514799847961415 [2026-09-30 08:09:40.657] [info] restore label stack
host_utc=2026-09-30T08:09:40.657+00:00 host_mono_ns=2514799847966595 [2026-09-30 08:09:40.657] [info] Finish to restore stack
host_utc=2026-09-30T08:09:40.657+00:00 host_mono_ns=2514799847971895 
host_utc=2026-09-30T08:09:40.657+00:00 host_mono_ns=2514799847976965 local_cell_num: 2
host_utc=2026-09-30T08:09:40.657+00:00 host_mono_ns=2514799847981994 locals.values.size: 2
host_utc=2026-09-30T08:09:40.657+00:00 host_mono_ns=2514799847987054 [2026-09-30 08:09:40.657] [info] restore label stack
host_utc=2026-09-30T08:09:40.657+00:00 host_mono_ns=2514799847992163 local_cell_num: 8
host_utc=2026-09-30T08:09:40.657+00:00 host_mono_ns=2514799847997263 locals.values.size: 8
host_utc=2026-09-30T08:09:40.657+00:00 host_mono_ns=2514799848006150 [2026-09-30 08:09:40.657] [info] restore label stack
host_utc=2026-09-30T08:09:40.657+00:00 host_mono_ns=2514799848013333 local_cell_num: 14
host_utc=2026-09-30T08:09:40.657+00:00 host_mono_ns=2514799848018443 locals.values.size: 14
host_utc=2026-09-30T08:09:40.657+00:00 host_mono_ns=2514799848023563 [2026-09-30 08:09:40.657] [info] restore label stack
host_utc=2026-09-30T08:09:40.657+00:00 host_mono_ns=2514799848028772 local_cell_num: 155
host_utc=2026-09-30T08:09:40.657+00:00 host_mono_ns=2514799848033842 locals.values.size: 155
host_utc=2026-09-30T08:09:40.657+00:00 host_mono_ns=2514799848043460 [2026-09-30 08:09:40.657] [info] restore label stack
host_utc=2026-09-30T08:09:40.657+00:00 host_mono_ns=2514799848048720 local_cell_num: 19
host_utc=2026-09-30T08:09:40.657+00:00 host_mono_ns=2514799848053760 locals.values.size: 19
host_utc=2026-09-30T08:09:40.657+00:00 host_mono_ns=2514799848058889 [2026-09-30 08:09:40.657] [info] restore label stack
host_utc=2026-09-30T08:09:40.657+00:00 host_mono_ns=2514799848064079 local_cell_num: 63
host_utc=2026-09-30T08:09:40.657+00:00 host_mono_ns=2514799848069169 locals.values.size: 63
host_utc=2026-09-30T08:09:40.657+00:00 host_mono_ns=2514799848074319 [2026-09-30 08:09:40.657] [info] restore label stack
host_utc=2026-09-30T08:09:40.657+00:00 host_mono_ns=2514799848079488 local_cell_num: 9
host_utc=2026-09-30T08:09:40.657+00:00 host_mono_ns=2514799848084548 locals.values.size: 9
host_utc=2026-09-30T08:09:40.657+00:00 host_mono_ns=2514799848089658 [2026-09-30 08:09:40.657] [info] restore label stack
host_utc=2026-09-30T08:09:40.657+00:00 host_mono_ns=2514799848094797 local_cell_num: 9
host_utc=2026-09-30T08:09:40.657+00:00 host_mono_ns=2514799848099847 locals.values.size: 9
host_utc=2026-09-30T08:09:40.657+00:00 host_mono_ns=2514799848104956 [2026-09-30 08:09:40.657] [info] restore label stack
host_utc=2026-09-30T08:09:40.657+00:00 host_mono_ns=2514799848110156 local_cell_num: 6
host_utc=2026-09-30T08:09:40.657+00:00 host_mono_ns=2514799848115186 locals.values.size: 6
host_utc=2026-09-30T08:09:40.657+00:00 host_mono_ns=2514799848120335 [2026-09-30 08:09:40.657] [info] restore label stack
host_utc=2026-09-30T08:09:40.657+00:00 host_mono_ns=2514799848125535 [2026-09-30 08:09:40.657] [info] Finish to restore stack
host_utc=2026-09-30T08:09:40.657+00:00 host_mono_ns=2514799848130875 
host_utc=2026-09-30T08:09:40.657+00:00 host_mono_ns=2514799848136155 stack, 113805
host_utc=2026-09-30T08:09:40.657+00:00 host_mono_ns=2514799848144411 global, 24286
host_utc=2026-09-30T08:09:40.657+00:00 host_mono_ns=2514799848149851 program counter, 12965
host_utc=2026-09-30T08:09:41.586+00:00 host_mono_ns=2514800776650672 memory, 928552508
host_utc=2026-09-30T08:09:41.586+00:00 host_mono_ns=2514800776739419 global, 11051
host_utc=2026-09-30T08:09:41.586+00:00 host_mono_ns=2514800776756211 program counter, 14417
host_utc=2026-09-30T08:09:43.589+00:00 host_mono_ns=2514802780128304 '
host_utc=2026-09-30T08:09:43.590+00:00 host_mono_ns=2514802780184610 LOG_DEBUG : 00000015.233 : [MROS2LIB] message get [callback_handler] msg_sn_high: 0 msg_sn_low: c
host_utc=2026-09-30T08:09:43.590+00:00 host_mono_ns=2514802780202073 subscribed msg: 'Hello from mros2-posix onto Linux: 15'
host_utc=2026-09-30T08:09:43.590+00:00 host_mono_ns=2514802780223063 LOG_ERROR : 00000018.564 : LOG_ERROR : 00000018.564 : UDP_RECV result=error errno=27 fd=10 recv=-1UDP_RECV result=error errno=27 fd=7 recv=-1
host_utc=2026-09-30T08:09:43.590+00:00 host_mono_ns=2514802780238913 LOG_ERROR : 00000018.564 :
host_utc=2026-09-30T08:09:43.590+00:00 host_mono_ns=2514802780252468 LOG_ERROR : 00000018.565 : UDP_RECV_RECOVERY action=skip reason=EINTR fd=10UDP_RECV_RECOVERY action=skip reason=EINTR fd=7
host_utc=2026-09-30T08:09:43.590+00:00 host_mono_ns=2514802780266805 
host_utc=2026-09-30T08:09:43.590+00:00 host_mono_ns=2514802780280120 LOG_ERROR : 00000018.564 : LOG_ERROR : 00000018.564 : UDP_RECV result=error errno=27 fd=13 recv=-1UDP_RECV result=error errno=27 fd=3 recv=-1
host_utc=2026-09-30T08:09:43.590+00:00 host_mono_ns=2514802780293486 LOG_ERROR : 00000018.565 :
host_utc=2026-09-30T08:09:43.590+00:00 host_mono_ns=2514802780306210 UDP_RECV_RECOVERY action=skip reason=EINTR fd=13LOG_ERROR : 00000018.566 :
host_utc=2026-09-30T08:09:43.590+00:00 host_mono_ns=2514802780319204 UDP_RECV_RECOVERY action=skip reason=EINTR fd=3
host_utc=2026-09-30T08:09:43.590+00:00 host_mono_ns=2514802780332560 publishing msg: 'Hello from mros2-posix onto Linux: 16'
host_utc=2026-09-30T08:09:43.590+00:00 host_mono_ns=2514802780347438 LOG_DEBUG : 00000019.566 : [MROS2LIB] message get [callback_handler] msg_sn_high: 0 msg_sn_low: d
host_utc=2026-09-30T08:09:43.590+00:00 host_mono_ns=2514802780379358 subscribed msg: 'Hello from mros2-posix onto Linux: 16'
host_utc=2026-09-30T08:09:43.590+00:00 host_mono_ns=2514802780394156 publishing msg: 'Hello from mros2-posix onto Linux: 17'
host_utc=2026-09-30T08:09:48.592+00:00 host_mono_ns=2514807782249755 LOG_DEBUG : 00000020.566 : [MROS2LIB] message get [callback_handler] msg_sn_high: 0 msg_sn_low: e
host_utc=2026-09-30T08:09:48.592+00:00 host_mono_ns=2514807782294168 subscribed msg: 'Hello from mros2-posix onto Linux: 17'
host_utc=2026-09-30T08:09:48.592+00:00 host_mono_ns=2514807782316330 publishing msg: 'Hello from mros2-posix onto Linux: 18'
host_utc=2026-09-30T08:09:48.592+00:00 host_mono_ns=2514807782329495 LOG_DEBUG : 00000021.567 : [MROS2LIB] message get [callback_handler] msg_sn_high: 0 msg_sn_low: f
host_utc=2026-09-30T08:09:48.592+00:00 host_mono_ns=2514807782341458 subscribed msg: 'Hello from mros2-posix onto Linux: 18'
host_utc=2026-09-30T08:09:48.592+00:00 host_mono_ns=2514807782353921 publishing msg: 'Hello from mros2-posix onto Linux: 19'
host_utc=2026-09-30T08:09:48.592+00:00 host_mono_ns=2514807782365824 LOG_DEBUG : 00000022.567 : [MROS2LIB] message get [callback_handler] msg_sn_high: 0 msg_sn_low: 10
host_utc=2026-09-30T08:09:48.592+00:00 host_mono_ns=2514807782377085 subscribed msg: 'Hello from mros2-posix onto Linux: 19'
host_utc=2026-09-30T08:09:48.592+00:00 host_mono_ns=2514807782388907 publishing msg: 'Hello from mros2-posix onto Linux: 20'
host_utc=2026-09-30T08:09:48.592+00:00 host_mono_ns=2514807782400219 LOG_DEBUG : 00000023.568 : [MROS2LIB] message get [callback_handler] msg_sn_high: 0 msg_sn_low: 11
host_utc=2026-09-30T08:09:48.592+00:00 host_mono_ns=2514807782411039 subscribed msg: 'Hello from mros2-posix onto Linux: 20'
host_utc=2026-09-30T08:09:48.592+00:00 host_mono_ns=2514807782422711 publishing msg: 'Hello from mros2-posix onto Linux: 21'
host_utc=2026-09-30T08:09:48.592+00:00 host_mono_ns=2514807782450554 LOG_DEBUG : 00000024.569 : [MROS2LIB] message get [callback_handler] msg_sn_high: 0 msg_sn_low: 12
host_utc=2026-09-30T08:09:48.592+00:00 host_mono_ns=2514807782461705 subscribed msg: 'Hello from mros2-posix onto Linux: 21'
host_utc=2026-09-30T08:09:53.595+00:00 host_mono_ns=2514812785431588 publishing msg: 'Hello from mros2-posix onto Linux: 22'
host_utc=2026-09-30T08:09:53.595+00:00 host_mono_ns=2514812785503755 LOG_DEBUG : 00000025.569 : [MROS2LIB] message get [callback_handler] msg_sn_high: 0 msg_sn_low: 13
host_utc=2026-09-30T08:09:53.595+00:00 host_mono_ns=2514812785522450 subscribed msg: 'Hello from mros2-posix onto Linux: 22'
host_utc=2026-09-30T08:09:53.595+00:00 host_mono_ns=2514812785538320 publishing msg: 'Hello from mros2-posix onto Linux: 23'
host_utc=2026-09-30T08:09:53.595+00:00 host_mono_ns=2514812785552797 LOG_DEBUG : 00000026.570 : [MROS2LIB] message get [callback_handler] msg_sn_high: 0 msg_sn_low: 14
host_utc=2026-09-30T08:09:53.595+00:00 host_mono_ns=2514812785566633 subscribed msg: 'Hello from mros2-posix onto Linux: 23'
host_utc=2026-09-30T08:09:53.595+00:00 host_mono_ns=2514812785580690 publishing msg: 'Hello from mros2-posix onto Linux: 24'
host_utc=2026-09-30T08:09:53.595+00:00 host_mono_ns=2514812785594125 LOG_DEBUG : 00000027.570 : [MROS2LIB] message get [callback_handler] msg_sn_high: 0 msg_sn_low: 15
host_utc=2026-09-30T08:09:53.595+00:00 host_mono_ns=2514812785607300 subscribed msg: 'Hello from mros2-posix onto Linux: 24'
host_utc=2026-09-30T08:09:53.595+00:00 host_mono_ns=2514812785621377 publishing msg: 'Hello from mros2-posix onto Linux: 25'
host_utc=2026-09-30T08:09:53.595+00:00 host_mono_ns=2514812785637958 LOG_DEBUG : 00000028.571 : [MROS2LIB] message get [callback_handler] msg_sn_high: 0 msg_sn_low: 16
host_utc=2026-09-30T08:09:53.595+00:00 host_mono_ns=2514812785655922 subscribed msg: 'Hello from mros2-posix onto Linux: 25'
host_utc=2026-09-30T08:09:53.595+00:00 host_mono_ns=2514812785677894 publishing msg: 'Hello from mros2-posix onto Linux: 26'
host_utc=2026-09-30T08:09:53.595+00:00 host_mono_ns=2514812785697901 LOG_DEBUG : 00000029.572 : [MROS2LIB] message get [callback_handler] msg_sn_high: 0 msg_sn_low: 17
host_utc=2026-09-30T08:09:53.595+00:00 host_mono_ns=2514812785736645 subscribed msg: 'Hello from mros2-posix onto Linux: 26'
host_utc=2026-09-30T08:09:53.914+00:00 host_mono_ns=2514813105052889 publishing msg: '
host_utc=2026-09-30T08:09:53.914+00:00 host_mono_ns=2514813105168838 event=collector_process_exit source=restore exit_status=143
