host_utc=2026-10-04T03:37:05.445+00:00 host_mono_ns=2844044636172262 boot_start, 2844044635875482
host_utc=2026-10-04T03:37:05.633+00:00 host_mono_ns=2844044823348243 11 stderr
host_utc=2026-10-04T03:37:05.633+00:00 host_mono_ns=2844044823385543 22 stderr
host_utc=2026-10-04T03:37:05.633+00:00 host_mono_ns=2844044823399199 signal init: 127216850093632
host_utc=2026-10-04T03:37:05.633+00:00 host_mono_ns=2844044823411362 initします
host_utc=2026-10-04T03:37:05.633+00:00 host_mono_ns=2844044823819433 boot_end, 2844044823618002
host_utc=2026-10-04T03:37:05.634+00:00 host_mono_ns=2844044824199070 3 stderr
host_utc=2026-10-04T03:37:05.634+00:00 host_mono_ns=2844044824398025 initします
host_utc=2026-10-04T03:37:05.635+00:00 host_mono_ns=2844044825725863 boot_end, 2844044825553488
host_utc=2026-10-04T03:37:05.635+00:00 host_mono_ns=2844044825816394 [22:00:44:628 - 73B3FB4C7840]: Load type section success.
host_utc=2026-10-04T03:37:05.635+00:00 host_mono_ns=2844044825833977 
host_utc=2026-10-04T03:37:05.635+00:00 host_mono_ns=2844044825846110 [22:00:44:650 - 73B3FB4C7840]: Load import section success.
host_utc=2026-10-04T03:37:05.635+00:00 host_mono_ns=2844044825857943 
host_utc=2026-10-04T03:37:05.635+00:00 host_mono_ns=2844044825868813 [22:00:44:489 - 73B3FB4C7840]: Load function section success.
host_utc=2026-10-04T03:37:05.635+00:00 host_mono_ns=2844044825879934 
host_utc=2026-10-04T03:37:05.635+00:00 host_mono_ns=2844044825890424 [22:00:44:490 - 73B3FB4C7840]: Load table section success.
host_utc=2026-10-04T03:37:05.635+00:00 host_mono_ns=2844044825901445 
host_utc=2026-10-04T03:37:05.635+00:00 host_mono_ns=2844044825911965 [22:00:44:492 - 73B3FB4C7840]: Load global section success.
host_utc=2026-10-04T03:37:05.635+00:00 host_mono_ns=2844044825922745 
host_utc=2026-10-04T03:37:05.635+00:00 host_mono_ns=2844044825933105 [22:00:44:493 - 73B3FB4C7840]: Load export section success.
host_utc=2026-10-04T03:37:05.635+00:00 host_mono_ns=2844044825943705 
host_utc=2026-10-04T03:37:05.635+00:00 host_mono_ns=2844044825954034 [22:00:44:493 - 73B3FB4C7840]: Load start section success.
host_utc=2026-10-04T03:37:05.635+00:00 host_mono_ns=2844044825964704 
host_utc=2026-10-04T03:37:05.635+00:00 host_mono_ns=2844044825975144 [22:00:44:497 - 73B3FB4C7840]: Load table segment section success.
host_utc=2026-10-04T03:37:05.635+00:00 host_mono_ns=2844044825986024 
host_utc=2026-10-04T03:37:05.635+00:00 host_mono_ns=2844044825996344 [22:00:44:498 - 73B3FB4C7840]: Load datacount section success.
host_utc=2026-10-04T03:37:05.635+00:00 host_mono_ns=2844044826028044 
host_utc=2026-10-04T03:37:05.635+00:00 host_mono_ns=2844044826042742 [22:00:44:498 - 73B3FB4C7840]: Load code segment section success.
host_utc=2026-10-04T03:37:05.635+00:00 host_mono_ns=2844044826053782 
host_utc=2026-10-04T03:37:05.635+00:00 host_mono_ns=2844044826064072 [22:00:44:499 - 73B3FB4C7840]: Load data segment section success.
host_utc=2026-10-04T03:37:05.635+00:00 host_mono_ns=2844044826074802 
host_utc=2026-10-04T03:37:05.635+00:00 host_mono_ns=2844044826085132 [22:00:44:499 - 73B3FB4C7840]: Ignore custom section [.debug_abbrev].
host_utc=2026-10-04T03:37:05.635+00:00 host_mono_ns=2844044826095992 [22:00:44:500 - 73B3FB4C7840]: Ignore custom section [.debug_info].
host_utc=2026-10-04T03:37:05.635+00:00 host_mono_ns=2844044826106843 [22:00:44:500 - 73B3FB4C7840]: Ignore custom section [.debug_ranges].
host_utc=2026-10-04T03:37:05.635+00:00 host_mono_ns=2844044826117723 [22:00:44:500 - 73B3FB4C7840]: Ignore custom section [.debug_str].
host_utc=2026-10-04T03:37:05.635+00:00 host_mono_ns=2844044826128463 [22:00:44:501 - 73B3FB4C7840]: Ignore custom section [.debug_line].
host_utc=2026-10-04T03:37:05.635+00:00 host_mono_ns=2844044826139284 [22:00:44:501 - 73B3FB4C7840]: Ignore custom section [.debug_loc].
host_utc=2026-10-04T03:37:05.635+00:00 host_mono_ns=2844044826149954 [22:00:44:502 - 73B3FB4C7840]: Ignore custom section [name].
host_utc=2026-10-04T03:37:05.635+00:00 host_mono_ns=2844044826160975 [22:00:44:502 - 73B3FB4C7840]: Ignore custom section [producers].
host_utc=2026-10-04T03:37:05.636+00:00 host_mono_ns=2844044826171966 [22:00:44:502 - 73B3FB4C7840]: Ignore custom section [target_features].
host_utc=2026-10-04T03:37:05.636+00:00 host_mono_ns=2844044826196903 [22:00:44:503 - 73B3FB4C7840]: Found aux __heap_base global, value: 7855136
host_utc=2026-10-04T03:37:05.636+00:00 host_mono_ns=2844044826208284 [22:00:44:503 - 73B3FB4C7840]: Found aux __data_end global, value: 1301524
host_utc=2026-10-04T03:37:05.636+00:00 host_mono_ns=2844044826219165 [22:00:44:504 - 73B3FB4C7840]: Found aux stack top global, value: 7855136, global index: 0, stack size: 6553600
host_utc=2026-10-04T03:37:05.636+00:00 host_mono_ns=2844044826230767 [22:00:44:504 - 73B3FB4C7840]: Found malloc function, name: malloc, index: 3154
host_utc=2026-10-04T03:37:05.636+00:00 host_mono_ns=2844044826241717 [22:00:44:505 - 73B3FB4C7840]: Found free function, name: free, index: 3156
host_utc=2026-10-04T03:37:05.636+00:00 host_mono_ns=2844044826252778 [22:00:44:511 - 73B3FB4C7840]: Load module success.
host_utc=2026-10-04T03:37:05.636+00:00 host_mono_ns=2844044826263629 
host_utc=2026-10-04T03:37:05.636+00:00 host_mono_ns=2844044826274289 [22:00:44:522 - 73B3FB4C7840]: Memory instantiate:
host_utc=2026-10-04T03:37:05.636+00:00 host_mono_ns=2844044826285079 [22:00:44:523 - 73B3FB4C7840]:   page bytes: 65536, init pages: 16384, max pages: 16384
host_utc=2026-10-04T03:37:05.636+00:00 host_mono_ns=2844044826296050 [22:00:44:523 - 73B3FB4C7840]:   heap offset: 1073741824, heap size: 0
host_utc=2026-10-04T03:37:05.636+00:00 host_mono_ns=2844044826307151 
host_utc=2026-10-04T03:37:05.636+00:00 host_mono_ns=2844044826317721 [22:00:44:549 - 73B3FB4C7840]: Memory instantiate success.
host_utc=2026-10-04T03:37:05.636+00:00 host_mono_ns=2844044826328401 [22:00:44:665 - 73B3FB4C7840]: warning: failed to link import function (env, pthread_exit)
host_utc=2026-10-04T03:37:05.636+00:00 host_mono_ns=2844044826339662 Restoring wasm thread 11
host_utc=2026-10-04T03:37:05.636+00:00 host_mono_ns=2844044826350834 [22:00:44:737 - 73B3FB4C7840]: warning: failed to link import function (env, pthread_exit)
host_utc=2026-10-04T03:37:05.636+00:00 host_mono_ns=2844044826361714 thread 11 restore
host_utc=2026-10-04T03:37:05.636+00:00 host_mono_ns=2844044826372615 Restoring wasm thread 10
host_utc=2026-10-04T03:37:05.636+00:00 host_mono_ns=2844044826383315 [22:00:44:622 - 73B3FB4C7840]: warning: failed to link import function (env, pthread_exit)
host_utc=2026-10-04T03:37:05.636+00:00 host_mono_ns=2844044826394045 thread 10 restore
host_utc=2026-10-04T03:37:05.636+00:00 host_mono_ns=2844044826404675 [2026-10-04 03:37:05.635] [info] wasm_restore_stack
host_utc=2026-10-04T03:37:05.636+00:00 host_mono_ns=2844044826415496 
host_utc=2026-10-04T03:37:05.636+00:00 host_mono_ns=2844044826434522 stack, 197844
host_utc=2026-10-04T03:37:05.636+00:00 host_mono_ns=2844044826445933 global, 17543
host_utc=2026-10-04T03:37:05.636+00:00 host_mono_ns=2844044826456734 program counter, 10219
host_utc=2026-10-04T03:37:05.636+00:00 host_mono_ns=2844044826467564 local_cell_num: 2
host_utc=2026-10-04T03:37:05.636+00:00 host_mono_ns=2844044826478294 locals.values.size: 2
host_utc=2026-10-04T03:37:05.636+00:00 host_mono_ns=2844044826489245 [2026-10-04 03:37:05.635] [info] restore label stack
host_utc=2026-10-04T03:37:05.636+00:00 host_mono_ns=2844044826500266 local_cell_num: 8
host_utc=2026-10-04T03:37:05.636+00:00 host_mono_ns=2844044826510936 locals.values.size: 8
host_utc=2026-10-04T03:37:05.636+00:00 host_mono_ns=2844044826521676 [2026-10-04 03:37:05.635] [info] restore label stack
host_utc=2026-10-04T03:37:05.636+00:00 host_mono_ns=2844044826532366 local_cell_num: 14
host_utc=2026-10-04T03:37:05.636+00:00 host_mono_ns=2844044826543217 locals.values.size: 14
host_utc=2026-10-04T03:37:05.636+00:00 host_mono_ns=2844044826554057 [2026-10-04 03:37:05.635] [info] restore label stack
host_utc=2026-10-04T03:37:05.636+00:00 host_mono_ns=2844044826564818 local_cell_num: 45
host_utc=2026-10-04T03:37:05.636+00:00 host_mono_ns=2844044826575358 locals.values.size: 45
host_utc=2026-10-04T03:37:05.636+00:00 host_mono_ns=2844044826586058 [2026-10-04 03:37:05.635] [info] restore label stack
host_utc=2026-10-04T03:37:05.636+00:00 host_mono_ns=2844044826603691 local_cell_num: 19
host_utc=2026-10-04T03:37:05.636+00:00 host_mono_ns=2844044826614361 locals.values.size: 19
host_utc=2026-10-04T03:37:05.636+00:00 host_mono_ns=2844044826625041 [2026-10-04 03:37:05.635] [info] restore label stack
host_utc=2026-10-04T03:37:05.636+00:00 host_mono_ns=2844044826635712 local_cell_num: 63
host_utc=2026-10-04T03:37:05.636+00:00 host_mono_ns=2844044826646171 locals.values.size: 63
host_utc=2026-10-04T03:37:05.636+00:00 host_mono_ns=2844044826656862 [2026-10-04 03:37:05.635] [info] restore label stack
host_utc=2026-10-04T03:37:05.636+00:00 host_mono_ns=2844044826667622 local_cell_num: 9
host_utc=2026-10-04T03:37:05.636+00:00 host_mono_ns=2844044826678232 locals.values.size: 9
host_utc=2026-10-04T03:37:05.636+00:00 host_mono_ns=2844044826688932 [2026-10-04 03:37:05.635] [info] restore label stack
host_utc=2026-10-04T03:37:05.636+00:00 host_mono_ns=2844044826699672 local_cell_num: 9
host_utc=2026-10-04T03:37:05.636+00:00 host_mono_ns=2844044826710272 locals.values.size: 9
host_utc=2026-10-04T03:37:05.636+00:00 host_mono_ns=2844044826720842 [2026-10-04 03:37:05.635] [info] restore label stack
host_utc=2026-10-04T03:37:05.636+00:00 host_mono_ns=2844044826731483 local_cell_num: 6
host_utc=2026-10-04T03:37:05.636+00:00 host_mono_ns=2844044826741982 locals.values.size: 6
host_utc=2026-10-04T03:37:05.636+00:00 host_mono_ns=2844044826752602 [2026-10-04 03:37:05.635] [info] restore label stack
host_utc=2026-10-04T03:37:05.636+00:00 host_mono_ns=2844044826763393 [2026-10-04 03:37:05.635] [info] Finish to restore stack
host_utc=2026-10-04T03:37:05.636+00:00 host_mono_ns=2844044826774554 
host_utc=2026-10-04T03:37:05.636+00:00 host_mono_ns=2844044826785284 initします
host_utc=2026-10-04T03:37:05.637+00:00 host_mono_ns=2844044827639868 wasm_cluster_increase_checkpointing_counter called 1
host_utc=2026-10-04T03:37:05.637+00:00 host_mono_ns=2844044827656249 Restoring wasm thread 9
host_utc=2026-10-04T03:37:05.637+00:00 host_mono_ns=2844044827667430 wasm_cluster_increase_checkpointing_counter called 2
host_utc=2026-10-04T03:37:05.637+00:00 host_mono_ns=2844044827678431 wasm_cluster_increase_checkpointing_counter called 3
host_utc=2026-10-04T03:37:05.637+00:00 host_mono_ns=2844044827689372 [2026-10-04 03:37:05.637] [info] wasm_restore_stack
host_utc=2026-10-04T03:37:05.637+00:00 host_mono_ns=2844044827700212 
host_utc=2026-10-04T03:37:05.637+00:00 host_mono_ns=2844044827710792 boot_end, 2844044827523749
host_utc=2026-10-04T03:37:05.637+00:00 host_mono_ns=2844044827763121 stack, 163840
host_utc=2026-10-04T03:37:05.637+00:00 host_mono_ns=2844044827790723 global, 17593
host_utc=2026-10-04T03:37:05.637+00:00 host_mono_ns=2844044827801904 program counter, 11752
host_utc=2026-10-04T03:37:05.637+00:00 host_mono_ns=2844044827812685 [22:00:44:593 - 73B3FB4C7840]: warning: failed to link import function (env, pthread_exit)
host_utc=2026-10-04T03:37:05.637+00:00 host_mono_ns=2844044827823766 thread 9 restore
host_utc=2026-10-04T03:37:05.637+00:00 host_mono_ns=2844044827834506 local_cell_num: 2
host_utc=2026-10-04T03:37:05.637+00:00 host_mono_ns=2844044827845006 locals.values.size: 2
host_utc=2026-10-04T03:37:05.637+00:00 host_mono_ns=2844044827855726 [2026-10-04 03:37:05.637] [info] restore label stack
host_utc=2026-10-04T03:37:05.637+00:00 host_mono_ns=2844044827866577 local_cell_num: 8
host_utc=2026-10-04T03:37:05.637+00:00 host_mono_ns=2844044827877016 locals.values.size: 8
host_utc=2026-10-04T03:37:05.637+00:00 host_mono_ns=2844044827887526 [2026-10-04 03:37:05.637] [info] restore label stack
host_utc=2026-10-04T03:37:05.637+00:00 host_mono_ns=2844044827898116 local_cell_num: 14
host_utc=2026-10-04T03:37:05.637+00:00 host_mono_ns=2844044827908576 locals.values.size: 14
host_utc=2026-10-04T03:37:05.637+00:00 host_mono_ns=2844044827919146 [2026-10-04 03:37:05.637] [info] restore label stack
host_utc=2026-10-04T03:37:05.637+00:00 host_mono_ns=2844044827929696 local_cell_num: 15
host_utc=2026-10-04T03:37:05.637+00:00 host_mono_ns=2844044827948642 locals.values.size: 15
host_utc=2026-10-04T03:37:05.637+00:00 host_mono_ns=2844044827959322 [2026-10-04 03:37:05.637] [info] restore label stack
host_utc=2026-10-04T03:37:05.637+00:00 host_mono_ns=2844044827969822 local_cell_num: 37
host_utc=2026-10-04T03:37:05.637+00:00 host_mono_ns=2844044827980291 locals.values.size: 37
host_utc=2026-10-04T03:37:05.637+00:00 host_mono_ns=2844044827990751 [2026-10-04 03:37:05.637] [info] restore label stack
host_utc=2026-10-04T03:37:05.637+00:00 host_mono_ns=2844044828008935 local_cell_num: 25
host_utc=2026-10-04T03:37:05.637+00:00 host_mono_ns=2844044828023393 locals.values.size: 25
host_utc=2026-10-04T03:37:05.637+00:00 host_mono_ns=2844044828034063 [2026-10-04 03:37:05.637] [info] restore label stack
host_utc=2026-10-04T03:37:05.637+00:00 host_mono_ns=2844044828044673 local_cell_num: 34
host_utc=2026-10-04T03:37:05.637+00:00 host_mono_ns=2844044828055243 locals.values.size: 34
host_utc=2026-10-04T03:37:05.637+00:00 host_mono_ns=2844044828065883 [2026-10-04 03:37:05.637] [info] restore label stack
host_utc=2026-10-04T03:37:05.637+00:00 host_mono_ns=2844044828076593 local_cell_num: 38
host_utc=2026-10-04T03:37:05.637+00:00 host_mono_ns=2844044828087023 locals.values.size: 38
host_utc=2026-10-04T03:37:05.637+00:00 host_mono_ns=2844044828097423 [2026-10-04 03:37:05.637] [info] restore label stack
host_utc=2026-10-04T03:37:05.637+00:00 host_mono_ns=2844044828107993 local_cell_num: 94
host_utc=2026-10-04T03:37:05.637+00:00 host_mono_ns=2844044828118482 locals.values.size: 94
host_utc=2026-10-04T03:37:05.637+00:00 host_mono_ns=2844044828128992 [2026-10-04 03:37:05.637] [info] restore label stack
host_utc=2026-10-04T03:37:05.637+00:00 host_mono_ns=2844044828139632 local_cell_num: 2
host_utc=2026-10-04T03:37:05.637+00:00 host_mono_ns=2844044828150102 locals.values.size: 2
host_utc=2026-10-04T03:37:05.637+00:00 host_mono_ns=2844044828160772 [2026-10-04 03:37:05.637] [info] restore label stack
host_utc=2026-10-04T03:37:05.638+00:00 host_mono_ns=2844044828171332 local_cell_num: 9
host_utc=2026-10-04T03:37:05.638+00:00 host_mono_ns=2844044828181982 locals.values.size: 9
host_utc=2026-10-04T03:37:05.638+00:00 host_mono_ns=2844044828192462 [2026-10-04 03:37:05.637] [info] restore label stack
host_utc=2026-10-04T03:37:05.638+00:00 host_mono_ns=2844044828203142 local_cell_num: 9
host_utc=2026-10-04T03:37:05.638+00:00 host_mono_ns=2844044828213582 locals.values.size: 9
host_utc=2026-10-04T03:37:05.638+00:00 host_mono_ns=2844044828224172 [2026-10-04 03:37:05.637] [info] restore label stack
host_utc=2026-10-04T03:37:05.638+00:00 host_mono_ns=2844044828234672 local_cell_num: 6
host_utc=2026-10-04T03:37:05.638+00:00 host_mono_ns=2844044828245122 locals.values.size: 6
host_utc=2026-10-04T03:37:05.638+00:00 host_mono_ns=2844044828255591 [2026-10-04 03:37:05.637] [info] restore label stack
host_utc=2026-10-04T03:37:05.638+00:00 host_mono_ns=2844044828266412 [2026-10-04 03:37:05.637] [info] Finish to restore stack
host_utc=2026-10-04T03:37:05.638+00:00 host_mono_ns=2844044828277362 
host_utc=2026-10-04T03:37:05.638+00:00 host_mono_ns=2844044828293583 initします
host_utc=2026-10-04T03:37:05.639+00:00 host_mono_ns=2844044829632632 boot_end, 2844044829498369
host_utc=2026-10-04T03:37:05.639+00:00 host_mono_ns=2844044829651899 wasm_cluster_increase_checkpointing_counter called 1
host_utc=2026-10-04T03:37:05.639+00:00 host_mono_ns=2844044829665204 Restoring wasm thread 8
host_utc=2026-10-04T03:37:05.639+00:00 host_mono_ns=2844044829676074 wasm_cluster_increase_checkpointing_counter called 2
host_utc=2026-10-04T03:37:05.639+00:00 host_mono_ns=2844044829686825 wasm_cluster_increase_checkpointing_counter called 3
host_utc=2026-10-04T03:37:05.639+00:00 host_mono_ns=2844044829697695 [2026-10-04 03:37:05.639] [info] wasm_restore_stack
host_utc=2026-10-04T03:37:05.639+00:00 host_mono_ns=2844044829708365 
host_utc=2026-10-04T03:37:05.639+00:00 host_mono_ns=2844044829729195 [22:00:44:570 - 73B3FB4C7840]: warning: failed to link import function (env, pthread_exit)
host_utc=2026-10-04T03:37:05.639+00:00 host_mono_ns=2844044829753150 thread 8 restore
host_utc=2026-10-04T03:37:05.639+00:00 host_mono_ns=2844044829764401 local_cell_num: 2
host_utc=2026-10-04T03:37:05.639+00:00 host_mono_ns=2844044829775021 locals.values.size: 2
host_utc=2026-10-04T03:37:05.639+00:00 host_mono_ns=2844044829785671 [2026-10-04 03:37:05.639] [info] restore label stack
host_utc=2026-10-04T03:37:05.639+00:00 host_mono_ns=2844044829796201 local_cell_num: 8
host_utc=2026-10-04T03:37:05.639+00:00 host_mono_ns=2844044829806711 locals.values.size: 8
host_utc=2026-10-04T03:37:05.639+00:00 host_mono_ns=2844044829817191 [2026-10-04 03:37:05.639] [info] restore label stack
host_utc=2026-10-04T03:37:05.639+00:00 host_mono_ns=2844044829827671 local_cell_num: 14
host_utc=2026-10-04T03:37:05.639+00:00 host_mono_ns=2844044829838171 locals.values.size: 14
host_utc=2026-10-04T03:37:05.639+00:00 host_mono_ns=2844044829848741 [2026-10-04 03:37:05.639] [info] restore label stack
host_utc=2026-10-04T03:37:05.639+00:00 host_mono_ns=2844044829859230 local_cell_num: 15
host_utc=2026-10-04T03:37:05.639+00:00 host_mono_ns=2844044829869660 locals.values.size: 15
host_utc=2026-10-04T03:37:05.639+00:00 host_mono_ns=2844044829880310 [2026-10-04 03:37:05.639] [info] restore label stack
host_utc=2026-10-04T03:37:05.639+00:00 host_mono_ns=2844044829890820 local_cell_num: 27
host_utc=2026-10-04T03:37:05.639+00:00 host_mono_ns=2844044829901280 locals.values.size: 27
host_utc=2026-10-04T03:37:05.639+00:00 host_mono_ns=2844044829911790 [2026-10-04 03:37:05.639] [info] restore label stack
host_utc=2026-10-04T03:37:05.639+00:00 host_mono_ns=2844044829922410 local_cell_num: 25
host_utc=2026-10-04T03:37:05.639+00:00 host_mono_ns=2844044829932889 locals.values.size: 25
host_utc=2026-10-04T03:37:05.639+00:00 host_mono_ns=2844044829943409 [2026-10-04 03:37:05.639] [info] restore label stack
host_utc=2026-10-04T03:37:05.639+00:00 host_mono_ns=2844044829953929 local_cell_num: 34
host_utc=2026-10-04T03:37:05.639+00:00 host_mono_ns=2844044829964429 locals.values.size: 34
host_utc=2026-10-04T03:37:05.639+00:00 host_mono_ns=2844044829975029 [2026-10-04 03:37:05.639] [info] restore label stack
host_utc=2026-10-04T03:37:05.639+00:00 host_mono_ns=2844044829985609 local_cell_num: 38
host_utc=2026-10-04T03:37:05.639+00:00 host_mono_ns=2844044829996079 locals.values.size: 38
host_utc=2026-10-04T03:37:05.639+00:00 host_mono_ns=2844044830017028 [2026-10-04 03:37:05.639] [info] restore label stack
host_utc=2026-10-04T03:37:05.639+00:00 host_mono_ns=2844044830031716 local_cell_num: 94
host_utc=2026-10-04T03:37:05.639+00:00 host_mono_ns=2844044830042356 locals.values.size: 94
host_utc=2026-10-04T03:37:05.639+00:00 host_mono_ns=2844044830052826 [2026-10-04 03:37:05.639] [info] restore label stack
host_utc=2026-10-04T03:37:05.639+00:00 host_mono_ns=2844044830063426 local_cell_num: 2
host_utc=2026-10-04T03:37:05.639+00:00 host_mono_ns=2844044830073906 locals.values.size: 2
host_utc=2026-10-04T03:37:05.639+00:00 host_mono_ns=2844044830084366 [2026-10-04 03:37:05.639] [info] restore label stack
host_utc=2026-10-04T03:37:05.639+00:00 host_mono_ns=2844044830094815 local_cell_num: 9
host_utc=2026-10-04T03:37:05.639+00:00 host_mono_ns=2844044830105325 locals.values.size: 9
host_utc=2026-10-04T03:37:05.639+00:00 host_mono_ns=2844044830115775 [2026-10-04 03:37:05.639] [info] restore label stack
host_utc=2026-10-04T03:37:05.639+00:00 host_mono_ns=2844044830126335 local_cell_num: 9
host_utc=2026-10-04T03:37:05.639+00:00 host_mono_ns=2844044830136765 locals.values.size: 9
host_utc=2026-10-04T03:37:05.639+00:00 host_mono_ns=2844044830147174 [2026-10-04 03:37:05.639] [info] restore label stack
host_utc=2026-10-04T03:37:05.639+00:00 host_mono_ns=2844044830157874 local_cell_num: 6
host_utc=2026-10-04T03:37:05.640+00:00 host_mono_ns=2844044830168414 locals.values.size: 6
host_utc=2026-10-04T03:37:05.640+00:00 host_mono_ns=2844044830179044 [2026-10-04 03:37:05.639] [info] restore label stack
host_utc=2026-10-04T03:37:05.640+00:00 host_mono_ns=2844044830189644 [2026-10-04 03:37:05.639] [info] Finish to restore stack
host_utc=2026-10-04T03:37:05.640+00:00 host_mono_ns=2844044830207759 
host_utc=2026-10-04T03:37:05.640+00:00 host_mono_ns=2844044830218459 stack, 144914
host_utc=2026-10-04T03:37:05.640+00:00 host_mono_ns=2844044830235721 global, 16702
host_utc=2026-10-04T03:37:05.640+00:00 host_mono_ns=2844044830247053 program counter, 10760
host_utc=2026-10-04T03:37:05.640+00:00 host_mono_ns=2844044830258064 initします
host_utc=2026-10-04T03:37:05.641+00:00 host_mono_ns=2844044831358752 boot_end, 2844044831203860
host_utc=2026-10-04T03:37:05.641+00:00 host_mono_ns=2844044831378540 wasm_cluster_increase_checkpointing_counter called 1
host_utc=2026-10-04T03:37:05.641+00:00 host_mono_ns=2844044831389941 Restoring wasm thread 7
host_utc=2026-10-04T03:37:05.641+00:00 host_mono_ns=2844044831400601 wasm_cluster_increase_checkpointing_counter called 2
host_utc=2026-10-04T03:37:05.641+00:00 host_mono_ns=2844044831411472 wasm_cluster_increase_checkpointing_counter called 3
host_utc=2026-10-04T03:37:05.641+00:00 host_mono_ns=2844044831422222 [2026-10-04 03:37:05.641] [info] wasm_restore_stack
host_utc=2026-10-04T03:37:05.641+00:00 host_mono_ns=2844044831432972 
host_utc=2026-10-04T03:37:05.641+00:00 host_mono_ns=2844044831447941 stack, 138311
host_utc=2026-10-04T03:37:05.641+00:00 host_mono_ns=2844044831458751 [22:00:44:282 - 73B3FB4C7840]: warning: failed to link import function (env, pthread_exit)
host_utc=2026-10-04T03:37:05.641+00:00 host_mono_ns=2844044831469632 thread 7 restore
host_utc=2026-10-04T03:37:05.641+00:00 host_mono_ns=2844044831480242 local_cell_num: 2
host_utc=2026-10-04T03:37:05.641+00:00 host_mono_ns=2844044831490681 locals.values.size: 2
host_utc=2026-10-04T03:37:05.641+00:00 host_mono_ns=2844044831501312 [2026-10-04 03:37:05.641] [info] restore label stack
host_utc=2026-10-04T03:37:05.641+00:00 host_mono_ns=2844044831511992 local_cell_num: 8
host_utc=2026-10-04T03:37:05.641+00:00 host_mono_ns=2844044831522421 locals.values.size: 8
host_utc=2026-10-04T03:37:05.641+00:00 host_mono_ns=2844044831532891 [2026-10-04 03:37:05.641] [info] restore label stack
host_utc=2026-10-04T03:37:05.641+00:00 host_mono_ns=2844044831543421 local_cell_num: 25
host_utc=2026-10-04T03:37:05.641+00:00 host_mono_ns=2844044831553751 locals.values.size: 25
host_utc=2026-10-04T03:37:05.641+00:00 host_mono_ns=2844044831564190 [2026-10-04 03:37:05.641] [info] restore label stack
host_utc=2026-10-04T03:37:05.641+00:00 host_mono_ns=2844044831574740 local_cell_num: 10
host_utc=2026-10-04T03:37:05.641+00:00 host_mono_ns=2844044831585100 locals.values.size: 10
host_utc=2026-10-04T03:37:05.641+00:00 host_mono_ns=2844044831595600 [2026-10-04 03:37:05.641] [info] restore label stack
host_utc=2026-10-04T03:37:05.641+00:00 host_mono_ns=2844044831606170 local_cell_num: 22
host_utc=2026-10-04T03:37:05.641+00:00 host_mono_ns=2844044831616659 locals.values.size: 22
host_utc=2026-10-04T03:37:05.641+00:00 host_mono_ns=2844044831627069 [2026-10-04 03:37:05.641] [info] restore label stack
host_utc=2026-10-04T03:37:05.641+00:00 host_mono_ns=2844044831637669 local_cell_num: 62
host_utc=2026-10-04T03:37:05.641+00:00 host_mono_ns=2844044831648239 locals.values.size: 62
host_utc=2026-10-04T03:37:05.641+00:00 host_mono_ns=2844044831658759 [2026-10-04 03:37:05.641] [info] restore label stack
host_utc=2026-10-04T03:37:05.641+00:00 host_mono_ns=2844044831669289 local_cell_num: 18
host_utc=2026-10-04T03:37:05.641+00:00 host_mono_ns=2844044831679678 locals.values.size: 18
host_utc=2026-10-04T03:37:05.641+00:00 host_mono_ns=2844044831690128 [2026-10-04 03:37:05.641] [info] restore label stack
host_utc=2026-10-04T03:37:05.641+00:00 host_mono_ns=2844044831700708 local_cell_num: 21
host_utc=2026-10-04T03:37:05.641+00:00 host_mono_ns=2844044831711168 locals.values.size: 21
host_utc=2026-10-04T03:37:05.641+00:00 host_mono_ns=2844044831721658 [2026-10-04 03:37:05.641] [info] restore label stack
host_utc=2026-10-04T03:37:05.641+00:00 host_mono_ns=2844044831732178 local_cell_num: 10
host_utc=2026-10-04T03:37:05.641+00:00 host_mono_ns=2844044831742617 locals.values.size: 10
host_utc=2026-10-04T03:37:05.641+00:00 host_mono_ns=2844044831760581 [2026-10-04 03:37:05.641] [info] restore label stack
host_utc=2026-10-04T03:37:05.641+00:00 host_mono_ns=2844044831771211 local_cell_num: 2
host_utc=2026-10-04T03:37:05.641+00:00 host_mono_ns=2844044831781611 locals.values.size: 2
host_utc=2026-10-04T03:37:05.641+00:00 host_mono_ns=2844044831792211 [2026-10-04 03:37:05.641] [info] restore label stack
host_utc=2026-10-04T03:37:05.641+00:00 host_mono_ns=2844044831802801 local_cell_num: 9
host_utc=2026-10-04T03:37:05.641+00:00 host_mono_ns=2844044831813211 locals.values.size: 9
host_utc=2026-10-04T03:37:05.641+00:00 host_mono_ns=2844044831823650 [2026-10-04 03:37:05.641] [info] restore label stack
host_utc=2026-10-04T03:37:05.641+00:00 host_mono_ns=2844044831834270 local_cell_num: 9
host_utc=2026-10-04T03:37:05.641+00:00 host_mono_ns=2844044831844600 locals.values.size: 9
host_utc=2026-10-04T03:37:05.641+00:00 host_mono_ns=2844044831855230 [2026-10-04 03:37:05.641] [info] restore label stack
host_utc=2026-10-04T03:37:05.641+00:00 host_mono_ns=2844044831865800 local_cell_num: 6
host_utc=2026-10-04T03:37:05.641+00:00 host_mono_ns=2844044831876150 locals.values.size: 6
host_utc=2026-10-04T03:37:05.641+00:00 host_mono_ns=2844044831886720 [2026-10-04 03:37:05.641] [info] restore label stack
host_utc=2026-10-04T03:37:05.641+00:00 host_mono_ns=2844044831897400 [2026-10-04 03:37:05.641] [info] Finish to restore stack
host_utc=2026-10-04T03:37:05.641+00:00 host_mono_ns=2844044831908040 
host_utc=2026-10-04T03:37:05.641+00:00 host_mono_ns=2844044831918530 global, 21120
host_utc=2026-10-04T03:37:05.641+00:00 host_mono_ns=2844044831928959 program counter, 12604
host_utc=2026-10-04T03:37:05.641+00:00 host_mono_ns=2844044831944228 initします
host_utc=2026-10-04T03:37:05.642+00:00 host_mono_ns=2844044833008198 boot_end, 2844044832828418
host_utc=2026-10-04T03:37:05.642+00:00 host_mono_ns=2844044833027284 stack, 68680
host_utc=2026-10-04T03:37:05.642+00:00 host_mono_ns=2844044833038615 global, 13095
host_utc=2026-10-04T03:37:05.642+00:00 host_mono_ns=2844044833049506 wasm_cluster_increase_checkpointing_counter called 1
host_utc=2026-10-04T03:37:05.642+00:00 host_mono_ns=2844044833060487 Restoring wasm thread 6
host_utc=2026-10-04T03:37:05.642+00:00 host_mono_ns=2844044833071197 wasm_cluster_increase_checkpointing_counter called 2
host_utc=2026-10-04T03:37:05.642+00:00 host_mono_ns=2844044833081977 wasm_cluster_increase_checkpointing_counter called 3
host_utc=2026-10-04T03:37:05.642+00:00 host_mono_ns=2844044833092727 [2026-10-04 03:37:05.642] [info] wasm_restore_stack
host_utc=2026-10-04T03:37:05.642+00:00 host_mono_ns=2844044833103428 
host_utc=2026-10-04T03:37:05.642+00:00 host_mono_ns=2844044833114098 local_cell_num: 2
host_utc=2026-10-04T03:37:05.642+00:00 host_mono_ns=2844044833124618 locals.values.size: 2
host_utc=2026-10-04T03:37:05.642+00:00 host_mono_ns=2844044833135057 [2026-10-04 03:37:05.642] [info] restore label stack
host_utc=2026-10-04T03:37:05.642+00:00 host_mono_ns=2844044833145798 local_cell_num: 8
host_utc=2026-10-04T03:37:05.642+00:00 host_mono_ns=2844044833156157 locals.values.size: 8
host_utc=2026-10-04T03:37:05.642+00:00 host_mono_ns=2844044833166587 [2026-10-04 03:37:05.642] [info] restore label stack
host_utc=2026-10-04T03:37:05.643+00:00 host_mono_ns=2844044833177007 local_cell_num: 14
host_utc=2026-10-04T03:37:05.643+00:00 host_mono_ns=2844044833187436 locals.values.size: 14
host_utc=2026-10-04T03:37:05.643+00:00 host_mono_ns=2844044833197916 [2026-10-04 03:37:05.642] [info] restore label stack
host_utc=2026-10-04T03:37:05.643+00:00 host_mono_ns=2844044833208506 local_cell_num: 8
host_utc=2026-10-04T03:37:05.643+00:00 host_mono_ns=2844044833218856 locals.values.size: 8
host_utc=2026-10-04T03:37:05.643+00:00 host_mono_ns=2844044833229315 [2026-10-04 03:37:05.642] [info] restore label stack
host_utc=2026-10-04T03:37:05.643+00:00 host_mono_ns=2844044833239835 local_cell_num: 13
host_utc=2026-10-04T03:37:05.643+00:00 host_mono_ns=2844044833250255 locals.values.size: 13
host_utc=2026-10-04T03:37:05.643+00:00 host_mono_ns=2844044833268820 [2026-10-04 03:37:05.642] [info] restore label stack
host_utc=2026-10-04T03:37:05.643+00:00 host_mono_ns=2844044833279510 local_cell_num: 19
host_utc=2026-10-04T03:37:05.643+00:00 host_mono_ns=2844044833289840 locals.values.size: 19
host_utc=2026-10-04T03:37:05.643+00:00 host_mono_ns=2844044833300320 [2026-10-04 03:37:05.642] [info] restore label stack
host_utc=2026-10-04T03:37:05.643+00:00 host_mono_ns=2844044833310809 local_cell_num: 63
host_utc=2026-10-04T03:37:05.643+00:00 host_mono_ns=2844044833321169 locals.values.size: 63
host_utc=2026-10-04T03:37:05.643+00:00 host_mono_ns=2844044833331619 [2026-10-04 03:37:05.642] [info] restore label stack
host_utc=2026-10-04T03:37:05.643+00:00 host_mono_ns=2844044833342028 local_cell_num: 9
host_utc=2026-10-04T03:37:05.643+00:00 host_mono_ns=2844044833352388 locals.values.size: 9
host_utc=2026-10-04T03:37:05.643+00:00 host_mono_ns=2844044833362898 [2026-10-04 03:37:05.642] [info] restore label stack
host_utc=2026-10-04T03:37:05.643+00:00 host_mono_ns=2844044833373428 local_cell_num: 9
host_utc=2026-10-04T03:37:05.643+00:00 host_mono_ns=2844044833383807 locals.values.size: 9
host_utc=2026-10-04T03:37:05.643+00:00 host_mono_ns=2844044833394387 [2026-10-04 03:37:05.642] [info] restore label stack
host_utc=2026-10-04T03:37:05.643+00:00 host_mono_ns=2844044833404927 local_cell_num: 6
host_utc=2026-10-04T03:37:05.643+00:00 host_mono_ns=2844044833415307 locals.values.size: 6
host_utc=2026-10-04T03:37:05.643+00:00 host_mono_ns=2844044833425897 [2026-10-04 03:37:05.642] [info] restore label stack
host_utc=2026-10-04T03:37:05.643+00:00 host_mono_ns=2844044833436477 [2026-10-04 03:37:05.642] [info] Finish to restore stack
host_utc=2026-10-04T03:37:05.643+00:00 host_mono_ns=2844044833447207 
host_utc=2026-10-04T03:37:05.643+00:00 host_mono_ns=2844044833464269 program counter, 8376
host_utc=2026-10-04T03:37:05.643+00:00 host_mono_ns=2844044833475420 initします
host_utc=2026-10-04T03:37:05.645+00:00 host_mono_ns=2844044835222109 [22:00:44:908 - 73B3FB4C7840]: warning: failed to link import function (env, pthread_exit)
host_utc=2026-10-04T03:37:05.645+00:00 host_mono_ns=2844044835279107 thread 6 restore
host_utc=2026-10-04T03:37:05.645+00:00 host_mono_ns=2844044835296450 wasm_cluster_increase_checkpointing_counter called 1
host_utc=2026-10-04T03:37:05.645+00:00 host_mono_ns=2844044835311789 wasm_cluster_increase_checkpointing_counter called 2
host_utc=2026-10-04T03:37:05.645+00:00 host_mono_ns=2844044835325144 wasm_cluster_increase_checkpointing_counter called 3
host_utc=2026-10-04T03:37:05.645+00:00 host_mono_ns=2844044835337988 Restoring wasm thread 5
host_utc=2026-10-04T03:37:05.645+00:00 host_mono_ns=2844044835351293 [2026-10-04 03:37:05.644] [info] wasm_restore_stack
host_utc=2026-10-04T03:37:05.645+00:00 host_mono_ns=2844044835364228 
host_utc=2026-10-04T03:37:05.645+00:00 host_mono_ns=2844044835377423 boot_end, 2844044835035748
host_utc=2026-10-04T03:37:05.645+00:00 host_mono_ns=2844044835400967 stack, 121500
host_utc=2026-10-04T03:37:05.645+00:00 host_mono_ns=2844044835414663 global, 24026
host_utc=2026-10-04T03:37:05.645+00:00 host_mono_ns=2844044835427197 program counter, 14137
host_utc=2026-10-04T03:37:05.645+00:00 host_mono_ns=2844044835440111 [22:00:44:106 - 73B3FB4C7840]: warning: failed to link import function (env, pthread_exit)
host_utc=2026-10-04T03:37:05.645+00:00 host_mono_ns=2844044835453276 thread 5 restore
host_utc=2026-10-04T03:37:05.645+00:00 host_mono_ns=2844044835465980 local_cell_num: 2
host_utc=2026-10-04T03:37:05.645+00:00 host_mono_ns=2844044835478544 locals.values.size: 2
host_utc=2026-10-04T03:37:05.645+00:00 host_mono_ns=2844044835491308 [2026-10-04 03:37:05.644] [info] restore label stack
host_utc=2026-10-04T03:37:05.645+00:00 host_mono_ns=2844044835504212 local_cell_num: 8
host_utc=2026-10-04T03:37:05.645+00:00 host_mono_ns=2844044835516706 locals.values.size: 8
host_utc=2026-10-04T03:37:05.645+00:00 host_mono_ns=2844044835529209 [2026-10-04 03:37:05.644] [info] restore label stack
host_utc=2026-10-04T03:37:05.645+00:00 host_mono_ns=2844044835555649 local_cell_num: 14
host_utc=2026-10-04T03:37:05.645+00:00 host_mono_ns=2844044835568363 locals.values.size: 14
host_utc=2026-10-04T03:37:05.645+00:00 host_mono_ns=2844044835581107 [2026-10-04 03:37:05.644] [info] restore label stack
host_utc=2026-10-04T03:37:05.645+00:00 host_mono_ns=2844044835593521 local_cell_num: 8
host_utc=2026-10-04T03:37:05.645+00:00 host_mono_ns=2844044835605884 locals.values.size: 8
host_utc=2026-10-04T03:37:05.645+00:00 host_mono_ns=2844044835618318 [2026-10-04 03:37:05.644] [info] restore label stack
host_utc=2026-10-04T03:37:05.645+00:00 host_mono_ns=2844044835630631 local_cell_num: 13
host_utc=2026-10-04T03:37:05.645+00:00 host_mono_ns=2844044835642974 locals.values.size: 13
host_utc=2026-10-04T03:37:05.645+00:00 host_mono_ns=2844044835655318 [2026-10-04 03:37:05.644] [info] restore label stack
host_utc=2026-10-04T03:37:05.645+00:00 host_mono_ns=2844044835667571 local_cell_num: 19
host_utc=2026-10-04T03:37:05.645+00:00 host_mono_ns=2844044835679774 locals.values.size: 19
host_utc=2026-10-04T03:37:05.645+00:00 host_mono_ns=2844044835692067 [2026-10-04 03:37:05.644] [info] restore label stack
host_utc=2026-10-04T03:37:05.645+00:00 host_mono_ns=2844044835704390 local_cell_num: 63
host_utc=2026-10-04T03:37:05.645+00:00 host_mono_ns=2844044835716553 locals.values.size: 63
host_utc=2026-10-04T03:37:05.645+00:00 host_mono_ns=2844044835728796 [2026-10-04 03:37:05.644] [info] restore label stack
host_utc=2026-10-04T03:37:05.645+00:00 host_mono_ns=2844044835741059 local_cell_num: 9
host_utc=2026-10-04T03:37:05.645+00:00 host_mono_ns=2844044835753252 locals.values.size: 9
host_utc=2026-10-04T03:37:05.645+00:00 host_mono_ns=2844044835765586 [2026-10-04 03:37:05.644] [info] restore label stack
host_utc=2026-10-04T03:37:05.645+00:00 host_mono_ns=2844044835777899 local_cell_num: 9
host_utc=2026-10-04T03:37:05.645+00:00 host_mono_ns=2844044835790122 locals.values.size: 9
host_utc=2026-10-04T03:37:05.645+00:00 host_mono_ns=2844044835802355 [2026-10-04 03:37:05.644] [info] restore label stack
host_utc=2026-10-04T03:37:05.645+00:00 host_mono_ns=2844044835814678 local_cell_num: 6
host_utc=2026-10-04T03:37:05.645+00:00 host_mono_ns=2844044835826841 locals.values.size: 6
host_utc=2026-10-04T03:37:05.645+00:00 host_mono_ns=2844044835839145 [2026-10-04 03:37:05.644] [info] restore label stack
host_utc=2026-10-04T03:37:05.645+00:00 host_mono_ns=2844044835851618 [2026-10-04 03:37:05.645] [info] Finish to restore stack
host_utc=2026-10-04T03:37:05.645+00:00 host_mono_ns=2844044835864493 
host_utc=2026-10-04T03:37:05.645+00:00 host_mono_ns=2844044835884751 initします
host_utc=2026-10-04T03:37:05.647+00:00 host_mono_ns=2844044837339148 boot_end, 2844044837196038
host_utc=2026-10-04T03:37:05.647+00:00 host_mono_ns=2844044837362201 wasm_cluster_increase_checkpointing_counter called 1
host_utc=2026-10-04T03:37:05.647+00:00 host_mono_ns=2844044837374575 Restoring wasm thread 4
host_utc=2026-10-04T03:37:05.647+00:00 host_mono_ns=2844044837385836 wasm_cluster_increase_checkpointing_counter called 2
host_utc=2026-10-04T03:37:05.647+00:00 host_mono_ns=2844044837396787 wasm_cluster_increase_checkpointing_counter called 3
host_utc=2026-10-04T03:37:05.647+00:00 host_mono_ns=2844044837409300 [2026-10-04 03:37:05.647] [info] wasm_restore_stack
host_utc=2026-10-04T03:37:05.647+00:00 host_mono_ns=2844044837424850 
host_utc=2026-10-04T03:37:05.647+00:00 host_mono_ns=2844044837449045 [22:00:44:268 - 73B3FB4C7840]: warning: failed to link import function (env, pthread_exit)
host_utc=2026-10-04T03:37:05.647+00:00 host_mono_ns=2844044837466739 thread 4 restore
host_utc=2026-10-04T03:37:05.647+00:00 host_mono_ns=2844044837479864 local_cell_num: 2
host_utc=2026-10-04T03:37:05.647+00:00 host_mono_ns=2844044837490784 locals.values.size: 2
host_utc=2026-10-04T03:37:05.647+00:00 host_mono_ns=2844044837501545 [2026-10-04 03:37:05.647] [info] restore label stack
host_utc=2026-10-04T03:37:05.647+00:00 host_mono_ns=2844044837512325 local_cell_num: 8
host_utc=2026-10-04T03:37:05.647+00:00 host_mono_ns=2844044837522875 locals.values.size: 8
host_utc=2026-10-04T03:37:05.647+00:00 host_mono_ns=2844044837542772 [2026-10-04 03:37:05.647] [info] restore label stack
host_utc=2026-10-04T03:37:05.647+00:00 host_mono_ns=2844044837553603 local_cell_num: 14
host_utc=2026-10-04T03:37:05.647+00:00 host_mono_ns=2844044837564053 locals.values.size: 14
host_utc=2026-10-04T03:37:05.647+00:00 host_mono_ns=2844044837574633 [2026-10-04 03:37:05.647] [info] restore label stack
host_utc=2026-10-04T03:37:05.647+00:00 host_mono_ns=2844044837585243 local_cell_num: 215
host_utc=2026-10-04T03:37:05.647+00:00 host_mono_ns=2844044837595813 locals.values.size: 215
host_utc=2026-10-04T03:37:05.647+00:00 host_mono_ns=2844044837606603 [2026-10-04 03:37:05.647] [info] restore label stack
host_utc=2026-10-04T03:37:05.647+00:00 host_mono_ns=2844044837617173 local_cell_num: 77
host_utc=2026-10-04T03:37:05.647+00:00 host_mono_ns=2844044837627573 locals.values.size: 77
host_utc=2026-10-04T03:37:05.647+00:00 host_mono_ns=2844044837642160 [2026-10-04 03:37:05.647] [info] restore label stack
host_utc=2026-10-04T03:37:05.647+00:00 host_mono_ns=2844044837656628 local_cell_num: 22
host_utc=2026-10-04T03:37:05.647+00:00 host_mono_ns=2844044837668901 locals.values.size: 22
host_utc=2026-10-04T03:37:05.647+00:00 host_mono_ns=2844044837681324 [2026-10-04 03:37:05.647] [info] restore label stack
host_utc=2026-10-04T03:37:05.647+00:00 host_mono_ns=2844044837693898 [2026-10-04 03:37:05.647] [info] Finish to restore stack
host_utc=2026-10-04T03:37:05.647+00:00 host_mono_ns=2844044837706552 
host_utc=2026-10-04T03:37:05.647+00:00 host_mono_ns=2844044837718845 stack, 135867
host_utc=2026-10-04T03:37:05.647+00:00 host_mono_ns=2844044837737110 global, 28684
host_utc=2026-10-04T03:37:05.647+00:00 host_mono_ns=2844044837749743 program counter, 18575
host_utc=2026-10-04T03:37:05.647+00:00 host_mono_ns=2844044837854521 initします
host_utc=2026-10-04T03:37:05.649+00:00 host_mono_ns=2844044839518765 wasm_cluster_increase_checkpointing_counter called 1
host_utc=2026-10-04T03:37:05.649+00:00 host_mono_ns=2844044839554422 Restoring wasm thread 3
host_utc=2026-10-04T03:37:05.649+00:00 host_mono_ns=2844044839567888 wasm_cluster_increase_checkpointing_counter called 2
host_utc=2026-10-04T03:37:05.649+00:00 host_mono_ns=2844044839577937 wasm_cluster_increase_checkpointing_counter called 3
host_utc=2026-10-04T03:37:05.649+00:00 host_mono_ns=2844044839586753 [2026-10-04 03:37:05.649] [info] wasm_restore_stack
host_utc=2026-10-04T03:37:05.649+00:00 host_mono_ns=2844044839595740 
host_utc=2026-10-04T03:37:05.649+00:00 host_mono_ns=2844044839604978 boot_end, 2844044839385944
host_utc=2026-10-04T03:37:05.649+00:00 host_mono_ns=2844044839620527 [22:00:44:462 - 73B3FB4C7840]: warning: failed to link import function (env, pthread_exit)
host_utc=2026-10-04T03:37:05.649+00:00 host_mono_ns=2844044839631027 local_cell_num: 2
host_utc=2026-10-04T03:37:05.649+00:00 host_mono_ns=2844044839642969 locals.values.size: 2
host_utc=2026-10-04T03:37:05.649+00:00 host_mono_ns=2844044839657737 [2026-10-04 03:37:05.649] [info] restore label stack
host_utc=2026-10-04T03:37:05.649+00:00 host_mono_ns=2844044839671884 thread 3 restore
host_utc=2026-10-04T03:37:05.649+00:00 host_mono_ns=2844044839685540 local_cell_num: 8
host_utc=2026-10-04T03:37:05.649+00:00 host_mono_ns=2844044839698284 locals.values.size: 8
host_utc=2026-10-04T03:37:05.649+00:00 host_mono_ns=2844044839710928 [2026-10-04 03:37:05.649] [info] restore label stack
host_utc=2026-10-04T03:37:05.649+00:00 host_mono_ns=2844044839723552 local_cell_num: 14
host_utc=2026-10-04T03:37:05.649+00:00 host_mono_ns=2844044839736145 locals.values.size: 14
host_utc=2026-10-04T03:37:05.649+00:00 host_mono_ns=2844044839748910 [2026-10-04 03:37:05.649] [info] restore label stack
host_utc=2026-10-04T03:37:05.649+00:00 host_mono_ns=2844044839761453 local_cell_num: 215
host_utc=2026-10-04T03:37:05.649+00:00 host_mono_ns=2844044839774177 locals.values.size: 215
host_utc=2026-10-04T03:37:05.649+00:00 host_mono_ns=2844044839786941 [2026-10-04 03:37:05.649] [info] restore label stack
host_utc=2026-10-04T03:37:05.649+00:00 host_mono_ns=2844044839814343 local_cell_num: 77
host_utc=2026-10-04T03:37:05.649+00:00 host_mono_ns=2844044839827177 locals.values.size: 77
host_utc=2026-10-04T03:37:05.649+00:00 host_mono_ns=2844044839839831 [2026-10-04 03:37:05.649] [info] restore label stack
host_utc=2026-10-04T03:37:05.649+00:00 host_mono_ns=2844044839852305 local_cell_num: 22
host_utc=2026-10-04T03:37:05.649+00:00 host_mono_ns=2844044839864638 locals.values.size: 22
host_utc=2026-10-04T03:37:05.649+00:00 host_mono_ns=2844044839877092 [2026-10-04 03:37:05.649] [info] restore label stack
host_utc=2026-10-04T03:37:05.649+00:00 host_mono_ns=2844044839889595 [2026-10-04 03:37:05.649] [info] Finish to restore stack
host_utc=2026-10-04T03:37:05.649+00:00 host_mono_ns=2844044839902560 
host_utc=2026-10-04T03:37:05.649+00:00 host_mono_ns=2844044839915534 stack, 100900
host_utc=2026-10-04T03:37:05.649+00:00 host_mono_ns=2844044839928218 global, 23654
host_utc=2026-10-04T03:37:05.649+00:00 host_mono_ns=2844044839940592 program counter, 13896
host_utc=2026-10-04T03:37:05.649+00:00 host_mono_ns=2844044839960169 initします
host_utc=2026-10-04T03:37:05.651+00:00 host_mono_ns=2844044841587131 boot_end, 2844044841456264
host_utc=2026-10-04T03:37:05.651+00:00 host_mono_ns=2844044841616867 wasm_cluster_increase_checkpointing_counter called 1
host_utc=2026-10-04T03:37:05.651+00:00 host_mono_ns=2844044841631064 Restoring wasm thread 2
host_utc=2026-10-04T03:37:05.651+00:00 host_mono_ns=2844044841643918 wasm_cluster_increase_checkpointing_counter called 2
host_utc=2026-10-04T03:37:05.651+00:00 host_mono_ns=2844044841657003 wasm_cluster_increase_checkpointing_counter called 3
host_utc=2026-10-04T03:37:05.651+00:00 host_mono_ns=2844044841669928 [2026-10-04 03:37:05.651] [info] wasm_restore_stack
host_utc=2026-10-04T03:37:05.651+00:00 host_mono_ns=2844044841682501 
host_utc=2026-10-04T03:37:05.651+00:00 host_mono_ns=2844044841700034 [22:00:44:527 - 73B3FB4C7840]: warning: failed to link import function (env, pthread_exit)
host_utc=2026-10-04T03:37:05.651+00:00 host_mono_ns=2844044841713510 thread 2 restore
host_utc=2026-10-04T03:37:05.651+00:00 host_mono_ns=2844044841726014 local_cell_num: 2
host_utc=2026-10-04T03:37:05.651+00:00 host_mono_ns=2844044841739198 locals.values.size: 2
host_utc=2026-10-04T03:37:05.651+00:00 host_mono_ns=2844044841751943 [2026-10-04 03:37:05.651] [info] restore label stack
host_utc=2026-10-04T03:37:05.651+00:00 host_mono_ns=2844044841764396 local_cell_num: 8
host_utc=2026-10-04T03:37:05.651+00:00 host_mono_ns=2844044841776709 locals.values.size: 8
host_utc=2026-10-04T03:37:05.651+00:00 host_mono_ns=2844044841789093 [2026-10-04 03:37:05.651] [info] restore label stack
host_utc=2026-10-04T03:37:05.651+00:00 host_mono_ns=2844044841801416 local_cell_num: 14
host_utc=2026-10-04T03:37:05.651+00:00 host_mono_ns=2844044841813719 locals.values.size: 14
host_utc=2026-10-04T03:37:05.651+00:00 host_mono_ns=2844044841826173 [2026-10-04 03:37:05.651] [info] restore label stack
host_utc=2026-10-04T03:37:05.651+00:00 host_mono_ns=2844044841838516 local_cell_num: 215
host_utc=2026-10-04T03:37:05.651+00:00 host_mono_ns=2844044841850829 locals.values.size: 215
host_utc=2026-10-04T03:37:05.651+00:00 host_mono_ns=2844044841863313 [2026-10-04 03:37:05.651] [info] restore label stack
host_utc=2026-10-04T03:37:05.651+00:00 host_mono_ns=2844044841875656 local_cell_num: 77
host_utc=2026-10-04T03:37:05.651+00:00 host_mono_ns=2844044841887899 locals.values.size: 77
host_utc=2026-10-04T03:37:05.651+00:00 host_mono_ns=2844044841900243 [2026-10-04 03:37:05.651] [info] restore label stack
host_utc=2026-10-04T03:37:05.651+00:00 host_mono_ns=2844044841912566 local_cell_num: 22
host_utc=2026-10-04T03:37:05.651+00:00 host_mono_ns=2844044841924859 locals.values.size: 22
host_utc=2026-10-04T03:37:05.651+00:00 host_mono_ns=2844044841937222 [2026-10-04 03:37:05.651] [info] restore label stack
host_utc=2026-10-04T03:37:05.651+00:00 host_mono_ns=2844044841949636 [2026-10-04 03:37:05.651] [info] Finish to restore stack
host_utc=2026-10-04T03:37:05.651+00:00 host_mono_ns=2844044841981867 
host_utc=2026-10-04T03:37:05.651+00:00 host_mono_ns=2844044841994441 stack, 118224
host_utc=2026-10-04T03:37:05.651+00:00 host_mono_ns=2844044842022474 global, 26691
host_utc=2026-10-04T03:37:05.651+00:00 host_mono_ns=2844044842039255 program counter, 15730
host_utc=2026-10-04T03:37:05.651+00:00 host_mono_ns=2844044842070264 initします
host_utc=2026-10-04T03:37:05.653+00:00 host_mono_ns=2844044843439971 boot_end, 2844044843301359
host_utc=2026-10-04T03:37:05.653+00:00 host_mono_ns=2844044843456953 wasm_cluster_increase_checkpointing_counter called 1
host_utc=2026-10-04T03:37:05.653+00:00 host_mono_ns=2844044843470098 Restoring wasm thread 1
host_utc=2026-10-04T03:37:05.653+00:00 host_mono_ns=2844044843482712 wasm_cluster_increase_checkpointing_counter called 2
host_utc=2026-10-04T03:37:05.653+00:00 host_mono_ns=2844044843495586 wasm_cluster_increase_checkpointing_counter called 3
host_utc=2026-10-04T03:37:05.653+00:00 host_mono_ns=2844044843508230 [2026-10-04 03:37:05.653] [info] wasm_restore_stack
host_utc=2026-10-04T03:37:05.653+00:00 host_mono_ns=2844044843520824 
host_utc=2026-10-04T03:37:05.653+00:00 host_mono_ns=2844044843540030 local_cell_num: 2
host_utc=2026-10-04T03:37:05.653+00:00 host_mono_ns=2844044843552764 locals.values.size: 2
host_utc=2026-10-04T03:37:05.653+00:00 host_mono_ns=2844044843565238 [2026-10-04 03:37:05.653] [info] restore label stack
host_utc=2026-10-04T03:37:05.653+00:00 host_mono_ns=2844044843577761 local_cell_num: 8
host_utc=2026-10-04T03:37:05.653+00:00 host_mono_ns=2844044843590135 locals.values.size: 8
host_utc=2026-10-04T03:37:05.653+00:00 host_mono_ns=2844044843602498 [2026-10-04 03:37:05.653] [info] restore label stack
host_utc=2026-10-04T03:37:05.653+00:00 host_mono_ns=2844044843614941 local_cell_num: 14
host_utc=2026-10-04T03:37:05.653+00:00 host_mono_ns=2844044843627275 locals.values.size: 14
host_utc=2026-10-04T03:37:05.653+00:00 host_mono_ns=2844044843639638 [2026-10-04 03:37:05.653] [info] restore label stack
host_utc=2026-10-04T03:37:05.653+00:00 host_mono_ns=2844044843652021 local_cell_num: 215
host_utc=2026-10-04T03:37:05.653+00:00 host_mono_ns=2844044843664475 locals.values.size: 215
host_utc=2026-10-04T03:37:05.653+00:00 host_mono_ns=2844044843676949 [2026-10-04 03:37:05.653] [info] restore label stack
host_utc=2026-10-04T03:37:05.653+00:00 host_mono_ns=2844044843689402 [22:00:44:377 - 73B3FB4C7840]: local_cell_num: 77
host_utc=2026-10-04T03:37:05.653+00:00 host_mono_ns=2844044843702136 locals.values.size: 77
host_utc=2026-10-04T03:37:05.653+00:00 host_mono_ns=2844044843714540 [2026-10-04 03:37:05.653] [info] restore label stack
host_utc=2026-10-04T03:37:05.653+00:00 host_mono_ns=2844044843726953 warning: failed to link import function (env, pthread_exit)
host_utc=2026-10-04T03:37:05.653+00:00 host_mono_ns=2844044843740068 local_cell_num: 22
host_utc=2026-10-04T03:37:05.653+00:00 host_mono_ns=2844044843752291 locals.values.size: 22
host_utc=2026-10-04T03:37:05.653+00:00 host_mono_ns=2844044843764694 [2026-10-04 03:37:05.653] [info] restore label stack
host_utc=2026-10-04T03:37:05.653+00:00 host_mono_ns=2844044843777158 [2026-10-04 03:37:05.653] [info] Finish to restore stack
host_utc=2026-10-04T03:37:05.653+00:00 host_mono_ns=2844044843789621 
host_utc=2026-10-04T03:37:05.653+00:00 host_mono_ns=2844044843801734 stack, 90020
host_utc=2026-10-04T03:37:05.653+00:00 host_mono_ns=2844044843814098 global, 26691
host_utc=2026-10-04T03:37:05.653+00:00 host_mono_ns=2844044843826351 program counter, 10971
host_utc=2026-10-04T03:37:05.653+00:00 host_mono_ns=2844044843973559 thread 1 restore
host_utc=2026-10-04T03:37:05.653+00:00 host_mono_ns=2844044844016059 wasm_cluster_increase_checkpointing_counter called 1
host_utc=2026-10-04T03:37:05.653+00:00 host_mono_ns=2844044844040185 [2026-10-04 03:37:05.653] [info] wasm_restore_stack
host_utc=2026-10-04T03:37:05.653+00:00 host_mono_ns=2844044844054291 
host_utc=2026-10-04T03:37:05.653+00:00 host_mono_ns=2844044844067927 wasm_cluster_increase_checkpointing_counter called 2
host_utc=2026-10-04T03:37:05.653+00:00 host_mono_ns=2844044844096501 wasm_cluster_increase_checkpointing_counter called 3
host_utc=2026-10-04T03:37:05.653+00:00 host_mono_ns=2844044844109706 local_cell_num: 1
host_utc=2026-10-04T03:37:05.653+00:00 host_mono_ns=2844044844123242 locals.values.size: 1
host_utc=2026-10-04T03:37:05.653+00:00 host_mono_ns=2844044844136627 [2026-10-04 03:37:05.653] [info] restore label stack
host_utc=2026-10-04T03:37:05.653+00:00 host_mono_ns=2844044844149551 local_cell_num: 3
host_utc=2026-10-04T03:37:05.653+00:00 host_mono_ns=2844044844162195 locals.values.size: 3
host_utc=2026-10-04T03:37:05.654+00:00 host_mono_ns=2844044844174689 [2026-10-04 03:37:05.653] [info] restore label stack
host_utc=2026-10-04T03:37:05.654+00:00 host_mono_ns=2844044844187343 local_cell_num: 170
host_utc=2026-10-04T03:37:05.654+00:00 host_mono_ns=2844044844199926 locals.values.size: 170
host_utc=2026-10-04T03:37:05.654+00:00 host_mono_ns=2844044844212711 [2026-10-04 03:37:05.653] [info] restore label stack
host_utc=2026-10-04T03:37:05.654+00:00 host_mono_ns=2844044844225354 local_cell_num: 19
host_utc=2026-10-04T03:37:05.654+00:00 host_mono_ns=2844044844238028 locals.values.size: 19
host_utc=2026-10-04T03:37:05.654+00:00 host_mono_ns=2844044844250863 [2026-10-04 03:37:05.653] [info] restore label stack
host_utc=2026-10-04T03:37:05.654+00:00 host_mono_ns=2844044844263286 local_cell_num: 63
host_utc=2026-10-04T03:37:05.654+00:00 host_mono_ns=2844044844275679 locals.values.size: 63
host_utc=2026-10-04T03:37:05.654+00:00 host_mono_ns=2844044844288153 [2026-10-04 03:37:05.653] [info] restore label stack
host_utc=2026-10-04T03:37:05.654+00:00 host_mono_ns=2844044844300577 local_cell_num: 9
host_utc=2026-10-04T03:37:05.654+00:00 host_mono_ns=2844044844312960 locals.values.size: 9
host_utc=2026-10-04T03:37:05.654+00:00 host_mono_ns=2844044844325423 [2026-10-04 03:37:05.653] [info] restore label stack
host_utc=2026-10-04T03:37:05.654+00:00 host_mono_ns=2844044844337797 local_cell_num: 9
host_utc=2026-10-04T03:37:05.654+00:00 host_mono_ns=2844044844349980 locals.values.size: 9
host_utc=2026-10-04T03:37:05.654+00:00 host_mono_ns=2844044844362283 [2026-10-04 03:37:05.653] [info] restore label stack
host_utc=2026-10-04T03:37:05.654+00:00 host_mono_ns=2844044844374686 local_cell_num: 6
host_utc=2026-10-04T03:37:05.654+00:00 host_mono_ns=2844044844386859 locals.values.size: 6
host_utc=2026-10-04T03:37:05.654+00:00 host_mono_ns=2844044844399163 [2026-10-04 03:37:05.653] [info] restore label stack
host_utc=2026-10-04T03:37:05.654+00:00 host_mono_ns=2844044844411656 [2026-10-04 03:37:05.653] [info] Finish to restore stack
host_utc=2026-10-04T03:37:05.654+00:00 host_mono_ns=2844044844424691 
host_utc=2026-10-04T03:37:05.654+00:00 host_mono_ns=2844044844437425 initします
host_utc=2026-10-04T03:37:05.654+00:00 host_mono_ns=2844044844454648 stack, 71324
host_utc=2026-10-04T03:37:05.655+00:00 host_mono_ns=2844044845606373 boot_end, 2844044845508618
host_utc=2026-10-04T03:37:05.655+00:00 host_mono_ns=2844044845630288 [2026-10-04 03:37:05.655] [info] wasm_restore_stack
host_utc=2026-10-04T03:37:05.655+00:00 host_mono_ns=2844044845644134 
host_utc=2026-10-04T03:37:05.655+00:00 host_mono_ns=2844044845674682 local_cell_num: 2
host_utc=2026-10-04T03:37:05.655+00:00 host_mono_ns=2844044845688087 locals.values.size: 2
host_utc=2026-10-04T03:37:05.655+00:00 host_mono_ns=2844044845700811 [2026-10-04 03:37:05.655] [info] restore label stack
host_utc=2026-10-04T03:37:05.655+00:00 host_mono_ns=2844044845713475 local_cell_num: 8
host_utc=2026-10-04T03:37:05.655+00:00 host_mono_ns=2844044845725888 locals.values.size: 8
host_utc=2026-10-04T03:37:05.655+00:00 host_mono_ns=2844044845738292 [2026-10-04 03:37:05.655] [info] restore label stack
host_utc=2026-10-04T03:37:05.655+00:00 host_mono_ns=2844044845750735 local_cell_num: 14
host_utc=2026-10-04T03:37:05.655+00:00 host_mono_ns=2844044845763169 locals.values.size: 14
host_utc=2026-10-04T03:37:05.655+00:00 host_mono_ns=2844044845775642 [2026-10-04 03:37:05.655] [info] restore label stack
host_utc=2026-10-04T03:37:05.655+00:00 host_mono_ns=2844044845801631 local_cell_num: 155
host_utc=2026-10-04T03:37:05.655+00:00 host_mono_ns=2844044845814155 locals.values.size: 155
host_utc=2026-10-04T03:37:05.655+00:00 host_mono_ns=2844044845826669 [2026-10-04 03:37:05.655] [info] restore label stack
host_utc=2026-10-04T03:37:05.655+00:00 host_mono_ns=2844044845839002 local_cell_num: 19
host_utc=2026-10-04T03:37:05.655+00:00 host_mono_ns=2844044845851365 locals.values.size: 19
host_utc=2026-10-04T03:37:05.655+00:00 host_mono_ns=2844044845863608 [2026-10-04 03:37:05.655] [info] restore label stack
host_utc=2026-10-04T03:37:05.655+00:00 host_mono_ns=2844044845876032 local_cell_num: 63
host_utc=2026-10-04T03:37:05.655+00:00 host_mono_ns=2844044845888405 locals.values.size: 63
host_utc=2026-10-04T03:37:05.655+00:00 host_mono_ns=2844044845900769 [2026-10-04 03:37:05.655] [info] restore label stack
host_utc=2026-10-04T03:37:05.655+00:00 host_mono_ns=2844044845913272 local_cell_num: 9
host_utc=2026-10-04T03:37:05.655+00:00 host_mono_ns=2844044845925505 locals.values.size: 9
host_utc=2026-10-04T03:37:05.655+00:00 host_mono_ns=2844044845937909 [2026-10-04 03:37:05.655] [info] restore label stack
host_utc=2026-10-04T03:37:05.655+00:00 host_mono_ns=2844044845950302 local_cell_num: 9
host_utc=2026-10-04T03:37:05.655+00:00 host_mono_ns=2844044845962525 locals.values.size: 9
host_utc=2026-10-04T03:37:05.655+00:00 host_mono_ns=2844044845974959 [2026-10-04 03:37:05.655] [info] restore label stack
host_utc=2026-10-04T03:37:05.655+00:00 host_mono_ns=2844044845987482 local_cell_num: 6
host_utc=2026-10-04T03:37:05.655+00:00 host_mono_ns=2844044845999726 locals.values.size: 6
host_utc=2026-10-04T03:37:05.655+00:00 host_mono_ns=2844044846024823 [2026-10-04 03:37:05.655] [info] restore label stack
host_utc=2026-10-04T03:37:05.655+00:00 host_mono_ns=2844044846043067 [2026-10-04 03:37:05.655] [info] Finish to restore stack
host_utc=2026-10-04T03:37:05.655+00:00 host_mono_ns=2844044846056222 
host_utc=2026-10-04T03:37:05.655+00:00 host_mono_ns=2844044846068776 stack, 122542
host_utc=2026-10-04T03:37:05.655+00:00 host_mono_ns=2844044846081280 global, 21000
host_utc=2026-10-04T03:37:05.655+00:00 host_mono_ns=2844044846093483 program counter, 11111
host_utc=2026-10-04T03:37:06.499+00:00 host_mono_ns=2844045689801553 memory, 845357416
host_utc=2026-10-04T03:37:06.499+00:00 host_mono_ns=2844045689839645 Restore: add_membership for fd 3 used destination default interface
host_utc=2026-10-04T03:37:06.499+00:00 host_mono_ns=2844045689858431 Restore: add_membership for fd 12 used destination default interface
host_utc=2026-10-04T03:37:06.499+00:00 host_mono_ns=2844045689874842 global, 10339
host_utc=2026-10-04T03:37:06.499+00:00 host_mono_ns=2844045689890411 program counter, 12043
host_utc=2026-10-04T03:37:08.503+00:00 host_mono_ns=2844047693536191 '
host_utc=2026-10-04T03:37:08.503+00:00 host_mono_ns=2844047693576347 LOG_ERROR : 00000018.209 : [CR-STATE] netif_refresh default=0x9bf18 self=0x9bf18 same=1 stored=0x030012ac probed=0x060012ac pending=0
host_utc=2026-10-04T03:37:08.503+00:00 host_mono_ns=2844047693585253 UDP_RECV_RECOVERY action=skip reason=EINTR fd=8netif_wasm: local ip changed to 0x060012ac
host_utc=2026-10-04T03:37:08.503+00:00 host_mono_ns=2844047693591936 
host_utc=2026-10-04T03:37:08.503+00:00 host_mono_ns=2844047693598288 LOG_ERROR : 00000018.209 : LOG_ERROR : 00000018.209 : UDP_RECV_RECOVERY action=refresh status=1 reason=EINTR fd=3UDP_RECV_RECOVERY action=skip reason=EINTR fd=7
host_utc=2026-10-04T03:37:08.503+00:00 host_mono_ns=2844047693605532 LOG_ERROR : 00000018.209 :
host_utc=2026-10-04T03:37:08.503+00:00 host_mono_ns=2844047693611904 UDP_RECV_RECOVERY action=skip reason=EINTR fd=12
host_utc=2026-10-04T03:37:08.503+00:00 host_mono_ns=2844047693618346 [CR-STATE] loop id=15 guest_before=0xa500000e host_before=0x00000000
host_utc=2026-10-04T03:37:08.503+00:00 host_mono_ns=2844047693624417 [CR-STATE] netif_refresh default=0x9bf18 self=0x9bf18 same=1 stored=0x060012ac probed=0x060012ac pending=1
host_utc=2026-10-04T03:37:08.503+00:00 host_mono_ns=2844047693630669 publishing msg: 'Hello from mros2-posix onto Linux: 15'
host_utc=2026-10-04T03:37:08.503+00:00 host_mono_ns=2844047693655236 [CR-STATE] armed id=15 value=0xa500000f
host_utc=2026-10-04T03:37:08.503+00:00 host_mono_ns=2844047693661758 [CR-STATE] loop id=16 guest_before=0xa500000f host_before=0xa500000f
host_utc=2026-10-04T03:37:08.503+00:00 host_mono_ns=2844047693667659 publishing msg: 'Hello from mros2-posix onto Linux: 16'
host_utc=2026-10-04T03:37:08.503+00:00 host_mono_ns=2844047693675454 [CR-STATE] netif_refresh default=0x9bf18 self=0x9bf18 same=1 stored=0x060012ac probed=0x060012ac pending=0
host_utc=2026-10-04T03:37:08.503+00:00 host_mono_ns=2844047693681415 [CR-STATE] armed id=16 value=0xa5000010
host_utc=2026-10-04T03:37:11.504+00:00 host_mono_ns=2844050695093926 LOG_DEBUG : 00000020.212 : [MROS2LIB] message get [callback_handler] msg_sn_high: 0 msg_sn_low: d
host_utc=2026-10-04T03:37:11.504+00:00 host_mono_ns=2844050695156915 subscribed msg: 'Hello from mros2-posix onto Linux: 16'
host_utc=2026-10-04T03:37:11.505+00:00 host_mono_ns=2844050695183255 [CR-STATE] loop id=17 guest_before=0xa5000010 host_before=0xa5000010
host_utc=2026-10-04T03:37:11.505+00:00 host_mono_ns=2844050695198674 [CR-STATE] netif_refresh default=0x9bf18 self=0x9bf18 same=1 stored=0x060012ac probed=0x060012ac pending=0
host_utc=2026-10-04T03:37:11.505+00:00 host_mono_ns=2844050695213131 publishing msg: 'Hello from mros2-posix onto Linux: 17'
host_utc=2026-10-04T03:37:11.505+00:00 host_mono_ns=2844050695228300 [CR-STATE] armed id=17 value=0xa5000011
host_utc=2026-10-04T03:37:11.505+00:00 host_mono_ns=2844050695241905 LOG_DEBUG : 00000021.213 : [MROS2LIB] message get [callback_handler] msg_sn_high: 0 msg_sn_low: e
host_utc=2026-10-04T03:37:11.505+00:00 host_mono_ns=2844050695255331 subscribed msg: 'Hello from mros2-posix onto Linux: 17'
host_utc=2026-10-04T03:37:11.505+00:00 host_mono_ns=2844050695269798 [CR-STATE] netif_refresh default=0x9bf18 self=0x9bf18 same=1 stored=0x060012ac probed=0x060012ac pending=0
host_utc=2026-10-04T03:37:11.505+00:00 host_mono_ns=2844050695283243 [CR-STATE] loop id=18 guest_before=0xa5000011 host_before=0xa5000011
host_utc=2026-10-04T03:37:11.505+00:00 host_mono_ns=2844050695296569 publishing msg: 'Hello from mros2-posix onto Linux: 18'
host_utc=2026-10-04T03:37:11.505+00:00 host_mono_ns=2844050695310595 [CR-STATE] armed id=18 value=0xa5000012
host_utc=2026-10-04T03:37:11.505+00:00 host_mono_ns=2844050695323489 LOG_DEBUG : 00000022.214 : [MROS2LIB] message get [callback_handler] msg_sn_high: 0 msg_sn_low: f
host_utc=2026-10-04T03:37:11.505+00:00 host_mono_ns=2844050695336684 subscribed msg: 'Hello from mros2-posix onto Linux: 18'
host_utc=2026-10-04T03:37:13.508+00:00 host_mono_ns=2844052698299226 [CR-STATE] netif_refresh default=0x9bf18 self=0x9bf18 same=1 stored=0x060012ac probed=0x060012ac pending=0
host_utc=2026-10-04T03:37:13.508+00:00 host_mono_ns=2844052698343650 [CR-STATE] loop id=19 guest_before=0xa5000012 host_before=0xa5000012
host_utc=2026-10-04T03:37:13.508+00:00 host_mono_ns=2844052698360903 publishing msg: 'Hello from mros2-posix onto Linux: 19'
host_utc=2026-10-04T03:37:13.508+00:00 host_mono_ns=2844052698382153 [CR-STATE] armed id=19 value=0xa5000013
host_utc=2026-10-04T03:37:13.508+00:00 host_mono_ns=2844052698396340 LOG_DEBUG : 00000023.215 : [MROS2LIB] message get [callback_handler] msg_sn_high: 0 msg_sn_low: 10
host_utc=2026-10-04T03:37:13.508+00:00 host_mono_ns=2844052698410527 subscribed msg: 'Hello from mros2-posix onto Linux: 19'
host_utc=2026-10-04T03:37:13.508+00:00 host_mono_ns=2844052698425545 [CR-STATE] netif_refresh default=0x9bf18 self=0x9bf18 same=1 stored=0x060012ac probed=0x060012ac pending=0
host_utc=2026-10-04T03:37:13.508+00:00 host_mono_ns=2844052698439331 [CR-STATE] loop id=20 guest_before=0xa5000013 host_before=0xa5000013
host_utc=2026-10-04T03:37:13.508+00:00 host_mono_ns=2844052698452586 publishing msg: 'Hello from mros2-posix onto Linux: 20'
host_utc=2026-10-04T03:37:13.508+00:00 host_mono_ns=2844052698466793 [CR-STATE] armed id=20 value=0xa5000014
host_utc=2026-10-04T03:37:13.508+00:00 host_mono_ns=2844052698499244 LOG_DEBUG : 00000024.216 : [MROS2LIB] message get [callback_handler] msg_sn_high: 0 msg_sn_low: 11
host_utc=2026-10-04T03:37:13.508+00:00 host_mono_ns=2844052698515154 subscribed msg: 'Hello from mros2-posix onto Linux: 20'
host_utc=2026-10-04T03:37:13.508+00:00 host_mono_ns=2844052698533319 [CR-STATE] netif_refresh default=0x9bf18 self=0x9bf18 same=1 stored=0x060012ac probed=0x060012ac pending=0
host_utc=2026-10-04T03:37:13.508+00:00 host_mono_ns=2844052698548537 [CR-STATE] loop id=21 guest_before=0xa5000014 host_before=0xa5000014
host_utc=2026-10-04T03:37:15.512+00:00 host_mono_ns=2844054702272136 publishing msg: 'Hello from mros2-posix onto Linux: 21'
host_utc=2026-10-04T03:37:15.512+00:00 host_mono_ns=2844054702337289 [CR-STATE] armed id=21 value=0xa5000015
host_utc=2026-10-04T03:37:15.512+00:00 host_mono_ns=2844054702352878 LOG_DEBUG : 00000025.217 : [MROS2LIB] message get [callback_handler] msg_sn_high: 0 msg_sn_low: 12
host_utc=2026-10-04T03:37:15.512+00:00 host_mono_ns=2844054702366454 subscribed msg: 'Hello from mros2-posix onto Linux: 21'
host_utc=2026-10-04T03:37:15.512+00:00 host_mono_ns=2844054702380551 [CR-STATE] netif_refresh default=0x9bf18 self=0x9bf18 same=1 stored=0x060012ac probed=0x060012ac pending=0
host_utc=2026-10-04T03:37:15.512+00:00 host_mono_ns=2844054702392794 [CR-STATE] loop id=22 guest_before=0xa5000015 host_before=0xa5000015
host_utc=2026-10-04T03:37:15.512+00:00 host_mono_ns=2844054702404446 publishing msg: 'Hello from mros2-posix onto Linux: 22'
host_utc=2026-10-04T03:37:15.512+00:00 host_mono_ns=2844054702416338 [CR-STATE] armed id=22 value=0xa5000016
host_utc=2026-10-04T03:37:15.512+00:00 host_mono_ns=2844054702427209 LOG_DEBUG : 00000026.218 : [MROS2LIB] message get [callback_handler] msg_sn_high: 0 msg_sn_low: 13
host_utc=2026-10-04T03:37:15.512+00:00 host_mono_ns=2844054702438249 subscribed msg: 'Hello from mros2-posix onto Linux: 22'
host_utc=2026-10-04T03:37:15.512+00:00 host_mono_ns=2844054702450092 [CR-STATE] netif_refresh default=0x9bf18 self=0x9bf18 same=1 stored=0x060012ac probed=0x060012ac pending=0
host_utc=2026-10-04T03:37:15.512+00:00 host_mono_ns=2844054702461293 [CR-STATE] loop id=23 guest_before=0xa5000016 host_before=0xa5000016
host_utc=2026-10-04T03:37:15.512+00:00 host_mono_ns=2844054702472174 publishing msg: 'Hello from mros2-posix onto Linux: 23'
host_utc=2026-10-04T03:37:15.512+00:00 host_mono_ns=2844054702483555 [CR-STATE] armed id=23 value=0xa5000017
host_utc=2026-10-04T03:37:15.512+00:00 host_mono_ns=2844054702494275 LOG_DEBUG : 00000027.219 : [MROS2LIB] message get [callback_handler] msg_sn_high: 0 msg_sn_low: 14
host_utc=2026-10-04T03:37:18.512+00:00 host_mono_ns=2844057702756098 subscribed msg: 'Hello from mros2-posix onto Linux: 23'
host_utc=2026-10-04T03:37:18.512+00:00 host_mono_ns=2844057702833885 [CR-STATE] netif_refresh default=0x9bf18 self=0x9bf18 same=1 stored=0x060012ac probed=0x060012ac pending=0
host_utc=2026-10-04T03:37:18.512+00:00 host_mono_ns=2844057702857259 [CR-STATE] loop id=24 guest_before=0xa5000017 host_before=0xa5000017
host_utc=2026-10-04T03:37:18.512+00:00 host_mono_ns=2844057702876937 publishing msg: 'Hello from mros2-posix onto Linux: 24'
host_utc=2026-10-04T03:37:18.512+00:00 host_mono_ns=2844057702899339 [CR-STATE] armed id=24 value=0xa5000018
host_utc=2026-10-04T03:37:18.512+00:00 host_mono_ns=2844057702917874 LOG_DEBUG : 00000028.220 : [MROS2LIB] message get [callback_handler] msg_sn_high: 0 msg_sn_low: 15
host_utc=2026-10-04T03:37:18.512+00:00 host_mono_ns=2844057702936940 subscribed msg: 'Hello from mros2-posix onto Linux: 24'
host_utc=2026-10-04T03:37:18.512+00:00 host_mono_ns=2844057702957729 [CR-STATE] netif_refresh default=0x9bf18 self=0x9bf18 same=1 stored=0x060012ac probed=0x060012ac pending=0
host_utc=2026-10-04T03:37:18.512+00:00 host_mono_ns=2844057702977426 [CR-STATE] loop id=25 guest_before=0xa5000018 host_before=0xa5000018
host_utc=2026-10-04T03:37:18.512+00:00 host_mono_ns=2844057702995921 publishing msg: 'Hello from mros2-posix onto Linux: 25'
host_utc=2026-10-04T03:37:18.512+00:00 host_mono_ns=2844057703053029 [CR-STATE] armed id=25 value=0xa5000019
host_utc=2026-10-04T03:37:18.512+00:00 host_mono_ns=2844057703073177 LOG_DEBUG : 00000029.221 : [MROS2LIB] message get [callback_handler] msg_sn_high: 0 msg_sn_low: 16
host_utc=2026-10-04T03:37:18.512+00:00 host_mono_ns=2844057703088135 subscribed msg: 'Hello from mros2-posix onto Linux: 25'
host_utc=2026-10-04T03:37:18.512+00:00 host_mono_ns=2844057703104877 [CR-STATE] netif_refresh default=0x9bf18 self=0x9bf18 same=1 stored=0x060012ac probed=0x060012ac pending=0
host_utc=2026-10-04T03:37:18.837+00:00 host_mono_ns=2844058027515052 [CR-STATE] loop id=26 guest_before=0xa5000019 host_before=0x
host_utc=2026-10-04T03:37:18.837+00:00 host_mono_ns=2844058027604151 event=collector_process_exit source=restore exit_status=143
